AUDITORIA_29_30=CRIADA_OU_EXISTENTE


PL/SQL procedure successfully completed.

ID_EXECUCAO=RMD_VDA_2930_20260918085910599
OWNER_OPERACIONAL=SANKHYA
MAPA_BAI=428; BACKUP_BAI=848
MAPA_END=7283; BACKUP_END=14226
RAMO_OK|TCCEMP|CODBAI|0
RAMO_OK|TCCEMP|CODEND|0
RAMO_OK|TCOMEVTNFSE|CODBAI|0
RAMO_OK|TCOMEVTNFSE|CODEND|0
RAMO_OK|TFPAEN|CODBAI|0
RAMO_OK|TFPAEN|CODEND|0
RAMO_OK|TFPALTERFUN|CODBAI|0
RAMO_OK|TFPALTERFUN|CODEND|0
RAMO_OK|TFPCATR|CODBAI|0
RAMO_OK|TFPCTI|CODBAI|0
RAMO_OK|TFPCTI|CODEND|0
RAMO_OK|TFPDEP|CODEND|0
RAMO_OK|TFPFUN|CODBAI|0
RAMO_OK|TFPFUN|CODEND|0
RAMO_OK|TFPPCA|CODBAI|0
RAMO_OK|TFPPONRAIO|CODBAI|0
RAMO_OK|TFPPONRAIO|CODEND|0
RAMO_OK|TFPREQADM|CODBAI|0
RAMO_OK|TFPREQADM|CODEND|0
RAMO_OK|TFPTAT|CODBAI|0
RAMO_OK|TFPTAT|CODEND|0
RAMO_OK|TGAENT|CODBAI|0
RAMO_OK|TGAENT|CODEND|0
RAMO_OK|TGFCTT|CODBAI|0
RAMO_OK|TGFCTT|CODEND|0
RAMO_OK|TGFITE|CODEND|0
RAMO_OK|TGFLCDPRR0030|CODBAI|0
RAMO_OK|TGFLCDPRR0030|CODEND|0
RAMO_OK|TGFLCDPRR0040|CODBAI|0
RAMO_OK|TGFLCDPRR0040|CODEND|0
RAMO_OK|TGFLOCOPER|CODBAI|0
RAMO_OK|TGFLOCOPER|CODEND|0
RAMO_OK|TGFPAR|CODBAI|10
RAMO_OK|TGFPAR|CODEND|67
RAMO_OK|TGFSIT|CODBAI|0
RAMO_OK|TGFSIT|CODEND|0
RAMO_OK|TGFVOR|CODEND|0
RAMO_OK|TGWCTE|CODEND|0
RAMO_OK|TGWDCA|CODEND|0
RAMO_OK|TGWEND|CODEND|0
RAMO_OK|TGWENDVAZ|CODEND|0
RAMO_OK|TGWENP|CODEND|0
RAMO_OK|TGWEPL|CODEND|0
RAMO_OK|TGWEST|CODEND|0
RAMO_OK|TGWESTVAL|CODEND|0
RAMO_OK|TGWEST_UPD|CODEND|0
RAMO_OK|TGWEXC|CODEND|0
RAMO_OK|TGWEXG|CODEND|0
RAMO_OK|TGWEXL|CODEND|0
RAMO_OK|TGWEXP|CODEND|0
RAMO_OK|TGWEXU|CODEND|0
RAMO_OK|TGWHAJ|CODEND|0
RAMO_OK|TGWINV|CODEND|0
RAMO_OK|TGWIVR|CODEND|0
RAMO_OK|TGWMOC|CODEND|0
RAMO_OK|TGWRAG|CODEND|0
RAMO_OK|TGWTROCADEPO|CODEND|0
RAMO_OK|TSIAGE|CODBAI|0
RAMO_OK|TSIAGE|CODEND|0
RAMO_OK|TSICEP|CODBAI|11460
RAMO_OK|TSICEP|CODEND|49746
RAMO_OK|TSIEMP|CODBAI|0
RAMO_OK|TSIEMP|CODEND|0
FK_RAMO_OK|TFPCATR|CODENDLOCALCAT|0
FK_RAMO_OK|TFPEST|CODBAIAGTINTEG|0
FK_RAMO_OK|TFPEST|CODBAIINSTENS|0
FK_RAMO_OK|TFPEST|CODENDAGTINTEG|0
FK_RAMO_OK|TFPEST|CODENDINSTENS|0
FK_RAMO_OK|TGFCPL|CODBAIENTREGA|7
FK_RAMO_OK|TGFCPL|CODBAIRECEB|0
FK_RAMO_OK|TGFCPL|CODBAITRAB|0
FK_RAMO_OK|TGFCPL|CODENDENTREGA|25
FK_RAMO_OK|TGFCPL|CODENDRECEB|0
FK_RAMO_OK|TGFCPL|CODENDTRAB|0
FK_RAMO_OK|TIMCAR|CARBAIRRO|0
FK_RAMO_OK|TIMEDG|EDGBAIRRO|0
FK_RAMO_OK|TIMEDG|EDGCODEND|0
FK_RAMO_OK|TIMEPR|EPRBAIRRO|0
FK_RAMO_OK|TIMEPR|EPRCODEND|0
FK_RAMO_OK|TIMFAC|FACBAIRROIMOVEL|0
FK_RAMO_OK|TIMIMV|IMVBAIRRO|0
FK_RAMO_OK|TIMIMV|IMVCODEND|0
FK_RAMO_OK|TIMLOT|LOTBAIRRO|0
FK_RAMO_OK|TIMPPR|PPRBAIRRO|0
FK_RAMO_OK|TIMPPR|PPRCODEND|0
PAIS_BAI_EXCLUIDOS=428; PAIS_END_EXCLUIDOS=7283
STATUS=CONCLUIDO_COM_MAPA_BACKUP_FK; ID_EXECUCAO=RMD_VDA_2930_20260918085910599; EXCECOES=0; REFERENCIAS_REMANESCENTES=0


PL/SQL procedure successfully completed.

=== POS-VALIDACAO 29/30 ===

ITEM                                       QTD
----------------------------------- ----------
TSIBAI_GRUPOS_COLISAO_REMANESCENTES          0
TSIEND_GRUPOS_COLISAO_REMANESCENTES          0


ID_EXECUCAO                              TIPO        QTD
---------------------------------------- ---- ----------
RMD_VDA_2930_20260918085910599           BAI         428
RMD_VDA_2930_20260918085910599           END        7283

no rows selected
=== FIM MERGE ANTIFRAGIL 29/30 VITRINI DIRETA ===
