SQL> 
SQL> PROMPT === IDENTIDADE DA CONEXAO ===
=== IDENTIDADE DA CONEXAO ===
SQL> SELECT SYS_CONTEXT('USERENV','SESSION_USER') USUARIO,
  2         SYS_CONTEXT('USERENV','CURRENT_SCHEMA') SCHEMA_ATUAL,
  3         SYS_CONTEXT('USERENV','SERVICE_NAME') SERVICO
  4  FROM DUAL;

USUARIO
------------------------------------------------------------------------------------------------------------------------------------------------------------------------------------------------------------------------------------------------
SCHEMA_ATUAL
------------------------------------------------------------------------------------------------------------------------------------------------------------------------------------------------------------------------------------------------
SERVICO                                                                                                                                                                                                                                         
------------------------------------------------------------------------------------------------------------------------------------------------------------------------------------------------------------------------------------------------
FRANCISCO_JUNIOR                                                                                                                                                                                                                                
SANKHYA                                                                                                                                                                                                                                         
andorinhabrprd.sankhyacloud.com.br                                                                                                                                                                                                              


SQL> 
SQL> PROMPT === ETAPA 29: BAIRROS ===
=== ETAPA 29: BAIRROS ===
SQL> @@"/Users/spadarojr/Documents/Trabalho/Sankhya/Deploy Agent/Scripts-Deploy/7 - QA2/Revisao Master Deploy/29_Padronizar_Bairros.sql"
SQL> -- Padroniza NOMEBAI somente nos grupos sem colisao na chave unica.
SQL> SET DEFINE OFF
SQL> SET SERVEROUTPUT ON SIZE UNLIMITED
SQL> SET SERVEROUTPUT ON SIZE UNLIMITED
SQL> DECLARE v NUMBER;
> BEGIN
>   SELECT COUNT(*) INTO v FROM ALL_TABLES
>   WHERE OWNER=SYS_CONTEXT('USERENV','CURRENT_SCHEMA') AND TABLE_NAME='RMD_MAP_PAD_TSIBAI';
>   IF v=0 THEN EXECUTE IMMEDIATE q'[CREATE TABLE RMD_MAP_PAD_TSIBAI AS
>     SELECT CAST(NULL AS VARCHAR2(30)) ID_EXECUCAO,ROWIDTOCHAR(ROWID) RID,NOMEBAI NORM
>     FROM TSIBAI WHERE 1=0]';END IF;
> END;
> /

Error starting at line : 5 File @ /Users/spadarojr/Documents/Trabalho/Sankhya/Deploy Agent/Scripts-Deploy/7 - QA2/Revisao Master Deploy/29_Padronizar_Bairros.sql
In command -
DECLARE v NUMBER;
BEGIN
  SELECT COUNT(*) INTO v FROM ALL_TABLES
  WHERE OWNER=SYS_CONTEXT('USERENV','CURRENT_SCHEMA') AND TABLE_NAME='RMD_MAP_PAD_TSIBAI';
  IF v=0 THEN EXECUTE IMMEDIATE q'[CREATE TABLE RMD_MAP_PAD_TSIBAI AS
    SELECT CAST(NULL AS VARCHAR2(30)) ID_EXECUCAO,ROWIDTOCHAR(ROWID) RID,NOMEBAI NORM
    FROM TSIBAI WHERE 1=0]';END IF;
END;
Error report -
WHENEVER
--------

 WHENEVER OSERROR  - Performs the specified action (exits by default) if an
                     operating system error occurs
 WHENEVER SQLERROR - Performs the specified action (exits by default) if a
                     SQL command or PL/SQL block generates an error.


 WHENEVER [ OSERROR | SQLERROR ]  {EXIT [SUCCESS|FAILURE|WARNING|n|variable|:BindVariable]
 			[COMMIT|ROLLBACK] | CONTINUE [COMMIT|ROLLBACK|NONE]} 


SQL> DECLARE
  2    v_id VARCHAR2(30):='RMD_BAI_'||TO_CHAR(SYSTIMESTAMP,'YYYYMMDDHH24MISSFF3');
  3    v_map NUMBER;v_bkp NUMBER;v_upd NUMBER;v_col NUMBER;
  4  BEGIN
  5    INSERT INTO RMD_MAP_PAD_TSIBAI(ID_EXECUCAO,RID,NORM)
  6    SELECT v_id,RID,NORM FROM (
  7      SELECT RID,NOMEBAI,NORM,COUNT(*) OVER(PARTITION BY NORM) QTD_GRUPO FROM (
  8        SELECT ROWIDTOCHAR(ROWID) RID,NOMEBAI,
  9          REGEXP_REPLACE(TRIM(TRANSLATE(UPPER(NOMEBAI),
 10            'ÁÀÂÃÄÉÈÊËÍÌÎÏÓÒÔÕÖÚÙÛÜÇáàâãäéèêëíìîïóòôõöúùûüçÃãÕõÂâÊêÎîÔôÛû',
 11            'AAAAAEEEEIIIIOOOOOUUUUCAAAAAEEEEIIIIOOOOOUUUUCAAAOOAAEIIOOUU')),' {2,}',' ') NORM
 12        FROM TSIBAI
 13      )
 14    ) WHERE QTD_GRUPO=1 AND DECODE(NOMEBAI,NORM,0,1)=1;
 15    v_map:=SQL%ROWCOUNT;
 16  
 17    INSERT INTO BKP_RMD_PAD_TSIBAI
 18    SELECT v_id,SYSTIMESTAMP,SYS_CONTEXT('USERENV','SESSION_USER'),ROWIDTOCHAR(B.ROWID),B.*
 19    FROM TSIBAI B JOIN RMD_MAP_PAD_TSIBAI M
 20      ON M.ID_EXECUCAO=v_id AND M.RID=ROWIDTOCHAR(B.ROWID);
 21    v_bkp:=SQL%ROWCOUNT;
 22  
 23    MERGE INTO TSIBAI B USING (
 24      SELECT RID,NORM FROM RMD_MAP_PAD_TSIBAI WHERE ID_EXECUCAO=v_id
 25    ) M ON (ROWIDTOCHAR(B.ROWID)=M.RID)
 26    WHEN MATCHED THEN UPDATE SET B.NOMEBAI=M.NORM;
 27    v_upd:=SQL%ROWCOUNT;
 28  
 29    IF v_map<>v_bkp OR v_bkp<>v_upd THEN RAISE_APPLICATION_ERROR(-20330,
 30      'Mapa, backup e atualizacao de TSIBAI divergiram.');END IF;
 31    SELECT COUNT(*) INTO v_col FROM (
 32      SELECT REGEXP_REPLACE(TRIM(TRANSLATE(UPPER(NOMEBAI),
 33        'ÁÀÂÃÄÉÈÊËÍÌÎÏÓÒÔÕÖÚÙÛÜÇ','AAAAAEEEEIIIIOOOOOUUUUC')),' {2,}',' ') N
 34      FROM TSIBAI GROUP BY REGEXP_REPLACE(TRIM(TRANSLATE(UPPER(NOMEBAI),
 35        'ÁÀÂÃÄÉÈÊËÍÌÎÏÓÒÔÕÖÚÙÛÜÇ','AAAAAEEEEIIIIOOOOOUUUUC')),' {2,}',' ')
 36      HAVING COUNT(*)>1
 37    );
 38    DELETE FROM RMD_MAP_PAD_TSIBAI WHERE ID_EXECUCAO=v_id;
 39    COMMIT;
 40    DBMS_OUTPUT.PUT_LINE('STATUS=CONCLUIDO_PARCIAL; ID_EXECUCAO='||v_id||'; REGISTROS='||v_upd||'; GRUPOS_COLISAO_PRESERVADOS='||v_col);
 41  EXCEPTION WHEN OTHERS THEN ROLLBACK;RAISE;
 42  END;
 43  /
Rollback
  INSERT INTO RMD_MAP_PAD_TSIBAI(ID_EXECUCAO,RID,NORM)
              *
ERROR at line 5:
ORA-06550: line 5, column 15:
PL/SQL: ORA-00942: table or view does not exist
ORA-06550: line 5, column 3:
PL/SQL: SQL Statement ignored
ORA-06550: line 19, column 22:
PL/SQL: ORA-00942: table or view does not exist
ORA-06550: line 17, column 3:
PL/SQL: SQL Statement ignored
ORA-06550: line 24, column 26:
PL/SQL: ORA-00942: table or view does not exist
ORA-06550: line 23, column 3:
PL/SQL: SQL Statement ignored
ORA-06550: line 38, column 15:
PL/SQL: ORA-00942: table or view does not exist
ORA-06550: line 38, column 3:
PL/SQL: SQL Statement ignored
Help: https://docs.oracle.com/error-help/db/ora-06550/

SQL> 
SQL> PROMPT === ETAPA 30: ENDERECOS ===
SQL> @@"/Users/spadarojr/Documents/Trabalho/Sankhya/Deploy Agent/Scripts-Deploy/7 - QA2/Revisao Master Deploy/30_Padronizar_Enderecos.sql"
SQL> 
SQL> PROMPT === ETAPA 31: OBJETOS INVALIDOS ===
SQL> @@"/Users/spadarojr/Documents/Trabalho/Sankhya/Deploy Agent/Scripts-Deploy/7 - QA2/Revisao Master Deploy/31_Recompilar_Objetos_Invalidos.sql"
SQL> 
SQL> PROMPT === VALIDACAO FINAL 29 A 31 ===
SQL> WITH B AS (
  2    SELECT NOMEBAI,NORM,COUNT(*) OVER(PARTITION BY NORM) QTD_GRUPO FROM (
  3      SELECT NOMEBAI,REGEXP_REPLACE(TRIM(TRANSLATE(UPPER(NOMEBAI),
  4        'ÁÀÂÃÄÉÈÊËÍÌÎÏÓÒÔÕÖÚÙÛÜÇáàâãäéèêëíìîïóòôõöúùûüçÃãÕõÂâÊêÎîÔôÛû',
  5        'AAAAAEEEEIIIIOOOOOUUUUCAAAAAEEEEIIIIOOOOOUUUUCAAAOOAAEIIOOUU')),' {2,}',' ') NORM FROM TSIBAI
  6    )
  7  )
  8  SELECT 'TSIBAI_SEGUROS_PENDENTES' ITEM,COUNT(*) QTD FROM B
  9  WHERE QTD_GRUPO=1 AND DECODE(NOMEBAI,NORM,0,1)=1
 10  UNION ALL
 11  SELECT 'TSIBAI_GRUPOS_COLISAO',COUNT(*) FROM (SELECT NORM FROM B GROUP BY NORM HAVING COUNT(*)>1)
 12  UNION ALL
 13  SELECT 'OBJETOS_INVALIDOS',COUNT(*) FROM ALL_OBJECTS
 14  WHERE OWNER=SYS_CONTEXT('USERENV','CURRENT_SCHEMA') AND STATUS='INVALID';
SQL> 
SQL> WITH E AS (
  2    SELECT TIPO,NOMEEND,NORM,COUNT(*) OVER(PARTITION BY TIPO,NORM) QTD_GRUPO FROM (
  3      SELECT TIPO,NOMEEND,REGEXP_REPLACE(TRIM(TRANSLATE(UPPER(NOMEEND),
  4        'ÁÀÂÃÄÉÈÊËÍÌÎÏÓÒÔÕÖÚÙÛÜÇáàâãäéèêëíìîïóòôõöúùûüçÃãÕõÂâÊêÎîÔôÛû',
  5        'AAAAAEEEEIIIIOOOOOUUUUCAAAAAEEEEIIIIOOOOOUUUUCAAAOOAAEIIOOUU')),' {2,}',' ') NORM FROM TSIEND
  6    )
  7  )
  8  SELECT 'TSIEND_SEGUROS_PENDENTES' ITEM,COUNT(*) QTD FROM E
  9  WHERE QTD_GRUPO=1 AND DECODE(NOMEEND,NORM,0,1)=1
 10  UNION ALL
 11  SELECT 'TSIEND_GRUPOS_COLISAO',COUNT(*) FROM (SELECT TIPO,NORM FROM E GROUP BY TIPO,NORM HAVING COUNT(*)>1);
SQL> 
SQL> PROMPT === LOTE 29 A 31 FINALIZADO ===
SQL> SPOOL OFF
SQL> -- Execucao isolada da etapa 29 apos validacao das colisoes.
SQL> SET DEFINE OFF
SQL> SET SERVEROUTPUT ON SIZE UNLIMITED
SQL> SET SQLBLANKLINES ON
SQL> SET ECHO ON
SQL> WHENEVER OSERROR EXIT FAILURE ROLLBACK
SQL> WHENEVER SQLERROR EXIT SQL.SQLCODE ROLLBACK
SQL> 
SQL> PROMPT === ETAPA 29 ISOLADA ===
=== ETAPA 29 ISOLADA ===
SQL> @@"/Users/spadarojr/Documents/Trabalho/Sankhya/Deploy Agent/Scripts-Deploy/7 - QA2/Revisao Master Deploy/29_Padronizar_Bairros.sql"
SQL> -- Padroniza NOMEBAI somente nos grupos sem colisao na chave unica.
SQL> -- A tabela de backup define exatamente o conjunto que sera atualizado.
SQL> SET DEFINE OFF
SQL> SET SERVEROUTPUT ON SIZE UNLIMITED
SQL> SET SERVEROUTPUT ON SIZE UNLIMITED
SQL> DECLARE
>   v_id VARCHAR2(30):='RMD_BAI_'||TO_CHAR(SYSTIMESTAMP,'YYYYMMDDHH24MISSFF3');
>   v_bkp NUMBER;v_upd NUMBER;v_col NUMBER;
> BEGIN
>   INSERT INTO BKP_RMD_PAD_TSIBAI
>   SELECT v_id,SYSTIMESTAMP,SYS_CONTEXT('USERENV','SESSION_USER'),ROWIDTOCHAR(B.ROWID),B.*
>   FROM TSIBAI B
>   JOIN (
>     SELECT RID FROM (
>       SELECT RID,NOMEBAI,NORM,COUNT(*) OVER(PARTITION BY NORM) QTD_GRUPO FROM (
>         SELECT ROWIDTOCHAR(ROWID) RID,NOMEBAI,
>           REGEXP_REPLACE(TRIM(TRANSLATE(UPPER(NOMEBAI),
>             'ÁÀÂÃÄÉÈÊËÍÌÎÏÓÒÔÕÖÚÙÛÜÇáàâãäéèêëíìîïóòôõöúùûüçÃãÕõÂâÊêÎîÔôÛû',
>             'AAAAAEEEEIIIIOOOOOUUUUCAAAAAEEEEIIIIOOOOOUUUUCAAAOOAAEIIOOUU')),' {2,}',' ') NORM
>         FROM TSIBAI
>       )
>     ) WHERE QTD_GRUPO=1 AND DECODE(NOMEBAI,NORM,0,1)=1
>   ) X ON X.RID=ROWIDTOCHAR(B.ROWID);
>   v_bkp:=SQL%ROWCOUNT;
> 
>   MERGE INTO TSIBAI B USING (
>     SELECT ROWID_ORIGINAL,
>       REGEXP_REPLACE(TRIM(TRANSLATE(UPPER(NOMEBAI),
>         'ÁÀÂÃÄÉÈÊËÍÌÎÏÓÒÔÕÖÚÙÛÜÇáàâãäéèêëíìîïóòôõöúùûüçÃãÕõÂâÊêÎîÔôÛû',
>         'AAAAAEEEEIIIIOOOOOUUUUCAAAAAEEEEIIIIOOOOOUUUUCAAAOOAAEIIOOUU')),' {2,}',' ') NORM
>     FROM BKP_RMD_PAD_TSIBAI WHERE ID_EXECUCAO=v_id
>   ) M ON (ROWIDTOCHAR(B.ROWID)=M.ROWID_ORIGINAL)
>   WHEN MATCHED THEN UPDATE SET B.NOMEBAI=M.NORM;
>   v_upd:=SQL%ROWCOUNT;
> 
>   IF v_bkp<>v_upd THEN RAISE_APPLICATION_ERROR(-20330,'Backup e atualizacao de TSIBAI divergiram.');END IF;
>   SELECT COUNT(*) INTO v_col FROM (
>     SELECT REGEXP_REPLACE(TRIM(TRANSLATE(UPPER(NOMEBAI),
>       'ÁÀÂÃÄÉÈÊËÍÌÎÏÓÒÔÕÖÚÙÛÜÇ','AAAAAEEEEIIIIOOOOOUUUUC')),' {2,}',' ') N
>     FROM TSIBAI GROUP BY REGEXP_REPLACE(TRIM(TRANSLATE(UPPER(NOMEBAI),
>       'ÁÀÂÃÄÉÈÊËÍÌÎÏÓÒÔÕÖÚÙÛÜÇ','AAAAAEEEEIIIIOOOOOUUUUC')),' {2,}',' ')
>     HAVING COUNT(*)>1
>   );
>   COMMIT;
>   DBMS_OUTPUT.PUT_LINE('STATUS=CONCLUIDO_PARCIAL; ID_EXECUCAO='||v_id||'; REGISTROS='||v_upd||'; GRUPOS_COLISAO_PRESERVADOS='||v_col);
> EXCEPTION WHEN OTHERS THEN ROLLBACK;RAISE;
> END;
> /

Error starting at line : 6 File @ /Users/spadarojr/Documents/Trabalho/Sankhya/Deploy Agent/Scripts-Deploy/7 - QA2/Revisao Master Deploy/29_Padronizar_Bairros.sql
In command -
DECLARE
  v_id VARCHAR2(30):='RMD_BAI_'||TO_CHAR(SYSTIMESTAMP,'YYYYMMDDHH24MISSFF3');
  v_bkp NUMBER;v_upd NUMBER;v_col NUMBER;
BEGIN
  INSERT INTO BKP_RMD_PAD_TSIBAI
  SELECT v_id,SYSTIMESTAMP,SYS_CONTEXT('USERENV','SESSION_USER'),ROWIDTOCHAR(B.ROWID),B.*
  FROM TSIBAI B
  JOIN (
    SELECT RID FROM (
      SELECT RID,NOMEBAI,NORM,COUNT(*) OVER(PARTITION BY NORM) QTD_GRUPO FROM (
        SELECT ROWIDTOCHAR(ROWID) RID,NOMEBAI,
          REGEXP_REPLACE(TRIM(TRANSLATE(UPPER(NOMEBAI),
            'ÁÀÂÃÄÉÈÊËÍÌÎÏÓÒÔÕÖÚÙÛÜÇáàâãäéèêëíìîïóòôõöúùûüçÃãÕõÂâÊêÎîÔôÛû',
            'AAAAAEEEEIIIIOOOOOUUUUCAAAAAEEEEIIIIOOOOOUUUUCAAAOOAAEIIOOUU')),' {2,}',' ') NORM
        FROM TSIBAI
      )
    ) WHERE QTD_GRUPO=1 AND DECODE(NOMEBAI,NORM,0,1)=1
  ) X ON X.RID=ROWIDTOCHAR(B.ROWID);
  v_bkp:=SQL%ROWCOUNT;

  MERGE INTO TSIBAI B USING (
    SELECT ROWID_ORIGINAL,
      REGEXP_REPLACE(TRIM(TRANSLATE(UPPER(NOMEBAI),
        'ÁÀÂÃÄÉÈÊËÍÌÎÏÓÒÔÕÖÚÙÛÜÇáàâãäéèêëíìîïóòôõöúùûüçÃãÕõÂâÊêÎîÔôÛû',
        'AAAAAEEEEIIIIOOOOOUUUUCAAAAAEEEEIIIIOOOOOUUUUCAAAOOAAEIIOOUU')),' {2,}',' ') NORM
    FROM BKP_RMD_PAD_TSIBAI WHERE ID_EXECUCAO=v_id
  ) M ON (ROWIDTOCHAR(B.ROWID)=M.ROWID_ORIGINAL)
  WHEN MATCHED THEN UPDATE SET B.NOMEBAI=M.NORM;
  v_upd:=SQL%ROWCOUNT;

  IF v_bkp<>v_upd THEN RAISE_APPLICATION_ERROR(-20330,'Backup e atualizacao de TSIBAI divergiram.');END IF;
  SELECT COUNT(*) INTO v_col FROM (
    SELECT REGEXP_REPLACE(TRIM(TRANSLATE(UPPER(NOMEBAI),
      'ÁÀÂÃÄÉÈÊËÍÌÎÏÓÒÔÕÖÚÙÛÜÇ','AAAAAEEEEIIIIOOOOOUUUUC')),' {2,}',' ') N
    FROM TSIBAI GROUP BY REGEXP_REPLACE(TRIM(TRANSLATE(UPPER(NOMEBAI),
      'ÁÀÂÃÄÉÈÊËÍÌÎÏÓÒÔÕÖÚÙÛÜÇ','AAAAAEEEEIIIIOOOOOUUUUC')),' {2,}',' ')
    HAVING COUNT(*)>1
  );
  COMMIT;
  DBMS_OUTPUT.PUT_LINE('STATUS=CONCLUIDO_PARCIAL; ID_EXECUCAO='||v_id||'; REGISTROS='||v_upd||'; GRUPOS_COLISAO_PRESERVADOS='||v_col);
EXCEPTION WHEN OTHERS THEN ROLLBACK;RAISE;
END;
Error report -
WHENEVER
--------

 WHENEVER OSERROR  - Performs the specified action (exits by default) if an
                     operating system error occurs
 WHENEVER SQLERROR - Performs the specified action (exits by default) if a
                     SQL command or PL/SQL block generates an error.


 WHENEVER [ OSERROR | SQLERROR ]  {EXIT [SUCCESS|FAILURE|WARNING|n|variable|:BindVariable]
 			[COMMIT|ROLLBACK] | CONTINUE [COMMIT|ROLLBACK|NONE]} 


SQL> 
SQL> PROMPT === VALIDACAO ETAPA 29 ===
=== VALIDACAO ETAPA 29 ===
SQL> WITH B AS (
  2    SELECT NOMEBAI,NORM,COUNT(*) OVER(PARTITION BY NORM) QTD_GRUPO FROM (
  3      SELECT NOMEBAI,REGEXP_REPLACE(TRIM(TRANSLATE(UPPER(NOMEBAI),
  4        'ÁÀÂÃÄÉÈÊËÍÌÎÏÓÒÔÕÖÚÙÛÜÇáàâãäéèêëíìîïóòôõöúùûüçÃãÕõÂâÊêÎîÔôÛû',
  5        'AAAAAEEEEIIIIOOOOOUUUUCAAAAAEEEEIIIIOOOOOUUUUCAAAOOAAEIIOOUU')),' {2,}',' ') NORM FROM TSIBAI
  6    )
  7  )
  8  SELECT 'TSIBAI_SEGUROS_PENDENTES' ITEM,COUNT(*) QTD FROM B
  9  WHERE QTD_GRUPO=1 AND DECODE(NOMEBAI,NORM,0,1)=1
 10  UNION ALL
 11  SELECT 'TSIBAI_GRUPOS_COLISAO',COUNT(*) FROM (SELECT NORM FROM B GROUP BY NORM HAVING COUNT(*)>1);

ITEM                            QTD
------------------------ ----------
TSIBAI_SEGUROS_PENDENTES      45048
TSIBAI_GRUPOS_COLISAO           422

SQL> 
SQL> PROMPT === FIM ETAPA 29 ISOLADA ===
=== FIM ETAPA 29 ISOLADA ===
SQL> -- Execucao isolada da etapa 29 apos validacao das colisoes.
SQL> SET DEFINE OFF
SQL> SET SERVEROUTPUT ON SIZE UNLIMITED
SQL> SET SQLBLANKLINES ON
SQL> SET ECHO ON
SQL> WHENEVER OSERROR EXIT FAILURE ROLLBACK
SQL> WHENEVER SQLERROR EXIT SQL.SQLCODE ROLLBACK
SQL> 
SQL> PROMPT === ETAPA 29 ISOLADA ===
=== ETAPA 29 ISOLADA ===
SQL> @@"/Users/spadarojr/Documents/Trabalho/Sankhya/Deploy Agent/Scripts-Deploy/7 - QA2/Revisao Master Deploy/29_Padronizar_Bairros.sql"
SQL> -- Padroniza NOMEBAI somente nos grupos sem colisao na chave unica.
SQL> -- A tabela de backup define exatamente o conjunto que sera atualizado.
SQL> SET DEFINE OFF
SQL> SET SERVEROUTPUT ON SIZE UNLIMITED
SQL> SET SERVEROUTPUT ON SIZE UNLIMITED
SQL> DECLARE
  2    v_id VARCHAR2(30):='RMD_BAI_'||TO_CHAR(SYSTIMESTAMP,'YYYYMMDDHH24MISSFF3');
  3    v_bkp NUMBER;v_upd NUMBER;v_col NUMBER;
  4  BEGIN
  5    INSERT INTO BKP_RMD_PAD_TSIBAI
  6    SELECT v_id,SYSTIMESTAMP,SYS_CONTEXT('USERENV','SESSION_USER'),ROWIDTOCHAR(B.ROWID),B.*
  7    FROM TSIBAI B
  8    JOIN (
  9      SELECT RID FROM (
 10        SELECT RID,NOMEBAI,NORM,COUNT(*) OVER(PARTITION BY NORM) QTD_GRUPO FROM (
 11          SELECT ROWIDTOCHAR(ROWID) RID,NOMEBAI,
 12            REGEXP_REPLACE(TRIM(TRANSLATE(UPPER(NOMEBAI),
 13              'ÁÀÂÃÄÉÈÊËÍÌÎÏÓÒÔÕÖÚÙÛÜÇáàâãäéèêëíìîïóòôõöúùûüçÃãÕõÂâÊêÎîÔôÛû',
 14              'AAAAAEEEEIIIIOOOOOUUUUCAAAAAEEEEIIIIOOOOOUUUUCAAAOOAAEIIOOUU')),' {2,}',' ') NORM
 15          FROM TSIBAI
 16        )
 17      ) WHERE QTD_GRUPO=1 AND DECODE(NOMEBAI,NORM,0,1)=1
 18    ) X ON X.RID=ROWIDTOCHAR(B.ROWID);
 19    v_bkp:=SQL%ROWCOUNT;
 20  
 21    MERGE INTO TSIBAI B USING (
 22      SELECT ROWID_ORIGINAL,
 23        REGEXP_REPLACE(TRIM(TRANSLATE(UPPER(NOMEBAI),
 24          'ÁÀÂÃÄÉÈÊËÍÌÎÏÓÒÔÕÖÚÙÛÜÇáàâãäéèêëíìîïóòôõöúùûüçÃãÕõÂâÊêÎîÔôÛû',
 25          'AAAAAEEEEIIIIOOOOOUUUUCAAAAAEEEEIIIIOOOOOUUUUCAAAOOAAEIIOOUU')),' {2,}',' ') NORM
 26      FROM BKP_RMD_PAD_TSIBAI WHERE ID_EXECUCAO=v_id
 27    ) M ON (ROWIDTOCHAR(B.ROWID)=M.ROWID_ORIGINAL)
 28    WHEN MATCHED THEN UPDATE SET B.NOMEBAI=M.NORM;
 29    v_upd:=SQL%ROWCOUNT;
 30  
 31    IF v_bkp<>v_upd THEN RAISE_APPLICATION_ERROR(-20330,'Backup e atualizacao de TSIBAI divergiram.');END IF;
 32    SELECT COUNT(*) INTO v_col FROM (
 33      SELECT REGEXP_REPLACE(TRIM(TRANSLATE(UPPER(NOMEBAI),
 34        'ÁÀÂÃÄÉÈÊËÍÌÎÏÓÒÔÕÖÚÙÛÜÇ','AAAAAEEEEIIIIOOOOOUUUUC')),' {2,}',' ') N
 35      FROM TSIBAI GROUP BY REGEXP_REPLACE(TRIM(TRANSLATE(UPPER(NOMEBAI),
 36        'ÁÀÂÃÄÉÈÊËÍÌÎÏÓÒÔÕÖÚÙÛÜÇ','AAAAAEEEEIIIIOOOOOUUUUC')),' {2,}',' ')
 37      HAVING COUNT(*)>1
 38    );
 39    COMMIT;
 40    DBMS_OUTPUT.PUT_LINE('STATUS=CONCLUIDO_PARCIAL; ID_EXECUCAO='||v_id||'; REGISTROS='||v_upd||'; GRUPOS_COLISAO_PRESERVADOS='||v_col);
 41  EXCEPTION WHEN OTHERS THEN ROLLBACK;RAISE;
 42  END;
 43  /
STATUS=CONCLUIDO_PARCIAL; ID_EXECUCAO=RMD_BAI_20260908153049611; REGISTROS=45048; GRUPOS_COLISAO_PRESERVADOS=422


PL/SQL procedure successfully completed.

SQL> 
SQL> PROMPT === VALIDACAO ETAPA 29 ===
=== VALIDACAO ETAPA 29 ===
SQL> WITH B AS (
  2    SELECT NOMEBAI,NORM,COUNT(*) OVER(PARTITION BY NORM) QTD_GRUPO FROM (
  3      SELECT NOMEBAI,REGEXP_REPLACE(TRIM(TRANSLATE(UPPER(NOMEBAI),
  4        'ÁÀÂÃÄÉÈÊËÍÌÎÏÓÒÔÕÖÚÙÛÜÇáàâãäéèêëíìîïóòôõöúùûüçÃãÕõÂâÊêÎîÔôÛû',
  5        'AAAAAEEEEIIIIOOOOOUUUUCAAAAAEEEEIIIIOOOOOUUUUCAAAOOAAEIIOOUU')),' {2,}',' ') NORM FROM TSIBAI
  6    )
  7  )
  8  SELECT 'TSIBAI_SEGUROS_PENDENTES' ITEM,COUNT(*) QTD FROM B
  9  WHERE QTD_GRUPO=1 AND DECODE(NOMEBAI,NORM,0,1)=1
 10  UNION ALL
 11  SELECT 'TSIBAI_GRUPOS_COLISAO',COUNT(*) FROM (SELECT NORM FROM B GROUP BY NORM HAVING COUNT(*)>1);

ITEM                            QTD
------------------------ ----------
TSIBAI_SEGUROS_PENDENTES          0
TSIBAI_GRUPOS_COLISAO           422

SQL> 
SQL> PROMPT === FIM ETAPA 29 ISOLADA ===
=== FIM ETAPA 29 ISOLADA ===
SQL> -- Execucao isolada da etapa 30 apos validacao do mesmo modelo na etapa 29.
SQL> SET DEFINE OFF
SQL> SET SERVEROUTPUT ON SIZE UNLIMITED
SQL> SET SQLBLANKLINES ON
SQL> SET ECHO ON
SQL> WHENEVER OSERROR EXIT FAILURE ROLLBACK
SQL> WHENEVER SQLERROR EXIT SQL.SQLCODE ROLLBACK
SQL> 
SQL> SPOOL "/Users/spadarojr/Documents/Trabalho/Sankhya/Deploy Agent/Scripts-Deploy/7 - QA2/Clientes/ANDORINHA COMERCIAL/Logs/Etapa_30_Isolada.log"
