ID_EXECUCAO_LOTE=MEDCHAP_FDUP_20260925_01_MAPA
ENTRADA=Clientes/MEDCHAP DISTRIBUIDORA DE MEDICAMENTOS CHAPECO LTDA/32A_Card09_Mapear_Direto_XML_MEDCHAP.sql
SHA256_SUITE=b3d53cb683365e7afea27a0064c3ae804ed7b2805eb15c8bec02706db1e776fc
POS_VALIDACAO=Clientes/MEDCHAP DISTRIBUIDORA DE MEDICAMENTOS CHAPECO LTDA/Artefatos_Revisao/PostValidacao/32_Card09_Mapa_PosValidacao_MEDCHAP_READONLY.sql
AUTORIZACAO=PRE_AUTORIZADA
PREFLIGHT_STATUS=PREFLIGHT_APROVADO
PREFLIGHT_BLOQUEIOS=0
PREFLIGHT_AVISOS=0
CONFIRMACAO_NATIVA=DISPENSADA_POR_EXECUTAR_BASE
SESSION_USER=FRANCISCO_JUNIOR
CURRENT_SCHEMA=SANKHYA
SERVICE_NAME=medchapprd.sankhyacloud.com.br
PRIVILEGIOS=["ALTER ANY TABLE", "CREATE ANY TABLE", "DROP ANY TABLE"]
QUOTAS=[]
[OK 1/6] PLSQL_OR_DDL_BLOCK Clientes/MEDCHAP DISTRIBUIDORA DE MEDICAMENTOS CHAPECO LTDA/32A_Card09_Mapear_Direto_XML_MEDCHAP.sql:27 ROWCOUNT=0
[OK 2/6] PLSQL_OR_DDL_BLOCK Clientes/MEDCHAP DISTRIBUIDORA DE MEDICAMENTOS CHAPECO LTDA/32A_Card09_Mapear_Direto_XML_MEDCHAP.sql:36 ROWCOUNT=0
[OK 3/6] CREATE Clientes/MEDCHAP DISTRIBUIDORA DE MEDICAMENTOS CHAPECO LTDA/32A_Card09_Mapear_Direto_XML_MEDCHAP.sql:51 ROWCOUNT=0
[OK 4/6] CREATE Clientes/MEDCHAP DISTRIBUIDORA DE MEDICAMENTOS CHAPECO LTDA/32A_Card09_Mapear_Direto_XML_MEDCHAP.sql:87 ROWCOUNT=0
[OK 5/6] SELECT Clientes/MEDCHAP DISTRIBUIDORA DE MEDICAMENTOS CHAPECO LTDA/32A_Card09_Mapear_Direto_XML_MEDCHAP.sql:147 ROWCOUNT=0
[OK 6/6] SELECT Clientes/MEDCHAP DISTRIBUIDORA DE MEDICAMENTOS CHAPECO LTDA/32A_Card09_Mapear_Direto_XML_MEDCHAP.sql:148 ROWCOUNT=0
COMMIT_LOTE=OK
[POST_OK 1/1] SELECT Clientes/MEDCHAP DISTRIBUIDORA DE MEDICAMENTOS CHAPECO LTDA/Artefatos_Revisao/PostValidacao/32_Card09_Mapa_PosValidacao_MEDCHAP_READONLY.sql:3 ROWS=9
POST_RESULT={"columns": ["METRICA", "VALOR"], "rows": [["BASE_TOTAL_MAPA", "0"], ["LINHAS_CLASSIFICACAO", "0"], ["APTO_PARA_VALIDACAO_FINAL", "0"], ["SEM_VDUP_XML", "0"], ["TABELAS_MAPA_EXISTENTES", "2"], ["ESCOPO_DASHBOARD_NOTAS_SEM_FIN", "0"], ["LINHAS_TGFNUM_TGFFIN", "1"], ["ULTCOD_TGFNUM_TGFFIN", "1354826"], ["TOTAL_TGFFIN", "1329720"]]}
STATUS=LOTE_CONCLUIDO_POS_VALIDADO
