ID_EXECUCAO_LOTE=MEDCHAP_CAR_20260925_01
ENTRADA=Clientes/MEDCHAP DISTRIBUIDORA DE MEDICAMENTOS CHAPECO LTDA/33_Caracteres_Cadastros_MEDCHAP.sql
SHA256_SUITE=91f30cb8d4b81ec0afe7aaa5d6cccd093e32b87ebf157d7df01771826ebe16ae
POS_VALIDACAO=Clientes/MEDCHAP DISTRIBUIDORA DE MEDICAMENTOS CHAPECO LTDA/Artefatos_Revisao/PostValidacao/33_Caracteres_Cadastros_PosValidacao_MEDCHAP_READONLY.sql
AUTORIZACAO=PRE_AUTORIZADA
PREFLIGHT_STATUS=PREFLIGHT_APROVADO
PREFLIGHT_BLOQUEIOS=0
PREFLIGHT_AVISOS=0
CONFIRMACAO_NATIVA=DISPENSADA_POR_EXECUTAR_BASE
SESSION_USER=FRANCISCO_JUNIOR
CURRENT_SCHEMA=SANKHYA
SERVICE_NAME=medchapprd.sankhyacloud.com.br
PRIVILEGIOS=["ALTER ANY TABLE", "CREATE ANY TABLE", "DROP ANY TABLE"]
QUOTAS=[]
[OK 1/6] PLSQL_OR_DDL_BLOCK Clientes/MEDCHAP DISTRIBUIDORA DE MEDICAMENTOS CHAPECO LTDA/33_Caracteres_Cadastros_MEDCHAP.sql:16 ROWCOUNT=0
DBMS_OUTPUT=IDENTIDADE_VALIDADA=FRANCISCO_JUNIOR/SANKHYA/MEDCHAPPRD; ARTEFATOS_AUSENTES_OK
[OK 2/6] CREATE Clientes/MEDCHAP DISTRIBUIDORA DE MEDICAMENTOS CHAPECO LTDA/33_Caracteres_Cadastros_MEDCHAP.sql:34 ROWCOUNT=0
[ERRO 3/6] PLSQL_OR_DDL_BLOCK Clientes/MEDCHAP DISTRIBUIDORA DE MEDICAMENTOS CHAPECO LTDA/33_Caracteres_Cadastros_MEDCHAP.sql:49 DatabaseError: ORA-06550: line 124, column 17:
PLS-00204: function or pseudo-column 'DECODE' may be used inside a SQL statement only
ORA-06550: line 122, column 11:
PL/SQL: Statement ignored
Help: https://docs.oracle.com/error-help/db/ora-06550/
STATUS=LOTE_COM_ERRO
