ID_EXECUCAO_LOTE=MEDCHAP_NORM2930_20260925_01
ENTRADA=Clientes/MEDCHAP DISTRIBUIDORA DE MEDICAMENTOS CHAPECO LTDA/29_30_Merge_Antifragil_MEDCHAP_Normalizar_Remanentes.sql
SHA256_SUITE=81181ae622b1d0f397383b4cd2a1a9d1b4a86f81b70d186c75d4067af94d27f7
POS_VALIDACAO=Clientes/MEDCHAP DISTRIBUIDORA DE MEDICAMENTOS CHAPECO LTDA/Artefatos_Revisao/PostValidacao/29_30_Normalizacao_Remanescente_MEDCHAP_READONLY.sql
AUTORIZACAO=PRE_AUTORIZADA
PREFLIGHT_STATUS=PREFLIGHT_APROVADO
PREFLIGHT_BLOQUEIOS=0
PREFLIGHT_AVISOS=0
CONFIRMACAO_NATIVA=DISPENSADA_POR_EXECUTAR_BASE
SESSION_USER=FRANCISCO_JUNIOR
CURRENT_SCHEMA=SANKHYA
SERVICE_NAME=medchapprd.sankhyacloud.com.br
PRIVILEGIOS=["ALTER ANY TABLE", "CREATE ANY TABLE", "DROP ANY TABLE"]
QUOTAS=[]
[OK 1/1] PLSQL_OR_DDL_BLOCK Clientes/MEDCHAP DISTRIBUIDORA DE MEDICAMENTOS CHAPECO LTDA/29_30_Merge_Antifragil_MEDCHAP_Normalizar_Remanentes.sql:10 ROWCOUNT=0
DBMS_OUTPUT=ID_EXECUCAO=MEDCHAP_NORM2930_20260925_01
DBMS_OUTPUT=BACKUP_BAIRROS=414; ATUALIZADOS=414
DBMS_OUTPUT=BACKUP_ENDERECOS=6877; ATUALIZADOS=6877
DBMS_OUTPUT=COLISOES_BAIRROS_REMANESCENTES=0
DBMS_OUTPUT=COLISOES_ENDERECOS_REMANESCENTES=0
DBMS_OUTPUT=CANDIDATOS_NAO_NORMALIZADOS_BAIRROS=0
DBMS_OUTPUT=CANDIDATOS_NAO_NORMALIZADOS_ENDERECOS=0
DBMS_OUTPUT=STATUS=NORMALIZACAO_REMANESCENTE_CONCLUIDA
COMMIT_LOTE=OK
[POST_OK 1/1] WITH Clientes/MEDCHAP DISTRIBUIDORA DE MEDICAMENTOS CHAPECO LTDA/Artefatos_Revisao/PostValidacao/29_30_Normalizacao_Remanescente_MEDCHAP_READONLY.sql:2 ROWS=10
POST_RESULT={"columns": ["METRICA", "VALOR"], "rows": [["SESSION_USER", "FRANCISCO_JUNIOR"], ["CURRENT_SCHEMA", "SANKHYA"], ["SERVICE_NAME", "medchapprd.sankhyacloud.com.br"], ["ID_EXECUCAO", "MEDCHAP_NORM2930_20260925_01"], ["BACKUP_BAIRROS", "414"], ["BACKUP_ENDERECOS", "6877"], ["CANDIDATOS_NAO_NORMALIZADOS_BAIRROS", "0"], ["COLISOES_BAIRROS", "0"], ["CANDIDATOS_NAO_NORMALIZADOS_ENDERECOS", "0"], ["COLISOES_ENDERECOS", "0"]]}
STATUS=LOTE_CONCLUIDO_POS_VALIDADO
