ID_EXECUCAO_LOTE=MEDCHAP_DEL_20260925_01
ENTRADA=Clientes/MEDCHAP DISTRIBUIDORA DE MEDICAMENTOS CHAPECO LTDA/29_30_Merge_Antifragil_MEDCHAP_Excluir_Pais_Obsoletos.sql
SHA256_SUITE=0b392c36867ef069f93413be2d33aa033d2bf2e76681449b638050c1b3506d3b
POS_VALIDACAO=Clientes/MEDCHAP DISTRIBUIDORA DE MEDICAMENTOS CHAPECO LTDA/Artefatos_Revisao/PostValidacao/04_Merge_PosExclusao_MEDCHAP_READONLY.sql
AUTORIZACAO=PRE_AUTORIZADA
PREFLIGHT_STATUS=PREFLIGHT_APROVADO
PREFLIGHT_BLOQUEIOS=0
PREFLIGHT_AVISOS=0
CONFIRMACAO_NATIVA=DISPENSADA_POR_EXECUTAR_BASE
SESSION_USER=FRANCISCO_JUNIOR
CURRENT_SCHEMA=SANKHYA
SERVICE_NAME=medchapprd.sankhyacloud.com.br
PRIVILEGIOS=["ALTER ANY TABLE", "CREATE ANY TABLE", "DROP ANY TABLE"]
QUOTAS=[]
[OK 1/1] PLSQL_OR_DDL_BLOCK Clientes/MEDCHAP DISTRIBUIDORA DE MEDICAMENTOS CHAPECO LTDA/29_30_Merge_Antifragil_MEDCHAP_Excluir_Pais_Obsoletos.sql:9 ROWCOUNT=0
DBMS_OUTPUT=MAPA_BAI=429; MAPA_END=7283
DBMS_OUTPUT=BACKUP_BAI=429; BACKUP_END=7283; AUDITORIA_REFERENCIAS=61339; EXCECOES=0
DBMS_OUTPUT=REFERENCIAS_FISICAS_REMANESCENTES=0
DBMS_OUTPUT=PAIS_OBSOLETOS_EXCLUIDOS=SIM; BAI=429; END=7283
DBMS_OUTPUT=STATUS=PAIS_OBSOLETOS_EXCLUIDOS_COM_BACKUP; ID_EXECUCAO=MEDCHAP_MRG_20260925_01
COMMIT_LOTE=OK
[POST_OK 1/1] SELECT Clientes/MEDCHAP DISTRIBUIDORA DE MEDICAMENTOS CHAPECO LTDA/Artefatos_Revisao/PostValidacao/04_Merge_PosExclusao_MEDCHAP_READONLY.sql:2 ROWS=11
POST_RESULT={"columns": ["METRICA", "VALOR"], "rows": [["SESSION_USER", "FRANCISCO_JUNIOR"], ["CURRENT_SCHEMA", "SANKHYA"], ["SERVICE_NAME", "medchapprd.sankhyacloud.com.br"], ["MAPA_BAI", "429"], ["MAPA_END", "7283"], ["BACKUP_BAI_OBSOLETO", "429"], ["BACKUP_END_OBSOLETO", "7283"], ["AUDITORIA_REFERENCIAS", "61339"], ["EXCECOES", "0"], ["PAIS_BAI_OBSOLETO_REMANESCENTE", "0"], ["PAIS_END_OBSOLETO_REMANESCENTE", "0"]]}
STATUS=LOTE_CONCLUIDO_POS_VALIDADO
