ID_EXECUCAO_LOTE=MEDCHAP_CAR_20260925_02
ENTRADA=Clientes/MEDCHAP DISTRIBUIDORA DE MEDICAMENTOS CHAPECO LTDA/33_Caracteres_Cadastros_MEDCHAP.sql
SHA256_SUITE=94702d7a2a4cdfdb32479fe7636d3fddb66a4fca217924561eb824512ca3b9b6
POS_VALIDACAO=Clientes/MEDCHAP DISTRIBUIDORA DE MEDICAMENTOS CHAPECO LTDA/Artefatos_Revisao/PostValidacao/33_Caracteres_Cadastros_PosValidacao_MEDCHAP_READONLY.sql
AUTORIZACAO=PRE_AUTORIZADA
PREFLIGHT_STATUS=PREFLIGHT_APROVADO
PREFLIGHT_BLOQUEIOS=0
PREFLIGHT_AVISOS=0
CONFIRMACAO_NATIVA=DISPENSADA_POR_EXECUTAR_BASE
SESSION_USER=FRANCISCO_JUNIOR
CURRENT_SCHEMA=SANKHYA
SERVICE_NAME=medchapprd.sankhyacloud.com.br
PRIVILEGIOS=["ALTER ANY TABLE", "CREATE ANY TABLE", "DROP ANY TABLE"]
QUOTAS=[]
[OK 1/6] PLSQL_OR_DDL_BLOCK Clientes/MEDCHAP DISTRIBUIDORA DE MEDICAMENTOS CHAPECO LTDA/33_Caracteres_Cadastros_MEDCHAP.sql:17 ROWCOUNT=0
DBMS_OUTPUT=IDENTIDADE_VALIDADA=FRANCISCO_JUNIOR/SANKHYA/MEDCHAPPRD; ARTEFATOS_AUSENTES_OK
[OK 2/6] CREATE Clientes/MEDCHAP DISTRIBUIDORA DE MEDICAMENTOS CHAPECO LTDA/33_Caracteres_Cadastros_MEDCHAP.sql:35 ROWCOUNT=0
[OK 3/6] PLSQL_OR_DDL_BLOCK Clientes/MEDCHAP DISTRIBUIDORA DE MEDICAMENTOS CHAPECO LTDA/33_Caracteres_Cadastros_MEDCHAP.sql:50 ROWCOUNT=0
DBMS_OUTPUT=VARREDURA_CONCLUIDA; REGISTROS_LIDOS=4; MAPEADOS=1
[OK 4/6] PLSQL_OR_DDL_BLOCK Clientes/MEDCHAP DISTRIBUIDORA DE MEDICAMENTOS CHAPECO LTDA/33_Caracteres_Cadastros_MEDCHAP.sql:192 ROWCOUNT=0
DBMS_OUTPUT=DECISAO_REGISTRADA|TSIUSU|NOMEUSU|102
[OK 5/6] PLSQL_OR_DDL_BLOCK Clientes/MEDCHAP DISTRIBUIDORA DE MEDICAMENTOS CHAPECO LTDA/33_Caracteres_Cadastros_MEDCHAP.sql:217 ROWCOUNT=0
DBMS_OUTPUT=BACKUP_CRIADO|BKP_RMD_MDCH_CAR02_TSIUSU|1
[OK 6/6] PLSQL_OR_DDL_BLOCK Clientes/MEDCHAP DISTRIBUIDORA DE MEDICAMENTOS CHAPECO LTDA/33_Caracteres_Cadastros_MEDCHAP.sql:245 ROWCOUNT=0
DBMS_OUTPUT=ID_EXECUCAO=MEDCHAP_CAR_20260925_02; APLICADOS=1; PREVISTOS=1
DBMS_OUTPUT=STATUS=CARACTERES_CADASTROS_APLICADO
COMMIT_LOTE=OK
[POST_OK 1/1] SELECT Clientes/MEDCHAP DISTRIBUIDORA DE MEDICAMENTOS CHAPECO LTDA/Artefatos_Revisao/PostValidacao/33_Caracteres_Cadastros_PosValidacao_MEDCHAP_READONLY.sql:2 ROWS=7
POST_RESULT={"columns": ["METRICA", "VALOR"], "rows": [["MAPA_APLICADO", "1"], ["BACKUP_TSIUSU", "1"], ["TSIUSU_102_NOMEUSU", "JOAO.GONCALVES"], ["TSIUSU_NOMEUSU_COM_INTERROGACAO_INVERTIDA", "0"], ["TGFPAR_COM_INTERROGACAO_INVERTIDA", "0"], ["TGFPRO_COM_INTERROGACAO_INVERTIDA", "0"], ["TSIUSU_LOGIN_JOAO_GONCALVES_QTD", "1"]]}
STATUS=LOTE_CONCLUIDO_POS_VALIDADO
