ID_EXECUCAO_LOTE=MEDCHAP_USUEMP_20260925_01
ENTRADA=Clientes/MEDCHAP DISTRIBUIDORA DE MEDICAMENTOS CHAPECO LTDA/34_Ajuste_Usuarios_Empresa_MEDCHAP.sql
SHA256_SUITE=2d6f422ea2ca542057a4fa0fb29b93989e8e21a8f25a4c721162f40b190df671
POS_VALIDACAO=Clientes/MEDCHAP DISTRIBUIDORA DE MEDICAMENTOS CHAPECO LTDA/Artefatos_Revisao/PostValidacao/34_Ajuste_Usuarios_Empresa_PosValidacao_MEDCHAP_READONLY.sql
AUTORIZACAO=PRE_AUTORIZADA
PREFLIGHT_STATUS=PREFLIGHT_APROVADO
PREFLIGHT_BLOQUEIOS=0
PREFLIGHT_AVISOS=0
CONFIRMACAO_NATIVA=DISPENSADA_POR_EXECUTAR_BASE
SESSION_USER=FRANCISCO_JUNIOR
CURRENT_SCHEMA=SANKHYA
SERVICE_NAME=medchapprd.sankhyacloud.com.br
PRIVILEGIOS=["ALTER ANY TABLE", "CREATE ANY TABLE", "DROP ANY TABLE"]
QUOTAS=[]
[OK 1/3] PLSQL_OR_DDL_BLOCK Clientes/MEDCHAP DISTRIBUIDORA DE MEDICAMENTOS CHAPECO LTDA/34_Ajuste_Usuarios_Empresa_MEDCHAP.sql:11 ROWCOUNT=0
DBMS_OUTPUT=IDENTIDADE_VALIDADA=FRANCISCO_JUNIOR/SANKHYA/MEDCHAPPRD; PRECONDICOES_OK=12
[OK 2/3] CREATE Clientes/MEDCHAP DISTRIBUIDORA DE MEDICAMENTOS CHAPECO LTDA/34_Ajuste_Usuarios_Empresa_MEDCHAP.sql:40 ROWCOUNT=0
[OK 3/3] PLSQL_OR_DDL_BLOCK Clientes/MEDCHAP DISTRIBUIDORA DE MEDICAMENTOS CHAPECO LTDA/34_Ajuste_Usuarios_Empresa_MEDCHAP.sql:47 ROWCOUNT=0
DBMS_OUTPUT=ID_EXECUCAO=MEDCHAP_USUEMP_20260925_01; BACKUP=12; ALTERADOS=12; CODEMP 4 -> 2
DBMS_OUTPUT=STATUS=USUARIOS_EMPRESA_AJUSTADOS
COMMIT_LOTE=OK
[POST_OK 1/1] SELECT Clientes/MEDCHAP DISTRIBUIDORA DE MEDICAMENTOS CHAPECO LTDA/Artefatos_Revisao/PostValidacao/34_Ajuste_Usuarios_Empresa_PosValidacao_MEDCHAP_READONLY.sql:2 ROWS=6
POST_RESULT={"columns": ["METRICA", "VALOR"], "rows": [["BACKUP_REGISTROS", "12"], ["BACKUP_CODEMP_ORIGINAL_4", "12"], ["CBS_COM_CODEMP_2", "12"], ["CBS_FORA_CODEMP_2", "0"], ["USUARIOS_CODEMP_4", "0"], ["SJP_COM_CODEMP_3", "11"]]}
STATUS=LOTE_CONCLUIDO_POS_VALIDADO
