ID_EXECUCAO_LOTE=MEDCHAP_SMTP_20260925_01
ENTRADA=Clientes/MEDCHAP DISTRIBUIDORA DE MEDICAMENTOS CHAPECO LTDA/35_SMTP_Contas_MEDCHAP.sql
SHA256_SUITE=009c60809e33d94d6475aaf99453fb438cdeb3b163186b80f3e6ec95a191ffa2
POS_VALIDACAO=Clientes/MEDCHAP DISTRIBUIDORA DE MEDICAMENTOS CHAPECO LTDA/Artefatos_Revisao/PostValidacao/35_SMTP_Contas_PosValidacao_MEDCHAP_READONLY.sql
AUTORIZACAO=PRE_AUTORIZADA
PREFLIGHT_STATUS=PREFLIGHT_APROVADO
PREFLIGHT_BLOQUEIOS=0
PREFLIGHT_AVISOS=0
CONFIRMACAO_NATIVA=DISPENSADA_POR_EXECUTAR_BASE
SESSION_USER=FRANCISCO_JUNIOR
CURRENT_SCHEMA=SANKHYA
SERVICE_NAME=medchapprd.sankhyacloud.com.br
PRIVILEGIOS=["ALTER ANY TABLE", "CREATE ANY TABLE", "DROP ANY TABLE"]
QUOTAS=[]
[OK 1/3] PLSQL_OR_DDL_BLOCK Clientes/MEDCHAP DISTRIBUIDORA DE MEDICAMENTOS CHAPECO LTDA/35_SMTP_Contas_MEDCHAP.sql:17 ROWCOUNT=0
DBMS_OUTPUT=IDENTIDADE_VALIDADA=FRANCISCO_JUNIOR/SANKHYA/MEDCHAPPRD; CONTA_TESTE_TSISMTP=1; REFERENCIAS=0; MSDSMTPPROP=CONTA_CLIENTE
[OK 2/3] CREATE Clientes/MEDCHAP DISTRIBUIDORA DE MEDICAMENTOS CHAPECO LTDA/35_SMTP_Contas_MEDCHAP.sql:45 ROWCOUNT=0
[OK 3/3] PLSQL_OR_DDL_BLOCK Clientes/MEDCHAP DISTRIBUIDORA DE MEDICAMENTOS CHAPECO LTDA/35_SMTP_Contas_MEDCHAP.sql:51 ROWCOUNT=0
DBMS_OUTPUT=ID_EXECUCAO=MEDCHAP_SMTP_20260925_01; CONTA_TESTE_REMOVIDA=1; BACKUP=1
DBMS_OUTPUT=STATUS=SMTP_CONTA_TESTE_REMOVIDA
COMMIT_LOTE=OK
[POST_OK 1/1] SELECT Clientes/MEDCHAP DISTRIBUIDORA DE MEDICAMENTOS CHAPECO LTDA/Artefatos_Revisao/PostValidacao/35_SMTP_Contas_PosValidacao_MEDCHAP_READONLY.sql:2 ROWS=6
POST_RESULT={"columns": ["METRICA", "VALOR"], "rows": [["BACKUP_REGISTROS", "1"], ["TSISMTP_TOTAL", "0"], ["TSISMTP_CONTA_TESTE_DEPLOY", "0"], ["MSDSMTPPROP_CONTA_TESTE_DEPLOY", "0"], ["MSDSMTPPROP_SERVIDOR", "smtp.office365.com:587"], ["MSDSMTPPROP_REMETENTE", "envio@medchap.com.br"]]}
STATUS=LOTE_CONCLUIDO_POS_VALIDADO
