ID_EXECUCAO_LOTE=MOVE_FDUP32B_20260922_02
ENTRADA=Clientes/MOVE GESTAO DE ENERGIA LTDA/32B_Card09_Executor_MOVE_20260922.sql
SHA256_SUITE=23ecc376b95f0dc9285dd1fa334820bf3f0dc55f6aacd6b7bbf706ad177a2b77
POS_VALIDACAO=Clientes/MOVE GESTAO DE ENERGIA LTDA/Artefatos_Revisao/PostValidacao/32B_Card09_PosValidacao_MOVE_READONLY.sql
AUTORIZACAO=CONFIRMACAO_NATIVA
PREFLIGHT_STATUS=PREFLIGHT_APROVADO
PREFLIGHT_BLOQUEIOS=0
PREFLIGHT_AVISOS=0
SESSION_USER=FRANCISCO_JUNIOR
CURRENT_SCHEMA=SANKHYA
SERVICE_NAME=moveenergiaprd.sankhyacloud.com.br
PRIVILEGIOS=["ALTER ANY TABLE", "CREATE ANY TABLE", "DROP ANY TABLE"]
QUOTAS=[]
[OK 1/3] PLSQL_OR_DDL_BLOCK Clientes/MOVE GESTAO DE ENERGIA LTDA/32B_Card09_Inserir_Notas_Sem_Financeiro_DUP.sql:28 ROWCOUNT=0
[OK 2/3] PLSQL_OR_DDL_BLOCK Clientes/MOVE GESTAO DE ENERGIA LTDA/32B_Card09_Inserir_Notas_Sem_Financeiro_DUP.sql:38 ROWCOUNT=0
DBMS_OUTPUT=JA_EXISTIAM_TGFFIN=0
DBMS_OUTPUT=PENDENTES_PARA_INSERCAO=184
DBMS_OUTPUT=TGFNUM_TGFFIN_ROWS=1
DBMS_OUTPUT=ANTES_LOCK_TGFNUM
DBMS_OUTPUT=APOS_LOCK_TGFNUM ULTCOD=13768
DBMS_OUTPUT=PROCESSANDO NUNOTA=13809 NUFIN=13769 VDUP=3734.40 DVENC=2026-09-08 NDUP=001 CODCTABCOINT=NULL
DBMS_OUTPUT=PROCESSANDO NUNOTA=13810 NUFIN=13770 VDUP=28103.38 DVENC=2026-09-08 NDUP=001 CODCTABCOINT=NULL
DBMS_OUTPUT=PROCESSANDO NUNOTA=13811 NUFIN=13771 VDUP=2488.36 DVENC=2026-09-08 NDUP=001 CODCTABCOINT=NULL
DBMS_OUTPUT=PROCESSANDO NUNOTA=13812 NUFIN=13772 VDUP=3041.82 DVENC=2026-09-08 NDUP=001 CODCTABCOINT=NULL
DBMS_OUTPUT=PROCESSANDO NUNOTA=13813 NUFIN=13773 VDUP=13147.58 DVENC=2026-09-08 NDUP=001 CODCTABCOINT=NULL
DBMS_OUTPUT=PROCESSANDO NUNOTA=13814 NUFIN=13774 VDUP=5955.43 DVENC=2026-09-08 NDUP=001 CODCTABCOINT=NULL
DBMS_OUTPUT=PROCESSANDO NUNOTA=13815 NUFIN=13775 VDUP=4521.80 DVENC=2026-09-08 NDUP=001 CODCTABCOINT=NULL
DBMS_OUTPUT=PROCESSANDO NUNOTA=13816 NUFIN=13776 VDUP=1952.45 DVENC=2026-09-08 NDUP=001 CODCTABCOINT=NULL
DBMS_OUTPUT=PROCESSANDO NUNOTA=13817 NUFIN=13777 VDUP=98085.67 DVENC=2026-09-08 NDUP=001 CODCTABCOINT=NULL
DBMS_OUTPUT=PROCESSANDO NUNOTA=13818 NUFIN=13778 VDUP=21402.00 DVENC=2026-09-08 NDUP=001 CODCTABCOINT=NULL
DBMS_OUTPUT=PROCESSANDO NUNOTA=13819 NUFIN=13779 VDUP=13010.00 DVENC=2026-09-08 NDUP=001 CODCTABCOINT=NULL
DBMS_OUTPUT=PROCESSANDO NUNOTA=13820 NUFIN=13780 VDUP=9605.73 DVENC=2026-08-07 NDUP=001 CODCTABCOINT=NULL
DBMS_OUTPUT=PROCESSANDO NUNOTA=13821 NUFIN=13781 VDUP=32670.93 DVENC=2026-08-07 NDUP=001 CODCTABCOINT=NULL
DBMS_OUTPUT=PROCESSANDO NUNOTA=13822 NUFIN=13782 VDUP=10012.03 DVENC=2026-08-07 NDUP=001 CODCTABCOINT=NULL
DBMS_OUTPUT=PROCESSANDO NUNOTA=13823 NUFIN=13783 VDUP=7587.73 DVENC=2026-08-07 NDUP=001 CODCTABCOINT=NULL
DBMS_OUTPUT=PROCESSANDO NUNOTA=13824 NUFIN=13784 VDUP=3181.01 DVENC=2026-08-07 NDUP=001 CODCTABCOINT=NULL
DBMS_OUTPUT=PROCESSANDO NUNOTA=13825 NUFIN=13785 VDUP=4689.28 DVENC=2026-08-07 NDUP=001 CODCTABCOINT=NULL
DBMS_OUTPUT=PROCESSANDO NUNOTA=13826 NUFIN=13786 VDUP=99250.15 DVENC=2026-08-07 NDUP=001 CODCTABCOINT=NULL
DBMS_OUTPUT=PROCESSANDO NUNOTA=13827 NUFIN=13787 VDUP=23541.25 DVENC=2026-08-07 NDUP=001 CODCTABCOINT=NULL
DBMS_OUTPUT=PROCESSANDO NUNOTA=13828 NUFIN=13788 VDUP=11799.50 DVENC=2026-08-07 NDUP=001 CODCTABCOINT=NULL
DBMS_OUTPUT=PROCESSANDO NUNOTA=13829 NUFIN=13789 VDUP=6301.80 DVENC=2026-08-07 NDUP=001 CODCTABCOINT=NULL
DBMS_OUTPUT=PROCESSANDO NUNOTA=13830 NUFIN=13790 VDUP=2226.42 DVENC=2026-08-07 NDUP=001 CODCTABCOINT=NULL
DBMS_OUTPUT=PROCESSANDO NUNOTA=13831 NUFIN=13791 VDUP=34626.00 DVENC=2026-07-09 NDUP=001 CODCTABCOINT=NULL
DBMS_OUTPUT=PROCESSANDO NUNOTA=13832 NUFIN=13792 VDUP=16606.27 DVENC=2026-07-08 NDUP=001 CODCTABCOINT=NULL
DBMS_OUTPUT=PROCESSANDO NUNOTA=13833 NUFIN=13793 VDUP=20828.42 DVENC=2026-07-08 NDUP=001 CODCTABCOINT=NULL
DBMS_OUTPUT=PROCESSANDO NUNOTA=13834 NUFIN=13794 VDUP=45706.88 DVENC=2026-07-07 NDUP=001 CODCTABCOINT=NULL
DBMS_OUTPUT=PROCESSANDO NUNOTA=13835 NUFIN=13795 VDUP=6679.20 DVENC=2026-07-07 NDUP=001 CODCTABCOINT=NULL
DBMS_OUTPUT=PROCESSANDO NUNOTA=13836 NUFIN=13796 VDUP=23224.01 DVENC=2026-07-07 NDUP=001 CODCTABCOINT=NULL
DBMS_OUTPUT=PROCESSANDO NUNOTA=13837 NUFIN=13797 VDUP=22499.11 DVENC=2026-07-07 NDUP=001 CODCTABCOINT=NULL
DBMS_OUTPUT=PROCESSANDO NUNOTA=13838 NUFIN=13798 VDUP=1535.33 DVENC=2026-07-07 NDUP=001 CODCTABCOINT=NULL
DBMS_OUTPUT=PROCESSANDO NUNOTA=13839 NUFIN=13799 VDUP=94686.97 DVENC=2026-07-07 NDUP=001 CODCTABCOINT=NULL
DBMS_OUTPUT=PROCESSANDO NUNOTA=13840 NUFIN=13800 VDUP=23535.00 DVENC=2026-07-07 NDUP=001 CODCTABCOINT=NULL
DBMS_OUTPUT=PROCESSANDO NUNOTA=13841 NUFIN=13801 VDUP=11395.75 DVENC=2026-07-07 NDUP=001 CODCTABCOINT=NULL
DBMS_OUTPUT=PROCESSANDO NUNOTA=13842 NUFIN=13802 VDUP=11921.20 DVENC=2026-07-07 NDUP=001 CODCTABCOINT=NULL
DBMS_OUTPUT=PROCESSANDO NUNOTA=13843 NUFIN=13803 VDUP=2882.67 DVENC=2026-07-07 NDUP=001 CODCTABCOINT=NULL
DBMS_OUTPUT=PROCESSANDO NUNOTA=13844 NUFIN=13804 VDUP=795.70 DVENC=2026-06-09 NDUP=001 CODCTABCOINT=NULL
DBMS_OUTPUT=PROCESSANDO NUNOTA=13845 NUFIN=13805 VDUP=35467.90 DVENC=2026-06-09 NDUP=001 CODCTABCOINT=NULL
DBMS_OUTPUT=PROCESSANDO NUNOTA=13846 NUFIN=13806 VDUP=10224.29 DVENC=2026-06-09 NDUP=001 CODCTABCOINT=NULL
DBMS_OUTPUT=PROCESSANDO NUNOTA=13847 NUFIN=13807 VDUP=7470.53 DVENC=2026-06-09 NDUP=001 CODCTABCOINT=NULL
DBMS_OUTPUT=PROCESSANDO NUNOTA=13848 NUFIN=13808 VDUP=6489.25 DVENC=2026-06-09 NDUP=001 CODCTABCOINT=NULL
DBMS_OUTPUT=PROCESSANDO NUNOTA=13849 NUFIN=13809 VDUP=1849.12 DVENC=2026-06-09 NDUP=001 CODCTABCOINT=NULL
DBMS_OUTPUT=PROCESSANDO NUNOTA=13850 NUFIN=13810 VDUP=7226.31 DVENC=2026-06-09 NDUP=001 CODCTABCOINT=NULL
DBMS_OUTPUT=PROCESSANDO NUNOTA=13851 NUFIN=13811 VDUP=10154.72 DVENC=2026-06-09 NDUP=001 CODCTABCOINT=NULL
DBMS_OUTPUT=PROCESSANDO NUNOTA=13852 NUFIN=13812 VDUP=97075.88 DVENC=2026-06-05 NDUP=001 CODCTABCOINT=NULL
DBMS_OUTPUT=PROCESSANDO NUNOTA=13853 NUFIN=13813 VDUP=23223.00 DVENC=2026-06-05 NDUP=001 CODCTABCOINT=NULL
DBMS_OUTPUT=PROCESSANDO NUNOTA=13854 NUFIN=13814 VDUP=16156.75 DVENC=2026-06-05 NDUP=001 CODCTABCOINT=NULL
DBMS_OUTPUT=PROCESSANDO NUNOTA=13855 NUFIN=13815 VDUP=6732.40 DVENC=2026-06-05 NDUP=001 CODCTABCOINT=NULL
DBMS_OUTPUT=PROCESSANDO NUNOTA=13856 NUFIN=13816 VDUP=2682.23 DVENC=2026-06-05 NDUP=001 CODCTABCOINT=NULL
DBMS_OUTPUT=PROCESSANDO NUNOTA=13857 NUFIN=13817 VDUP=18544.20 DVENC=2026-05-12 NDUP=001 CODCTABCOINT=NULL
DBMS_OUTPUT=PROCESSANDO NUNOTA=13858 NUFIN=13818 VDUP=8871.60 DVENC=2026-05-08 NDUP=001 CODCTABCOINT=NULL
DBMS_OUTPUT=PROCESSANDO NUNOTA=13859 NUFIN=13819 VDUP=26652.67 DVENC=2026-05-08 NDUP=001 CODCTABCOINT=NULL
DBMS_OUTPUT=PROCESSANDO NUNOTA=13860 NUFIN=13820 VDUP=2741.61 DVENC=2026-05-08 NDUP=001 CODCTABCOINT=NULL
DBMS_OUTPUT=PROCESSANDO NUNOTA=13861 NUFIN=13821 VDUP=4299.10 DVENC=2026-05-08 NDUP=001 CODCTABCOINT=NULL
DBMS_OUTPUT=PROCESSANDO NUNOTA=13862 NUFIN=13822 VDUP=16763.02 DVENC=2026-05-08 NDUP=001 CODCTABCOINT=NULL
DBMS_OUTPUT=PROCESSANDO NUNOTA=13863 NUFIN=13823 VDUP=23101.73 DVENC=2026-05-08 NDUP=001 CODCTABCOINT=NULL
DBMS_OUTPUT=PROCESSANDO NUNOTA=13864 NUFIN=13824 VDUP=82080.41 DVENC=2026-05-08 NDUP=001 CODCTABCOINT=NULL
DBMS_OUTPUT=PROCESSANDO NUNOTA=13865 NUFIN=13825 VDUP=21204.24 DVENC=2026-05-08 NDUP=001 CODCTABCOINT=NULL
DBMS_OUTPUT=PROCESSANDO NUNOTA=13866 NUFIN=13826 VDUP=29164.80 DVENC=2026-05-08 NDUP=001 CODCTABCOINT=NULL
DBMS_OUTPUT=PROCESSANDO NUNOTA=13867 NUFIN=13827 VDUP=2638.72 DVENC=2026-05-08 NDUP=001 CODCTABCOINT=NULL
DBMS_OUTPUT=PROCESSANDO NUNOTA=13868 NUFIN=13828 VDUP=1690.60 DVENC=2026-05-08 NDUP=001 CODCTABCOINT=NULL
DBMS_OUTPUT=PROCESSANDO NUNOTA=13869 NUFIN=13829 VDUP=16286.02 DVENC=2026-04-10 NDUP=001 CODCTABCOINT=NULL
DBMS_OUTPUT=PROCESSANDO NUNOTA=13870 NUFIN=13830 VDUP=20609.85 DVENC=2026-04-09 NDUP=001 CODCTABCOINT=NULL
DBMS_OUTPUT=PROCESSANDO NUNOTA=13871 NUFIN=13831 VDUP=45867.14 DVENC=2026-04-09 NDUP=001 CODCTABCOINT=NULL
DBMS_OUTPUT=PROCESSANDO NUNOTA=13872 NUFIN=13832 VDUP=9590.62 DVENC=2026-04-09 NDUP=001 CODCTABCOINT=NULL
DBMS_OUTPUT=PROCESSANDO NUNOTA=13873 NUFIN=13833 VDUP=3185.98 DVENC=2026-04-09 NDUP=001 CODCTABCOINT=NULL
DBMS_OUTPUT=PROCESSANDO NUNOTA=13874 NUFIN=13834 VDUP=30102.38 DVENC=2026-04-09 NDUP=001 CODCTABCOINT=NULL
DBMS_OUTPUT=PROCESSANDO NUNOTA=13875 NUFIN=13835 VDUP=44046.18 DVENC=2026-04-09 NDUP=001 CODCTABCOINT=NULL
DBMS_OUTPUT=PROCESSANDO NUNOTA=13876 NUFIN=13836 VDUP=18803.40 DVENC=2026-04-08 NDUP=001 CODCTABCOINT=NULL
DBMS_OUTPUT=PROCESSANDO NUNOTA=13877 NUFIN=13837 VDUP=40255.00 DVENC=2026-04-08 NDUP=001 CODCTABCOINT=NULL
DBMS_OUTPUT=PROCESSANDO NUNOTA=13878 NUFIN=13838 VDUP=3787.08 DVENC=2026-04-08 NDUP=001 CODCTABCOINT=NULL
DBMS_OUTPUT=PROCESSANDO NUNOTA=13879 NUFIN=13839 VDUP=1381.80 DVENC=2026-04-08 NDUP=001 CODCTABCOINT=NULL
DBMS_OUTPUT=PROCESSANDO NUNOTA=13880 NUFIN=13840 VDUP=92092.24 DVENC=2026-04-08 NDUP=001 CODCTABCOINT=NULL
DBMS_OUTPUT=PROCESSANDO NUNOTA=13882 NUFIN=13841 VDUP=8774.30 DVENC=2026-03-09 NDUP=001 CODCTABCOINT=NULL
DBMS_OUTPUT=PROCESSANDO NUNOTA=13883 NUFIN=13842 VDUP=42473.67 DVENC=2026-03-09 NDUP=001 CODCTABCOINT=NULL
DBMS_OUTPUT=PROCESSANDO NUNOTA=13884 NUFIN=13843 VDUP=19326.79 DVENC=2026-03-09 NDUP=001 CODCTABCOINT=NULL
DBMS_OUTPUT=PROCESSANDO NUNOTA=13885 NUFIN=13844 VDUP=2741.70 DVENC=2026-03-09 NDUP=001 CODCTABCOINT=NULL
DBMS_OUTPUT=PROCESSANDO NUNOTA=13886 NUFIN=13845 VDUP=1057.08 DVENC=2026-03-09 NDUP=001 CODCTABCOINT=NULL
DBMS_OUTPUT=PROCESSANDO NUNOTA=13887 NUFIN=13846 VDUP=8901.38 DVENC=2026-03-09 NDUP=001 CODCTABCOINT=NULL
DBMS_OUTPUT=PROCESSANDO NUNOTA=13888 NUFIN=13847 VDUP=31008.59 DVENC=2026-03-09 NDUP=001 CODCTABCOINT=NULL
DBMS_OUTPUT=PROCESSANDO NUNOTA=13889 NUFIN=13848 VDUP=34145.01 DVENC=2026-03-09 NDUP=001 CODCTABCOINT=NULL
DBMS_OUTPUT=PROCESSANDO NUNOTA=13890 NUFIN=13849 VDUP=237.18 DVENC=2026-03-06 NDUP=001 CODCTABCOINT=NULL
DBMS_OUTPUT=PROCESSANDO NUNOTA=13891 NUFIN=13850 VDUP=246.75 DVENC=2026-03-06 NDUP=001 CODCTABCOINT=NULL
DBMS_OUTPUT=PROCESSANDO NUNOTA=13892 NUFIN=13851 VDUP=171.03 DVENC=2026-03-06 NDUP=001 CODCTABCOINT=NULL
DBMS_OUTPUT=PROCESSANDO NUNOTA=13893 NUFIN=13852 VDUP=385.14 DVENC=2026-03-06 NDUP=001 CODCTABCOINT=NULL
DBMS_OUTPUT=PROCESSANDO NUNOTA=13894 NUFIN=13853 VDUP=477.40 DVENC=2026-03-06 NDUP=001 CODCTABCOINT=NULL
DBMS_OUTPUT=PROCESSANDO NUNOTA=13895 NUFIN=13854 VDUP=461.74 DVENC=2026-03-06 NDUP=001 CODCTABCOINT=NULL
DBMS_OUTPUT=PROCESSANDO NUNOTA=13896 NUFIN=13855 VDUP=363.38 DVENC=2026-03-06 NDUP=001 CODCTABCOINT=NULL
DBMS_OUTPUT=PROCESSANDO NUNOTA=13897 NUFIN=13856 VDUP=889.09 DVENC=2026-03-06 NDUP=001 CODCTABCOINT=NULL
DBMS_OUTPUT=PROCESSANDO NUNOTA=13898 NUFIN=13857 VDUP=355.99 DVENC=2026-03-06 NDUP=001 CODCTABCOINT=NULL
DBMS_OUTPUT=PROCESSANDO NUNOTA=13899 NUFIN=13858 VDUP=488.28 DVENC=2026-03-06 NDUP=001 CODCTABCOINT=NULL
DBMS_OUTPUT=PROCESSANDO NUNOTA=13900 NUFIN=13859 VDUP=187.57 DVENC=2026-03-06 NDUP=001 CODCTABCOINT=NULL
DBMS_OUTPUT=PROCESSANDO NUNOTA=13901 NUFIN=13860 VDUP=202.36 DVENC=2026-03-06 NDUP=001 CODCTABCOINT=NULL
DBMS_OUTPUT=PROCESSANDO NUNOTA=13902 NUFIN=13861 VDUP=148.83 DVENC=2026-03-06 NDUP=001 CODCTABCOINT=NULL
DBMS_OUTPUT=PROCESSANDO NUNOTA=13903 NUFIN=13862 VDUP=224.99 DVENC=2026-03-06 NDUP=001 CODCTABCOINT=NULL
DBMS_OUTPUT=PROCESSANDO NUNOTA=13904 NUFIN=13863 VDUP=83363.09 DVENC=2026-03-06 NDUP=001 CODCTABCOINT=NULL
DBMS_OUTPUT=PROCESSANDO NUNOTA=13905 NUFIN=13864 VDUP=21124.00 DVENC=2026-03-06 NDUP=001 CODCTABCOINT=NULL
DBMS_OUTPUT=PROCESSANDO NUNOTA=13906 NUFIN=13865 VDUP=34330.00 DVENC=2026-03-06 NDUP=001 CODCTABCOINT=NULL
DBMS_OUTPUT=PROCESSANDO NUNOTA=13907 NUFIN=13866 VDUP=3357.38 DVENC=2026-03-06 NDUP=001 CODCTABCOINT=NULL
DBMS_OUTPUT=PROCESSANDO NUNOTA=13908 NUFIN=13867 VDUP=1617.21 DVENC=2026-03-06 NDUP=001 CODCTABCOINT=NULL
DBMS_OUTPUT=PROCESSANDO NUNOTA=13909 NUFIN=13868 VDUP=23494.33 DVENC=2026-02-11 NDUP=001 CODCTABCOINT=NULL
DBMS_OUTPUT=PROCESSANDO NUNOTA=13910 NUFIN=13869 VDUP=1055.84 DVENC=2026-02-09 NDUP=001 CODCTABCOINT=NULL
DBMS_OUTPUT=PROCESSANDO NUNOTA=13911 NUFIN=13870 VDUP=953.05 DVENC=2026-02-09 NDUP=001 CODCTABCOINT=NULL
DBMS_OUTPUT=PROCESSANDO NUNOTA=13912 NUFIN=13871 VDUP=969.12 DVENC=2026-02-09 NDUP=001 CODCTABCOINT=NULL
DBMS_OUTPUT=PROCESSANDO NUNOTA=13913 NUFIN=13872 VDUP=26904.43 DVENC=2026-02-06 NDUP=001 CODCTABCOINT=NULL
DBMS_OUTPUT=PROCESSANDO NUNOTA=13914 NUFIN=13873 VDUP=3130.11 DVENC=2026-02-06 NDUP=001 CODCTABCOINT=NULL
DBMS_OUTPUT=PROCESSANDO NUNOTA=13915 NUFIN=13874 VDUP=132264.00 DVENC=2026-02-06 NDUP=001 CODCTABCOINT=NULL
DBMS_OUTPUT=PROCESSANDO NUNOTA=13916 NUFIN=13875 VDUP=2846.69 DVENC=2026-02-06 NDUP=001 CODCTABCOINT=NULL
DBMS_OUTPUT=PROCESSANDO NUNOTA=13917 NUFIN=13876 VDUP=5886.76 DVENC=2026-02-06 NDUP=001 CODCTABCOINT=NULL
DBMS_OUTPUT=PROCESSANDO NUNOTA=13918 NUFIN=13877 VDUP=12528.20 DVENC=2026-02-06 NDUP=001 CODCTABCOINT=NULL
DBMS_OUTPUT=PROCESSANDO NUNOTA=13919 NUFIN=13878 VDUP=780.73 DVENC=2026-02-06 NDUP=001 CODCTABCOINT=NULL
DBMS_OUTPUT=PROCESSANDO NUNOTA=13920 NUFIN=13879 VDUP=421.95 DVENC=2026-02-06 NDUP=001 CODCTABCOINT=NULL
DBMS_OUTPUT=PROCESSANDO NUNOTA=13921 NUFIN=13880 VDUP=6510.40 DVENC=2026-02-06 NDUP=001 CODCTABCOINT=NULL
DBMS_OUTPUT=PROCESSANDO NUNOTA=13922 NUFIN=13881 VDUP=77847.14 DVENC=2026-02-06 NDUP=001 CODCTABCOINT=NULL
DBMS_OUTPUT=PROCESSANDO NUNOTA=13923 NUFIN=13882 VDUP=16378.00 DVENC=2026-02-06 NDUP=001 CODCTABCOINT=NULL
DBMS_OUTPUT=PROCESSANDO NUNOTA=13924 NUFIN=13883 VDUP=39662.00 DVENC=2026-02-06 NDUP=001 CODCTABCOINT=NULL
DBMS_OUTPUT=PROCESSANDO NUNOTA=13925 NUFIN=13884 VDUP=564.40 DVENC=2026-02-06 NDUP=001 CODCTABCOINT=NULL
DBMS_OUTPUT=PROCESSANDO NUNOTA=13926 NUFIN=13885 VDUP=2970.20 DVENC=2026-02-06 NDUP=001 CODCTABCOINT=NULL
DBMS_OUTPUT=PROCESSANDO NUNOTA=13927 NUFIN=13886 VDUP=1453.83 DVENC=2026-02-06 NDUP=001 CODCTABCOINT=NULL
DBMS_OUTPUT=PROCESSANDO NUNOTA=13928 NUFIN=13887 VDUP=27072.22 DVENC=2026-01-13 NDUP=001 CODCTABCOINT=NULL
DBMS_OUTPUT=PROCESSANDO NUNOTA=13929 NUFIN=13888 VDUP=717.11 DVENC=2026-01-08 NDUP=001 CODCTABCOINT=NULL
DBMS_OUTPUT=PROCESSANDO NUNOTA=13930 NUFIN=13889 VDUP=2893.90 DVENC=2026-01-08 NDUP=001 CODCTABCOINT=NULL
DBMS_OUTPUT=PROCESSANDO NUNOTA=13931 NUFIN=13890 VDUP=735.05 DVENC=2026-01-08 NDUP=001 CODCTABCOINT=NULL
DBMS_OUTPUT=PROCESSANDO NUNOTA=13932 NUFIN=13891 VDUP=1095.34 DVENC=2026-01-08 NDUP=001 CODCTABCOINT=NULL
DBMS_OUTPUT=PROCESSANDO NUNOTA=13933 NUFIN=13892 VDUP=2503.22 DVENC=2026-01-08 NDUP=001 CODCTABCOINT=NULL
DBMS_OUTPUT=PROCESSANDO NUNOTA=13934 NUFIN=13893 VDUP=2379.65 DVENC=2026-01-08 NDUP=001 CODCTABCOINT=NULL
DBMS_OUTPUT=PROCESSANDO NUNOTA=13935 NUFIN=13894 VDUP=2464.45 DVENC=2026-01-08 NDUP=001 CODCTABCOINT=NULL
DBMS_OUTPUT=PROCESSANDO NUNOTA=13936 NUFIN=13895 VDUP=2661.81 DVENC=2026-01-08 NDUP=001 CODCTABCOINT=NULL
DBMS_OUTPUT=PROCESSANDO NUNOTA=13937 NUFIN=13896 VDUP=1217.46 DVENC=2026-01-08 NDUP=001 CODCTABCOINT=NULL
DBMS_OUTPUT=PROCESSANDO NUNOTA=13938 NUFIN=13897 VDUP=1109.23 DVENC=2026-01-08 NDUP=001 CODCTABCOINT=NULL
DBMS_OUTPUT=PROCESSANDO NUNOTA=13939 NUFIN=13898 VDUP=2180.84 DVENC=2026-01-08 NDUP=001 CODCTABCOINT=NULL
DBMS_OUTPUT=PROCESSANDO NUNOTA=13940 NUFIN=13899 VDUP=2945.41 DVENC=2026-01-08 NDUP=001 CODCTABCOINT=NULL
DBMS_OUTPUT=PROCESSANDO NUNOTA=13941 NUFIN=13900 VDUP=2563.13 DVENC=2026-01-08 NDUP=001 CODCTABCOINT=NULL
DBMS_OUTPUT=PROCESSANDO NUNOTA=13942 NUFIN=13901 VDUP=2142.06 DVENC=2026-01-08 NDUP=001 CODCTABCOINT=NULL
DBMS_OUTPUT=PROCESSANDO NUNOTA=13943 NUFIN=13902 VDUP=5575.10 DVENC=2026-01-08 NDUP=001 CODCTABCOINT=NULL
DBMS_OUTPUT=PROCESSANDO NUNOTA=13944 NUFIN=13903 VDUP=2240.46 DVENC=2026-01-08 NDUP=001 CODCTABCOINT=NULL
DBMS_OUTPUT=PROCESSANDO NUNOTA=13945 NUFIN=13904 VDUP=2864.38 DVENC=2026-01-08 NDUP=001 CODCTABCOINT=NULL
DBMS_OUTPUT=PROCESSANDO NUNOTA=13946 NUFIN=13905 VDUP=1178.69 DVENC=2026-01-08 NDUP=001 CODCTABCOINT=NULL
DBMS_OUTPUT=PROCESSANDO NUNOTA=13947 NUFIN=13906 VDUP=1153.22 DVENC=2026-01-08 NDUP=001 CODCTABCOINT=NULL
DBMS_OUTPUT=PROCESSANDO NUNOTA=13948 NUFIN=13907 VDUP=829.97 DVENC=2026-01-08 NDUP=001 CODCTABCOINT=NULL
DBMS_OUTPUT=PROCESSANDO NUNOTA=13949 NUFIN=13908 VDUP=1323.67 DVENC=2026-01-08 NDUP=001 CODCTABCOINT=NULL
DBMS_OUTPUT=PROCESSANDO NUNOTA=13950 NUFIN=13909 VDUP=243351.55 DVENC=2026-01-09 NDUP=001 CODCTABCOINT=NULL
DBMS_OUTPUT=PROCESSANDO NUNOTA=13951 NUFIN=13910 VDUP=8031.73 DVENC=2026-01-08 NDUP=001 CODCTABCOINT=NULL
DBMS_OUTPUT=PROCESSANDO NUNOTA=13952 NUFIN=13911 VDUP=6962.14 DVENC=2026-01-08 NDUP=001 CODCTABCOINT=NULL
DBMS_OUTPUT=PROCESSANDO NUNOTA=13953 NUFIN=13912 VDUP=5714.29 DVENC=2026-01-08 NDUP=001 CODCTABCOINT=NULL
DBMS_OUTPUT=PROCESSANDO NUNOTA=13954 NUFIN=13913 VDUP=67960.20 DVENC=2026-01-08 NDUP=001 CODCTABCOINT=NULL
DBMS_OUTPUT=PROCESSANDO NUNOTA=13955 NUFIN=13914 VDUP=14241.75 DVENC=2026-01-08 NDUP=001 CODCTABCOINT=NULL
DBMS_OUTPUT=PROCESSANDO NUNOTA=13956 NUFIN=13915 VDUP=37326.25 DVENC=2026-01-08 NDUP=001 CODCTABCOINT=NULL
DBMS_OUTPUT=PROCESSANDO NUNOTA=13957 NUFIN=13916 VDUP=2524.67 DVENC=2026-01-08 NDUP=001 CODCTABCOINT=NULL
DBMS_OUTPUT=PROCESSANDO NUNOTA=13958 NUFIN=13917 VDUP=1746.15 DVENC=2026-01-08 NDUP=001 CODCTABCOINT=NULL
DBMS_OUTPUT=PROCESSANDO NUNOTA=13959 NUFIN=13918 VDUP=8013.25 DVENC=2026-01-08 NDUP=001 CODCTABCOINT=NULL
DBMS_OUTPUT=PROCESSANDO NUNOTA=13960 NUFIN=13919 VDUP=4768.32 DVENC=2025-12-11 NDUP=001 CODCTABCOINT=NULL
DBMS_OUTPUT=PROCESSANDO NUNOTA=13961 NUFIN=13920 VDUP=3272.98 DVENC=2025-12-05 NDUP=001 CODCTABCOINT=NULL
DBMS_OUTPUT=PROCESSANDO NUNOTA=13962 NUFIN=13921 VDUP=4477.26 DVENC=2025-12-05 NDUP=001 CODCTABCOINT=NULL
DBMS_OUTPUT=PROCESSANDO NUNOTA=13963 NUFIN=13922 VDUP=4045.06 DVENC=2025-12-05 NDUP=001 CODCTABCOINT=NULL
DBMS_OUTPUT=PROCESSANDO NUNOTA=13964 NUFIN=13923 VDUP=4144.31 DVENC=2025-12-05 NDUP=001 CODCTABCOINT=NULL
DBMS_OUTPUT=PROCESSANDO NUNOTA=13965 NUFIN=13924 VDUP=194493.00 DVENC=2025-12-08 NDUP=001 CODCTABCOINT=NULL
DBMS_OUTPUT=PROCESSANDO NUNOTA=13966 NUFIN=13925 VDUP=11163.98 DVENC=2025-12-05 NDUP=001 CODCTABCOINT=NULL
DBMS_OUTPUT=PROCESSANDO NUNOTA=13967 NUFIN=13926 VDUP=2402.25 DVENC=2025-12-05 NDUP=001 CODCTABCOINT=NULL
DBMS_OUTPUT=PROCESSANDO NUNOTA=13968 NUFIN=13927 VDUP=3524.12 DVENC=2025-12-05 NDUP=001 CODCTABCOINT=NULL
DBMS_OUTPUT=PROCESSANDO NUNOTA=13969 NUFIN=13928 VDUP=1549.87 DVENC=2025-12-05 NDUP=001 CODCTABCOINT=NULL
DBMS_OUTPUT=PROCESSANDO NUNOTA=13970 NUFIN=13929 VDUP=3085.00 DVENC=2025-12-05 NDUP=001 CODCTABCOINT=NULL
DBMS_OUTPUT=PROCESSANDO NUNOTA=13971 NUFIN=13930 VDUP=89059.14 DVENC=2025-12-05 NDUP=001 CODCTABCOINT=NULL
DBMS_OUTPUT=PROCESSANDO NUNOTA=13972 NUFIN=13931 VDUP=21639.00 DVENC=2025-12-05 NDUP=001 CODCTABCOINT=NULL
DBMS_OUTPUT=PROCESSANDO NUNOTA=13973 NUFIN=13932 VDUP=27199.25 DVENC=2025-12-05 NDUP=001 CODCTABCOINT=NULL
DBMS_OUTPUT=PROCESSANDO NUNOTA=13974 NUFIN=13933 VDUP=3814.23 DVENC=2025-12-05 NDUP=001 CODCTABCOINT=NULL
DBMS_OUTPUT=PROCESSANDO NUNOTA=13975 NUFIN=13934 VDUP=2147.88 DVENC=2025-12-05 NDUP=001 CODCTABCOINT=NULL
DBMS_OUTPUT=PROCESSANDO NUNOTA=13976 NUFIN=13935 VDUP=5535.25 DVENC=2025-12-05 NDUP=001 CODCTABCOINT=NULL
DBMS_OUTPUT=PROCESSANDO NUNOTA=13977 NUFIN=13936 VDUP=2842.44 DVENC=2025-11-07 NDUP=001 CODCTABCOINT=NULL
DBMS_OUTPUT=PROCESSANDO NUNOTA=13978 NUFIN=13937 VDUP=2678.51 DVENC=2025-11-07 NDUP=001 CODCTABCOINT=NULL
DBMS_OUTPUT=PROCESSANDO NUNOTA=13979 NUFIN=13938 VDUP=17244.58 DVENC=2025-11-10 NDUP=001 CODCTABCOINT=NULL
DBMS_OUTPUT=PROCESSANDO NUNOTA=13980 NUFIN=13939 VDUP=3553.73 DVENC=2025-11-07 NDUP=001 CODCTABCOINT=NULL
DBMS_OUTPUT=PROCESSANDO NUNOTA=13981 NUFIN=13940 VDUP=1349.24 DVENC=2025-11-07 NDUP=001 CODCTABCOINT=NULL
DBMS_OUTPUT=PROCESSANDO NUNOTA=13982 NUFIN=13941 VDUP=7450.12 DVENC=2025-11-07 NDUP=001 CODCTABCOINT=NULL
DBMS_OUTPUT=PROCESSANDO NUNOTA=13983 NUFIN=13942 VDUP=7207.36 DVENC=2025-11-07 NDUP=001 CODCTABCOINT=NULL
DBMS_OUTPUT=PROCESSANDO NUNOTA=13984 NUFIN=13943 VDUP=131626.25 DVENC=2025-11-10 NDUP=001 CODCTABCOINT=NULL
DBMS_OUTPUT=PROCESSANDO NUNOTA=13985 NUFIN=13944 VDUP=37584.75 DVENC=2025-11-07 NDUP=001 CODCTABCOINT=NULL
DBMS_OUTPUT=PROCESSANDO NUNOTA=13986 NUFIN=13945 VDUP=5350.72 DVENC=2025-11-07 NDUP=001 CODCTABCOINT=NULL
DBMS_OUTPUT=PROCESSANDO NUNOTA=13987 NUFIN=13946 VDUP=4648.18 DVENC=2025-11-07 NDUP=001 CODCTABCOINT=NULL
DBMS_OUTPUT=PROCESSANDO NUNOTA=13988 NUFIN=13947 VDUP=94426.25 DVENC=2025-11-07 NDUP=001 CODCTABCOINT=NULL
DBMS_OUTPUT=PROCESSANDO NUNOTA=13989 NUFIN=13948 VDUP=23009.25 DVENC=2025-11-07 NDUP=001 CODCTABCOINT=NULL
DBMS_OUTPUT=PROCESSANDO NUNOTA=13990 NUFIN=13949 VDUP=26158.75 DVENC=2025-11-07 NDUP=001 CODCTABCOINT=NULL
DBMS_OUTPUT=PROCESSANDO NUNOTA=13991 NUFIN=13950 VDUP=4909.17 DVENC=2025-11-07 NDUP=001 CODCTABCOINT=NULL
DBMS_OUTPUT=PROCESSANDO NUNOTA=13992 NUFIN=13951 VDUP=407.61 DVENC=2025-11-07 NDUP=001 CODCTABCOINT=NULL
DBMS_OUTPUT=PROCESSANDO NUNOTA=13993 NUFIN=13952 VDUP=5301.00 DVENC=2025-11-07 NDUP=001 CODCTABCOINT=NULL
DBMS_OUTPUT=FINANCEIROS_INSERIDOS=184
DBMS_OUTPUT=STATUS=INSERT_EXECUTADO
[OK 3/3] SELECT Clientes/MOVE GESTAO DE ENERGIA LTDA/32B_Card09_Inserir_Notas_Sem_Financeiro_DUP.sql:438 ROWCOUNT=0
COMMIT_LOTE=OK
[POST_OK 1/1] SELECT Clientes/MOVE GESTAO DE ENERGIA LTDA/Artefatos_Revisao/PostValidacao/32B_Card09_PosValidacao_MOVE_READONLY.sql:5 ROWS=17
POST_RESULT={"columns": ["METRICA", "VALOR"], "rows": [["MAPA_TOTAL", "185"], ["MAPA_APTOS", "184"], ["MAPA_SEM_VDUP", "1"], ["AUDITORIA_INS", "184"], ["FINANCEIROS_AUDITADOS", "184"], ["AUDITORIA_SEM_TGFFIN", "0"], ["APTOS_SEM_FINANCEIRO", "0"], ["DUPLICADOS_TGFFIN_POR_NUNOTA", "0"], ["FINANCEIROS_SEM_AUDITORIA", "0"], ["DIVERGENCIA_VALOR_XML", "0"], ["DIVERGENCIA_VENCIMENTO_XML", "0"], ["DIVERGENCIA_CODCTABCOINT", "0"], ["SOMA_VDUP_XML_APTOS", "3393212.27"], ["SOMA_AUDITORIA", "3393212.27"], ["TGFNUM_ROWS", "1"], ["TGFNUM_STATUS", "CONSISTENTE"], ["EXCECAO_13881_COM_FINANCEIRO", "0"]]}
STATUS=LOTE_CONCLUIDO_POS_VALIDADO
