ID_EXECUCAO_LOTE=MOVE_FDUP32B_20260922_01
ENTRADA=Clientes/MOVE GESTAO DE ENERGIA LTDA/32B_Card09_Executor_MOVE_20260922.sql
SHA256_SUITE=242201616f3bbeca739c7b799d7f20832ebaaa21ec924efeb98c7e5c2d4a44d6
POS_VALIDACAO=Clientes/MOVE GESTAO DE ENERGIA LTDA/Artefatos_Revisao/PostValidacao/32B_Card09_PosValidacao_MOVE_READONLY.sql
AUTORIZACAO=CONFIRMACAO_NATIVA
PREFLIGHT_STATUS=PREFLIGHT_APROVADO
PREFLIGHT_BLOQUEIOS=0
PREFLIGHT_AVISOS=0
SESSION_USER=FRANCISCO_JUNIOR
CURRENT_SCHEMA=SANKHYA
SERVICE_NAME=moveenergiaprd.sankhyacloud.com.br
PRIVILEGIOS=["ALTER ANY TABLE", "CREATE ANY TABLE", "DROP ANY TABLE"]
QUOTAS=[]
[OK 1/3] PLSQL_OR_DDL_BLOCK Clientes/MOVE GESTAO DE ENERGIA LTDA/32B_Card09_Inserir_Notas_Sem_Financeiro_DUP.sql:27 ROWCOUNT=0
[ERRO 2/3] PLSQL_OR_DDL_BLOCK Clientes/MOVE GESTAO DE ENERGIA LTDA/32B_Card09_Inserir_Notas_Sem_Financeiro_DUP.sql:37 DatabaseError: ORA-20101: Conta bancária 4 não está ativa. Financeiro de Nro Único: 13769.
ORA-06512: at line 382
ORA-06512: at line 366
ORA-06512: at line 366
ORA-06512: at "SANKHYA.TRG_INC_TGFFIN", line 335
ORA-04088: error during execution of trigger 'SANKHYA.TRG_INC_TGFFIN'
ORA-06512: at line 131
ORA-06512: at line 366
STATUS=LOTE_COM_ERRO
