ID_EXECUCAO_LOTE=MOVE_DEL_20260922_01
ENTRADA=Clientes/MOVE GESTAO DE ENERGIA LTDA/29_30_Merge_Antifragil_MOVE_Excluir_Pais_Obsoletos.sql
SHA256_SUITE=80aad148bb93aa2f24fe05174d97fb7b3bbb288d96f60baf75df4f647b0ce545
POS_VALIDACAO=Clientes/MOVE GESTAO DE ENERGIA LTDA/Artefatos_Revisao/PostValidacao/04_Merge_PosExclusao_MOVE_READONLY.sql
AUTORIZACAO=CONFIRMACAO_NATIVA
PREFLIGHT_STATUS=PREFLIGHT_APROVADO
PREFLIGHT_BLOQUEIOS=0
PREFLIGHT_AVISOS=0
SESSION_USER=FRANCISCO_JUNIOR
CURRENT_SCHEMA=SANKHYA
SERVICE_NAME=moveenergiaprd.sankhyacloud.com.br
PRIVILEGIOS=["ALTER ANY TABLE", "CREATE ANY TABLE", "DROP ANY TABLE"]
QUOTAS=[]
[OK 1/1] PLSQL_OR_DDL_BLOCK Clientes/MOVE GESTAO DE ENERGIA LTDA/29_30_Merge_Antifragil_MOVE_Excluir_Pais_Obsoletos.sql:7 ROWCOUNT=0
DBMS_OUTPUT=MAPA_BAI=428; MAPA_END=7283
DBMS_OUTPUT=BACKUP_BAI=428; BACKUP_END=7283; AUDITORIA_REFERENCIAS=61206; EXCECOES=0
DBMS_OUTPUT=REFERENCIAS_FISICAS_REMANESCENTES=0
DBMS_OUTPUT=PAIS_OBSOLETOS_EXCLUIDOS=SIM; BAI=428; END=7283
DBMS_OUTPUT=STATUS=PAIS_OBSOLETOS_EXCLUIDOS_COM_BACKUP; ID_EXECUCAO=MOVE_MRG_20260922_01
COMMIT_LOTE=OK
[POST_OK 1/1] SELECT Clientes/MOVE GESTAO DE ENERGIA LTDA/Artefatos_Revisao/PostValidacao/04_Merge_PosExclusao_MOVE_READONLY.sql:1 ROWS=11
POST_RESULT={"columns": ["METRICA", "VALOR"], "rows": [["SESSION_USER", "FRANCISCO_JUNIOR"], ["CURRENT_SCHEMA", "SANKHYA"], ["SERVICE_NAME", "moveenergiaprd.sankhyacloud.com.br"], ["MAPA_BAI", "428"], ["MAPA_END", "7283"], ["BACKUP_BAI_OBSOLETO", "428"], ["BACKUP_END_OBSOLETO", "7283"], ["AUDITORIA_REFERENCIAS", "61206"], ["EXCECOES", "0"], ["PAIS_BAI_OBSOLETO_REMANESCENTE", "0"], ["PAIS_END_OBSOLETO_REMANESCENTE", "0"]]}
STATUS=LOTE_CONCLUIDO_POS_VALIDADO
