ID_EXECUCAO_LOTE=MOVE_FDUP_20260922_01
ENTRADA=Clientes/MOVE GESTAO DE ENERGIA LTDA/32A_Card09_Mapear_Direto_XML_MOVE.sql
SHA256_SUITE=876338189237e69ebe61f9573aed5552b1ff80d4e59c630d3260772968b76e4b
POS_VALIDACAO=Clientes/MOVE GESTAO DE ENERGIA LTDA/Artefatos_Revisao/PostValidacao/32_Card09_Mapa_PosValidacao_MOVE_READONLY.sql
AUTORIZACAO=CONFIRMACAO_NATIVA
PREFLIGHT_STATUS=PREFLIGHT_APROVADO
PREFLIGHT_BLOQUEIOS=0
PREFLIGHT_AVISOS=0
SESSION_USER=FRANCISCO_JUNIOR
CURRENT_SCHEMA=SANKHYA
SERVICE_NAME=moveenergiaprd.sankhyacloud.com.br
PRIVILEGIOS=["ALTER ANY TABLE", "CREATE ANY TABLE", "DROP ANY TABLE"]
QUOTAS=[]
[OK 1/5] PLSQL_OR_DDL_BLOCK Clientes/MOVE GESTAO DE ENERGIA LTDA/32A_Card09_Mapear_Direto_XML.sql:23 ROWCOUNT=0
[OK 2/5] CREATE Clientes/MOVE GESTAO DE ENERGIA LTDA/32A_Card09_Mapear_Direto_XML.sql:38 ROWCOUNT=0
[OK 3/5] CREATE Clientes/MOVE GESTAO DE ENERGIA LTDA/32A_Card09_Mapear_Direto_XML.sql:74 ROWCOUNT=0
[OK 4/5] SELECT Clientes/MOVE GESTAO DE ENERGIA LTDA/32A_Card09_Mapear_Direto_XML.sql:134 ROWCOUNT=0
[OK 5/5] SELECT Clientes/MOVE GESTAO DE ENERGIA LTDA/32A_Card09_Mapear_Direto_XML.sql:135 ROWCOUNT=0
COMMIT_LOTE=OK
[POST_OK 1/4] SELECT Clientes/MOVE GESTAO DE ENERGIA LTDA/Artefatos_Revisao/PostValidacao/32_Card09_Mapa_PosValidacao_MOVE_READONLY.sql:1 ROWS=1
POST_RESULT={"columns": ["SESSION_USER", "CURRENT_SCHEMA", "SERVICE_NAME", "DB_NAME"], "rows": [["FRANCISCO_JUNIOR", "SANKHYA", "moveenergiaprd.sankhyacloud.com.br", "MOVEENERGIAPRD"]]}
[POST_OK 2/4] SELECT Clientes/MOVE GESTAO DE ENERGIA LTDA/Artefatos_Revisao/PostValidacao/32_Card09_Mapa_PosValidacao_MOVE_READONLY.sql:7 ROWS=1
POST_RESULT={"columns": ["BASE_TOTAL_MAPA"], "rows": [[185]]}
[POST_OK 3/4] SELECT Clientes/MOVE GESTAO DE ENERGIA LTDA/Artefatos_Revisao/PostValidacao/32_Card09_Mapa_PosValidacao_MOVE_READONLY.sql:11 ROWS=2
POST_RESULT={"columns": ["STATUS_MAPA", "QTD_LINHAS", "QTD_NOTAS"], "rows": [["APTO_PARA_VALIDACAO_FINAL", 184, 184], ["SEM_VDUP_XML", 1, 1]]}
[POST_OK 4/4] SELECT Clientes/MOVE GESTAO DE ENERGIA LTDA/Artefatos_Revisao/PostValidacao/32_Card09_Mapa_PosValidacao_MOVE_READONLY.sql:17 ROWS=1
POST_RESULT={"columns": ["APTOS_COM_TGFFIN_POS_MAPA"], "rows": [[0]]}
STATUS=LOTE_CONCLUIDO_POS_VALIDADO
