ID_EXECUCAO_LOTE=FOCUS_FDUP_20260923_01
ENTRADA=Clientes/FOCUSFINTAXPRD/32A_Card09_Mapear_Direto_XML_FOCUSFINTAXPRD.sql
SHA256_SUITE=9cc0be9e38732f5d4b281c116b53eab3bb03fb19bbc81d90922363cc63072420
POS_VALIDACAO=Clientes/FOCUSFINTAXPRD/Artefatos_Revisao/PostValidacao/32_Card09_Mapa_PosValidacao_FOCUS_READONLY.sql
AUTORIZACAO=PRE_AUTORIZADA
PREFLIGHT_STATUS=PREFLIGHT_APROVADO
PREFLIGHT_BLOQUEIOS=0
PREFLIGHT_AVISOS=0
CONFIRMACAO_NATIVA=DISPENSADA_POR_EXECUTAR_BASE
SESSION_USER=FRANCISCO_JUNIOR
CURRENT_SCHEMA=SANKHYA
SERVICE_NAME=focusfintaxprd.sankhyacloud.com.br
PRIVILEGIOS=["ALTER ANY TABLE", "CREATE ANY TABLE", "DROP ANY TABLE"]
QUOTAS=[]
[OK 1/6] PLSQL_OR_DDL_BLOCK Clientes/FOCUSFINTAXPRD/32A_Card09_Mapear_Direto_XML_FOCUSFINTAXPRD.sql:27 ROWCOUNT=0
[OK 2/6] PLSQL_OR_DDL_BLOCK Clientes/FOCUSFINTAXPRD/32A_Card09_Mapear_Direto_XML_FOCUSFINTAXPRD.sql:36 ROWCOUNT=0
[OK 3/6] CREATE Clientes/FOCUSFINTAXPRD/32A_Card09_Mapear_Direto_XML_FOCUSFINTAXPRD.sql:51 ROWCOUNT=0
[OK 4/6] CREATE Clientes/FOCUSFINTAXPRD/32A_Card09_Mapear_Direto_XML_FOCUSFINTAXPRD.sql:87 ROWCOUNT=0
[OK 5/6] SELECT Clientes/FOCUSFINTAXPRD/32A_Card09_Mapear_Direto_XML_FOCUSFINTAXPRD.sql:147 ROWCOUNT=0
[OK 6/6] SELECT Clientes/FOCUSFINTAXPRD/32A_Card09_Mapear_Direto_XML_FOCUSFINTAXPRD.sql:148 ROWCOUNT=0
COMMIT_LOTE=OK
[POST_OK 1/6] SELECT Clientes/FOCUSFINTAXPRD/Artefatos_Revisao/PostValidacao/32_Card09_Mapa_PosValidacao_FOCUS_READONLY.sql:2 ROWS=1
POST_RESULT={"columns": ["SESSION_USER", "CURRENT_SCHEMA", "SERVICE_NAME", "DB_NAME"], "rows": [["FRANCISCO_JUNIOR", "SANKHYA", "focusfintaxprd.sankhyacloud.com.br", "FOCUSFINTAXPRD"]]}
[POST_OK 2/6] SELECT Clientes/FOCUSFINTAXPRD/Artefatos_Revisao/PostValidacao/32_Card09_Mapa_PosValidacao_FOCUS_READONLY.sql:8 ROWS=1
POST_RESULT={"columns": ["BASE_TOTAL_MAPA"], "rows": [[0]]}
[POST_OK 3/6] SELECT Clientes/FOCUSFINTAXPRD/Artefatos_Revisao/PostValidacao/32_Card09_Mapa_PosValidacao_FOCUS_READONLY.sql:12 ROWS=0
POST_RESULT={"columns": ["STATUS_MAPA", "QTD_LINHAS", "QTD_NOTAS"], "rows": []}
[POST_OK 4/6] SELECT Clientes/FOCUSFINTAXPRD/Artefatos_Revisao/PostValidacao/32_Card09_Mapa_PosValidacao_FOCUS_READONLY.sql:18 ROWS=1
POST_RESULT={"columns": ["APTOS_COM_TGFFIN_POS_MAPA"], "rows": [[0]]}
[POST_OK 5/6] SELECT Clientes/FOCUSFINTAXPRD/Artefatos_Revisao/PostValidacao/32_Card09_Mapa_PosValidacao_FOCUS_READONLY.sql:24 ROWS=1
POST_RESULT={"columns": ["NOTAS_SEM_FINANCEIRO_ESCOPO_DASHBOARD"], "rows": [[0]]}
STATUS=LOTE_COM_ERRO
