ID_EXECUCAO_LOTE=FOCUS_NORM2930_20260923_01
ENTRADA=Clientes/FOCUSFINTAXPRD/29_30_Merge_Antifragil_FOCUSFINTAXPRD_Normalizar_Remanentes.sql
SHA256_SUITE=2b2cff10205616f5c462f1c4d19435690de12a709efcdff3814ded6f490ddbd0
POS_VALIDACAO=Clientes/FOCUSFINTAXPRD/Artefatos_Revisao/PostValidacao/29_30_Normalizacao_Remanescente_FOCUS_READONLY.sql
AUTORIZACAO=PRE_AUTORIZADA
PREFLIGHT_STATUS=PREFLIGHT_APROVADO
PREFLIGHT_BLOQUEIOS=0
PREFLIGHT_AVISOS=0
CONFIRMACAO_NATIVA=DISPENSADA_POR_EXECUTAR_BASE
SESSION_USER=FRANCISCO_JUNIOR
CURRENT_SCHEMA=SANKHYA
SERVICE_NAME=focusfintaxprd.sankhyacloud.com.br
PRIVILEGIOS=["ALTER ANY TABLE", "CREATE ANY TABLE", "DROP ANY TABLE"]
QUOTAS=[]
[OK 1/1] PLSQL_OR_DDL_BLOCK Clientes/FOCUSFINTAXPRD/29_30_Merge_Antifragil_FOCUSFINTAXPRD_Normalizar_Remanentes.sql:10 ROWCOUNT=0
DBMS_OUTPUT=ID_EXECUCAO=FOCUS_NORM2930_20260923_01
DBMS_OUTPUT=BACKUP_BAIRROS=413; ATUALIZADOS=413
DBMS_OUTPUT=BACKUP_ENDERECOS=6877; ATUALIZADOS=6877
DBMS_OUTPUT=COLISOES_BAIRROS_REMANESCENTES=0
DBMS_OUTPUT=COLISOES_ENDERECOS_REMANESCENTES=0
DBMS_OUTPUT=CANDIDATOS_NAO_NORMALIZADOS_BAIRROS=0
DBMS_OUTPUT=CANDIDATOS_NAO_NORMALIZADOS_ENDERECOS=0
DBMS_OUTPUT=STATUS=NORMALIZACAO_REMANESCENTE_CONCLUIDA
COMMIT_LOTE=OK
[POST_OK 1/1] WITH Clientes/FOCUSFINTAXPRD/Artefatos_Revisao/PostValidacao/29_30_Normalizacao_Remanescente_FOCUS_READONLY.sql:2 ROWS=10
POST_RESULT={"columns": ["METRICA", "VALOR"], "rows": [["SESSION_USER", "FRANCISCO_JUNIOR"], ["CURRENT_SCHEMA", "SANKHYA"], ["SERVICE_NAME", "focusfintaxprd.sankhyacloud.com.br"], ["ID_EXECUCAO", "FOCUS_NORM2930_20260923_01"], ["BACKUP_BAIRROS", "413"], ["BACKUP_ENDERECOS", "6877"], ["CANDIDATOS_NAO_NORMALIZADOS_BAIRROS", "0"], ["COLISOES_BAIRROS", "0"], ["CANDIDATOS_NAO_NORMALIZADOS_ENDERECOS", "0"], ["COLISOES_ENDERECOS", "0"]]}
STATUS=LOTE_CONCLUIDO_POS_VALIDADO
