ID_EXECUCAO_LOTE=FOCUS_DEL_20260923_01
ENTRADA=Clientes/FOCUSFINTAXPRD/29_30_Merge_Antifragil_FOCUSFINTAXPRD_Excluir_Pais_Obsoletos.sql
SHA256_SUITE=d0d4c84ba1182f201ea262e37d4a7c342fe89ccceca095d06aedf089687c12c7
POS_VALIDACAO=Clientes/FOCUSFINTAXPRD/Artefatos_Revisao/PostValidacao/04_Merge_PosExclusao_FOCUS_READONLY.sql
AUTORIZACAO=PRE_AUTORIZADA
PREFLIGHT_STATUS=PREFLIGHT_APROVADO
PREFLIGHT_BLOQUEIOS=0
PREFLIGHT_AVISOS=0
CONFIRMACAO_NATIVA=DISPENSADA_POR_EXECUTAR_BASE
SESSION_USER=FRANCISCO_JUNIOR
CURRENT_SCHEMA=SANKHYA
SERVICE_NAME=focusfintaxprd.sankhyacloud.com.br
PRIVILEGIOS=["ALTER ANY TABLE", "CREATE ANY TABLE", "DROP ANY TABLE"]
QUOTAS=[]
[OK 1/1] PLSQL_OR_DDL_BLOCK Clientes/FOCUSFINTAXPRD/29_30_Merge_Antifragil_FOCUSFINTAXPRD_Excluir_Pais_Obsoletos.sql:9 ROWCOUNT=0
DBMS_OUTPUT=MAPA_BAI=428; MAPA_END=7283
DBMS_OUTPUT=BACKUP_BAI=428; BACKUP_END=7283; AUDITORIA_REFERENCIAS=61210; EXCECOES=0
DBMS_OUTPUT=REFERENCIAS_FISICAS_REMANESCENTES=0
DBMS_OUTPUT=PAIS_OBSOLETOS_EXCLUIDOS=SIM; BAI=428; END=7283
DBMS_OUTPUT=STATUS=PAIS_OBSOLETOS_EXCLUIDOS_COM_BACKUP; ID_EXECUCAO=FOCUS_MRG_20260923_01
COMMIT_LOTE=OK
[POST_OK 1/1] SELECT Clientes/FOCUSFINTAXPRD/Artefatos_Revisao/PostValidacao/04_Merge_PosExclusao_FOCUS_READONLY.sql:2 ROWS=11
POST_RESULT={"columns": ["METRICA", "VALOR"], "rows": [["SESSION_USER", "FRANCISCO_JUNIOR"], ["CURRENT_SCHEMA", "SANKHYA"], ["SERVICE_NAME", "focusfintaxprd.sankhyacloud.com.br"], ["MAPA_BAI", "428"], ["MAPA_END", "7283"], ["BACKUP_BAI_OBSOLETO", "428"], ["BACKUP_END_OBSOLETO", "7283"], ["AUDITORIA_REFERENCIAS", "61210"], ["EXCECOES", "0"], ["PAIS_BAI_OBSOLETO_REMANESCENTE", "0"], ["PAIS_END_OBSOLETO_REMANESCENTE", "0"]]}
STATUS=LOTE_CONCLUIDO_POS_VALIDADO
