ID_EXECUCAO_LOTE=RMD_RIOSLTDAPRD_CARD09_MAP_20260923_134000
ENTRADA=Clientes/RIOSLTDAPRD/32A_Card09_Mapear_Direto_XML_RIOSLTDAPRD_20260923.sql
SHA256_SUITE=07de06faae358e5d505b0b9645bcd09ac17a24ea39352adcb58965bef13370b8
POS_VALIDACAO=NAO_INFORMADA
AUTORIZACAO=PRE_AUTORIZADA
PREFLIGHT_STATUS=PREFLIGHT_APROVADO
PREFLIGHT_BLOQUEIOS=0
PREFLIGHT_AVISOS=0
CONFIRMACAO_NATIVA=DISPENSADA_POR_EXECUTAR_BASE
SESSION_USER=FRANCISCO_JUNIOR
CURRENT_SCHEMA=SANKHYA
SERVICE_NAME=riosltdaprd.sankhyacloud.com.br
PRIVILEGIOS=["ALTER ANY TABLE", "CREATE ANY TABLE", "DROP ANY TABLE"]
QUOTAS=[]
[OK 1/5] PLSQL_OR_DDL_BLOCK Clientes/RIOSLTDAPRD/32A_Card09_Mapear_Direto_XML.sql:23 ROWCOUNT=0
[OK 2/5] CREATE Clientes/RIOSLTDAPRD/32A_Card09_Mapear_Direto_XML.sql:38 ROWCOUNT=0
[OK 3/5] CREATE Clientes/RIOSLTDAPRD/32A_Card09_Mapear_Direto_XML.sql:74 ROWCOUNT=0
[OK 4/5] SELECT Clientes/RIOSLTDAPRD/32A_Card09_Mapear_Direto_XML.sql:119 ROWCOUNT=0
[OK 5/5] SELECT Clientes/RIOSLTDAPRD/32A_Card09_Mapear_Direto_XML.sql:120 ROWCOUNT=0
COMMIT_LOTE=OK
STATUS=LOTE_CONCLUIDO
