ID_EXECUCAO_LOTE=RMD_RIOSLTDAPRD_2930_20260923_133500
ENTRADA=Clientes/RIOSLTDAPRD/29_30_Merge_Antifragil_RIOSLTDAPRD_02_Excluir_Pais.sql
SHA256_SUITE=a9f2ec204da7fad878d3462273284b06453672c3e742b0e10aeef3e77d6693c9
POS_VALIDACAO=NAO_INFORMADA
AUTORIZACAO=PRE_AUTORIZADA
PREFLIGHT_STATUS=PREFLIGHT_APROVADO
PREFLIGHT_BLOQUEIOS=0
PREFLIGHT_AVISOS=0
CONFIRMACAO_NATIVA=DISPENSADA_POR_EXECUTAR_BASE
SESSION_USER=FRANCISCO_JUNIOR
CURRENT_SCHEMA=SANKHYA
SERVICE_NAME=riosltdaprd.sankhyacloud.com.br
PRIVILEGIOS=["ALTER ANY TABLE", "CREATE ANY TABLE", "DROP ANY TABLE"]
QUOTAS=[]
[OK 1/1] PLSQL_OR_DDL_BLOCK Clientes/RIOSLTDAPRD/29_30_Merge_Antifragil_RIOSLTDAPRD_02_Excluir_Pais.sql:7 ROWCOUNT=0
DBMS_OUTPUT=REFERENCIAS_FISICAS_REMANESCENTES=0
DBMS_OUTPUT=PAIS_OBSOLETOS_EXCLUIDOS=SIM; BAI=428; END=7283
DBMS_OUTPUT=STATUS=PAIS_OBSOLETOS_EXCLUIDOS_COM_BACKUP; ID_EXECUCAO=RMD_RIO_2930_20260923_01
COMMIT_LOTE=OK
STATUS=LOTE_CONCLUIDO
