ID_EXECUCAO_LOTE=RMD_RIOSLTDAPRD_2930_20260923_132500
ENTRADA=Clientes/RIOSLTDAPRD/29_30_Merge_Antifragil_RIOSLTDAPRD_01_Redirecionar.sql
SHA256_SUITE=aee90738d54143064e7f9e4c6cd9448a46a211cc04b52010168d46ab5ca60396
POS_VALIDACAO=NAO_INFORMADA
AUTORIZACAO=PRE_AUTORIZADA
PREFLIGHT_STATUS=PREFLIGHT_APROVADO
PREFLIGHT_BLOQUEIOS=0
PREFLIGHT_AVISOS=0
CONFIRMACAO_NATIVA=DISPENSADA_POR_EXECUTAR_BASE
SESSION_USER=FRANCISCO_JUNIOR
CURRENT_SCHEMA=SANKHYA
SERVICE_NAME=riosltdaprd.sankhyacloud.com.br
PRIVILEGIOS=["ALTER ANY TABLE", "CREATE ANY TABLE", "DROP ANY TABLE"]
QUOTAS=[]
[OK 1/2] PLSQL_OR_DDL_BLOCK Revisao Master Deploy/29_30_Merge_Antifragil.sql:9 ROWCOUNT=0
DBMS_OUTPUT=RAMO_OK|TCCEMP|CODBAI|0
DBMS_OUTPUT=RAMO_OK|TCCEMP|CODEND|0
DBMS_OUTPUT=RAMO_OK|TCOMEVTNFSE|CODBAI|0
DBMS_OUTPUT=RAMO_OK|TCOMEVTNFSE|CODEND|0
DBMS_OUTPUT=RAMO_OK|TFPAEN|CODBAI|0
DBMS_OUTPUT=RAMO_OK|TFPAEN|CODEND|0
DBMS_OUTPUT=RAMO_OK|TFPALTERFUN|CODBAI|0
DBMS_OUTPUT=RAMO_OK|TFPALTERFUN|CODEND|0
DBMS_OUTPUT=RAMO_OK|TFPCATR|CODBAI|0
DBMS_OUTPUT=RAMO_OK|TFPCTI|CODBAI|0
DBMS_OUTPUT=RAMO_OK|TFPCTI|CODEND|0
DBMS_OUTPUT=RAMO_OK|TFPDEP|CODEND|0
DBMS_OUTPUT=RAMO_OK|TFPFUN|CODBAI|0
DBMS_OUTPUT=RAMO_OK|TFPFUN|CODEND|0
DBMS_OUTPUT=RAMO_OK|TFPPCA|CODBAI|0
DBMS_OUTPUT=RAMO_OK|TFPPONRAIO|CODBAI|0
DBMS_OUTPUT=RAMO_OK|TFPPONRAIO|CODEND|0
DBMS_OUTPUT=RAMO_OK|TFPREQADM|CODBAI|0
DBMS_OUTPUT=RAMO_OK|TFPREQADM|CODEND|0
DBMS_OUTPUT=RAMO_OK|TFPTAT|CODBAI|0
DBMS_OUTPUT=RAMO_OK|TFPTAT|CODEND|0
DBMS_OUTPUT=RAMO_OK|TGAENT|CODBAI|0
DBMS_OUTPUT=RAMO_OK|TGAENT|CODEND|0
DBMS_OUTPUT=RAMO_OK|TGFCTT|CODBAI|0
DBMS_OUTPUT=RAMO_OK|TGFCTT|CODEND|0
DBMS_OUTPUT=RAMO_OK|TGFITE|CODEND|0
DBMS_OUTPUT=RAMO_OK|TGFLCDPRR0030|CODBAI|0
DBMS_OUTPUT=RAMO_OK|TGFLCDPRR0030|CODEND|0
DBMS_OUTPUT=RAMO_OK|TGFLCDPRR0040|CODBAI|0
DBMS_OUTPUT=RAMO_OK|TGFLCDPRR0040|CODEND|0
DBMS_OUTPUT=RAMO_OK|TGFLOCOPER|CODBAI|0
DBMS_OUTPUT=RAMO_OK|TGFLOCOPER|CODEND|0
DBMS_OUTPUT=RAMO_OK|TGFPAR|CODBAI|2
DBMS_OUTPUT=RAMO_OK|TGFPAR|CODEND|7
DBMS_OUTPUT=RAMO_OK|TGFSIT|CODBAI|0
DBMS_OUTPUT=RAMO_OK|TGFSIT|CODEND|0
DBMS_OUTPUT=RAMO_OK|TGFVOR|CODEND|0
DBMS_OUTPUT=RAMO_OK|TGWCTE|CODEND|0
DBMS_OUTPUT=RAMO_OK|TGWDCA|CODEND|0
DBMS_OUTPUT=RAMO_OK|TGWEND|CODEND|0
DBMS_OUTPUT=RAMO_OK|TGWENP|CODEND|0
DBMS_OUTPUT=RAMO_OK|TGWEPL|CODEND|0
DBMS_OUTPUT=RAMO_OK|TGWEST|CODEND|0
DBMS_OUTPUT=RAMO_OK|TGWESTVAL|CODEND|0
DBMS_OUTPUT=RAMO_OK|TGWEST_UPD|CODEND|0
DBMS_OUTPUT=RAMO_OK|TGWEXC|CODEND|0
DBMS_OUTPUT=RAMO_OK|TGWEXG|CODEND|0
DBMS_OUTPUT=RAMO_OK|TGWEXL|CODEND|0
DBMS_OUTPUT=RAMO_OK|TGWEXP|CODEND|0
DBMS_OUTPUT=RAMO_OK|TGWEXU|CODEND|0
DBMS_OUTPUT=RAMO_OK|TGWHAJ|CODEND|0
DBMS_OUTPUT=RAMO_OK|TGWINV|CODEND|0
DBMS_OUTPUT=RAMO_OK|TGWIVR|CODEND|0
DBMS_OUTPUT=RAMO_OK|TGWMOC|CODEND|0
DBMS_OUTPUT=RAMO_OK|TGWRAG|CODEND|0
DBMS_OUTPUT=RAMO_OK|TGWTROCADEPO|CODEND|0
DBMS_OUTPUT=RAMO_OK|TSIAGE|CODBAI|0
DBMS_OUTPUT=RAMO_OK|TSIAGE|CODEND|0
DBMS_OUTPUT=RAMO_OK|TSICEP|CODBAI|11456
DBMS_OUTPUT=RAMO_OK|TSICEP|CODEND|49746
DBMS_OUTPUT=RAMO_OK|TSIEMP|CODBAI|0
DBMS_OUTPUT=RAMO_OK|TSIEMP|CODEND|0
DBMS_OUTPUT=FK_RAMO_OK|TFPCATR|CODENDLOCALCAT|0
DBMS_OUTPUT=FK_RAMO_OK|TFPEST|CODBAIINSTENS|0
DBMS_OUTPUT=FK_RAMO_OK|TFPEST|CODBAIAGTINTEG|0
DBMS_OUTPUT=FK_RAMO_OK|TFPEST|CODENDINSTENS|0
DBMS_OUTPUT=FK_RAMO_OK|TFPEST|CODENDAGTINTEG|0
DBMS_OUTPUT=FK_RAMO_OK|TGFCPL|CODBAIRECEB|0
DBMS_OUTPUT=FK_RAMO_OK|TGFCPL|CODBAIENTREGA|0
DBMS_OUTPUT=FK_RAMO_OK|TGFCPL|CODBAITRAB|0
DBMS_OUTPUT=FK_RAMO_OK|TGFCPL|CODENDENTREGA|0
DBMS_OUTPUT=FK_RAMO_OK|TGFCPL|CODENDTRAB|0
DBMS_OUTPUT=FK_RAMO_OK|TGFCPL|CODENDRECEB|0
DBMS_OUTPUT=FK_RAMO_OK|TIMCAR|CARBAIRRO|0
DBMS_OUTPUT=FK_RAMO_OK|TIMEDG|EDGBAIRRO|0
DBMS_OUTPUT=FK_RAMO_OK|TIMEDG|EDGCODEND|0
DBMS_OUTPUT=FK_RAMO_OK|TIMEPR|EPRBAIRRO|0
DBMS_OUTPUT=FK_RAMO_OK|TIMEPR|EPRCODEND|0
DBMS_OUTPUT=FK_RAMO_OK|TIMFAC|FACBAIRROIMOVEL|0
DBMS_OUTPUT=FK_RAMO_OK|TIMIMV|IMVBAIRRO|0
DBMS_OUTPUT=FK_RAMO_OK|TIMIMV|IMVCODEND|0
DBMS_OUTPUT=FK_RAMO_OK|TIMLOT|LOTBAIRRO|0
DBMS_OUTPUT=FK_RAMO_OK|TIMPPR|PPRBAIRRO|0
DBMS_OUTPUT=FK_RAMO_OK|TIMPPR|PPRCODEND|0
DBMS_OUTPUT=PAIS_OBSOLETOS_EXCLUIDOS=PENDENTE_SQL_NIVEL_SUPERIOR; REFERENCIAS_REMANESCENTES=0
DBMS_OUTPUT=MAPA_LINHAS=7711; BACKUP_BAI_OBSOLETOS=428; BACKUP_END_OBSOLETOS=7283
DBMS_OUTPUT=REFERENCIAS_AUDITADAS=61211; EXCECOES=0; REFERENCIAS_REMANESCENTES=0
DBMS_OUTPUT=STATUS=MERGE_REDIRECIONADO_REFERENCIAS_ZERO; ID_EXECUCAO=RMD_RIO_2930_20260923_01
[OK 2/2] PLSQL_OR_DDL_BLOCK Revisao Master Deploy/29_30_Merge_Antifragil.sql:299 ROWCOUNT=0
DBMS_OUTPUT=MAPA_LINHAS=7711
DBMS_OUTPUT=EXCECOES=0
COMMIT_LOTE=OK
STATUS=LOTE_CONCLUIDO
