ID_EXECUCAO_LOTE=RMD_JCLM_20260919215130
ENTRADA=Clientes/JCLM INDUSTRIA E COMERCIO LTDA/Continuacao_Master_Deploy_JCLM_13_RETRY.sql
SHA256_SUITE=6172aad801d8145ec0cb776d6784715d824a263e9a0437fb1a9f0f99a97c8053
POS_VALIDACAO=Clientes/JCLM INDUSTRIA E COMERCIO LTDA/Artefatos_Revisao/Preflight/32_PosValidacao_Atividade13_READONLY.sql
SESSION_USER=FRANCISCO_JUNIOR
CURRENT_SCHEMA=SANKHYA
SERVICE_NAME=jclmprd.sankhyacloud.com.br
PRIVILEGIOS=["ALTER ANY TABLE", "CREATE ANY TABLE", "DROP ANY TABLE"]
QUOTAS=[]
[OK 1/2] PLSQL_OR_DDL_BLOCK Revisao Master Deploy/13_Configurar_TOPs_Giro_GOL.sql:5 ROWCOUNT=0
[OK 2/2] PLSQL_OR_DDL_BLOCK Revisao Master Deploy/13_Configurar_TOPs_Giro_GOL.sql:12 ROWCOUNT=0
DBMS_OUTPUT=ID_EXECUCAO=RMD_TOPG_20260919214245674
DBMS_OUTPUT=REGISTROS_ALTERADOS=1434
DBMS_OUTPUT=AVISO=Mapeamento de TOPs possui cobertura parcial aprovada.
COMMIT_LOTE=OK
[POST_OK 1/2] SELECT Clientes/JCLM INDUSTRIA E COMERCIO LTDA/Artefatos_Revisao/Preflight/32_PosValidacao_Atividade13_READONLY.sql:2 ROWS=1
POST_RESULT={"columns": ["OBJETO", "QTD_REGISTROS_BACKUP", "QTD_EXECUCOES"], "rows": [["BKP_RMD_12_TGFTOP", 1434, 1]]}
[POST_OK 2/2] SELECT Clientes/JCLM INDUSTRIA E COMERCIO LTDA/Artefatos_Revisao/Preflight/32_PosValidacao_Atividade13_READONLY.sql:8 ROWS=1
POST_RESULT={"columns": ["OBJETO", "QTD_REGISTROS"], "rows": [["TGFTOP_TOTAL", 1434]]}
STATUS=LOTE_CONCLUIDO_POS_VALIDADO
