ID_EXECUCAO_LOTE=RMD_JCLM_20260919222921
ENTRADA=Clientes/JCLM INDUSTRIA E COMERCIO LTDA/Continuacao_Master_Deploy_JCLM_19_28.sql
SHA256_SUITE=07083a41a16047a816b8ddcf772c676d13488cdaa49cd8ae6dcf8ac1ad48133b
POS_VALIDACAO=NAO_INFORMADA
SESSION_USER=FRANCISCO_JUNIOR
CURRENT_SCHEMA=SANKHYA
SERVICE_NAME=jclmprd.sankhyacloud.com.br
PRIVILEGIOS=["ALTER ANY TABLE", "CREATE ANY TABLE", "DROP ANY TABLE"]
QUOTAS=[]
[OK 1/15] PLSQL_OR_DDL_BLOCK Revisao Master Deploy/19_Ajustar_Parceiro_Matriz.sql:7 ROWCOUNT=0
[OK 2/15] PLSQL_OR_DDL_BLOCK Revisao Master Deploy/19_Ajustar_Parceiro_Matriz.sql:28 ROWCOUNT=0
DBMS_OUTPUT=ID_EXECUCAO=RMD_MAT_20260919223009329
DBMS_OUTPUT=PARCEIROS_AJUSTADOS=1
[OK 3/15] PLSQL_OR_DDL_BLOCK Revisao Master Deploy/20_Atualizar_Cards_Deploy.sql:5 ROWCOUNT=0
[OK 4/15] PLSQL_OR_DDL_BLOCK Revisao Master Deploy/20_Atualizar_Cards_Deploy.sql:18 ROWCOUNT=0
DBMS_OUTPUT=ID_EXECUCAO=RMD_CARD_20260919223009942
DBMS_OUTPUT=CARDS_ATUALIZADOS=1
[OK 5/15] PLSQL_OR_DDL_BLOCK Revisao Master Deploy/21_Classificar_ICMS_Parceiros.sql:6 ROWCOUNT=0
[OK 6/15] PLSQL_OR_DDL_BLOCK Revisao Master Deploy/21_Classificar_ICMS_Parceiros.sql:25 ROWCOUNT=0
DBMS_OUTPUT=OK: Classificacao ICMS concluida. ID_EXECUCAO=CLASSICMS_20260919223010817, parceiros=24
[OK 7/15] PLSQL_OR_DDL_BLOCK Revisao Master Deploy/22_Ajustar_Nomes_Parceiros.sql:21 ROWCOUNT=0
DBMS_OUTPUT=BACKUP_EXISTENTE=BKP_AJNP_TGFPAR
[OK 8/15] PLSQL_OR_DDL_BLOCK Revisao Master Deploy/22_Ajustar_Nomes_Parceiros.sql:51 ROWCOUNT=0
DBMS_OUTPUT=ID_EXECUCAO=AJNP_20260919223011304
DBMS_OUTPUT=BACKUPS=19
DBMS_OUTPUT=REGISTROS_ALTERADOS=19
[OK 9/15] PLSQL_OR_DDL_BLOCK Revisao Master Deploy/23_Validar_Reabilitar_Objetos.sql:6 ROWCOUNT=0
DBMS_OUTPUT=OBJETOS_DA_REVISAO_PENDENTES=0
[OK 10/15] SELECT Revisao Master Deploy/23_Validar_Reabilitar_Objetos.sql:52 ROWCOUNT=0
[OK 11/15] PLSQL_OR_DDL_BLOCK Revisao Master Deploy/24_Padronizar_Parceiros.sql:5 ROWCOUNT=0
DBMS_OUTPUT=ID_EXECUCAO=RMD_PAR_20260919223012245; REGISTROS=160
[OK 12/15] PLSQL_OR_DDL_BLOCK Revisao Master Deploy/25_Padronizar_Produtos.sql:5 ROWCOUNT=0
DBMS_OUTPUT=ID_EXECUCAO=RMD_PRO_20260919223012704; REGISTROS=0
[OK 13/15] PLSQL_OR_DDL_BLOCK Revisao Master Deploy/26_Padronizar_Tipos_Titulo.sql:5 ROWCOUNT=0
DBMS_OUTPUT=ID_EXECUCAO=RMD_TIT_20260919223013221; REGISTROS=0
[OK 14/15] PLSQL_OR_DDL_BLOCK Revisao Master Deploy/27_Padronizar_Cidades.sql:5 ROWCOUNT=0
DBMS_OUTPUT=ID_EXECUCAO=RMD_CID_20260919223013490; REGISTROS=0
[OK 15/15] PLSQL_OR_DDL_BLOCK Revisao Master Deploy/28_Padronizar_Tipos_Venda.sql:5 ROWCOUNT=0
DBMS_OUTPUT=ID_EXECUCAO=RMD_TPV_20260919223013889; REGISTROS=0
COMMIT_LOTE=OK
STATUS=LOTE_CONCLUIDO
