ID_EXECUCAO_LOTE=RMD_JCLM_20260919222625
ENTRADA=Clientes/JCLM INDUSTRIA E COMERCIO LTDA/Continuacao_Master_Deploy_JCLM_14_RETRY.sql
SHA256_SUITE=740cc89473031bbbcfc0ac632cc7419966d0019e4ac6e3e9488c949dd87e4a8a
POS_VALIDACAO=Clientes/JCLM INDUSTRIA E COMERCIO LTDA/Artefatos_Revisao/Preflight/34_Atividade14_Estado_READONLY.sql
SESSION_USER=FRANCISCO_JUNIOR
CURRENT_SCHEMA=SANKHYA
SERVICE_NAME=jclmprd.sankhyacloud.com.br
PRIVILEGIOS=["ALTER ANY TABLE", "CREATE ANY TABLE", "DROP ANY TABLE"]
QUOTAS=[]
[OK 1/2] PLSQL_OR_DDL_BLOCK Revisao Master Deploy/14_Configurar_Analise_Giro_848.sql:5 ROWCOUNT=0
[OK 2/2] PLSQL_OR_DDL_BLOCK Revisao Master Deploy/14_Configurar_Analise_Giro_848.sql:14 ROWCOUNT=0
DBMS_OUTPUT=ATIVIDADE14_BACKUP_ROWCOUNT=1;UPDATE_ROWCOUNT=1
DBMS_OUTPUT=ID_EXECUCAO=RMD_G848_20260919222717297
DBMS_OUTPUT=ANALISE_GIRO_848_ATUALIZADA=1
COMMIT_LOTE=OK
[POST_OK 1/2] SELECT Clientes/JCLM INDUSTRIA E COMERCIO LTDA/Artefatos_Revisao/Preflight/34_Atividade14_Estado_READONLY.sql:2 ROWS=1
POST_RESULT={"columns": ["OBJETO", "QTD_REGISTROS_BACKUP", "QTD_EXECUCOES"], "rows": [["BKP_RMD_13_TSIIMP", 1, 1]]}
[POST_OK 2/2] SELECT Clientes/JCLM INDUSTRIA E COMERCIO LTDA/Artefatos_Revisao/Preflight/34_Atividade14_Estado_READONLY.sql:7 ROWS=1
POST_RESULT={"columns": ["OBJETO", "QTD_REGISTROS", "MENOR_TAMANHO_LISTA1", "MAIOR_TAMANHO_LISTA1"], "rows": [["TSIIMP_CODREL_848", 1, 1407, 1407]]}
STATUS=LOTE_CONCLUIDO_POS_VALIDADO
