ID_EXECUCAO_LOTE=RMD_JCLM_20260919212930
ENTRADA=Clientes/JCLM INDUSTRIA E COMERCIO LTDA/Continuacao_Master_Deploy_JCLM_03.sql
SHA256_SUITE=a2d6d6bdfccb26821095bc5a84d1a0ccbcb6e18ddf8d2860db0b585b30cdcb91
POS_VALIDACAO=Clientes/JCLM INDUSTRIA E COMERCIO LTDA/Artefatos_Revisao/Preflight/25_PosValidacao_Atividade03_READONLY.sql
SESSION_USER=FRANCISCO_JUNIOR
CURRENT_SCHEMA=SANKHYA
SERVICE_NAME=jclmprd.sankhyacloud.com.br
PRIVILEGIOS=["ALTER ANY TABLE", "CREATE ANY TABLE", "DROP ANY TABLE"]
QUOTAS=[]
[OK 1/1] PLSQL_OR_DDL_BLOCK Clientes/JCLM INDUSTRIA E COMERCIO LTDA/Continuacao_Master_Deploy_JCLM_03.sql:7 ROWCOUNT=0
DBMS_OUTPUT=ATIVIDADE=03_PADRONIZAR_DANFE_EMPRESAS
DBMS_OUTPUT=ID_EXECUCAO=RMD_DANF_20260919213132708
DBMS_OUTPUT=REGISTROS_BACKUP=5
DBMS_OUTPUT=REGISTROS_ALTERADOS=5
COMMIT_LOTE=OK
[POST_OK 1/2] SELECT Clientes/JCLM INDUSTRIA E COMERCIO LTDA/Artefatos_Revisao/Preflight/25_PosValidacao_Atividade03_READONLY.sql:2 ROWS=1
POST_RESULT={"columns": ["OBJETO", "QTD_REGISTROS_BACKUP", "QTD_EXECUCOES"], "rows": [["BKP_RMD_02_TGFEMP", 5, 1]]}
[POST_OK 2/2] SELECT Clientes/JCLM INDUSTRIA E COMERCIO LTDA/Artefatos_Revisao/Preflight/25_PosValidacao_Atividade03_READONLY.sql:8 ROWS=1
POST_RESULT={"columns": ["OBJETO", "QTD_REGISTROS_ALVO"], "rows": [["TGFEMP_FORA_CODEMP_1", 5]]}
STATUS=LOTE_CONCLUIDO_POS_VALIDADO
