ID_EXECUCAO_LOTE=RMD_JCLM_20260919222802
ENTRADA=Clientes/JCLM INDUSTRIA E COMERCIO LTDA/Continuacao_Master_Deploy_JCLM_18.sql
SHA256_SUITE=1c9ca2c56d8a0764040ed91397425ef5a7c78e6d51872c8910826d9b346cf3bf
POS_VALIDACAO=NAO_INFORMADA
SESSION_USER=FRANCISCO_JUNIOR
CURRENT_SCHEMA=SANKHYA
SERVICE_NAME=jclmprd.sankhyacloud.com.br
PRIVILEGIOS=["ALTER ANY TABLE", "CREATE ANY TABLE", "DROP ANY TABLE"]
QUOTAS=[]
[OK 1/3] PLSQL_OR_DDL_BLOCK Revisao Master Deploy/18_Preparar_Backups_18_30.sql:7 ROWCOUNT=0
DBMS_OUTPUT=BKP_RMD_GOL_TSIPAR=CRIADA
DBMS_OUTPUT=BKP_RMD_GOL_TGFCGM=CRIADA
DBMS_OUTPUT=BKP_RMD_GOL_TGFCMV=CRIADA
DBMS_OUTPUT=BKP_RMD_PAR_MATRIZ=CRIADA
DBMS_OUTPUT=BKP_RMD_CARD_TTKINDAGT=CRIADA
DBMS_OUTPUT=BKP_CLASSICMS_TGFPAR=CRIADA
DBMS_OUTPUT=BKP_AJNP_TGFPAR=CRIADA
DBMS_OUTPUT=BKP_RMD_PAD_TGFPAR=CRIADA
DBMS_OUTPUT=BKP_RMD_PAD_TGFPRO=CRIADA
DBMS_OUTPUT=BKP_RMD_PAD_TGFTIT=CRIADA
DBMS_OUTPUT=BKP_RMD_PAD_TSICID=CRIADA
DBMS_OUTPUT=BKP_RMD_PAD_TGFTPV=CRIADA
DBMS_OUTPUT=BKP_RMD_PAD_TSIBAI=CRIADA
DBMS_OUTPUT=BKP_RMD_PAD_TSIEND=CRIADA
[OK 2/3] PLSQL_OR_DDL_BLOCK Revisao Master Deploy/18_Ajustar_Preferencias_GOL.sql:7 ROWCOUNT=0
[OK 3/3] PLSQL_OR_DDL_BLOCK Revisao Master Deploy/18_Ajustar_Preferencias_GOL.sql:35 ROWCOUNT=0
DBMS_OUTPUT=ID_EXECUCAO=RMD_GOL_20260919222853320
DBMS_OUTPUT=TSIPAR=1; TGFCGM=5; TGFCMV=1
COMMIT_LOTE=OK
STATUS=LOTE_CONCLUIDO
