ID_EXECUCAO_LOTE=RMD_JCLM_20260919220930
ENTRADA=Clientes/JCLM INDUSTRIA E COMERCIO LTDA/Continuacao_Master_Deploy_JCLM_16.sql
SHA256_SUITE=eb4caefa6f153d3ca8ffdcf416a32cab6814cbb77a2d027fde368cec65578330
POS_VALIDACAO=Clientes/JCLM INDUSTRIA E COMERCIO LTDA/Artefatos_Revisao/Preflight/36_PosValidacao_Atividade16_READONLY.sql
SESSION_USER=FRANCISCO_JUNIOR
CURRENT_SCHEMA=SANKHYA
SERVICE_NAME=jclmprd.sankhyacloud.com.br
PRIVILEGIOS=["ALTER ANY TABLE", "CREATE ANY TABLE", "DROP ANY TABLE"]
QUOTAS=[]
[OK 1/1001] PLSQL_OR_DDL_BLOCK Clientes/JCLM INDUSTRIA E COMERCIO LTDA/Continuacao_Master_Deploy_JCLM_16.sql:8 ROWCOUNT=0
[OK 2/1001] PLSQL_OR_DDL_BLOCK Revisao Master Deploy/16_Aplicar_Higienizacao_TSICFG.sql:10 ROWCOUNT=0
[OK 3/1001] PLSQL_OR_DDL_BLOCK Revisao Master Deploy/16_Aplicar_Higienizacao_TSICFG.sql:15 ROWCOUNT=0
[OK 4/1001] PLSQL_OR_DDL_BLOCK Revisao Master Deploy/16_Aplicar_Higienizacao_TSICFG.sql:36 ROWCOUNT=0
DBMS_OUTPUT=ID_EXECUCAO=RMD_CFG_20260919215448123
DBMS_OUTPUT=TSICFG_BACKUP=876
[OK 5/1001] PLSQL_OR_DDL_BLOCK Revisao Master Deploy/16_Aplicar_Higienizacao_TSICFG.sql:55 ROWCOUNT=0
[OK 6/1001] DELETE Revisao Master Deploy/16_Aplicar_Higienizacao_TSICFG.sql:71 ROWCOUNT=0
[OK 7/1001] INSERT Revisao Master Deploy/16_Aplicar_Higienizacao_TSICFG.sql:76 ROWCOUNT=0
[OK 8/1001] INSERT Revisao Master Deploy/16_Aplicar_Higienizacao_TSICFG.sql:81 ROWCOUNT=0
[OK 9/1001] INSERT Revisao Master Deploy/16_Aplicar_Higienizacao_TSICFG.sql:82 ROWCOUNT=0
[OK 10/1001] INSERT Revisao Master Deploy/16_Aplicar_Higienizacao_TSICFG.sql:83 ROWCOUNT=0
[OK 11/1001] INSERT Revisao Master Deploy/16_Aplicar_Higienizacao_TSICFG.sql:84 ROWCOUNT=0
[OK 12/1001] INSERT Revisao Master Deploy/16_Aplicar_Higienizacao_TSICFG.sql:85 ROWCOUNT=0
[OK 13/1001] INSERT Revisao Master Deploy/16_Aplicar_Higienizacao_TSICFG.sql:86 ROWCOUNT=0
[OK 14/1001] INSERT Revisao Master Deploy/16_Aplicar_Higienizacao_TSICFG.sql:87 ROWCOUNT=0
[OK 15/1001] INSERT Revisao Master Deploy/16_Aplicar_Higienizacao_TSICFG.sql:88 ROWCOUNT=0
[OK 16/1001] INSERT Revisao Master Deploy/16_Aplicar_Higienizacao_TSICFG.sql:89 ROWCOUNT=0
[OK 17/1001] INSERT Revisao Master Deploy/16_Aplicar_Higienizacao_TSICFG.sql:90 ROWCOUNT=0
[OK 18/1001] INSERT Revisao Master Deploy/16_Aplicar_Higienizacao_TSICFG.sql:91 ROWCOUNT=0
[OK 19/1001] INSERT Revisao Master Deploy/16_Aplicar_Higienizacao_TSICFG.sql:92 ROWCOUNT=0
[OK 20/1001] INSERT Revisao Master Deploy/16_Aplicar_Higienizacao_TSICFG.sql:93 ROWCOUNT=0
[OK 21/1001] INSERT Revisao Master Deploy/16_Aplicar_Higienizacao_TSICFG.sql:94 ROWCOUNT=0
[OK 22/1001] INSERT Revisao Master Deploy/16_Aplicar_Higienizacao_TSICFG.sql:95 ROWCOUNT=0
[OK 23/1001] INSERT Revisao Master Deploy/16_Aplicar_Higienizacao_TSICFG.sql:96 ROWCOUNT=0
[OK 24/1001] INSERT Revisao Master Deploy/16_Aplicar_Higienizacao_TSICFG.sql:97 ROWCOUNT=0
[OK 25/1001] INSERT Revisao Master Deploy/16_Aplicar_Higienizacao_TSICFG.sql:98 ROWCOUNT=0
[OK 26/1001] INSERT Revisao Master Deploy/16_Aplicar_Higienizacao_TSICFG.sql:99 ROWCOUNT=0
[OK 27/1001] INSERT Revisao Master Deploy/16_Aplicar_Higienizacao_TSICFG.sql:100 ROWCOUNT=0
[OK 28/1001] INSERT Revisao Master Deploy/16_Aplicar_Higienizacao_TSICFG.sql:102 ROWCOUNT=0
[OK 29/1001] INSERT Revisao Master Deploy/16_Aplicar_Higienizacao_TSICFG.sql:103 ROWCOUNT=0
[OK 30/1001] INSERT Revisao Master Deploy/16_Aplicar_Higienizacao_TSICFG.sql:104 ROWCOUNT=0
[OK 31/1001] INSERT Revisao Master Deploy/16_Aplicar_Higienizacao_TSICFG.sql:105 ROWCOUNT=0
[OK 32/1001] INSERT Revisao Master Deploy/16_Aplicar_Higienizacao_TSICFG.sql:108 ROWCOUNT=0
[OK 33/1001] INSERT Revisao Master Deploy/16_Aplicar_Higienizacao_TSICFG.sql:109 ROWCOUNT=0
[OK 34/1001] INSERT Revisao Master Deploy/16_Aplicar_Higienizacao_TSICFG.sql:110 ROWCOUNT=0
[OK 35/1001] INSERT Revisao Master Deploy/16_Aplicar_Higienizacao_TSICFG.sql:111 ROWCOUNT=0
[OK 36/1001] INSERT Revisao Master Deploy/16_Aplicar_Higienizacao_TSICFG.sql:112 ROWCOUNT=0
[OK 37/1001] INSERT Revisao Master Deploy/16_Aplicar_Higienizacao_TSICFG.sql:113 ROWCOUNT=0
[OK 38/1001] INSERT Revisao Master Deploy/16_Aplicar_Higienizacao_TSICFG.sql:114 ROWCOUNT=0
[OK 39/1001] INSERT Revisao Master Deploy/16_Aplicar_Higienizacao_TSICFG.sql:115 ROWCOUNT=0
[OK 40/1001] INSERT Revisao Master Deploy/16_Aplicar_Higienizacao_TSICFG.sql:116 ROWCOUNT=0
[OK 41/1001] INSERT Revisao Master Deploy/16_Aplicar_Higienizacao_TSICFG.sql:117 ROWCOUNT=0
[OK 42/1001] INSERT Revisao Master Deploy/16_Aplicar_Higienizacao_TSICFG.sql:118 ROWCOUNT=0
[OK 43/1001] INSERT Revisao Master Deploy/16_Aplicar_Higienizacao_TSICFG.sql:120 ROWCOUNT=0
[OK 44/1001] INSERT Revisao Master Deploy/16_Aplicar_Higienizacao_TSICFG.sql:122 ROWCOUNT=0
[OK 45/1001] INSERT Revisao Master Deploy/16_Aplicar_Higienizacao_TSICFG.sql:123 ROWCOUNT=0
[OK 46/1001] INSERT Revisao Master Deploy/16_Aplicar_Higienizacao_TSICFG.sql:124 ROWCOUNT=0
[OK 47/1001] INSERT Revisao Master Deploy/16_Aplicar_Higienizacao_TSICFG.sql:126 ROWCOUNT=0
[OK 48/1001] INSERT Revisao Master Deploy/16_Aplicar_Higienizacao_TSICFG.sql:128 ROWCOUNT=0
[OK 49/1001] INSERT Revisao Master Deploy/16_Aplicar_Higienizacao_TSICFG.sql:131 ROWCOUNT=0
[OK 50/1001] INSERT Revisao Master Deploy/16_Aplicar_Higienizacao_TSICFG.sql:133 ROWCOUNT=0
[OK 51/1001] INSERT Revisao Master Deploy/16_Aplicar_Higienizacao_TSICFG.sql:136 ROWCOUNT=0
[OK 52/1001] INSERT Revisao Master Deploy/16_Aplicar_Higienizacao_TSICFG.sql:138 ROWCOUNT=0
[OK 53/1001] INSERT Revisao Master Deploy/16_Aplicar_Higienizacao_TSICFG.sql:141 ROWCOUNT=0
[OK 54/1001] INSERT Revisao Master Deploy/16_Aplicar_Higienizacao_TSICFG.sql:144 ROWCOUNT=0
[OK 55/1001] INSERT Revisao Master Deploy/16_Aplicar_Higienizacao_TSICFG.sql:145 ROWCOUNT=0
[OK 56/1001] INSERT Revisao Master Deploy/16_Aplicar_Higienizacao_TSICFG.sql:147 ROWCOUNT=0
[OK 57/1001] INSERT Revisao Master Deploy/16_Aplicar_Higienizacao_TSICFG.sql:150 ROWCOUNT=0
[OK 58/1001] INSERT Revisao Master Deploy/16_Aplicar_Higienizacao_TSICFG.sql:151 ROWCOUNT=0
[OK 59/1001] INSERT Revisao Master Deploy/16_Aplicar_Higienizacao_TSICFG.sql:152 ROWCOUNT=0
[OK 60/1001] INSERT Revisao Master Deploy/16_Aplicar_Higienizacao_TSICFG.sql:153 ROWCOUNT=0
[OK 61/1001] INSERT Revisao Master Deploy/16_Aplicar_Higienizacao_TSICFG.sql:154 ROWCOUNT=0
[OK 62/1001] INSERT Revisao Master Deploy/16_Aplicar_Higienizacao_TSICFG.sql:155 ROWCOUNT=0
[OK 63/1001] INSERT Revisao Master Deploy/16_Aplicar_Higienizacao_TSICFG.sql:156 ROWCOUNT=0
[OK 64/1001] INSERT Revisao Master Deploy/16_Aplicar_Higienizacao_TSICFG.sql:157 ROWCOUNT=0
[OK 65/1001] INSERT Revisao Master Deploy/16_Aplicar_Higienizacao_TSICFG.sql:158 ROWCOUNT=0
[OK 66/1001] INSERT Revisao Master Deploy/16_Aplicar_Higienizacao_TSICFG.sql:159 ROWCOUNT=0
[OK 67/1001] INSERT Revisao Master Deploy/16_Aplicar_Higienizacao_TSICFG.sql:160 ROWCOUNT=0
[OK 68/1001] INSERT Revisao Master Deploy/16_Aplicar_Higienizacao_TSICFG.sql:161 ROWCOUNT=0
[OK 69/1001] INSERT Revisao Master Deploy/16_Aplicar_Higienizacao_TSICFG.sql:162 ROWCOUNT=0
[OK 70/1001] INSERT Revisao Master Deploy/16_Aplicar_Higienizacao_TSICFG.sql:163 ROWCOUNT=0
[OK 71/1001] INSERT Revisao Master Deploy/16_Aplicar_Higienizacao_TSICFG.sql:165 ROWCOUNT=0
[OK 72/1001] INSERT Revisao Master Deploy/16_Aplicar_Higienizacao_TSICFG.sql:166 ROWCOUNT=0
[OK 73/1001] INSERT Revisao Master Deploy/16_Aplicar_Higienizacao_TSICFG.sql:167 ROWCOUNT=0
[OK 74/1001] INSERT Revisao Master Deploy/16_Aplicar_Higienizacao_TSICFG.sql:168 ROWCOUNT=0
[OK 75/1001] INSERT Revisao Master Deploy/16_Aplicar_Higienizacao_TSICFG.sql:169 ROWCOUNT=0
[OK 76/1001] INSERT Revisao Master Deploy/16_Aplicar_Higienizacao_TSICFG.sql:170 ROWCOUNT=0
[OK 77/1001] INSERT Revisao Master Deploy/16_Aplicar_Higienizacao_TSICFG.sql:171 ROWCOUNT=0
[OK 78/1001] INSERT Revisao Master Deploy/16_Aplicar_Higienizacao_TSICFG.sql:172 ROWCOUNT=0
[OK 79/1001] INSERT Revisao Master Deploy/16_Aplicar_Higienizacao_TSICFG.sql:173 ROWCOUNT=0
[OK 80/1001] INSERT Revisao Master Deploy/16_Aplicar_Higienizacao_TSICFG.sql:177 ROWCOUNT=0
[OK 81/1001] INSERT Revisao Master Deploy/16_Aplicar_Higienizacao_TSICFG.sql:189 ROWCOUNT=0
[OK 82/1001] INSERT Revisao Master Deploy/16_Aplicar_Higienizacao_TSICFG.sql:211 ROWCOUNT=0
[OK 83/1001] INSERT Revisao Master Deploy/16_Aplicar_Higienizacao_TSICFG.sql:212 ROWCOUNT=0
[OK 84/1001] INSERT Revisao Master Deploy/16_Aplicar_Higienizacao_TSICFG.sql:213 ROWCOUNT=0
[OK 85/1001] INSERT Revisao Master Deploy/16_Aplicar_Higienizacao_TSICFG.sql:214 ROWCOUNT=0
[OK 86/1001] INSERT Revisao Master Deploy/16_Aplicar_Higienizacao_TSICFG.sql:215 ROWCOUNT=0
[OK 87/1001] INSERT Revisao Master Deploy/16_Aplicar_Higienizacao_TSICFG.sql:216 ROWCOUNT=0
[OK 88/1001] INSERT Revisao Master Deploy/16_Aplicar_Higienizacao_TSICFG.sql:217 ROWCOUNT=0
[OK 89/1001] INSERT Revisao Master Deploy/16_Aplicar_Higienizacao_TSICFG.sql:218 ROWCOUNT=0
[OK 90/1001] INSERT Revisao Master Deploy/16_Aplicar_Higienizacao_TSICFG.sql:219 ROWCOUNT=0
[OK 91/1001] INSERT Revisao Master Deploy/16_Aplicar_Higienizacao_TSICFG.sql:220 ROWCOUNT=0
[OK 92/1001] INSERT Revisao Master Deploy/16_Aplicar_Higienizacao_TSICFG.sql:238 ROWCOUNT=0
[OK 93/1001] INSERT Revisao Master Deploy/16_Aplicar_Higienizacao_TSICFG.sql:239 ROWCOUNT=0
[OK 94/1001] INSERT Revisao Master Deploy/16_Aplicar_Higienizacao_TSICFG.sql:240 ROWCOUNT=0
[OK 95/1001] INSERT Revisao Master Deploy/16_Aplicar_Higienizacao_TSICFG.sql:260 ROWCOUNT=0
[OK 96/1001] INSERT Revisao Master Deploy/16_Aplicar_Higienizacao_TSICFG.sql:261 ROWCOUNT=0
[OK 97/1001] INSERT Revisao Master Deploy/16_Aplicar_Higienizacao_TSICFG.sql:262 ROWCOUNT=0
[OK 98/1001] INSERT Revisao Master Deploy/16_Aplicar_Higienizacao_TSICFG.sql:264 ROWCOUNT=0
[OK 99/1001] INSERT Revisao Master Deploy/16_Aplicar_Higienizacao_TSICFG.sql:265 ROWCOUNT=0
[OK 100/1001] INSERT Revisao Master Deploy/16_Aplicar_Higienizacao_TSICFG.sql:266 ROWCOUNT=0
[OK 101/1001] INSERT Revisao Master Deploy/16_Aplicar_Higienizacao_TSICFG.sql:267 ROWCOUNT=0
[OK 102/1001] INSERT Revisao Master Deploy/16_Aplicar_Higienizacao_TSICFG.sql:268 ROWCOUNT=0
[OK 103/1001] INSERT Revisao Master Deploy/16_Aplicar_Higienizacao_TSICFG.sql:269 ROWCOUNT=0
[OK 104/1001] INSERT Revisao Master Deploy/16_Aplicar_Higienizacao_TSICFG.sql:271 ROWCOUNT=0
[OK 105/1001] INSERT Revisao Master Deploy/16_Aplicar_Higienizacao_TSICFG.sql:273 ROWCOUNT=0
[OK 106/1001] INSERT Revisao Master Deploy/16_Aplicar_Higienizacao_TSICFG.sql:274 ROWCOUNT=0
[OK 107/1001] INSERT Revisao Master Deploy/16_Aplicar_Higienizacao_TSICFG.sql:275 ROWCOUNT=0
[OK 108/1001] INSERT Revisao Master Deploy/16_Aplicar_Higienizacao_TSICFG.sql:276 ROWCOUNT=0
[OK 109/1001] INSERT Revisao Master Deploy/16_Aplicar_Higienizacao_TSICFG.sql:277 ROWCOUNT=0
[OK 110/1001] INSERT Revisao Master Deploy/16_Aplicar_Higienizacao_TSICFG.sql:278 ROWCOUNT=0
[OK 111/1001] INSERT Revisao Master Deploy/16_Aplicar_Higienizacao_TSICFG.sql:279 ROWCOUNT=0
[OK 112/1001] INSERT Revisao Master Deploy/16_Aplicar_Higienizacao_TSICFG.sql:281 ROWCOUNT=0
[OK 113/1001] INSERT Revisao Master Deploy/16_Aplicar_Higienizacao_TSICFG.sql:282 ROWCOUNT=0
[OK 114/1001] INSERT Revisao Master Deploy/16_Aplicar_Higienizacao_TSICFG.sql:283 ROWCOUNT=0
[OK 115/1001] INSERT Revisao Master Deploy/16_Aplicar_Higienizacao_TSICFG.sql:284 ROWCOUNT=0
[OK 116/1001] INSERT Revisao Master Deploy/16_Aplicar_Higienizacao_TSICFG.sql:297 ROWCOUNT=0
[OK 117/1001] INSERT Revisao Master Deploy/16_Aplicar_Higienizacao_TSICFG.sql:298 ROWCOUNT=0
[OK 118/1001] INSERT Revisao Master Deploy/16_Aplicar_Higienizacao_TSICFG.sql:299 ROWCOUNT=0
[OK 119/1001] INSERT Revisao Master Deploy/16_Aplicar_Higienizacao_TSICFG.sql:300 ROWCOUNT=0
[OK 120/1001] INSERT Revisao Master Deploy/16_Aplicar_Higienizacao_TSICFG.sql:303 ROWCOUNT=0
[OK 121/1001] INSERT Revisao Master Deploy/16_Aplicar_Higienizacao_TSICFG.sql:308 ROWCOUNT=0
[OK 122/1001] INSERT Revisao Master Deploy/16_Aplicar_Higienizacao_TSICFG.sql:309 ROWCOUNT=0
[OK 123/1001] INSERT Revisao Master Deploy/16_Aplicar_Higienizacao_TSICFG.sql:310 ROWCOUNT=0
[OK 124/1001] INSERT Revisao Master Deploy/16_Aplicar_Higienizacao_TSICFG.sql:311 ROWCOUNT=0
[OK 125/1001] INSERT Revisao Master Deploy/16_Aplicar_Higienizacao_TSICFG.sql:312 ROWCOUNT=0
[OK 126/1001] INSERT Revisao Master Deploy/16_Aplicar_Higienizacao_TSICFG.sql:338 ROWCOUNT=0
[OK 127/1001] INSERT Revisao Master Deploy/16_Aplicar_Higienizacao_TSICFG.sql:339 ROWCOUNT=0
[OK 128/1001] INSERT Revisao Master Deploy/16_Aplicar_Higienizacao_TSICFG.sql:340 ROWCOUNT=0
[OK 129/1001] INSERT Revisao Master Deploy/16_Aplicar_Higienizacao_TSICFG.sql:341 ROWCOUNT=0
[OK 130/1001] INSERT Revisao Master Deploy/16_Aplicar_Higienizacao_TSICFG.sql:342 ROWCOUNT=0
[OK 131/1001] INSERT Revisao Master Deploy/16_Aplicar_Higienizacao_TSICFG.sql:343 ROWCOUNT=0
[OK 132/1001] INSERT Revisao Master Deploy/16_Aplicar_Higienizacao_TSICFG.sql:352 ROWCOUNT=0
[OK 133/1001] INSERT Revisao Master Deploy/16_Aplicar_Higienizacao_TSICFG.sql:353 ROWCOUNT=0
[OK 134/1001] INSERT Revisao Master Deploy/16_Aplicar_Higienizacao_TSICFG.sql:354 ROWCOUNT=0
[OK 135/1001] INSERT Revisao Master Deploy/16_Aplicar_Higienizacao_TSICFG.sql:355 ROWCOUNT=0
[OK 136/1001] INSERT Revisao Master Deploy/16_Aplicar_Higienizacao_TSICFG.sql:356 ROWCOUNT=0
[OK 137/1001] INSERT Revisao Master Deploy/16_Aplicar_Higienizacao_TSICFG.sql:357 ROWCOUNT=0
[OK 138/1001] INSERT Revisao Master Deploy/16_Aplicar_Higienizacao_TSICFG.sql:358 ROWCOUNT=0
[OK 139/1001] INSERT Revisao Master Deploy/16_Aplicar_Higienizacao_TSICFG.sql:359 ROWCOUNT=0
[OK 140/1001] INSERT Revisao Master Deploy/16_Aplicar_Higienizacao_TSICFG.sql:360 ROWCOUNT=0
[OK 141/1001] INSERT Revisao Master Deploy/16_Aplicar_Higienizacao_TSICFG.sql:361 ROWCOUNT=0
[OK 142/1001] INSERT Revisao Master Deploy/16_Aplicar_Higienizacao_TSICFG.sql:363 ROWCOUNT=0
[OK 143/1001] INSERT Revisao Master Deploy/16_Aplicar_Higienizacao_TSICFG.sql:366 ROWCOUNT=0
[OK 144/1001] INSERT Revisao Master Deploy/16_Aplicar_Higienizacao_TSICFG.sql:369 ROWCOUNT=0
[OK 145/1001] INSERT Revisao Master Deploy/16_Aplicar_Higienizacao_TSICFG.sql:371 ROWCOUNT=0
[OK 146/1001] INSERT Revisao Master Deploy/16_Aplicar_Higienizacao_TSICFG.sql:372 ROWCOUNT=0
[OK 147/1001] INSERT Revisao Master Deploy/16_Aplicar_Higienizacao_TSICFG.sql:373 ROWCOUNT=0
[OK 148/1001] INSERT Revisao Master Deploy/16_Aplicar_Higienizacao_TSICFG.sql:376 ROWCOUNT=0
[OK 149/1001] INSERT Revisao Master Deploy/16_Aplicar_Higienizacao_TSICFG.sql:379 ROWCOUNT=0
[OK 150/1001] INSERT Revisao Master Deploy/16_Aplicar_Higienizacao_TSICFG.sql:381 ROWCOUNT=0
[OK 151/1001] INSERT Revisao Master Deploy/16_Aplicar_Higienizacao_TSICFG.sql:384 ROWCOUNT=0
[OK 152/1001] INSERT Revisao Master Deploy/16_Aplicar_Higienizacao_TSICFG.sql:387 ROWCOUNT=0
[OK 153/1001] INSERT Revisao Master Deploy/16_Aplicar_Higienizacao_TSICFG.sql:389 ROWCOUNT=0
[OK 154/1001] INSERT Revisao Master Deploy/16_Aplicar_Higienizacao_TSICFG.sql:391 ROWCOUNT=0
[OK 155/1001] INSERT Revisao Master Deploy/16_Aplicar_Higienizacao_TSICFG.sql:393 ROWCOUNT=0
[OK 156/1001] INSERT Revisao Master Deploy/16_Aplicar_Higienizacao_TSICFG.sql:394 ROWCOUNT=0
[OK 157/1001] INSERT Revisao Master Deploy/16_Aplicar_Higienizacao_TSICFG.sql:396 ROWCOUNT=0
[OK 158/1001] INSERT Revisao Master Deploy/16_Aplicar_Higienizacao_TSICFG.sql:398 ROWCOUNT=0
[OK 159/1001] INSERT Revisao Master Deploy/16_Aplicar_Higienizacao_TSICFG.sql:403 ROWCOUNT=0
[OK 160/1001] INSERT Revisao Master Deploy/16_Aplicar_Higienizacao_TSICFG.sql:404 ROWCOUNT=0
[OK 161/1001] INSERT Revisao Master Deploy/16_Aplicar_Higienizacao_TSICFG.sql:440 ROWCOUNT=0
[OK 162/1001] INSERT Revisao Master Deploy/16_Aplicar_Higienizacao_TSICFG.sql:442 ROWCOUNT=0
[OK 163/1001] INSERT Revisao Master Deploy/16_Aplicar_Higienizacao_TSICFG.sql:444 ROWCOUNT=0
[OK 164/1001] INSERT Revisao Master Deploy/16_Aplicar_Higienizacao_TSICFG.sql:446 ROWCOUNT=0
[OK 165/1001] INSERT Revisao Master Deploy/16_Aplicar_Higienizacao_TSICFG.sql:448 ROWCOUNT=0
[OK 166/1001] INSERT Revisao Master Deploy/16_Aplicar_Higienizacao_TSICFG.sql:450 ROWCOUNT=0
[OK 167/1001] INSERT Revisao Master Deploy/16_Aplicar_Higienizacao_TSICFG.sql:451 ROWCOUNT=0
[OK 168/1001] INSERT Revisao Master Deploy/16_Aplicar_Higienizacao_TSICFG.sql:453 ROWCOUNT=0
[OK 169/1001] INSERT Revisao Master Deploy/16_Aplicar_Higienizacao_TSICFG.sql:454 ROWCOUNT=0
[OK 170/1001] INSERT Revisao Master Deploy/16_Aplicar_Higienizacao_TSICFG.sql:456 ROWCOUNT=0
[OK 171/1001] INSERT Revisao Master Deploy/16_Aplicar_Higienizacao_TSICFG.sql:457 ROWCOUNT=0
[OK 172/1001] INSERT Revisao Master Deploy/16_Aplicar_Higienizacao_TSICFG.sql:458 ROWCOUNT=0
[OK 173/1001] INSERT Revisao Master Deploy/16_Aplicar_Higienizacao_TSICFG.sql:459 ROWCOUNT=0
[OK 174/1001] INSERT Revisao Master Deploy/16_Aplicar_Higienizacao_TSICFG.sql:460 ROWCOUNT=0
[OK 175/1001] INSERT Revisao Master Deploy/16_Aplicar_Higienizacao_TSICFG.sql:461 ROWCOUNT=0
[OK 176/1001] INSERT Revisao Master Deploy/16_Aplicar_Higienizacao_TSICFG.sql:462 ROWCOUNT=0
[OK 177/1001] INSERT Revisao Master Deploy/16_Aplicar_Higienizacao_TSICFG.sql:464 ROWCOUNT=0
[OK 178/1001] INSERT Revisao Master Deploy/16_Aplicar_Higienizacao_TSICFG.sql:465 ROWCOUNT=0
[OK 179/1001] INSERT Revisao Master Deploy/16_Aplicar_Higienizacao_TSICFG.sql:466 ROWCOUNT=0
[OK 180/1001] INSERT Revisao Master Deploy/16_Aplicar_Higienizacao_TSICFG.sql:467 ROWCOUNT=0
[OK 181/1001] INSERT Revisao Master Deploy/16_Aplicar_Higienizacao_TSICFG.sql:468 ROWCOUNT=0
[OK 182/1001] INSERT Revisao Master Deploy/16_Aplicar_Higienizacao_TSICFG.sql:471 ROWCOUNT=0
[OK 183/1001] INSERT Revisao Master Deploy/16_Aplicar_Higienizacao_TSICFG.sql:472 ROWCOUNT=0
[OK 184/1001] INSERT Revisao Master Deploy/16_Aplicar_Higienizacao_TSICFG.sql:473 ROWCOUNT=0
[OK 185/1001] INSERT Revisao Master Deploy/16_Aplicar_Higienizacao_TSICFG.sql:474 ROWCOUNT=0
[OK 186/1001] INSERT Revisao Master Deploy/16_Aplicar_Higienizacao_TSICFG.sql:475 ROWCOUNT=0
[OK 187/1001] INSERT Revisao Master Deploy/16_Aplicar_Higienizacao_TSICFG.sql:476 ROWCOUNT=0
[OK 188/1001] INSERT Revisao Master Deploy/16_Aplicar_Higienizacao_TSICFG.sql:477 ROWCOUNT=0
[OK 189/1001] INSERT Revisao Master Deploy/16_Aplicar_Higienizacao_TSICFG.sql:494 ROWCOUNT=0
[OK 190/1001] INSERT Revisao Master Deploy/16_Aplicar_Higienizacao_TSICFG.sql:496 ROWCOUNT=0
[OK 191/1001] INSERT Revisao Master Deploy/16_Aplicar_Higienizacao_TSICFG.sql:497 ROWCOUNT=0
[OK 192/1001] INSERT Revisao Master Deploy/16_Aplicar_Higienizacao_TSICFG.sql:498 ROWCOUNT=0
[OK 193/1001] INSERT Revisao Master Deploy/16_Aplicar_Higienizacao_TSICFG.sql:500 ROWCOUNT=0
[OK 194/1001] INSERT Revisao Master Deploy/16_Aplicar_Higienizacao_TSICFG.sql:501 ROWCOUNT=0
[OK 195/1001] INSERT Revisao Master Deploy/16_Aplicar_Higienizacao_TSICFG.sql:502 ROWCOUNT=0
[OK 196/1001] INSERT Revisao Master Deploy/16_Aplicar_Higienizacao_TSICFG.sql:503 ROWCOUNT=0
[OK 197/1001] INSERT Revisao Master Deploy/16_Aplicar_Higienizacao_TSICFG.sql:504 ROWCOUNT=0
[OK 198/1001] INSERT Revisao Master Deploy/16_Aplicar_Higienizacao_TSICFG.sql:505 ROWCOUNT=0
[OK 199/1001] INSERT Revisao Master Deploy/16_Aplicar_Higienizacao_TSICFG.sql:506 ROWCOUNT=0
[OK 200/1001] INSERT Revisao Master Deploy/16_Aplicar_Higienizacao_TSICFG.sql:507 ROWCOUNT=0
[OK 201/1001] INSERT Revisao Master Deploy/16_Aplicar_Higienizacao_TSICFG.sql:508 ROWCOUNT=0
[OK 202/1001] INSERT Revisao Master Deploy/16_Aplicar_Higienizacao_TSICFG.sql:509 ROWCOUNT=0
[OK 203/1001] INSERT Revisao Master Deploy/16_Aplicar_Higienizacao_TSICFG.sql:511 ROWCOUNT=0
[OK 204/1001] INSERT Revisao Master Deploy/16_Aplicar_Higienizacao_TSICFG.sql:512 ROWCOUNT=0
[OK 205/1001] INSERT Revisao Master Deploy/16_Aplicar_Higienizacao_TSICFG.sql:513 ROWCOUNT=0
[OK 206/1001] INSERT Revisao Master Deploy/16_Aplicar_Higienizacao_TSICFG.sql:514 ROWCOUNT=0
[OK 207/1001] INSERT Revisao Master Deploy/16_Aplicar_Higienizacao_TSICFG.sql:515 ROWCOUNT=0
[OK 208/1001] INSERT Revisao Master Deploy/16_Aplicar_Higienizacao_TSICFG.sql:516 ROWCOUNT=0
[OK 209/1001] INSERT Revisao Master Deploy/16_Aplicar_Higienizacao_TSICFG.sql:517 ROWCOUNT=0
[OK 210/1001] INSERT Revisao Master Deploy/16_Aplicar_Higienizacao_TSICFG.sql:519 ROWCOUNT=0
[OK 211/1001] INSERT Revisao Master Deploy/16_Aplicar_Higienizacao_TSICFG.sql:520 ROWCOUNT=0
[OK 212/1001] INSERT Revisao Master Deploy/16_Aplicar_Higienizacao_TSICFG.sql:521 ROWCOUNT=0
[OK 213/1001] INSERT Revisao Master Deploy/16_Aplicar_Higienizacao_TSICFG.sql:522 ROWCOUNT=0
[OK 214/1001] INSERT Revisao Master Deploy/16_Aplicar_Higienizacao_TSICFG.sql:523 ROWCOUNT=0
[OK 215/1001] INSERT Revisao Master Deploy/16_Aplicar_Higienizacao_TSICFG.sql:524 ROWCOUNT=0
[OK 216/1001] INSERT Revisao Master Deploy/16_Aplicar_Higienizacao_TSICFG.sql:526 ROWCOUNT=0
[OK 217/1001] INSERT Revisao Master Deploy/16_Aplicar_Higienizacao_TSICFG.sql:527 ROWCOUNT=0
[OK 218/1001] INSERT Revisao Master Deploy/16_Aplicar_Higienizacao_TSICFG.sql:528 ROWCOUNT=0
[OK 219/1001] INSERT Revisao Master Deploy/16_Aplicar_Higienizacao_TSICFG.sql:534 ROWCOUNT=0
[OK 220/1001] INSERT Revisao Master Deploy/16_Aplicar_Higienizacao_TSICFG.sql:542 ROWCOUNT=0
[OK 221/1001] INSERT Revisao Master Deploy/16_Aplicar_Higienizacao_TSICFG.sql:543 ROWCOUNT=0
[OK 222/1001] INSERT Revisao Master Deploy/16_Aplicar_Higienizacao_TSICFG.sql:545 ROWCOUNT=0
[OK 223/1001] INSERT Revisao Master Deploy/16_Aplicar_Higienizacao_TSICFG.sql:547 ROWCOUNT=0
[OK 224/1001] INSERT Revisao Master Deploy/16_Aplicar_Higienizacao_TSICFG.sql:549 ROWCOUNT=0
[OK 225/1001] INSERT Revisao Master Deploy/16_Aplicar_Higienizacao_TSICFG.sql:550 ROWCOUNT=0
[OK 226/1001] INSERT Revisao Master Deploy/16_Aplicar_Higienizacao_TSICFG.sql:551 ROWCOUNT=0
[OK 227/1001] INSERT Revisao Master Deploy/16_Aplicar_Higienizacao_TSICFG.sql:553 ROWCOUNT=0
[OK 228/1001] INSERT Revisao Master Deploy/16_Aplicar_Higienizacao_TSICFG.sql:554 ROWCOUNT=0
[OK 229/1001] INSERT Revisao Master Deploy/16_Aplicar_Higienizacao_TSICFG.sql:557 ROWCOUNT=0
[OK 230/1001] INSERT Revisao Master Deploy/16_Aplicar_Higienizacao_TSICFG.sql:559 ROWCOUNT=0
[OK 231/1001] INSERT Revisao Master Deploy/16_Aplicar_Higienizacao_TSICFG.sql:562 ROWCOUNT=0
[OK 232/1001] INSERT Revisao Master Deploy/16_Aplicar_Higienizacao_TSICFG.sql:565 ROWCOUNT=0
[OK 233/1001] INSERT Revisao Master Deploy/16_Aplicar_Higienizacao_TSICFG.sql:574 ROWCOUNT=0
[OK 234/1001] INSERT Revisao Master Deploy/16_Aplicar_Higienizacao_TSICFG.sql:575 ROWCOUNT=0
[OK 235/1001] INSERT Revisao Master Deploy/16_Aplicar_Higienizacao_TSICFG.sql:579 ROWCOUNT=0
[OK 236/1001] INSERT Revisao Master Deploy/16_Aplicar_Higienizacao_TSICFG.sql:580 ROWCOUNT=0
[OK 237/1001] INSERT Revisao Master Deploy/16_Aplicar_Higienizacao_TSICFG.sql:583 ROWCOUNT=0
[OK 238/1001] INSERT Revisao Master Deploy/16_Aplicar_Higienizacao_TSICFG.sql:590 ROWCOUNT=0
[OK 239/1001] INSERT Revisao Master Deploy/16_Aplicar_Higienizacao_TSICFG.sql:591 ROWCOUNT=0
[OK 240/1001] INSERT Revisao Master Deploy/16_Aplicar_Higienizacao_TSICFG.sql:592 ROWCOUNT=0
[OK 241/1001] INSERT Revisao Master Deploy/16_Aplicar_Higienizacao_TSICFG.sql:602 ROWCOUNT=0
[OK 242/1001] INSERT Revisao Master Deploy/16_Aplicar_Higienizacao_TSICFG.sql:603 ROWCOUNT=0
[OK 243/1001] INSERT Revisao Master Deploy/16_Aplicar_Higienizacao_TSICFG.sql:610 ROWCOUNT=0
[OK 244/1001] INSERT Revisao Master Deploy/16_Aplicar_Higienizacao_TSICFG.sql:611 ROWCOUNT=0
[OK 245/1001] INSERT Revisao Master Deploy/16_Aplicar_Higienizacao_TSICFG.sql:612 ROWCOUNT=0
[OK 246/1001] INSERT Revisao Master Deploy/16_Aplicar_Higienizacao_TSICFG.sql:613 ROWCOUNT=0
[OK 247/1001] INSERT Revisao Master Deploy/16_Aplicar_Higienizacao_TSICFG.sql:615 ROWCOUNT=0
[OK 248/1001] INSERT Revisao Master Deploy/16_Aplicar_Higienizacao_TSICFG.sql:617 ROWCOUNT=0
[OK 249/1001] INSERT Revisao Master Deploy/16_Aplicar_Higienizacao_TSICFG.sql:618 ROWCOUNT=0
[OK 250/1001] INSERT Revisao Master Deploy/16_Aplicar_Higienizacao_TSICFG.sql:637 ROWCOUNT=0
[OK 251/1001] INSERT Revisao Master Deploy/16_Aplicar_Higienizacao_TSICFG.sql:638 ROWCOUNT=0
[OK 252/1001] INSERT Revisao Master Deploy/16_Aplicar_Higienizacao_TSICFG.sql:639 ROWCOUNT=0
[OK 253/1001] INSERT Revisao Master Deploy/16_Aplicar_Higienizacao_TSICFG.sql:640 ROWCOUNT=0
[OK 254/1001] INSERT Revisao Master Deploy/16_Aplicar_Higienizacao_TSICFG.sql:641 ROWCOUNT=0
[OK 255/1001] INSERT Revisao Master Deploy/16_Aplicar_Higienizacao_TSICFG.sql:659 ROWCOUNT=0
[OK 256/1001] INSERT Revisao Master Deploy/16_Aplicar_Higienizacao_TSICFG.sql:660 ROWCOUNT=0
[OK 257/1001] INSERT Revisao Master Deploy/16_Aplicar_Higienizacao_TSICFG.sql:661 ROWCOUNT=0
[OK 258/1001] INSERT Revisao Master Deploy/16_Aplicar_Higienizacao_TSICFG.sql:663 ROWCOUNT=0
[OK 259/1001] INSERT Revisao Master Deploy/16_Aplicar_Higienizacao_TSICFG.sql:664 ROWCOUNT=0
[OK 260/1001] INSERT Revisao Master Deploy/16_Aplicar_Higienizacao_TSICFG.sql:665 ROWCOUNT=0
[OK 261/1001] INSERT Revisao Master Deploy/16_Aplicar_Higienizacao_TSICFG.sql:673 ROWCOUNT=0
[OK 262/1001] INSERT Revisao Master Deploy/16_Aplicar_Higienizacao_TSICFG.sql:674 ROWCOUNT=0
[OK 263/1001] INSERT Revisao Master Deploy/16_Aplicar_Higienizacao_TSICFG.sql:675 ROWCOUNT=0
[OK 264/1001] INSERT Revisao Master Deploy/16_Aplicar_Higienizacao_TSICFG.sql:677 ROWCOUNT=0
[OK 265/1001] INSERT Revisao Master Deploy/16_Aplicar_Higienizacao_TSICFG.sql:697 ROWCOUNT=0
[OK 266/1001] INSERT Revisao Master Deploy/16_Aplicar_Higienizacao_TSICFG.sql:707 ROWCOUNT=0
[OK 267/1001] INSERT Revisao Master Deploy/16_Aplicar_Higienizacao_TSICFG.sql:708 ROWCOUNT=0
[OK 268/1001] INSERT Revisao Master Deploy/16_Aplicar_Higienizacao_TSICFG.sql:709 ROWCOUNT=0
[OK 269/1001] INSERT Revisao Master Deploy/16_Aplicar_Higienizacao_TSICFG.sql:711 ROWCOUNT=0
[OK 270/1001] INSERT Revisao Master Deploy/16_Aplicar_Higienizacao_TSICFG.sql:712 ROWCOUNT=0
[OK 271/1001] INSERT Revisao Master Deploy/16_Aplicar_Higienizacao_TSICFG.sql:713 ROWCOUNT=0
[OK 272/1001] INSERT Revisao Master Deploy/16_Aplicar_Higienizacao_TSICFG.sql:714 ROWCOUNT=0
[OK 273/1001] INSERT Revisao Master Deploy/16_Aplicar_Higienizacao_TSICFG.sql:715 ROWCOUNT=0
[OK 274/1001] INSERT Revisao Master Deploy/16_Aplicar_Higienizacao_TSICFG.sql:716 ROWCOUNT=0
[OK 275/1001] INSERT Revisao Master Deploy/16_Aplicar_Higienizacao_TSICFG.sql:717 ROWCOUNT=0
[OK 276/1001] INSERT Revisao Master Deploy/16_Aplicar_Higienizacao_TSICFG.sql:718 ROWCOUNT=0
[OK 277/1001] INSERT Revisao Master Deploy/16_Aplicar_Higienizacao_TSICFG.sql:720 ROWCOUNT=0
[OK 278/1001] INSERT Revisao Master Deploy/16_Aplicar_Higienizacao_TSICFG.sql:728 ROWCOUNT=0
[OK 279/1001] INSERT Revisao Master Deploy/16_Aplicar_Higienizacao_TSICFG.sql:729 ROWCOUNT=0
[OK 280/1001] INSERT Revisao Master Deploy/16_Aplicar_Higienizacao_TSICFG.sql:730 ROWCOUNT=0
[OK 281/1001] INSERT Revisao Master Deploy/16_Aplicar_Higienizacao_TSICFG.sql:737 ROWCOUNT=0
[OK 282/1001] INSERT Revisao Master Deploy/16_Aplicar_Higienizacao_TSICFG.sql:740 ROWCOUNT=0
[OK 283/1001] INSERT Revisao Master Deploy/16_Aplicar_Higienizacao_TSICFG.sql:741 ROWCOUNT=0
[OK 284/1001] INSERT Revisao Master Deploy/16_Aplicar_Higienizacao_TSICFG.sql:742 ROWCOUNT=0
[OK 285/1001] INSERT Revisao Master Deploy/16_Aplicar_Higienizacao_TSICFG.sql:747 ROWCOUNT=0
[OK 286/1001] INSERT Revisao Master Deploy/16_Aplicar_Higienizacao_TSICFG.sql:748 ROWCOUNT=0
[OK 287/1001] INSERT Revisao Master Deploy/16_Aplicar_Higienizacao_TSICFG.sql:749 ROWCOUNT=0
[OK 288/1001] INSERT Revisao Master Deploy/16_Aplicar_Higienizacao_TSICFG.sql:767 ROWCOUNT=0
[OK 289/1001] INSERT Revisao Master Deploy/16_Aplicar_Higienizacao_TSICFG.sql:768 ROWCOUNT=0
[OK 290/1001] INSERT Revisao Master Deploy/16_Aplicar_Higienizacao_TSICFG.sql:769 ROWCOUNT=0
[OK 291/1001] INSERT Revisao Master Deploy/16_Aplicar_Higienizacao_TSICFG.sql:770 ROWCOUNT=0
[OK 292/1001] INSERT Revisao Master Deploy/16_Aplicar_Higienizacao_TSICFG.sql:773 ROWCOUNT=0
[OK 293/1001] INSERT Revisao Master Deploy/16_Aplicar_Higienizacao_TSICFG.sql:774 ROWCOUNT=0
[OK 294/1001] INSERT Revisao Master Deploy/16_Aplicar_Higienizacao_TSICFG.sql:775 ROWCOUNT=0
[OK 295/1001] INSERT Revisao Master Deploy/16_Aplicar_Higienizacao_TSICFG.sql:776 ROWCOUNT=0
[OK 296/1001] INSERT Revisao Master Deploy/16_Aplicar_Higienizacao_TSICFG.sql:778 ROWCOUNT=0
[OK 297/1001] INSERT Revisao Master Deploy/16_Aplicar_Higienizacao_TSICFG.sql:779 ROWCOUNT=0
[OK 298/1001] INSERT Revisao Master Deploy/16_Aplicar_Higienizacao_TSICFG.sql:781 ROWCOUNT=0
[OK 299/1001] INSERT Revisao Master Deploy/16_Aplicar_Higienizacao_TSICFG.sql:783 ROWCOUNT=0
[OK 300/1001] INSERT Revisao Master Deploy/16_Aplicar_Higienizacao_TSICFG.sql:784 ROWCOUNT=0
[OK 301/1001] INSERT Revisao Master Deploy/16_Aplicar_Higienizacao_TSICFG.sql:785 ROWCOUNT=0
[OK 302/1001] INSERT Revisao Master Deploy/16_Aplicar_Higienizacao_TSICFG.sql:788 ROWCOUNT=0
[OK 303/1001] INSERT Revisao Master Deploy/16_Aplicar_Higienizacao_TSICFG.sql:793 ROWCOUNT=0
[OK 304/1001] INSERT Revisao Master Deploy/16_Aplicar_Higienizacao_TSICFG.sql:794 ROWCOUNT=0
[OK 305/1001] INSERT Revisao Master Deploy/16_Aplicar_Higienizacao_TSICFG.sql:795 ROWCOUNT=0
[OK 306/1001] INSERT Revisao Master Deploy/16_Aplicar_Higienizacao_TSICFG.sql:797 ROWCOUNT=0
[OK 307/1001] INSERT Revisao Master Deploy/16_Aplicar_Higienizacao_TSICFG.sql:799 ROWCOUNT=0
[OK 308/1001] INSERT Revisao Master Deploy/16_Aplicar_Higienizacao_TSICFG.sql:801 ROWCOUNT=0
[OK 309/1001] INSERT Revisao Master Deploy/16_Aplicar_Higienizacao_TSICFG.sql:802 ROWCOUNT=0
[OK 310/1001] INSERT Revisao Master Deploy/16_Aplicar_Higienizacao_TSICFG.sql:803 ROWCOUNT=0
[OK 311/1001] INSERT Revisao Master Deploy/16_Aplicar_Higienizacao_TSICFG.sql:804 ROWCOUNT=0
[OK 312/1001] INSERT Revisao Master Deploy/16_Aplicar_Higienizacao_TSICFG.sql:808 ROWCOUNT=0
[OK 313/1001] INSERT Revisao Master Deploy/16_Aplicar_Higienizacao_TSICFG.sql:809 ROWCOUNT=0
[OK 314/1001] INSERT Revisao Master Deploy/16_Aplicar_Higienizacao_TSICFG.sql:810 ROWCOUNT=0
[OK 315/1001] INSERT Revisao Master Deploy/16_Aplicar_Higienizacao_TSICFG.sql:811 ROWCOUNT=0
[OK 316/1001] INSERT Revisao Master Deploy/16_Aplicar_Higienizacao_TSICFG.sql:812 ROWCOUNT=0
[OK 317/1001] INSERT Revisao Master Deploy/16_Aplicar_Higienizacao_TSICFG.sql:813 ROWCOUNT=0
[OK 318/1001] INSERT Revisao Master Deploy/16_Aplicar_Higienizacao_TSICFG.sql:814 ROWCOUNT=0
[OK 319/1001] INSERT Revisao Master Deploy/16_Aplicar_Higienizacao_TSICFG.sql:815 ROWCOUNT=0
[OK 320/1001] INSERT Revisao Master Deploy/16_Aplicar_Higienizacao_TSICFG.sql:816 ROWCOUNT=0
[OK 321/1001] INSERT Revisao Master Deploy/16_Aplicar_Higienizacao_TSICFG.sql:817 ROWCOUNT=0
[OK 322/1001] INSERT Revisao Master Deploy/16_Aplicar_Higienizacao_TSICFG.sql:818 ROWCOUNT=0
[OK 323/1001] INSERT Revisao Master Deploy/16_Aplicar_Higienizacao_TSICFG.sql:819 ROWCOUNT=0
[OK 324/1001] INSERT Revisao Master Deploy/16_Aplicar_Higienizacao_TSICFG.sql:820 ROWCOUNT=0
[OK 325/1001] INSERT Revisao Master Deploy/16_Aplicar_Higienizacao_TSICFG.sql:821 ROWCOUNT=0
[OK 326/1001] INSERT Revisao Master Deploy/16_Aplicar_Higienizacao_TSICFG.sql:822 ROWCOUNT=0
[OK 327/1001] INSERT Revisao Master Deploy/16_Aplicar_Higienizacao_TSICFG.sql:823 ROWCOUNT=0
[OK 328/1001] INSERT Revisao Master Deploy/16_Aplicar_Higienizacao_TSICFG.sql:824 ROWCOUNT=0
[OK 329/1001] INSERT Revisao Master Deploy/16_Aplicar_Higienizacao_TSICFG.sql:825 ROWCOUNT=0
[OK 330/1001] INSERT Revisao Master Deploy/16_Aplicar_Higienizacao_TSICFG.sql:826 ROWCOUNT=0
[OK 331/1001] INSERT Revisao Master Deploy/16_Aplicar_Higienizacao_TSICFG.sql:827 ROWCOUNT=0
[OK 332/1001] INSERT Revisao Master Deploy/16_Aplicar_Higienizacao_TSICFG.sql:828 ROWCOUNT=0
[OK 333/1001] INSERT Revisao Master Deploy/16_Aplicar_Higienizacao_TSICFG.sql:829 ROWCOUNT=0
[OK 334/1001] INSERT Revisao Master Deploy/16_Aplicar_Higienizacao_TSICFG.sql:830 ROWCOUNT=0
[OK 335/1001] INSERT Revisao Master Deploy/16_Aplicar_Higienizacao_TSICFG.sql:831 ROWCOUNT=0
[OK 336/1001] INSERT Revisao Master Deploy/16_Aplicar_Higienizacao_TSICFG.sql:832 ROWCOUNT=0
[OK 337/1001] INSERT Revisao Master Deploy/16_Aplicar_Higienizacao_TSICFG.sql:833 ROWCOUNT=0
[OK 338/1001] INSERT Revisao Master Deploy/16_Aplicar_Higienizacao_TSICFG.sql:834 ROWCOUNT=0
[OK 339/1001] INSERT Revisao Master Deploy/16_Aplicar_Higienizacao_TSICFG.sql:835 ROWCOUNT=0
[OK 340/1001] INSERT Revisao Master Deploy/16_Aplicar_Higienizacao_TSICFG.sql:836 ROWCOUNT=0
[OK 341/1001] INSERT Revisao Master Deploy/16_Aplicar_Higienizacao_TSICFG.sql:837 ROWCOUNT=0
[OK 342/1001] INSERT Revisao Master Deploy/16_Aplicar_Higienizacao_TSICFG.sql:838 ROWCOUNT=0
[OK 343/1001] INSERT Revisao Master Deploy/16_Aplicar_Higienizacao_TSICFG.sql:839 ROWCOUNT=0
[OK 344/1001] INSERT Revisao Master Deploy/16_Aplicar_Higienizacao_TSICFG.sql:840 ROWCOUNT=0
[OK 345/1001] INSERT Revisao Master Deploy/16_Aplicar_Higienizacao_TSICFG.sql:841 ROWCOUNT=0
[OK 346/1001] INSERT Revisao Master Deploy/16_Aplicar_Higienizacao_TSICFG.sql:842 ROWCOUNT=0
[OK 347/1001] INSERT Revisao Master Deploy/16_Aplicar_Higienizacao_TSICFG.sql:843 ROWCOUNT=0
[OK 348/1001] INSERT Revisao Master Deploy/16_Aplicar_Higienizacao_TSICFG.sql:844 ROWCOUNT=0
[OK 349/1001] INSERT Revisao Master Deploy/16_Aplicar_Higienizacao_TSICFG.sql:845 ROWCOUNT=0
[OK 350/1001] INSERT Revisao Master Deploy/16_Aplicar_Higienizacao_TSICFG.sql:846 ROWCOUNT=0
[OK 351/1001] INSERT Revisao Master Deploy/16_Aplicar_Higienizacao_TSICFG.sql:847 ROWCOUNT=0
[OK 352/1001] INSERT Revisao Master Deploy/16_Aplicar_Higienizacao_TSICFG.sql:848 ROWCOUNT=0
[OK 353/1001] INSERT Revisao Master Deploy/16_Aplicar_Higienizacao_TSICFG.sql:849 ROWCOUNT=0
[OK 354/1001] INSERT Revisao Master Deploy/16_Aplicar_Higienizacao_TSICFG.sql:851 ROWCOUNT=0
[OK 355/1001] INSERT Revisao Master Deploy/16_Aplicar_Higienizacao_TSICFG.sql:859 ROWCOUNT=0
[OK 356/1001] INSERT Revisao Master Deploy/16_Aplicar_Higienizacao_TSICFG.sql:860 ROWCOUNT=0
[OK 357/1001] INSERT Revisao Master Deploy/16_Aplicar_Higienizacao_TSICFG.sql:862 ROWCOUNT=0
[OK 358/1001] INSERT Revisao Master Deploy/16_Aplicar_Higienizacao_TSICFG.sql:863 ROWCOUNT=0
[OK 359/1001] INSERT Revisao Master Deploy/16_Aplicar_Higienizacao_TSICFG.sql:864 ROWCOUNT=0
[OK 360/1001] INSERT Revisao Master Deploy/16_Aplicar_Higienizacao_TSICFG.sql:865 ROWCOUNT=0
[OK 361/1001] INSERT Revisao Master Deploy/16_Aplicar_Higienizacao_TSICFG.sql:873 ROWCOUNT=0
[OK 362/1001] INSERT Revisao Master Deploy/16_Aplicar_Higienizacao_TSICFG.sql:874 ROWCOUNT=0
[OK 363/1001] INSERT Revisao Master Deploy/16_Aplicar_Higienizacao_TSICFG.sql:875 ROWCOUNT=0
[OK 364/1001] INSERT Revisao Master Deploy/16_Aplicar_Higienizacao_TSICFG.sql:878 ROWCOUNT=0
[OK 365/1001] INSERT Revisao Master Deploy/16_Aplicar_Higienizacao_TSICFG.sql:879 ROWCOUNT=0
[OK 366/1001] INSERT Revisao Master Deploy/16_Aplicar_Higienizacao_TSICFG.sql:893 ROWCOUNT=0
[OK 367/1001] INSERT Revisao Master Deploy/16_Aplicar_Higienizacao_TSICFG.sql:927 ROWCOUNT=0
[OK 368/1001] INSERT Revisao Master Deploy/16_Aplicar_Higienizacao_TSICFG.sql:928 ROWCOUNT=0
[OK 369/1001] INSERT Revisao Master Deploy/16_Aplicar_Higienizacao_TSICFG.sql:929 ROWCOUNT=0
[OK 370/1001] INSERT Revisao Master Deploy/16_Aplicar_Higienizacao_TSICFG.sql:937 ROWCOUNT=0
[OK 371/1001] INSERT Revisao Master Deploy/16_Aplicar_Higienizacao_TSICFG.sql:940 ROWCOUNT=0
[OK 372/1001] INSERT Revisao Master Deploy/16_Aplicar_Higienizacao_TSICFG.sql:949 ROWCOUNT=0
[OK 373/1001] INSERT Revisao Master Deploy/16_Aplicar_Higienizacao_TSICFG.sql:968 ROWCOUNT=0
[OK 374/1001] INSERT Revisao Master Deploy/16_Aplicar_Higienizacao_TSICFG.sql:969 ROWCOUNT=0
[OK 375/1001] INSERT Revisao Master Deploy/16_Aplicar_Higienizacao_TSICFG.sql:971 ROWCOUNT=0
[OK 376/1001] INSERT Revisao Master Deploy/16_Aplicar_Higienizacao_TSICFG.sql:972 ROWCOUNT=0
[OK 377/1001] INSERT Revisao Master Deploy/16_Aplicar_Higienizacao_TSICFG.sql:974 ROWCOUNT=0
[OK 378/1001] INSERT Revisao Master Deploy/16_Aplicar_Higienizacao_TSICFG.sql:975 ROWCOUNT=0
[OK 379/1001] INSERT Revisao Master Deploy/16_Aplicar_Higienizacao_TSICFG.sql:983 ROWCOUNT=0
[OK 380/1001] INSERT Revisao Master Deploy/16_Aplicar_Higienizacao_TSICFG.sql:984 ROWCOUNT=0
[OK 381/1001] INSERT Revisao Master Deploy/16_Aplicar_Higienizacao_TSICFG.sql:985 ROWCOUNT=0
[OK 382/1001] INSERT Revisao Master Deploy/16_Aplicar_Higienizacao_TSICFG.sql:994 ROWCOUNT=0
[OK 383/1001] INSERT Revisao Master Deploy/16_Aplicar_Higienizacao_TSICFG.sql:995 ROWCOUNT=0
[OK 384/1001] INSERT Revisao Master Deploy/16_Aplicar_Higienizacao_TSICFG.sql:998 ROWCOUNT=0
[OK 385/1001] INSERT Revisao Master Deploy/16_Aplicar_Higienizacao_TSICFG.sql:999 ROWCOUNT=0
[OK 386/1001] INSERT Revisao Master Deploy/16_Aplicar_Higienizacao_TSICFG.sql:1000 ROWCOUNT=0
[OK 387/1001] INSERT Revisao Master Deploy/16_Aplicar_Higienizacao_TSICFG.sql:1001 ROWCOUNT=0
[OK 388/1001] INSERT Revisao Master Deploy/16_Aplicar_Higienizacao_TSICFG.sql:1002 ROWCOUNT=0
[OK 389/1001] INSERT Revisao Master Deploy/16_Aplicar_Higienizacao_TSICFG.sql:1003 ROWCOUNT=0
[OK 390/1001] INSERT Revisao Master Deploy/16_Aplicar_Higienizacao_TSICFG.sql:1006 ROWCOUNT=0
[OK 391/1001] INSERT Revisao Master Deploy/16_Aplicar_Higienizacao_TSICFG.sql:1007 ROWCOUNT=0
[OK 392/1001] INSERT Revisao Master Deploy/16_Aplicar_Higienizacao_TSICFG.sql:1008 ROWCOUNT=0
[OK 393/1001] INSERT Revisao Master Deploy/16_Aplicar_Higienizacao_TSICFG.sql:1009 ROWCOUNT=0
[OK 394/1001] INSERT Revisao Master Deploy/16_Aplicar_Higienizacao_TSICFG.sql:1010 ROWCOUNT=0
[OK 395/1001] INSERT Revisao Master Deploy/16_Aplicar_Higienizacao_TSICFG.sql:1011 ROWCOUNT=0
[OK 396/1001] INSERT Revisao Master Deploy/16_Aplicar_Higienizacao_TSICFG.sql:1012 ROWCOUNT=0
[OK 397/1001] INSERT Revisao Master Deploy/16_Aplicar_Higienizacao_TSICFG.sql:1019 ROWCOUNT=0
[OK 398/1001] INSERT Revisao Master Deploy/16_Aplicar_Higienizacao_TSICFG.sql:1026 ROWCOUNT=0
[OK 399/1001] INSERT Revisao Master Deploy/16_Aplicar_Higienizacao_TSICFG.sql:1028 ROWCOUNT=0
[OK 400/1001] INSERT Revisao Master Deploy/16_Aplicar_Higienizacao_TSICFG.sql:1035 ROWCOUNT=0
[OK 401/1001] INSERT Revisao Master Deploy/16_Aplicar_Higienizacao_TSICFG.sql:1042 ROWCOUNT=0
[OK 402/1001] INSERT Revisao Master Deploy/16_Aplicar_Higienizacao_TSICFG.sql:1043 ROWCOUNT=0
[OK 403/1001] INSERT Revisao Master Deploy/16_Aplicar_Higienizacao_TSICFG.sql:1048 ROWCOUNT=0
[OK 404/1001] INSERT Revisao Master Deploy/16_Aplicar_Higienizacao_TSICFG.sql:1053 ROWCOUNT=0
[OK 405/1001] INSERT Revisao Master Deploy/16_Aplicar_Higienizacao_TSICFG.sql:1059 ROWCOUNT=0
[OK 406/1001] INSERT Revisao Master Deploy/16_Aplicar_Higienizacao_TSICFG.sql:1063 ROWCOUNT=0
[OK 407/1001] INSERT Revisao Master Deploy/16_Aplicar_Higienizacao_TSICFG.sql:1064 ROWCOUNT=0
[OK 408/1001] INSERT Revisao Master Deploy/16_Aplicar_Higienizacao_TSICFG.sql:1072 ROWCOUNT=0
[OK 409/1001] INSERT Revisao Master Deploy/16_Aplicar_Higienizacao_TSICFG.sql:1074 ROWCOUNT=0
[OK 410/1001] INSERT Revisao Master Deploy/16_Aplicar_Higienizacao_TSICFG.sql:1075 ROWCOUNT=0
[OK 411/1001] INSERT Revisao Master Deploy/16_Aplicar_Higienizacao_TSICFG.sql:1076 ROWCOUNT=0
[OK 412/1001] INSERT Revisao Master Deploy/16_Aplicar_Higienizacao_TSICFG.sql:1077 ROWCOUNT=0
[OK 413/1001] INSERT Revisao Master Deploy/16_Aplicar_Higienizacao_TSICFG.sql:1080 ROWCOUNT=0
[OK 414/1001] INSERT Revisao Master Deploy/16_Aplicar_Higienizacao_TSICFG.sql:1081 ROWCOUNT=0
[OK 415/1001] INSERT Revisao Master Deploy/16_Aplicar_Higienizacao_TSICFG.sql:1082 ROWCOUNT=0
[OK 416/1001] INSERT Revisao Master Deploy/16_Aplicar_Higienizacao_TSICFG.sql:1086 ROWCOUNT=0
[OK 417/1001] INSERT Revisao Master Deploy/16_Aplicar_Higienizacao_TSICFG.sql:1091 ROWCOUNT=0
[OK 418/1001] INSERT Revisao Master Deploy/16_Aplicar_Higienizacao_TSICFG.sql:1092 ROWCOUNT=0
[OK 419/1001] INSERT Revisao Master Deploy/16_Aplicar_Higienizacao_TSICFG.sql:1099 ROWCOUNT=0
[OK 420/1001] INSERT Revisao Master Deploy/16_Aplicar_Higienizacao_TSICFG.sql:1100 ROWCOUNT=0
[OK 421/1001] INSERT Revisao Master Deploy/16_Aplicar_Higienizacao_TSICFG.sql:1108 ROWCOUNT=0
[OK 422/1001] INSERT Revisao Master Deploy/16_Aplicar_Higienizacao_TSICFG.sql:1110 ROWCOUNT=0
[OK 423/1001] INSERT Revisao Master Deploy/16_Aplicar_Higienizacao_TSICFG.sql:1112 ROWCOUNT=0
[OK 424/1001] INSERT Revisao Master Deploy/16_Aplicar_Higienizacao_TSICFG.sql:1114 ROWCOUNT=0
[OK 425/1001] INSERT Revisao Master Deploy/16_Aplicar_Higienizacao_TSICFG.sql:1115 ROWCOUNT=0
[OK 426/1001] INSERT Revisao Master Deploy/16_Aplicar_Higienizacao_TSICFG.sql:1118 ROWCOUNT=0
[OK 427/1001] INSERT Revisao Master Deploy/16_Aplicar_Higienizacao_TSICFG.sql:1120 ROWCOUNT=0
[OK 428/1001] INSERT Revisao Master Deploy/16_Aplicar_Higienizacao_TSICFG.sql:1123 ROWCOUNT=0
[OK 429/1001] INSERT Revisao Master Deploy/16_Aplicar_Higienizacao_TSICFG.sql:1125 ROWCOUNT=0
[OK 430/1001] INSERT Revisao Master Deploy/16_Aplicar_Higienizacao_TSICFG.sql:1126 ROWCOUNT=0
[OK 431/1001] INSERT Revisao Master Deploy/16_Aplicar_Higienizacao_TSICFG.sql:1127 ROWCOUNT=0
[OK 432/1001] INSERT Revisao Master Deploy/16_Aplicar_Higienizacao_TSICFG.sql:1136 ROWCOUNT=0
[OK 433/1001] INSERT Revisao Master Deploy/16_Aplicar_Higienizacao_TSICFG.sql:1144 ROWCOUNT=0
[OK 434/1001] INSERT Revisao Master Deploy/16_Aplicar_Higienizacao_TSICFG.sql:1145 ROWCOUNT=0
[OK 435/1001] INSERT Revisao Master Deploy/16_Aplicar_Higienizacao_TSICFG.sql:1153 ROWCOUNT=0
[OK 436/1001] INSERT Revisao Master Deploy/16_Aplicar_Higienizacao_TSICFG.sql:1154 ROWCOUNT=0
[OK 437/1001] INSERT Revisao Master Deploy/16_Aplicar_Higienizacao_TSICFG.sql:1155 ROWCOUNT=0
[OK 438/1001] INSERT Revisao Master Deploy/16_Aplicar_Higienizacao_TSICFG.sql:1164 ROWCOUNT=0
[OK 439/1001] INSERT Revisao Master Deploy/16_Aplicar_Higienizacao_TSICFG.sql:1165 ROWCOUNT=0
[OK 440/1001] INSERT Revisao Master Deploy/16_Aplicar_Higienizacao_TSICFG.sql:1172 ROWCOUNT=0
[OK 441/1001] INSERT Revisao Master Deploy/16_Aplicar_Higienizacao_TSICFG.sql:1179 ROWCOUNT=0
[OK 442/1001] INSERT Revisao Master Deploy/16_Aplicar_Higienizacao_TSICFG.sql:1180 ROWCOUNT=0
[OK 443/1001] INSERT Revisao Master Deploy/16_Aplicar_Higienizacao_TSICFG.sql:1181 ROWCOUNT=0
[OK 444/1001] INSERT Revisao Master Deploy/16_Aplicar_Higienizacao_TSICFG.sql:1182 ROWCOUNT=0
[OK 445/1001] INSERT Revisao Master Deploy/16_Aplicar_Higienizacao_TSICFG.sql:1183 ROWCOUNT=0
[OK 446/1001] INSERT Revisao Master Deploy/16_Aplicar_Higienizacao_TSICFG.sql:1203 ROWCOUNT=0
[OK 447/1001] INSERT Revisao Master Deploy/16_Aplicar_Higienizacao_TSICFG.sql:1204 ROWCOUNT=0
[OK 448/1001] INSERT Revisao Master Deploy/16_Aplicar_Higienizacao_TSICFG.sql:1211 ROWCOUNT=0
[OK 449/1001] INSERT Revisao Master Deploy/16_Aplicar_Higienizacao_TSICFG.sql:1218 ROWCOUNT=0
[OK 450/1001] INSERT Revisao Master Deploy/16_Aplicar_Higienizacao_TSICFG.sql:1219 ROWCOUNT=0
[OK 451/1001] INSERT Revisao Master Deploy/16_Aplicar_Higienizacao_TSICFG.sql:1220 ROWCOUNT=0
[OK 452/1001] INSERT Revisao Master Deploy/16_Aplicar_Higienizacao_TSICFG.sql:1221 ROWCOUNT=0
[OK 453/1001] INSERT Revisao Master Deploy/16_Aplicar_Higienizacao_TSICFG.sql:1222 ROWCOUNT=0
[OK 454/1001] INSERT Revisao Master Deploy/16_Aplicar_Higienizacao_TSICFG.sql:1223 ROWCOUNT=0
[OK 455/1001] INSERT Revisao Master Deploy/16_Aplicar_Higienizacao_TSICFG.sql:1230 ROWCOUNT=0
[OK 456/1001] INSERT Revisao Master Deploy/16_Aplicar_Higienizacao_TSICFG.sql:1237 ROWCOUNT=0
[OK 457/1001] INSERT Revisao Master Deploy/16_Aplicar_Higienizacao_TSICFG.sql:1240 ROWCOUNT=0
[OK 458/1001] INSERT Revisao Master Deploy/16_Aplicar_Higienizacao_TSICFG.sql:1247 ROWCOUNT=0
[OK 459/1001] INSERT Revisao Master Deploy/16_Aplicar_Higienizacao_TSICFG.sql:1254 ROWCOUNT=0
[OK 460/1001] INSERT Revisao Master Deploy/16_Aplicar_Higienizacao_TSICFG.sql:1256 ROWCOUNT=0
[OK 461/1001] INSERT Revisao Master Deploy/16_Aplicar_Higienizacao_TSICFG.sql:1257 ROWCOUNT=0
[OK 462/1001] INSERT Revisao Master Deploy/16_Aplicar_Higienizacao_TSICFG.sql:1258 ROWCOUNT=0
[OK 463/1001] INSERT Revisao Master Deploy/16_Aplicar_Higienizacao_TSICFG.sql:1265 ROWCOUNT=0
[OK 464/1001] INSERT Revisao Master Deploy/16_Aplicar_Higienizacao_TSICFG.sql:1272 ROWCOUNT=0
[OK 465/1001] INSERT Revisao Master Deploy/16_Aplicar_Higienizacao_TSICFG.sql:1273 ROWCOUNT=0
[OK 466/1001] INSERT Revisao Master Deploy/16_Aplicar_Higienizacao_TSICFG.sql:1275 ROWCOUNT=0
[OK 467/1001] INSERT Revisao Master Deploy/16_Aplicar_Higienizacao_TSICFG.sql:1276 ROWCOUNT=0
[OK 468/1001] INSERT Revisao Master Deploy/16_Aplicar_Higienizacao_TSICFG.sql:1279 ROWCOUNT=0
[OK 469/1001] INSERT Revisao Master Deploy/16_Aplicar_Higienizacao_TSICFG.sql:1280 ROWCOUNT=0
[OK 470/1001] INSERT Revisao Master Deploy/16_Aplicar_Higienizacao_TSICFG.sql:1300 ROWCOUNT=0
[OK 471/1001] INSERT Revisao Master Deploy/16_Aplicar_Higienizacao_TSICFG.sql:1301 ROWCOUNT=0
[OK 472/1001] INSERT Revisao Master Deploy/16_Aplicar_Higienizacao_TSICFG.sql:1302 ROWCOUNT=0
[OK 473/1001] INSERT Revisao Master Deploy/16_Aplicar_Higienizacao_TSICFG.sql:1304 ROWCOUNT=0
[OK 474/1001] INSERT Revisao Master Deploy/16_Aplicar_Higienizacao_TSICFG.sql:1306 ROWCOUNT=0
[OK 475/1001] INSERT Revisao Master Deploy/16_Aplicar_Higienizacao_TSICFG.sql:1307 ROWCOUNT=0
[OK 476/1001] INSERT Revisao Master Deploy/16_Aplicar_Higienizacao_TSICFG.sql:1310 ROWCOUNT=0
[OK 477/1001] INSERT Revisao Master Deploy/16_Aplicar_Higienizacao_TSICFG.sql:1332 ROWCOUNT=0
[OK 478/1001] INSERT Revisao Master Deploy/16_Aplicar_Higienizacao_TSICFG.sql:1333 ROWCOUNT=0
[OK 479/1001] INSERT Revisao Master Deploy/16_Aplicar_Higienizacao_TSICFG.sql:1334 ROWCOUNT=0
[OK 480/1001] INSERT Revisao Master Deploy/16_Aplicar_Higienizacao_TSICFG.sql:1389 ROWCOUNT=0
[OK 481/1001] INSERT Revisao Master Deploy/16_Aplicar_Higienizacao_TSICFG.sql:1399 ROWCOUNT=0
[OK 482/1001] INSERT Revisao Master Deploy/16_Aplicar_Higienizacao_TSICFG.sql:1400 ROWCOUNT=0
[OK 483/1001] INSERT Revisao Master Deploy/16_Aplicar_Higienizacao_TSICFG.sql:1427 ROWCOUNT=0
[OK 484/1001] INSERT Revisao Master Deploy/16_Aplicar_Higienizacao_TSICFG.sql:1429 ROWCOUNT=0
[OK 485/1001] INSERT Revisao Master Deploy/16_Aplicar_Higienizacao_TSICFG.sql:1441 ROWCOUNT=0
[OK 486/1001] INSERT Revisao Master Deploy/16_Aplicar_Higienizacao_TSICFG.sql:1443 ROWCOUNT=0
[OK 487/1001] INSERT Revisao Master Deploy/16_Aplicar_Higienizacao_TSICFG.sql:1444 ROWCOUNT=0
[OK 488/1001] INSERT Revisao Master Deploy/16_Aplicar_Higienizacao_TSICFG.sql:1445 ROWCOUNT=0
[OK 489/1001] INSERT Revisao Master Deploy/16_Aplicar_Higienizacao_TSICFG.sql:1446 ROWCOUNT=0
[OK 490/1001] INSERT Revisao Master Deploy/16_Aplicar_Higienizacao_TSICFG.sql:1447 ROWCOUNT=0
[OK 491/1001] INSERT Revisao Master Deploy/16_Aplicar_Higienizacao_TSICFG.sql:1448 ROWCOUNT=0
[OK 492/1001] INSERT Revisao Master Deploy/16_Aplicar_Higienizacao_TSICFG.sql:1449 ROWCOUNT=0
[OK 493/1001] INSERT Revisao Master Deploy/16_Aplicar_Higienizacao_TSICFG.sql:1455 ROWCOUNT=0
[OK 494/1001] INSERT Revisao Master Deploy/16_Aplicar_Higienizacao_TSICFG.sql:1457 ROWCOUNT=0
[OK 495/1001] INSERT Revisao Master Deploy/16_Aplicar_Higienizacao_TSICFG.sql:1459 ROWCOUNT=0
[OK 496/1001] INSERT Revisao Master Deploy/16_Aplicar_Higienizacao_TSICFG.sql:1460 ROWCOUNT=0
[OK 497/1001] INSERT Revisao Master Deploy/16_Aplicar_Higienizacao_TSICFG.sql:1483 ROWCOUNT=0
[OK 498/1001] INSERT Revisao Master Deploy/16_Aplicar_Higienizacao_TSICFG.sql:1485 ROWCOUNT=0
[OK 499/1001] INSERT Revisao Master Deploy/16_Aplicar_Higienizacao_TSICFG.sql:1487 ROWCOUNT=0
[OK 500/1001] INSERT Revisao Master Deploy/16_Aplicar_Higienizacao_TSICFG.sql:1488 ROWCOUNT=0
[OK 501/1001] INSERT Revisao Master Deploy/16_Aplicar_Higienizacao_TSICFG.sql:1489 ROWCOUNT=0
[OK 502/1001] INSERT Revisao Master Deploy/16_Aplicar_Higienizacao_TSICFG.sql:1493 ROWCOUNT=0
[OK 503/1001] INSERT Revisao Master Deploy/16_Aplicar_Higienizacao_TSICFG.sql:1494 ROWCOUNT=0
[OK 504/1001] INSERT Revisao Master Deploy/16_Aplicar_Higienizacao_TSICFG.sql:1537 ROWCOUNT=0
[OK 505/1001] INSERT Revisao Master Deploy/16_Aplicar_Higienizacao_TSICFG.sql:1561 ROWCOUNT=0
[OK 506/1001] INSERT Revisao Master Deploy/16_Aplicar_Higienizacao_TSICFG.sql:1585 ROWCOUNT=0
[OK 507/1001] INSERT Revisao Master Deploy/16_Aplicar_Higienizacao_TSICFG.sql:1586 ROWCOUNT=0
[OK 508/1001] INSERT Revisao Master Deploy/16_Aplicar_Higienizacao_TSICFG.sql:1587 ROWCOUNT=0
[OK 509/1001] INSERT Revisao Master Deploy/16_Aplicar_Higienizacao_TSICFG.sql:1588 ROWCOUNT=0
[OK 510/1001] INSERT Revisao Master Deploy/16_Aplicar_Higienizacao_TSICFG.sql:1589 ROWCOUNT=0
[OK 511/1001] INSERT Revisao Master Deploy/16_Aplicar_Higienizacao_TSICFG.sql:1590 ROWCOUNT=0
[OK 512/1001] INSERT Revisao Master Deploy/16_Aplicar_Higienizacao_TSICFG.sql:1591 ROWCOUNT=0
[OK 513/1001] INSERT Revisao Master Deploy/16_Aplicar_Higienizacao_TSICFG.sql:1592 ROWCOUNT=0
[OK 514/1001] INSERT Revisao Master Deploy/16_Aplicar_Higienizacao_TSICFG.sql:1594 ROWCOUNT=0
[OK 515/1001] INSERT Revisao Master Deploy/16_Aplicar_Higienizacao_TSICFG.sql:1596 ROWCOUNT=0
[OK 516/1001] INSERT Revisao Master Deploy/16_Aplicar_Higienizacao_TSICFG.sql:1597 ROWCOUNT=0
[OK 517/1001] INSERT Revisao Master Deploy/16_Aplicar_Higienizacao_TSICFG.sql:1598 ROWCOUNT=0
[OK 518/1001] INSERT Revisao Master Deploy/16_Aplicar_Higienizacao_TSICFG.sql:1599 ROWCOUNT=0
[OK 519/1001] INSERT Revisao Master Deploy/16_Aplicar_Higienizacao_TSICFG.sql:1600 ROWCOUNT=0
[OK 520/1001] INSERT Revisao Master Deploy/16_Aplicar_Higienizacao_TSICFG.sql:1601 ROWCOUNT=0
[OK 521/1001] INSERT Revisao Master Deploy/16_Aplicar_Higienizacao_TSICFG.sql:1602 ROWCOUNT=0
[OK 522/1001] INSERT Revisao Master Deploy/16_Aplicar_Higienizacao_TSICFG.sql:1604 ROWCOUNT=0
[OK 523/1001] INSERT Revisao Master Deploy/16_Aplicar_Higienizacao_TSICFG.sql:1608 ROWCOUNT=0
[OK 524/1001] INSERT Revisao Master Deploy/16_Aplicar_Higienizacao_TSICFG.sql:1610 ROWCOUNT=0
[OK 525/1001] INSERT Revisao Master Deploy/16_Aplicar_Higienizacao_TSICFG.sql:1611 ROWCOUNT=0
[OK 526/1001] INSERT Revisao Master Deploy/16_Aplicar_Higienizacao_TSICFG.sql:1615 ROWCOUNT=0
[OK 527/1001] INSERT Revisao Master Deploy/16_Aplicar_Higienizacao_TSICFG.sql:1638 ROWCOUNT=0
[OK 528/1001] INSERT Revisao Master Deploy/16_Aplicar_Higienizacao_TSICFG.sql:1641 ROWCOUNT=0
[OK 529/1001] INSERT Revisao Master Deploy/16_Aplicar_Higienizacao_TSICFG.sql:1642 ROWCOUNT=0
[OK 530/1001] INSERT Revisao Master Deploy/16_Aplicar_Higienizacao_TSICFG.sql:1644 ROWCOUNT=0
[OK 531/1001] INSERT Revisao Master Deploy/16_Aplicar_Higienizacao_TSICFG.sql:1645 ROWCOUNT=0
[OK 532/1001] INSERT Revisao Master Deploy/16_Aplicar_Higienizacao_TSICFG.sql:1647 ROWCOUNT=0
[OK 533/1001] INSERT Revisao Master Deploy/16_Aplicar_Higienizacao_TSICFG.sql:1648 ROWCOUNT=0
[OK 534/1001] INSERT Revisao Master Deploy/16_Aplicar_Higienizacao_TSICFG.sql:1649 ROWCOUNT=0
[OK 535/1001] INSERT Revisao Master Deploy/16_Aplicar_Higienizacao_TSICFG.sql:1651 ROWCOUNT=0
[OK 536/1001] INSERT Revisao Master Deploy/16_Aplicar_Higienizacao_TSICFG.sql:1652 ROWCOUNT=0
[OK 537/1001] INSERT Revisao Master Deploy/16_Aplicar_Higienizacao_TSICFG.sql:1654 ROWCOUNT=0
[OK 538/1001] INSERT Revisao Master Deploy/16_Aplicar_Higienizacao_TSICFG.sql:1655 ROWCOUNT=0
[OK 539/1001] INSERT Revisao Master Deploy/16_Aplicar_Higienizacao_TSICFG.sql:1656 ROWCOUNT=0
[OK 540/1001] INSERT Revisao Master Deploy/16_Aplicar_Higienizacao_TSICFG.sql:1657 ROWCOUNT=0
[OK 541/1001] INSERT Revisao Master Deploy/16_Aplicar_Higienizacao_TSICFG.sql:1658 ROWCOUNT=0
[OK 542/1001] INSERT Revisao Master Deploy/16_Aplicar_Higienizacao_TSICFG.sql:1659 ROWCOUNT=0
[OK 543/1001] INSERT Revisao Master Deploy/16_Aplicar_Higienizacao_TSICFG.sql:1660 ROWCOUNT=0
[OK 544/1001] INSERT Revisao Master Deploy/16_Aplicar_Higienizacao_TSICFG.sql:1661 ROWCOUNT=0
[OK 545/1001] INSERT Revisao Master Deploy/16_Aplicar_Higienizacao_TSICFG.sql:1662 ROWCOUNT=0
[OK 546/1001] INSERT Revisao Master Deploy/16_Aplicar_Higienizacao_TSICFG.sql:1663 ROWCOUNT=0
[OK 547/1001] INSERT Revisao Master Deploy/16_Aplicar_Higienizacao_TSICFG.sql:1664 ROWCOUNT=0
[OK 548/1001] INSERT Revisao Master Deploy/16_Aplicar_Higienizacao_TSICFG.sql:1665 ROWCOUNT=0
[OK 549/1001] INSERT Revisao Master Deploy/16_Aplicar_Higienizacao_TSICFG.sql:1666 ROWCOUNT=0
[OK 550/1001] INSERT Revisao Master Deploy/16_Aplicar_Higienizacao_TSICFG.sql:1667 ROWCOUNT=0
[OK 551/1001] INSERT Revisao Master Deploy/16_Aplicar_Higienizacao_TSICFG.sql:1668 ROWCOUNT=0
[OK 552/1001] INSERT Revisao Master Deploy/16_Aplicar_Higienizacao_TSICFG.sql:1669 ROWCOUNT=0
[OK 553/1001] INSERT Revisao Master Deploy/16_Aplicar_Higienizacao_TSICFG.sql:1670 ROWCOUNT=0
[OK 554/1001] INSERT Revisao Master Deploy/16_Aplicar_Higienizacao_TSICFG.sql:1672 ROWCOUNT=0
[OK 555/1001] INSERT Revisao Master Deploy/16_Aplicar_Higienizacao_TSICFG.sql:1673 ROWCOUNT=0
[OK 556/1001] INSERT Revisao Master Deploy/16_Aplicar_Higienizacao_TSICFG.sql:1676 ROWCOUNT=0
[OK 557/1001] INSERT Revisao Master Deploy/16_Aplicar_Higienizacao_TSICFG.sql:1677 ROWCOUNT=0
[OK 558/1001] INSERT Revisao Master Deploy/16_Aplicar_Higienizacao_TSICFG.sql:1678 ROWCOUNT=0
[OK 559/1001] INSERT Revisao Master Deploy/16_Aplicar_Higienizacao_TSICFG.sql:1679 ROWCOUNT=0
[OK 560/1001] INSERT Revisao Master Deploy/16_Aplicar_Higienizacao_TSICFG.sql:1680 ROWCOUNT=0
[OK 561/1001] INSERT Revisao Master Deploy/16_Aplicar_Higienizacao_TSICFG.sql:1681 ROWCOUNT=0
[OK 562/1001] INSERT Revisao Master Deploy/16_Aplicar_Higienizacao_TSICFG.sql:1685 ROWCOUNT=0
[OK 563/1001] INSERT Revisao Master Deploy/16_Aplicar_Higienizacao_TSICFG.sql:1686 ROWCOUNT=0
[OK 564/1001] INSERT Revisao Master Deploy/16_Aplicar_Higienizacao_TSICFG.sql:1687 ROWCOUNT=0
[OK 565/1001] INSERT Revisao Master Deploy/16_Aplicar_Higienizacao_TSICFG.sql:1688 ROWCOUNT=0
[OK 566/1001] INSERT Revisao Master Deploy/16_Aplicar_Higienizacao_TSICFG.sql:1689 ROWCOUNT=0
[OK 567/1001] INSERT Revisao Master Deploy/16_Aplicar_Higienizacao_TSICFG.sql:1690 ROWCOUNT=0
[OK 568/1001] INSERT Revisao Master Deploy/16_Aplicar_Higienizacao_TSICFG.sql:1691 ROWCOUNT=0
[OK 569/1001] INSERT Revisao Master Deploy/16_Aplicar_Higienizacao_TSICFG.sql:1692 ROWCOUNT=0
[OK 570/1001] INSERT Revisao Master Deploy/16_Aplicar_Higienizacao_TSICFG.sql:1693 ROWCOUNT=0
[OK 571/1001] INSERT Revisao Master Deploy/16_Aplicar_Higienizacao_TSICFG.sql:1694 ROWCOUNT=0
[OK 572/1001] INSERT Revisao Master Deploy/16_Aplicar_Higienizacao_TSICFG.sql:1695 ROWCOUNT=0
[OK 573/1001] INSERT Revisao Master Deploy/16_Aplicar_Higienizacao_TSICFG.sql:1696 ROWCOUNT=0
[OK 574/1001] INSERT Revisao Master Deploy/16_Aplicar_Higienizacao_TSICFG.sql:1697 ROWCOUNT=0
[OK 575/1001] INSERT Revisao Master Deploy/16_Aplicar_Higienizacao_TSICFG.sql:1698 ROWCOUNT=0
[OK 576/1001] INSERT Revisao Master Deploy/16_Aplicar_Higienizacao_TSICFG.sql:1699 ROWCOUNT=0
[OK 577/1001] INSERT Revisao Master Deploy/16_Aplicar_Higienizacao_TSICFG.sql:1700 ROWCOUNT=0
[OK 578/1001] INSERT Revisao Master Deploy/16_Aplicar_Higienizacao_TSICFG.sql:1701 ROWCOUNT=0
[OK 579/1001] INSERT Revisao Master Deploy/16_Aplicar_Higienizacao_TSICFG.sql:1702 ROWCOUNT=0
[OK 580/1001] INSERT Revisao Master Deploy/16_Aplicar_Higienizacao_TSICFG.sql:1703 ROWCOUNT=0
[OK 581/1001] INSERT Revisao Master Deploy/16_Aplicar_Higienizacao_TSICFG.sql:1705 ROWCOUNT=0
[OK 582/1001] INSERT Revisao Master Deploy/16_Aplicar_Higienizacao_TSICFG.sql:1706 ROWCOUNT=0
[OK 583/1001] INSERT Revisao Master Deploy/16_Aplicar_Higienizacao_TSICFG.sql:1708 ROWCOUNT=0
[OK 584/1001] INSERT Revisao Master Deploy/16_Aplicar_Higienizacao_TSICFG.sql:1709 ROWCOUNT=0
[OK 585/1001] INSERT Revisao Master Deploy/16_Aplicar_Higienizacao_TSICFG.sql:1710 ROWCOUNT=0
[OK 586/1001] INSERT Revisao Master Deploy/16_Aplicar_Higienizacao_TSICFG.sql:1711 ROWCOUNT=0
[OK 587/1001] INSERT Revisao Master Deploy/16_Aplicar_Higienizacao_TSICFG.sql:1712 ROWCOUNT=0
[OK 588/1001] INSERT Revisao Master Deploy/16_Aplicar_Higienizacao_TSICFG.sql:1713 ROWCOUNT=0
[OK 589/1001] INSERT Revisao Master Deploy/16_Aplicar_Higienizacao_TSICFG.sql:1714 ROWCOUNT=0
[OK 590/1001] INSERT Revisao Master Deploy/16_Aplicar_Higienizacao_TSICFG.sql:1715 ROWCOUNT=0
[OK 591/1001] INSERT Revisao Master Deploy/16_Aplicar_Higienizacao_TSICFG.sql:1718 ROWCOUNT=0
[OK 592/1001] INSERT Revisao Master Deploy/16_Aplicar_Higienizacao_TSICFG.sql:1719 ROWCOUNT=0
[OK 593/1001] INSERT Revisao Master Deploy/16_Aplicar_Higienizacao_TSICFG.sql:1720 ROWCOUNT=0
[OK 594/1001] INSERT Revisao Master Deploy/16_Aplicar_Higienizacao_TSICFG.sql:1721 ROWCOUNT=0
[OK 595/1001] INSERT Revisao Master Deploy/16_Aplicar_Higienizacao_TSICFG.sql:1722 ROWCOUNT=0
[OK 596/1001] INSERT Revisao Master Deploy/16_Aplicar_Higienizacao_TSICFG.sql:1723 ROWCOUNT=0
[OK 597/1001] INSERT Revisao Master Deploy/16_Aplicar_Higienizacao_TSICFG.sql:1724 ROWCOUNT=0
[OK 598/1001] INSERT Revisao Master Deploy/16_Aplicar_Higienizacao_TSICFG.sql:1725 ROWCOUNT=0
[OK 599/1001] INSERT Revisao Master Deploy/16_Aplicar_Higienizacao_TSICFG.sql:1726 ROWCOUNT=0
[OK 600/1001] INSERT Revisao Master Deploy/16_Aplicar_Higienizacao_TSICFG.sql:1727 ROWCOUNT=0
[OK 601/1001] INSERT Revisao Master Deploy/16_Aplicar_Higienizacao_TSICFG.sql:1728 ROWCOUNT=0
[OK 602/1001] INSERT Revisao Master Deploy/16_Aplicar_Higienizacao_TSICFG.sql:1729 ROWCOUNT=0
[OK 603/1001] INSERT Revisao Master Deploy/16_Aplicar_Higienizacao_TSICFG.sql:1730 ROWCOUNT=0
[OK 604/1001] INSERT Revisao Master Deploy/16_Aplicar_Higienizacao_TSICFG.sql:1731 ROWCOUNT=0
[OK 605/1001] INSERT Revisao Master Deploy/16_Aplicar_Higienizacao_TSICFG.sql:1732 ROWCOUNT=0
[OK 606/1001] INSERT Revisao Master Deploy/16_Aplicar_Higienizacao_TSICFG.sql:1733 ROWCOUNT=0
[OK 607/1001] INSERT Revisao Master Deploy/16_Aplicar_Higienizacao_TSICFG.sql:1734 ROWCOUNT=0
[OK 608/1001] INSERT Revisao Master Deploy/16_Aplicar_Higienizacao_TSICFG.sql:1735 ROWCOUNT=0
[OK 609/1001] INSERT Revisao Master Deploy/16_Aplicar_Higienizacao_TSICFG.sql:1736 ROWCOUNT=0
[OK 610/1001] INSERT Revisao Master Deploy/16_Aplicar_Higienizacao_TSICFG.sql:1742 ROWCOUNT=0
[OK 611/1001] INSERT Revisao Master Deploy/16_Aplicar_Higienizacao_TSICFG.sql:1748 ROWCOUNT=0
[OK 612/1001] INSERT Revisao Master Deploy/16_Aplicar_Higienizacao_TSICFG.sql:1750 ROWCOUNT=0
[OK 613/1001] INSERT Revisao Master Deploy/16_Aplicar_Higienizacao_TSICFG.sql:1751 ROWCOUNT=0
[OK 614/1001] INSERT Revisao Master Deploy/16_Aplicar_Higienizacao_TSICFG.sql:1752 ROWCOUNT=0
[OK 615/1001] INSERT Revisao Master Deploy/16_Aplicar_Higienizacao_TSICFG.sql:1753 ROWCOUNT=0
[OK 616/1001] INSERT Revisao Master Deploy/16_Aplicar_Higienizacao_TSICFG.sql:1756 ROWCOUNT=0
[OK 617/1001] INSERT Revisao Master Deploy/16_Aplicar_Higienizacao_TSICFG.sql:1757 ROWCOUNT=0
[OK 618/1001] INSERT Revisao Master Deploy/16_Aplicar_Higienizacao_TSICFG.sql:1760 ROWCOUNT=0
[OK 619/1001] INSERT Revisao Master Deploy/16_Aplicar_Higienizacao_TSICFG.sql:1761 ROWCOUNT=0
[OK 620/1001] INSERT Revisao Master Deploy/16_Aplicar_Higienizacao_TSICFG.sql:1762 ROWCOUNT=0
[OK 621/1001] INSERT Revisao Master Deploy/16_Aplicar_Higienizacao_TSICFG.sql:1763 ROWCOUNT=0
[OK 622/1001] INSERT Revisao Master Deploy/16_Aplicar_Higienizacao_TSICFG.sql:1764 ROWCOUNT=0
[OK 623/1001] INSERT Revisao Master Deploy/16_Aplicar_Higienizacao_TSICFG.sql:1765 ROWCOUNT=0
[OK 624/1001] INSERT Revisao Master Deploy/16_Aplicar_Higienizacao_TSICFG.sql:1766 ROWCOUNT=0
[OK 625/1001] INSERT Revisao Master Deploy/16_Aplicar_Higienizacao_TSICFG.sql:1767 ROWCOUNT=0
[OK 626/1001] INSERT Revisao Master Deploy/16_Aplicar_Higienizacao_TSICFG.sql:1768 ROWCOUNT=0
[OK 627/1001] INSERT Revisao Master Deploy/16_Aplicar_Higienizacao_TSICFG.sql:1769 ROWCOUNT=0
[OK 628/1001] INSERT Revisao Master Deploy/16_Aplicar_Higienizacao_TSICFG.sql:1784 ROWCOUNT=0
[OK 629/1001] INSERT Revisao Master Deploy/16_Aplicar_Higienizacao_TSICFG.sql:1786 ROWCOUNT=0
[OK 630/1001] INSERT Revisao Master Deploy/16_Aplicar_Higienizacao_TSICFG.sql:1787 ROWCOUNT=0
[OK 631/1001] INSERT Revisao Master Deploy/16_Aplicar_Higienizacao_TSICFG.sql:1790 ROWCOUNT=0
[OK 632/1001] INSERT Revisao Master Deploy/16_Aplicar_Higienizacao_TSICFG.sql:1791 ROWCOUNT=0
[OK 633/1001] INSERT Revisao Master Deploy/16_Aplicar_Higienizacao_TSICFG.sql:1792 ROWCOUNT=0
[OK 634/1001] INSERT Revisao Master Deploy/16_Aplicar_Higienizacao_TSICFG.sql:1793 ROWCOUNT=0
[OK 635/1001] INSERT Revisao Master Deploy/16_Aplicar_Higienizacao_TSICFG.sql:1794 ROWCOUNT=0
[OK 636/1001] INSERT Revisao Master Deploy/16_Aplicar_Higienizacao_TSICFG.sql:1796 ROWCOUNT=0
[OK 637/1001] INSERT Revisao Master Deploy/16_Aplicar_Higienizacao_TSICFG.sql:1798 ROWCOUNT=0
[OK 638/1001] INSERT Revisao Master Deploy/16_Aplicar_Higienizacao_TSICFG.sql:1800 ROWCOUNT=0
[OK 639/1001] INSERT Revisao Master Deploy/16_Aplicar_Higienizacao_TSICFG.sql:1801 ROWCOUNT=0
[OK 640/1001] INSERT Revisao Master Deploy/16_Aplicar_Higienizacao_TSICFG.sql:1803 ROWCOUNT=0
[OK 641/1001] INSERT Revisao Master Deploy/16_Aplicar_Higienizacao_TSICFG.sql:1804 ROWCOUNT=0
[OK 642/1001] INSERT Revisao Master Deploy/16_Aplicar_Higienizacao_TSICFG.sql:1814 ROWCOUNT=0
[OK 643/1001] INSERT Revisao Master Deploy/16_Aplicar_Higienizacao_TSICFG.sql:1816 ROWCOUNT=0
[OK 644/1001] INSERT Revisao Master Deploy/16_Aplicar_Higienizacao_TSICFG.sql:1817 ROWCOUNT=0
[OK 645/1001] INSERT Revisao Master Deploy/16_Aplicar_Higienizacao_TSICFG.sql:1818 ROWCOUNT=0
[OK 646/1001] INSERT Revisao Master Deploy/16_Aplicar_Higienizacao_TSICFG.sql:1858 ROWCOUNT=0
[OK 647/1001] INSERT Revisao Master Deploy/16_Aplicar_Higienizacao_TSICFG.sql:1859 ROWCOUNT=0
[OK 648/1001] INSERT Revisao Master Deploy/16_Aplicar_Higienizacao_TSICFG.sql:1860 ROWCOUNT=0
[OK 649/1001] INSERT Revisao Master Deploy/16_Aplicar_Higienizacao_TSICFG.sql:1861 ROWCOUNT=0
[OK 650/1001] INSERT Revisao Master Deploy/16_Aplicar_Higienizacao_TSICFG.sql:1862 ROWCOUNT=0
[OK 651/1001] INSERT Revisao Master Deploy/16_Aplicar_Higienizacao_TSICFG.sql:1868 ROWCOUNT=0
[OK 652/1001] INSERT Revisao Master Deploy/16_Aplicar_Higienizacao_TSICFG.sql:1869 ROWCOUNT=0
[OK 653/1001] INSERT Revisao Master Deploy/16_Aplicar_Higienizacao_TSICFG.sql:1870 ROWCOUNT=0
[OK 654/1001] INSERT Revisao Master Deploy/16_Aplicar_Higienizacao_TSICFG.sql:1871 ROWCOUNT=0
[OK 655/1001] INSERT Revisao Master Deploy/16_Aplicar_Higienizacao_TSICFG.sql:1872 ROWCOUNT=0
[OK 656/1001] INSERT Revisao Master Deploy/16_Aplicar_Higienizacao_TSICFG.sql:1875 ROWCOUNT=0
[OK 657/1001] INSERT Revisao Master Deploy/16_Aplicar_Higienizacao_TSICFG.sql:1877 ROWCOUNT=0
[OK 658/1001] INSERT Revisao Master Deploy/16_Aplicar_Higienizacao_TSICFG.sql:1878 ROWCOUNT=0
[OK 659/1001] INSERT Revisao Master Deploy/16_Aplicar_Higienizacao_TSICFG.sql:1881 ROWCOUNT=0
[OK 660/1001] INSERT Revisao Master Deploy/16_Aplicar_Higienizacao_TSICFG.sql:1883 ROWCOUNT=0
[OK 661/1001] INSERT Revisao Master Deploy/16_Aplicar_Higienizacao_TSICFG.sql:1886 ROWCOUNT=0
[OK 662/1001] INSERT Revisao Master Deploy/16_Aplicar_Higienizacao_TSICFG.sql:1887 ROWCOUNT=0
[OK 663/1001] INSERT Revisao Master Deploy/16_Aplicar_Higienizacao_TSICFG.sql:1888 ROWCOUNT=0
[OK 664/1001] INSERT Revisao Master Deploy/16_Aplicar_Higienizacao_TSICFG.sql:1890 ROWCOUNT=0
[OK 665/1001] INSERT Revisao Master Deploy/16_Aplicar_Higienizacao_TSICFG.sql:1891 ROWCOUNT=0
[OK 666/1001] INSERT Revisao Master Deploy/16_Aplicar_Higienizacao_TSICFG.sql:1892 ROWCOUNT=0
[OK 667/1001] INSERT Revisao Master Deploy/16_Aplicar_Higienizacao_TSICFG.sql:1893 ROWCOUNT=0
[OK 668/1001] INSERT Revisao Master Deploy/16_Aplicar_Higienizacao_TSICFG.sql:1894 ROWCOUNT=0
[OK 669/1001] INSERT Revisao Master Deploy/16_Aplicar_Higienizacao_TSICFG.sql:1895 ROWCOUNT=0
[OK 670/1001] INSERT Revisao Master Deploy/16_Aplicar_Higienizacao_TSICFG.sql:1896 ROWCOUNT=0
[OK 671/1001] INSERT Revisao Master Deploy/16_Aplicar_Higienizacao_TSICFG.sql:1897 ROWCOUNT=0
[OK 672/1001] INSERT Revisao Master Deploy/16_Aplicar_Higienizacao_TSICFG.sql:1898 ROWCOUNT=0
[OK 673/1001] INSERT Revisao Master Deploy/16_Aplicar_Higienizacao_TSICFG.sql:1899 ROWCOUNT=0
[OK 674/1001] INSERT Revisao Master Deploy/16_Aplicar_Higienizacao_TSICFG.sql:1907 ROWCOUNT=0
[OK 675/1001] INSERT Revisao Master Deploy/16_Aplicar_Higienizacao_TSICFG.sql:1910 ROWCOUNT=0
[OK 676/1001] INSERT Revisao Master Deploy/16_Aplicar_Higienizacao_TSICFG.sql:1911 ROWCOUNT=0
[OK 677/1001] INSERT Revisao Master Deploy/16_Aplicar_Higienizacao_TSICFG.sql:1912 ROWCOUNT=0
[OK 678/1001] INSERT Revisao Master Deploy/16_Aplicar_Higienizacao_TSICFG.sql:1913 ROWCOUNT=0
[OK 679/1001] INSERT Revisao Master Deploy/16_Aplicar_Higienizacao_TSICFG.sql:1914 ROWCOUNT=0
[OK 680/1001] INSERT Revisao Master Deploy/16_Aplicar_Higienizacao_TSICFG.sql:1915 ROWCOUNT=0
[OK 681/1001] INSERT Revisao Master Deploy/16_Aplicar_Higienizacao_TSICFG.sql:1918 ROWCOUNT=0
[OK 682/1001] INSERT Revisao Master Deploy/16_Aplicar_Higienizacao_TSICFG.sql:1920 ROWCOUNT=0
[OK 683/1001] INSERT Revisao Master Deploy/16_Aplicar_Higienizacao_TSICFG.sql:1922 ROWCOUNT=0
[OK 684/1001] INSERT Revisao Master Deploy/16_Aplicar_Higienizacao_TSICFG.sql:1923 ROWCOUNT=0
[OK 685/1001] INSERT Revisao Master Deploy/16_Aplicar_Higienizacao_TSICFG.sql:1924 ROWCOUNT=0
[OK 686/1001] INSERT Revisao Master Deploy/16_Aplicar_Higienizacao_TSICFG.sql:1926 ROWCOUNT=0
[OK 687/1001] INSERT Revisao Master Deploy/16_Aplicar_Higienizacao_TSICFG.sql:1927 ROWCOUNT=0
[OK 688/1001] INSERT Revisao Master Deploy/16_Aplicar_Higienizacao_TSICFG.sql:1928 ROWCOUNT=0
[OK 689/1001] INSERT Revisao Master Deploy/16_Aplicar_Higienizacao_TSICFG.sql:1931 ROWCOUNT=0
[OK 690/1001] INSERT Revisao Master Deploy/16_Aplicar_Higienizacao_TSICFG.sql:1932 ROWCOUNT=0
[OK 691/1001] INSERT Revisao Master Deploy/16_Aplicar_Higienizacao_TSICFG.sql:1933 ROWCOUNT=0
[OK 692/1001] INSERT Revisao Master Deploy/16_Aplicar_Higienizacao_TSICFG.sql:1935 ROWCOUNT=0
[OK 693/1001] INSERT Revisao Master Deploy/16_Aplicar_Higienizacao_TSICFG.sql:1937 ROWCOUNT=0
[OK 694/1001] INSERT Revisao Master Deploy/16_Aplicar_Higienizacao_TSICFG.sql:1938 ROWCOUNT=0
[OK 695/1001] INSERT Revisao Master Deploy/16_Aplicar_Higienizacao_TSICFG.sql:1964 ROWCOUNT=0
[OK 696/1001] INSERT Revisao Master Deploy/16_Aplicar_Higienizacao_TSICFG.sql:1967 ROWCOUNT=0
[OK 697/1001] INSERT Revisao Master Deploy/16_Aplicar_Higienizacao_TSICFG.sql:1968 ROWCOUNT=0
[OK 698/1001] INSERT Revisao Master Deploy/16_Aplicar_Higienizacao_TSICFG.sql:1972 ROWCOUNT=0
[OK 699/1001] INSERT Revisao Master Deploy/16_Aplicar_Higienizacao_TSICFG.sql:1973 ROWCOUNT=0
[OK 700/1001] INSERT Revisao Master Deploy/16_Aplicar_Higienizacao_TSICFG.sql:1974 ROWCOUNT=0
[OK 701/1001] INSERT Revisao Master Deploy/16_Aplicar_Higienizacao_TSICFG.sql:1975 ROWCOUNT=0
[OK 702/1001] INSERT Revisao Master Deploy/16_Aplicar_Higienizacao_TSICFG.sql:1976 ROWCOUNT=0
[OK 703/1001] INSERT Revisao Master Deploy/16_Aplicar_Higienizacao_TSICFG.sql:1978 ROWCOUNT=0
[OK 704/1001] INSERT Revisao Master Deploy/16_Aplicar_Higienizacao_TSICFG.sql:1980 ROWCOUNT=0
[OK 705/1001] INSERT Revisao Master Deploy/16_Aplicar_Higienizacao_TSICFG.sql:1982 ROWCOUNT=0
[OK 706/1001] INSERT Revisao Master Deploy/16_Aplicar_Higienizacao_TSICFG.sql:1986 ROWCOUNT=0
[OK 707/1001] INSERT Revisao Master Deploy/16_Aplicar_Higienizacao_TSICFG.sql:1987 ROWCOUNT=0
[OK 708/1001] INSERT Revisao Master Deploy/16_Aplicar_Higienizacao_TSICFG.sql:1988 ROWCOUNT=0
[OK 709/1001] INSERT Revisao Master Deploy/16_Aplicar_Higienizacao_TSICFG.sql:1990 ROWCOUNT=0
[OK 710/1001] INSERT Revisao Master Deploy/16_Aplicar_Higienizacao_TSICFG.sql:1991 ROWCOUNT=0
[OK 711/1001] INSERT Revisao Master Deploy/16_Aplicar_Higienizacao_TSICFG.sql:1992 ROWCOUNT=0
[OK 712/1001] INSERT Revisao Master Deploy/16_Aplicar_Higienizacao_TSICFG.sql:1993 ROWCOUNT=0
[OK 713/1001] INSERT Revisao Master Deploy/16_Aplicar_Higienizacao_TSICFG.sql:1994 ROWCOUNT=0
[OK 714/1001] INSERT Revisao Master Deploy/16_Aplicar_Higienizacao_TSICFG.sql:2002 ROWCOUNT=0
[OK 715/1001] INSERT Revisao Master Deploy/16_Aplicar_Higienizacao_TSICFG.sql:2003 ROWCOUNT=0
[OK 716/1001] INSERT Revisao Master Deploy/16_Aplicar_Higienizacao_TSICFG.sql:2004 ROWCOUNT=0
[OK 717/1001] INSERT Revisao Master Deploy/16_Aplicar_Higienizacao_TSICFG.sql:2005 ROWCOUNT=0
[OK 718/1001] INSERT Revisao Master Deploy/16_Aplicar_Higienizacao_TSICFG.sql:2007 ROWCOUNT=0
[OK 719/1001] INSERT Revisao Master Deploy/16_Aplicar_Higienizacao_TSICFG.sql:2008 ROWCOUNT=0
[OK 720/1001] INSERT Revisao Master Deploy/16_Aplicar_Higienizacao_TSICFG.sql:2010 ROWCOUNT=0
[OK 721/1001] INSERT Revisao Master Deploy/16_Aplicar_Higienizacao_TSICFG.sql:2013 ROWCOUNT=0
[OK 722/1001] INSERT Revisao Master Deploy/16_Aplicar_Higienizacao_TSICFG.sql:2014 ROWCOUNT=0
[OK 723/1001] INSERT Revisao Master Deploy/16_Aplicar_Higienizacao_TSICFG.sql:2015 ROWCOUNT=0
[OK 724/1001] INSERT Revisao Master Deploy/16_Aplicar_Higienizacao_TSICFG.sql:2017 ROWCOUNT=0
[OK 725/1001] INSERT Revisao Master Deploy/16_Aplicar_Higienizacao_TSICFG.sql:2026 ROWCOUNT=0
[OK 726/1001] INSERT Revisao Master Deploy/16_Aplicar_Higienizacao_TSICFG.sql:2028 ROWCOUNT=0
[OK 727/1001] INSERT Revisao Master Deploy/16_Aplicar_Higienizacao_TSICFG.sql:2029 ROWCOUNT=0
[OK 728/1001] INSERT Revisao Master Deploy/16_Aplicar_Higienizacao_TSICFG.sql:2030 ROWCOUNT=0
[OK 729/1001] INSERT Revisao Master Deploy/16_Aplicar_Higienizacao_TSICFG.sql:2034 ROWCOUNT=0
[OK 730/1001] INSERT Revisao Master Deploy/16_Aplicar_Higienizacao_TSICFG.sql:2035 ROWCOUNT=0
[OK 731/1001] INSERT Revisao Master Deploy/16_Aplicar_Higienizacao_TSICFG.sql:2036 ROWCOUNT=0
[OK 732/1001] INSERT Revisao Master Deploy/16_Aplicar_Higienizacao_TSICFG.sql:2040 ROWCOUNT=0
[OK 733/1001] INSERT Revisao Master Deploy/16_Aplicar_Higienizacao_TSICFG.sql:2045 ROWCOUNT=0
[OK 734/1001] INSERT Revisao Master Deploy/16_Aplicar_Higienizacao_TSICFG.sql:2046 ROWCOUNT=0
[OK 735/1001] INSERT Revisao Master Deploy/16_Aplicar_Higienizacao_TSICFG.sql:2047 ROWCOUNT=0
[OK 736/1001] INSERT Revisao Master Deploy/16_Aplicar_Higienizacao_TSICFG.sql:2048 ROWCOUNT=0
[OK 737/1001] INSERT Revisao Master Deploy/16_Aplicar_Higienizacao_TSICFG.sql:2051 ROWCOUNT=0
[OK 738/1001] INSERT Revisao Master Deploy/16_Aplicar_Higienizacao_TSICFG.sql:2059 ROWCOUNT=0
[OK 739/1001] INSERT Revisao Master Deploy/16_Aplicar_Higienizacao_TSICFG.sql:2061 ROWCOUNT=0
[OK 740/1001] INSERT Revisao Master Deploy/16_Aplicar_Higienizacao_TSICFG.sql:2062 ROWCOUNT=0
[OK 741/1001] INSERT Revisao Master Deploy/16_Aplicar_Higienizacao_TSICFG.sql:2063 ROWCOUNT=0
[OK 742/1001] INSERT Revisao Master Deploy/16_Aplicar_Higienizacao_TSICFG.sql:2065 ROWCOUNT=0
[OK 743/1001] INSERT Revisao Master Deploy/16_Aplicar_Higienizacao_TSICFG.sql:2066 ROWCOUNT=0
[OK 744/1001] INSERT Revisao Master Deploy/16_Aplicar_Higienizacao_TSICFG.sql:2067 ROWCOUNT=0
[OK 745/1001] INSERT Revisao Master Deploy/16_Aplicar_Higienizacao_TSICFG.sql:2069 ROWCOUNT=0
[OK 746/1001] INSERT Revisao Master Deploy/16_Aplicar_Higienizacao_TSICFG.sql:2070 ROWCOUNT=0
[OK 747/1001] INSERT Revisao Master Deploy/16_Aplicar_Higienizacao_TSICFG.sql:2071 ROWCOUNT=0
[OK 748/1001] INSERT Revisao Master Deploy/16_Aplicar_Higienizacao_TSICFG.sql:2072 ROWCOUNT=0
[OK 749/1001] INSERT Revisao Master Deploy/16_Aplicar_Higienizacao_TSICFG.sql:2074 ROWCOUNT=0
[OK 750/1001] INSERT Revisao Master Deploy/16_Aplicar_Higienizacao_TSICFG.sql:2077 ROWCOUNT=0
[OK 751/1001] INSERT Revisao Master Deploy/16_Aplicar_Higienizacao_TSICFG.sql:2078 ROWCOUNT=0
[OK 752/1001] INSERT Revisao Master Deploy/16_Aplicar_Higienizacao_TSICFG.sql:2079 ROWCOUNT=0
[OK 753/1001] INSERT Revisao Master Deploy/16_Aplicar_Higienizacao_TSICFG.sql:2080 ROWCOUNT=0
[OK 754/1001] INSERT Revisao Master Deploy/16_Aplicar_Higienizacao_TSICFG.sql:2081 ROWCOUNT=0
[OK 755/1001] INSERT Revisao Master Deploy/16_Aplicar_Higienizacao_TSICFG.sql:2083 ROWCOUNT=0
[OK 756/1001] INSERT Revisao Master Deploy/16_Aplicar_Higienizacao_TSICFG.sql:2086 ROWCOUNT=0
[OK 757/1001] INSERT Revisao Master Deploy/16_Aplicar_Higienizacao_TSICFG.sql:2088 ROWCOUNT=0
[OK 758/1001] INSERT Revisao Master Deploy/16_Aplicar_Higienizacao_TSICFG.sql:2089 ROWCOUNT=0
[OK 759/1001] INSERT Revisao Master Deploy/16_Aplicar_Higienizacao_TSICFG.sql:2091 ROWCOUNT=0
[OK 760/1001] INSERT Revisao Master Deploy/16_Aplicar_Higienizacao_TSICFG.sql:2093 ROWCOUNT=0
[OK 761/1001] INSERT Revisao Master Deploy/16_Aplicar_Higienizacao_TSICFG.sql:2095 ROWCOUNT=0
[OK 762/1001] INSERT Revisao Master Deploy/16_Aplicar_Higienizacao_TSICFG.sql:2097 ROWCOUNT=0
[OK 763/1001] INSERT Revisao Master Deploy/16_Aplicar_Higienizacao_TSICFG.sql:2098 ROWCOUNT=0
[OK 764/1001] INSERT Revisao Master Deploy/16_Aplicar_Higienizacao_TSICFG.sql:2103 ROWCOUNT=0
[OK 765/1001] INSERT Revisao Master Deploy/16_Aplicar_Higienizacao_TSICFG.sql:2104 ROWCOUNT=0
[OK 766/1001] INSERT Revisao Master Deploy/16_Aplicar_Higienizacao_TSICFG.sql:2105 ROWCOUNT=0
[OK 767/1001] INSERT Revisao Master Deploy/16_Aplicar_Higienizacao_TSICFG.sql:2107 ROWCOUNT=0
[OK 768/1001] INSERT Revisao Master Deploy/16_Aplicar_Higienizacao_TSICFG.sql:2108 ROWCOUNT=0
[OK 769/1001] INSERT Revisao Master Deploy/16_Aplicar_Higienizacao_TSICFG.sql:2109 ROWCOUNT=0
[OK 770/1001] INSERT Revisao Master Deploy/16_Aplicar_Higienizacao_TSICFG.sql:2110 ROWCOUNT=0
[OK 771/1001] INSERT Revisao Master Deploy/16_Aplicar_Higienizacao_TSICFG.sql:2112 ROWCOUNT=0
[OK 772/1001] INSERT Revisao Master Deploy/16_Aplicar_Higienizacao_TSICFG.sql:2113 ROWCOUNT=0
[OK 773/1001] INSERT Revisao Master Deploy/16_Aplicar_Higienizacao_TSICFG.sql:2115 ROWCOUNT=0
[OK 774/1001] INSERT Revisao Master Deploy/16_Aplicar_Higienizacao_TSICFG.sql:2117 ROWCOUNT=0
[OK 775/1001] INSERT Revisao Master Deploy/16_Aplicar_Higienizacao_TSICFG.sql:2118 ROWCOUNT=0
[OK 776/1001] INSERT Revisao Master Deploy/16_Aplicar_Higienizacao_TSICFG.sql:2119 ROWCOUNT=0
[OK 777/1001] INSERT Revisao Master Deploy/16_Aplicar_Higienizacao_TSICFG.sql:2120 ROWCOUNT=0
[OK 778/1001] INSERT Revisao Master Deploy/16_Aplicar_Higienizacao_TSICFG.sql:2122 ROWCOUNT=0
[OK 779/1001] INSERT Revisao Master Deploy/16_Aplicar_Higienizacao_TSICFG.sql:2164 ROWCOUNT=0
[OK 780/1001] INSERT Revisao Master Deploy/16_Aplicar_Higienizacao_TSICFG.sql:2165 ROWCOUNT=0
[OK 781/1001] INSERT Revisao Master Deploy/16_Aplicar_Higienizacao_TSICFG.sql:2167 ROWCOUNT=0
[OK 782/1001] INSERT Revisao Master Deploy/16_Aplicar_Higienizacao_TSICFG.sql:2168 ROWCOUNT=0
[OK 783/1001] INSERT Revisao Master Deploy/16_Aplicar_Higienizacao_TSICFG.sql:2170 ROWCOUNT=0
[OK 784/1001] INSERT Revisao Master Deploy/16_Aplicar_Higienizacao_TSICFG.sql:2171 ROWCOUNT=0
[OK 785/1001] INSERT Revisao Master Deploy/16_Aplicar_Higienizacao_TSICFG.sql:2172 ROWCOUNT=0
[OK 786/1001] INSERT Revisao Master Deploy/16_Aplicar_Higienizacao_TSICFG.sql:2173 ROWCOUNT=0
[OK 787/1001] INSERT Revisao Master Deploy/16_Aplicar_Higienizacao_TSICFG.sql:2174 ROWCOUNT=0
[OK 788/1001] INSERT Revisao Master Deploy/16_Aplicar_Higienizacao_TSICFG.sql:2177 ROWCOUNT=0
[OK 789/1001] INSERT Revisao Master Deploy/16_Aplicar_Higienizacao_TSICFG.sql:2179 ROWCOUNT=0
[OK 790/1001] INSERT Revisao Master Deploy/16_Aplicar_Higienizacao_TSICFG.sql:2180 ROWCOUNT=0
[OK 791/1001] INSERT Revisao Master Deploy/16_Aplicar_Higienizacao_TSICFG.sql:2181 ROWCOUNT=0
[OK 792/1001] INSERT Revisao Master Deploy/16_Aplicar_Higienizacao_TSICFG.sql:2183 ROWCOUNT=0
[OK 793/1001] INSERT Revisao Master Deploy/16_Aplicar_Higienizacao_TSICFG.sql:2190 ROWCOUNT=0
[OK 794/1001] INSERT Revisao Master Deploy/16_Aplicar_Higienizacao_TSICFG.sql:2191 ROWCOUNT=0
[OK 795/1001] INSERT Revisao Master Deploy/16_Aplicar_Higienizacao_TSICFG.sql:2193 ROWCOUNT=0
[OK 796/1001] INSERT Revisao Master Deploy/16_Aplicar_Higienizacao_TSICFG.sql:2194 ROWCOUNT=0
[OK 797/1001] INSERT Revisao Master Deploy/16_Aplicar_Higienizacao_TSICFG.sql:2195 ROWCOUNT=0
[OK 798/1001] INSERT Revisao Master Deploy/16_Aplicar_Higienizacao_TSICFG.sql:2196 ROWCOUNT=0
[OK 799/1001] INSERT Revisao Master Deploy/16_Aplicar_Higienizacao_TSICFG.sql:2197 ROWCOUNT=0
[OK 800/1001] INSERT Revisao Master Deploy/16_Aplicar_Higienizacao_TSICFG.sql:2208 ROWCOUNT=0
[OK 801/1001] INSERT Revisao Master Deploy/16_Aplicar_Higienizacao_TSICFG.sql:2209 ROWCOUNT=0
[OK 802/1001] INSERT Revisao Master Deploy/16_Aplicar_Higienizacao_TSICFG.sql:2213 ROWCOUNT=0
[OK 803/1001] INSERT Revisao Master Deploy/16_Aplicar_Higienizacao_TSICFG.sql:2214 ROWCOUNT=0
[OK 804/1001] INSERT Revisao Master Deploy/16_Aplicar_Higienizacao_TSICFG.sql:2215 ROWCOUNT=0
[OK 805/1001] INSERT Revisao Master Deploy/16_Aplicar_Higienizacao_TSICFG.sql:2216 ROWCOUNT=0
[OK 806/1001] INSERT Revisao Master Deploy/16_Aplicar_Higienizacao_TSICFG.sql:2224 ROWCOUNT=0
[OK 807/1001] INSERT Revisao Master Deploy/16_Aplicar_Higienizacao_TSICFG.sql:2225 ROWCOUNT=0
[OK 808/1001] INSERT Revisao Master Deploy/16_Aplicar_Higienizacao_TSICFG.sql:2226 ROWCOUNT=0
[OK 809/1001] INSERT Revisao Master Deploy/16_Aplicar_Higienizacao_TSICFG.sql:2227 ROWCOUNT=0
[OK 810/1001] INSERT Revisao Master Deploy/16_Aplicar_Higienizacao_TSICFG.sql:2230 ROWCOUNT=0
[OK 811/1001] INSERT Revisao Master Deploy/16_Aplicar_Higienizacao_TSICFG.sql:2231 ROWCOUNT=0
[OK 812/1001] INSERT Revisao Master Deploy/16_Aplicar_Higienizacao_TSICFG.sql:2232 ROWCOUNT=0
[OK 813/1001] INSERT Revisao Master Deploy/16_Aplicar_Higienizacao_TSICFG.sql:2233 ROWCOUNT=0
[OK 814/1001] INSERT Revisao Master Deploy/16_Aplicar_Higienizacao_TSICFG.sql:2234 ROWCOUNT=0
[OK 815/1001] INSERT Revisao Master Deploy/16_Aplicar_Higienizacao_TSICFG.sql:2235 ROWCOUNT=0
[OK 816/1001] INSERT Revisao Master Deploy/16_Aplicar_Higienizacao_TSICFG.sql:2236 ROWCOUNT=0
[OK 817/1001] INSERT Revisao Master Deploy/16_Aplicar_Higienizacao_TSICFG.sql:2238 ROWCOUNT=0
[OK 818/1001] INSERT Revisao Master Deploy/16_Aplicar_Higienizacao_TSICFG.sql:2240 ROWCOUNT=0
[OK 819/1001] INSERT Revisao Master Deploy/16_Aplicar_Higienizacao_TSICFG.sql:2241 ROWCOUNT=0
[OK 820/1001] INSERT Revisao Master Deploy/16_Aplicar_Higienizacao_TSICFG.sql:2242 ROWCOUNT=0
[OK 821/1001] INSERT Revisao Master Deploy/16_Aplicar_Higienizacao_TSICFG.sql:2244 ROWCOUNT=0
[OK 822/1001] INSERT Revisao Master Deploy/16_Aplicar_Higienizacao_TSICFG.sql:2245 ROWCOUNT=0
[OK 823/1001] INSERT Revisao Master Deploy/16_Aplicar_Higienizacao_TSICFG.sql:2246 ROWCOUNT=0
[OK 824/1001] INSERT Revisao Master Deploy/16_Aplicar_Higienizacao_TSICFG.sql:2247 ROWCOUNT=0
[OK 825/1001] INSERT Revisao Master Deploy/16_Aplicar_Higienizacao_TSICFG.sql:2248 ROWCOUNT=0
[OK 826/1001] INSERT Revisao Master Deploy/16_Aplicar_Higienizacao_TSICFG.sql:2250 ROWCOUNT=0
[OK 827/1001] INSERT Revisao Master Deploy/16_Aplicar_Higienizacao_TSICFG.sql:2253 ROWCOUNT=0
[OK 828/1001] INSERT Revisao Master Deploy/16_Aplicar_Higienizacao_TSICFG.sql:2255 ROWCOUNT=0
[OK 829/1001] INSERT Revisao Master Deploy/16_Aplicar_Higienizacao_TSICFG.sql:2256 ROWCOUNT=0
[OK 830/1001] INSERT Revisao Master Deploy/16_Aplicar_Higienizacao_TSICFG.sql:2258 ROWCOUNT=0
[OK 831/1001] INSERT Revisao Master Deploy/16_Aplicar_Higienizacao_TSICFG.sql:2284 ROWCOUNT=0
[OK 832/1001] INSERT Revisao Master Deploy/16_Aplicar_Higienizacao_TSICFG.sql:2285 ROWCOUNT=0
[OK 833/1001] INSERT Revisao Master Deploy/16_Aplicar_Higienizacao_TSICFG.sql:2286 ROWCOUNT=0
[OK 834/1001] INSERT Revisao Master Deploy/16_Aplicar_Higienizacao_TSICFG.sql:2287 ROWCOUNT=0
[OK 835/1001] INSERT Revisao Master Deploy/16_Aplicar_Higienizacao_TSICFG.sql:2288 ROWCOUNT=0
[OK 836/1001] INSERT Revisao Master Deploy/16_Aplicar_Higienizacao_TSICFG.sql:2289 ROWCOUNT=0
[OK 837/1001] INSERT Revisao Master Deploy/16_Aplicar_Higienizacao_TSICFG.sql:2290 ROWCOUNT=0
[OK 838/1001] INSERT Revisao Master Deploy/16_Aplicar_Higienizacao_TSICFG.sql:2291 ROWCOUNT=0
[OK 839/1001] INSERT Revisao Master Deploy/16_Aplicar_Higienizacao_TSICFG.sql:2292 ROWCOUNT=0
[OK 840/1001] INSERT Revisao Master Deploy/16_Aplicar_Higienizacao_TSICFG.sql:2293 ROWCOUNT=0
[OK 841/1001] INSERT Revisao Master Deploy/16_Aplicar_Higienizacao_TSICFG.sql:2294 ROWCOUNT=0
[OK 842/1001] INSERT Revisao Master Deploy/16_Aplicar_Higienizacao_TSICFG.sql:2295 ROWCOUNT=0
[OK 843/1001] INSERT Revisao Master Deploy/16_Aplicar_Higienizacao_TSICFG.sql:2296 ROWCOUNT=0
[OK 844/1001] INSERT Revisao Master Deploy/16_Aplicar_Higienizacao_TSICFG.sql:2297 ROWCOUNT=0
[OK 845/1001] INSERT Revisao Master Deploy/16_Aplicar_Higienizacao_TSICFG.sql:2298 ROWCOUNT=0
[OK 846/1001] INSERT Revisao Master Deploy/16_Aplicar_Higienizacao_TSICFG.sql:2299 ROWCOUNT=0
[OK 847/1001] INSERT Revisao Master Deploy/16_Aplicar_Higienizacao_TSICFG.sql:2300 ROWCOUNT=0
[OK 848/1001] INSERT Revisao Master Deploy/16_Aplicar_Higienizacao_TSICFG.sql:2301 ROWCOUNT=0
[OK 849/1001] INSERT Revisao Master Deploy/16_Aplicar_Higienizacao_TSICFG.sql:2302 ROWCOUNT=0
[OK 850/1001] INSERT Revisao Master Deploy/16_Aplicar_Higienizacao_TSICFG.sql:2303 ROWCOUNT=0
[OK 851/1001] INSERT Revisao Master Deploy/16_Aplicar_Higienizacao_TSICFG.sql:2304 ROWCOUNT=0
[OK 852/1001] INSERT Revisao Master Deploy/16_Aplicar_Higienizacao_TSICFG.sql:2305 ROWCOUNT=0
[OK 853/1001] INSERT Revisao Master Deploy/16_Aplicar_Higienizacao_TSICFG.sql:2306 ROWCOUNT=0
[OK 854/1001] INSERT Revisao Master Deploy/16_Aplicar_Higienizacao_TSICFG.sql:2307 ROWCOUNT=0
[OK 855/1001] INSERT Revisao Master Deploy/16_Aplicar_Higienizacao_TSICFG.sql:2308 ROWCOUNT=0
[OK 856/1001] INSERT Revisao Master Deploy/16_Aplicar_Higienizacao_TSICFG.sql:2309 ROWCOUNT=0
[OK 857/1001] INSERT Revisao Master Deploy/16_Aplicar_Higienizacao_TSICFG.sql:2310 ROWCOUNT=0
[OK 858/1001] INSERT Revisao Master Deploy/16_Aplicar_Higienizacao_TSICFG.sql:2311 ROWCOUNT=0
[OK 859/1001] INSERT Revisao Master Deploy/16_Aplicar_Higienizacao_TSICFG.sql:2312 ROWCOUNT=0
[OK 860/1001] INSERT Revisao Master Deploy/16_Aplicar_Higienizacao_TSICFG.sql:2322 ROWCOUNT=0
[OK 861/1001] INSERT Revisao Master Deploy/16_Aplicar_Higienizacao_TSICFG.sql:2323 ROWCOUNT=0
[OK 862/1001] INSERT Revisao Master Deploy/16_Aplicar_Higienizacao_TSICFG.sql:2324 ROWCOUNT=0
[OK 863/1001] INSERT Revisao Master Deploy/16_Aplicar_Higienizacao_TSICFG.sql:2325 ROWCOUNT=0
[OK 864/1001] INSERT Revisao Master Deploy/16_Aplicar_Higienizacao_TSICFG.sql:2326 ROWCOUNT=0
[OK 865/1001] INSERT Revisao Master Deploy/16_Aplicar_Higienizacao_TSICFG.sql:2327 ROWCOUNT=0
[OK 866/1001] INSERT Revisao Master Deploy/16_Aplicar_Higienizacao_TSICFG.sql:2328 ROWCOUNT=0
[OK 867/1001] INSERT Revisao Master Deploy/16_Aplicar_Higienizacao_TSICFG.sql:2329 ROWCOUNT=0
[OK 868/1001] INSERT Revisao Master Deploy/16_Aplicar_Higienizacao_TSICFG.sql:2330 ROWCOUNT=0
[OK 869/1001] INSERT Revisao Master Deploy/16_Aplicar_Higienizacao_TSICFG.sql:2331 ROWCOUNT=0
[OK 870/1001] INSERT Revisao Master Deploy/16_Aplicar_Higienizacao_TSICFG.sql:2332 ROWCOUNT=0
[OK 871/1001] INSERT Revisao Master Deploy/16_Aplicar_Higienizacao_TSICFG.sql:2333 ROWCOUNT=0
[OK 872/1001] INSERT Revisao Master Deploy/16_Aplicar_Higienizacao_TSICFG.sql:2334 ROWCOUNT=0
[OK 873/1001] INSERT Revisao Master Deploy/16_Aplicar_Higienizacao_TSICFG.sql:2359 ROWCOUNT=0
[OK 874/1001] INSERT Revisao Master Deploy/16_Aplicar_Higienizacao_TSICFG.sql:2360 ROWCOUNT=0
[OK 875/1001] INSERT Revisao Master Deploy/16_Aplicar_Higienizacao_TSICFG.sql:2361 ROWCOUNT=0
[OK 876/1001] INSERT Revisao Master Deploy/16_Aplicar_Higienizacao_TSICFG.sql:2362 ROWCOUNT=0
[OK 877/1001] INSERT Revisao Master Deploy/16_Aplicar_Higienizacao_TSICFG.sql:2363 ROWCOUNT=0
[OK 878/1001] INSERT Revisao Master Deploy/16_Aplicar_Higienizacao_TSICFG.sql:2364 ROWCOUNT=0
[OK 879/1001] INSERT Revisao Master Deploy/16_Aplicar_Higienizacao_TSICFG.sql:2365 ROWCOUNT=0
[OK 880/1001] INSERT Revisao Master Deploy/16_Aplicar_Higienizacao_TSICFG.sql:2366 ROWCOUNT=0
[OK 881/1001] INSERT Revisao Master Deploy/16_Aplicar_Higienizacao_TSICFG.sql:2367 ROWCOUNT=0
[OK 882/1001] INSERT Revisao Master Deploy/16_Aplicar_Higienizacao_TSICFG.sql:2370 ROWCOUNT=0
[OK 883/1001] INSERT Revisao Master Deploy/16_Aplicar_Higienizacao_TSICFG.sql:2374 ROWCOUNT=0
[OK 884/1001] INSERT Revisao Master Deploy/16_Aplicar_Higienizacao_TSICFG.sql:2375 ROWCOUNT=0
[OK 885/1001] INSERT Revisao Master Deploy/16_Aplicar_Higienizacao_TSICFG.sql:2376 ROWCOUNT=0
[OK 886/1001] INSERT Revisao Master Deploy/16_Aplicar_Higienizacao_TSICFG.sql:2377 ROWCOUNT=0
[OK 887/1001] INSERT Revisao Master Deploy/16_Aplicar_Higienizacao_TSICFG.sql:2378 ROWCOUNT=0
[OK 888/1001] INSERT Revisao Master Deploy/16_Aplicar_Higienizacao_TSICFG.sql:2379 ROWCOUNT=0
[OK 889/1001] INSERT Revisao Master Deploy/16_Aplicar_Higienizacao_TSICFG.sql:2380 ROWCOUNT=0
[OK 890/1001] INSERT Revisao Master Deploy/16_Aplicar_Higienizacao_TSICFG.sql:2381 ROWCOUNT=0
[OK 891/1001] INSERT Revisao Master Deploy/16_Aplicar_Higienizacao_TSICFG.sql:2382 ROWCOUNT=0
[OK 892/1001] INSERT Revisao Master Deploy/16_Aplicar_Higienizacao_TSICFG.sql:2383 ROWCOUNT=0
[OK 893/1001] INSERT Revisao Master Deploy/16_Aplicar_Higienizacao_TSICFG.sql:2384 ROWCOUNT=0
[OK 894/1001] INSERT Revisao Master Deploy/16_Aplicar_Higienizacao_TSICFG.sql:2385 ROWCOUNT=0
[OK 895/1001] INSERT Revisao Master Deploy/16_Aplicar_Higienizacao_TSICFG.sql:2386 ROWCOUNT=0
[OK 896/1001] INSERT Revisao Master Deploy/16_Aplicar_Higienizacao_TSICFG.sql:2387 ROWCOUNT=0
[OK 897/1001] INSERT Revisao Master Deploy/16_Aplicar_Higienizacao_TSICFG.sql:2388 ROWCOUNT=0
[OK 898/1001] INSERT Revisao Master Deploy/16_Aplicar_Higienizacao_TSICFG.sql:2389 ROWCOUNT=0
[OK 899/1001] INSERT Revisao Master Deploy/16_Aplicar_Higienizacao_TSICFG.sql:2390 ROWCOUNT=0
[OK 900/1001] INSERT Revisao Master Deploy/16_Aplicar_Higienizacao_TSICFG.sql:2391 ROWCOUNT=0
[OK 901/1001] INSERT Revisao Master Deploy/16_Aplicar_Higienizacao_TSICFG.sql:2392 ROWCOUNT=0
[OK 902/1001] INSERT Revisao Master Deploy/16_Aplicar_Higienizacao_TSICFG.sql:2436 ROWCOUNT=0
[OK 903/1001] INSERT Revisao Master Deploy/16_Aplicar_Higienizacao_TSICFG.sql:2437 ROWCOUNT=0
[OK 904/1001] INSERT Revisao Master Deploy/16_Aplicar_Higienizacao_TSICFG.sql:2438 ROWCOUNT=0
[OK 905/1001] INSERT Revisao Master Deploy/16_Aplicar_Higienizacao_TSICFG.sql:2439 ROWCOUNT=0
[OK 906/1001] INSERT Revisao Master Deploy/16_Aplicar_Higienizacao_TSICFG.sql:2440 ROWCOUNT=0
[OK 907/1001] INSERT Revisao Master Deploy/16_Aplicar_Higienizacao_TSICFG.sql:2441 ROWCOUNT=0
[OK 908/1001] INSERT Revisao Master Deploy/16_Aplicar_Higienizacao_TSICFG.sql:2443 ROWCOUNT=0
[OK 909/1001] INSERT Revisao Master Deploy/16_Aplicar_Higienizacao_TSICFG.sql:2444 ROWCOUNT=0
[OK 910/1001] INSERT Revisao Master Deploy/16_Aplicar_Higienizacao_TSICFG.sql:2445 ROWCOUNT=0
[OK 911/1001] INSERT Revisao Master Deploy/16_Aplicar_Higienizacao_TSICFG.sql:2450 ROWCOUNT=0
[OK 912/1001] INSERT Revisao Master Deploy/16_Aplicar_Higienizacao_TSICFG.sql:2451 ROWCOUNT=0
[OK 913/1001] INSERT Revisao Master Deploy/16_Aplicar_Higienizacao_TSICFG.sql:2452 ROWCOUNT=0
[OK 914/1001] INSERT Revisao Master Deploy/16_Aplicar_Higienizacao_TSICFG.sql:2454 ROWCOUNT=0
[OK 915/1001] INSERT Revisao Master Deploy/16_Aplicar_Higienizacao_TSICFG.sql:2455 ROWCOUNT=0
[OK 916/1001] INSERT Revisao Master Deploy/16_Aplicar_Higienizacao_TSICFG.sql:2456 ROWCOUNT=0
[OK 917/1001] INSERT Revisao Master Deploy/16_Aplicar_Higienizacao_TSICFG.sql:2458 ROWCOUNT=0
[OK 918/1001] INSERT Revisao Master Deploy/16_Aplicar_Higienizacao_TSICFG.sql:2514 ROWCOUNT=0
[OK 919/1001] INSERT Revisao Master Deploy/16_Aplicar_Higienizacao_TSICFG.sql:2515 ROWCOUNT=0
[OK 920/1001] INSERT Revisao Master Deploy/16_Aplicar_Higienizacao_TSICFG.sql:2520 ROWCOUNT=0
[OK 921/1001] INSERT Revisao Master Deploy/16_Aplicar_Higienizacao_TSICFG.sql:2556 ROWCOUNT=0
[OK 922/1001] INSERT Revisao Master Deploy/16_Aplicar_Higienizacao_TSICFG.sql:2557 ROWCOUNT=0
[OK 923/1001] INSERT Revisao Master Deploy/16_Aplicar_Higienizacao_TSICFG.sql:2558 ROWCOUNT=0
[OK 924/1001] INSERT Revisao Master Deploy/16_Aplicar_Higienizacao_TSICFG.sql:2560 ROWCOUNT=0
[OK 925/1001] INSERT Revisao Master Deploy/16_Aplicar_Higienizacao_TSICFG.sql:2594 ROWCOUNT=0
[OK 926/1001] INSERT Revisao Master Deploy/16_Aplicar_Higienizacao_TSICFG.sql:2595 ROWCOUNT=0
[OK 927/1001] INSERT Revisao Master Deploy/16_Aplicar_Higienizacao_TSICFG.sql:2596 ROWCOUNT=0
[OK 928/1001] INSERT Revisao Master Deploy/16_Aplicar_Higienizacao_TSICFG.sql:2597 ROWCOUNT=0
[OK 929/1001] INSERT Revisao Master Deploy/16_Aplicar_Higienizacao_TSICFG.sql:2598 ROWCOUNT=0
[OK 930/1001] INSERT Revisao Master Deploy/16_Aplicar_Higienizacao_TSICFG.sql:2600 ROWCOUNT=0
[OK 931/1001] INSERT Revisao Master Deploy/16_Aplicar_Higienizacao_TSICFG.sql:2601 ROWCOUNT=0
[OK 932/1001] INSERT Revisao Master Deploy/16_Aplicar_Higienizacao_TSICFG.sql:2602 ROWCOUNT=0
[OK 933/1001] INSERT Revisao Master Deploy/16_Aplicar_Higienizacao_TSICFG.sql:2603 ROWCOUNT=0
[OK 934/1001] INSERT Revisao Master Deploy/16_Aplicar_Higienizacao_TSICFG.sql:2604 ROWCOUNT=0
[OK 935/1001] INSERT Revisao Master Deploy/16_Aplicar_Higienizacao_TSICFG.sql:2605 ROWCOUNT=0
[OK 936/1001] INSERT Revisao Master Deploy/16_Aplicar_Higienizacao_TSICFG.sql:2607 ROWCOUNT=0
[OK 937/1001] INSERT Revisao Master Deploy/16_Aplicar_Higienizacao_TSICFG.sql:2609 ROWCOUNT=0
[OK 938/1001] INSERT Revisao Master Deploy/16_Aplicar_Higienizacao_TSICFG.sql:2610 ROWCOUNT=0
[OK 939/1001] INSERT Revisao Master Deploy/16_Aplicar_Higienizacao_TSICFG.sql:2611 ROWCOUNT=0
[OK 940/1001] INSERT Revisao Master Deploy/16_Aplicar_Higienizacao_TSICFG.sql:2614 ROWCOUNT=0
[OK 941/1001] INSERT Revisao Master Deploy/16_Aplicar_Higienizacao_TSICFG.sql:2616 ROWCOUNT=0
[OK 942/1001] INSERT Revisao Master Deploy/16_Aplicar_Higienizacao_TSICFG.sql:2620 ROWCOUNT=0
[OK 943/1001] INSERT Revisao Master Deploy/16_Aplicar_Higienizacao_TSICFG.sql:2621 ROWCOUNT=0
[OK 944/1001] INSERT Revisao Master Deploy/16_Aplicar_Higienizacao_TSICFG.sql:2624 ROWCOUNT=0
[OK 945/1001] INSERT Revisao Master Deploy/16_Aplicar_Higienizacao_TSICFG.sql:2626 ROWCOUNT=0
[OK 946/1001] INSERT Revisao Master Deploy/16_Aplicar_Higienizacao_TSICFG.sql:2629 ROWCOUNT=0
[OK 947/1001] INSERT Revisao Master Deploy/16_Aplicar_Higienizacao_TSICFG.sql:2631 ROWCOUNT=0
[OK 948/1001] INSERT Revisao Master Deploy/16_Aplicar_Higienizacao_TSICFG.sql:2634 ROWCOUNT=0
[OK 949/1001] INSERT Revisao Master Deploy/16_Aplicar_Higienizacao_TSICFG.sql:2635 ROWCOUNT=0
[OK 950/1001] INSERT Revisao Master Deploy/16_Aplicar_Higienizacao_TSICFG.sql:2637 ROWCOUNT=0
[OK 951/1001] INSERT Revisao Master Deploy/16_Aplicar_Higienizacao_TSICFG.sql:2640 ROWCOUNT=0
[OK 952/1001] INSERT Revisao Master Deploy/16_Aplicar_Higienizacao_TSICFG.sql:2643 ROWCOUNT=0
[OK 953/1001] INSERT Revisao Master Deploy/16_Aplicar_Higienizacao_TSICFG.sql:2653 ROWCOUNT=0
[OK 954/1001] INSERT Revisao Master Deploy/16_Aplicar_Higienizacao_TSICFG.sql:2655 ROWCOUNT=0
[OK 955/1001] INSERT Revisao Master Deploy/16_Aplicar_Higienizacao_TSICFG.sql:2656 ROWCOUNT=0
[OK 956/1001] INSERT Revisao Master Deploy/16_Aplicar_Higienizacao_TSICFG.sql:2657 ROWCOUNT=0
[OK 957/1001] INSERT Revisao Master Deploy/16_Aplicar_Higienizacao_TSICFG.sql:2660 ROWCOUNT=0
[OK 958/1001] INSERT Revisao Master Deploy/16_Aplicar_Higienizacao_TSICFG.sql:2661 ROWCOUNT=0
[OK 959/1001] INSERT Revisao Master Deploy/16_Aplicar_Higienizacao_TSICFG.sql:2664 ROWCOUNT=0
[OK 960/1001] INSERT Revisao Master Deploy/16_Aplicar_Higienizacao_TSICFG.sql:2665 ROWCOUNT=0
[OK 961/1001] INSERT Revisao Master Deploy/16_Aplicar_Higienizacao_TSICFG.sql:2666 ROWCOUNT=0
[OK 962/1001] INSERT Revisao Master Deploy/16_Aplicar_Higienizacao_TSICFG.sql:2671 ROWCOUNT=0
[OK 963/1001] INSERT Revisao Master Deploy/16_Aplicar_Higienizacao_TSICFG.sql:2672 ROWCOUNT=0
[OK 964/1001] INSERT Revisao Master Deploy/16_Aplicar_Higienizacao_TSICFG.sql:2673 ROWCOUNT=0
[OK 965/1001] INSERT Revisao Master Deploy/16_Aplicar_Higienizacao_TSICFG.sql:2674 ROWCOUNT=0
[OK 966/1001] INSERT Revisao Master Deploy/16_Aplicar_Higienizacao_TSICFG.sql:2675 ROWCOUNT=0
[OK 967/1001] INSERT Revisao Master Deploy/16_Aplicar_Higienizacao_TSICFG.sql:2676 ROWCOUNT=0
[OK 968/1001] INSERT Revisao Master Deploy/16_Aplicar_Higienizacao_TSICFG.sql:2677 ROWCOUNT=0
[OK 969/1001] INSERT Revisao Master Deploy/16_Aplicar_Higienizacao_TSICFG.sql:2678 ROWCOUNT=0
[OK 970/1001] INSERT Revisao Master Deploy/16_Aplicar_Higienizacao_TSICFG.sql:2681 ROWCOUNT=0
[OK 971/1001] INSERT Revisao Master Deploy/16_Aplicar_Higienizacao_TSICFG.sql:2682 ROWCOUNT=0
[OK 972/1001] INSERT Revisao Master Deploy/16_Aplicar_Higienizacao_TSICFG.sql:2683 ROWCOUNT=0
[OK 973/1001] INSERT Revisao Master Deploy/16_Aplicar_Higienizacao_TSICFG.sql:2687 ROWCOUNT=0
[OK 974/1001] INSERT Revisao Master Deploy/16_Aplicar_Higienizacao_TSICFG.sql:2690 ROWCOUNT=0
[OK 975/1001] INSERT Revisao Master Deploy/16_Aplicar_Higienizacao_TSICFG.sql:2691 ROWCOUNT=0
[OK 976/1001] INSERT Revisao Master Deploy/16_Aplicar_Higienizacao_TSICFG.sql:2692 ROWCOUNT=0
[OK 977/1001] INSERT Revisao Master Deploy/16_Aplicar_Higienizacao_TSICFG.sql:2693 ROWCOUNT=0
[OK 978/1001] INSERT Revisao Master Deploy/16_Aplicar_Higienizacao_TSICFG.sql:2694 ROWCOUNT=0
[OK 979/1001] INSERT Revisao Master Deploy/16_Aplicar_Higienizacao_TSICFG.sql:2697 ROWCOUNT=0
[OK 980/1001] INSERT Revisao Master Deploy/16_Aplicar_Higienizacao_TSICFG.sql:2698 ROWCOUNT=0
[OK 981/1001] INSERT Revisao Master Deploy/16_Aplicar_Higienizacao_TSICFG.sql:2700 ROWCOUNT=0
[OK 982/1001] INSERT Revisao Master Deploy/16_Aplicar_Higienizacao_TSICFG.sql:2701 ROWCOUNT=0
[OK 983/1001] INSERT Revisao Master Deploy/16_Aplicar_Higienizacao_TSICFG.sql:2703 ROWCOUNT=0
[OK 984/1001] INSERT Revisao Master Deploy/16_Aplicar_Higienizacao_TSICFG.sql:2704 ROWCOUNT=0
[OK 985/1001] INSERT Revisao Master Deploy/16_Aplicar_Higienizacao_TSICFG.sql:2708 ROWCOUNT=0
[OK 986/1001] INSERT Revisao Master Deploy/16_Aplicar_Higienizacao_TSICFG.sql:2709 ROWCOUNT=0
[OK 987/1001] INSERT Revisao Master Deploy/16_Aplicar_Higienizacao_TSICFG.sql:2711 ROWCOUNT=0
[OK 988/1001] INSERT Revisao Master Deploy/16_Aplicar_Higienizacao_TSICFG.sql:2714 ROWCOUNT=0
[OK 989/1001] INSERT Revisao Master Deploy/16_Aplicar_Higienizacao_TSICFG.sql:2716 ROWCOUNT=0
[OK 990/1001] INSERT Revisao Master Deploy/16_Aplicar_Higienizacao_TSICFG.sql:2717 ROWCOUNT=0
[OK 991/1001] INSERT Revisao Master Deploy/16_Aplicar_Higienizacao_TSICFG.sql:2719 ROWCOUNT=0
[OK 992/1001] INSERT Revisao Master Deploy/16_Aplicar_Higienizacao_TSICFG.sql:2720 ROWCOUNT=0
[OK 993/1001] INSERT Revisao Master Deploy/16_Aplicar_Higienizacao_TSICFG.sql:2721 ROWCOUNT=0
[OK 994/1001] INSERT Revisao Master Deploy/16_Aplicar_Higienizacao_TSICFG.sql:2722 ROWCOUNT=0
[OK 995/1001] INSERT Revisao Master Deploy/16_Aplicar_Higienizacao_TSICFG.sql:2731 ROWCOUNT=0
[OK 996/1001] INSERT Revisao Master Deploy/16_Aplicar_Higienizacao_TSICFG.sql:2733 ROWCOUNT=0
[OK 997/1001] INSERT Revisao Master Deploy/16_Aplicar_Higienizacao_TSICFG.sql:2734 ROWCOUNT=0
[OK 998/1001] INSERT Revisao Master Deploy/16_Aplicar_Higienizacao_TSICFG.sql:2735 ROWCOUNT=0
[OK 999/1001] INSERT Revisao Master Deploy/16_Aplicar_Higienizacao_TSICFG.sql:2737 ROWCOUNT=0
[OK 1000/1001] INSERT Revisao Master Deploy/16_Aplicar_Higienizacao_TSICFG.sql:2739 ROWCOUNT=0
[OK 1001/1001] PLSQL_OR_DDL_BLOCK Revisao Master Deploy/16_Aplicar_Higienizacao_TSICFG.sql:2742 ROWCOUNT=0
DBMS_OUTPUT=TSICFG_EXCLUIDAS=62
DBMS_OUTPUT=TSICFG_ATUALIZADAS=107
DBMS_OUTPUT=TSICFG_INSERIDAS=180
DBMS_OUTPUT=TSICFG_FINAL=994
COMMIT_LOTE=OK
[POST_OK 1/2] SELECT Clientes/JCLM INDUSTRIA E COMERCIO LTDA/Artefatos_Revisao/Preflight/36_PosValidacao_Atividade16_READONLY.sql:2 ROWS=1
POST_RESULT={"columns": ["OBJETO", "QTD_REGISTROS_BACKUP", "QTD_EXECUCOES"], "rows": [["BKP_RMD_TSICFG", 876, 1]]}
[POST_OK 2/2] SELECT Clientes/JCLM INDUSTRIA E COMERCIO LTDA/Artefatos_Revisao/Preflight/36_PosValidacao_Atividade16_READONLY.sql:7 ROWS=1
POST_RESULT={"columns": ["OBJETO", "QTD_REGISTROS"], "rows": [["TSICFG_TOTAL", 994]]}
STATUS=LOTE_CONCLUIDO_POS_VALIDADO
