ID_EXECUCAO_LOTE=RMD_JCLM_20260919213330
ENTRADA=Clientes/JCLM INDUSTRIA E COMERCIO LTDA/Continuacao_Master_Deploy_JCLM_04_31.sql
SHA256_SUITE=e82535e1de06aa7f4a541edbc1f85bf1617b73205a8b3ca1311f7186e4b27e20
POS_VALIDACAO=Clientes/JCLM INDUSTRIA E COMERCIO LTDA/Artefatos_Revisao/Preflight/00_Precheck_Etapas_18_31_PostValidation.sql
SESSION_USER=FRANCISCO_JUNIOR
CURRENT_SCHEMA=SANKHYA
SERVICE_NAME=jclmprd.sankhyacloud.com.br
PRIVILEGIOS=["ALTER ANY TABLE", "CREATE ANY TABLE", "DROP ANY TABLE"]
QUOTAS=[]
[OK 1/1055] PLSQL_OR_DDL_BLOCK Clientes/JCLM INDUSTRIA E COMERCIO LTDA/Continuacao_Master_Deploy_JCLM_04_31.sql:9 ROWCOUNT=0
DBMS_OUTPUT=ID_MASTER_PRESERVADO=RMD_RUN_20260919211829041
[OK 2/1055] PLSQL_OR_DDL_BLOCK Revisao Master Deploy/04_Desativar_Custo_TOP_Devolucao.sql:5 ROWCOUNT=0
[OK 3/1055] PLSQL_OR_DDL_BLOCK Revisao Master Deploy/04_Desativar_Custo_TOP_Devolucao.sql:13 ROWCOUNT=0
DBMS_OUTPUT=ID_EXECUCAO=RMD_TOPC_20260919213341557
DBMS_OUTPUT=REGISTROS_ALTERADOS=136
[OK 4/1055] PLSQL_OR_DDL_BLOCK Revisao Master Deploy/05_Habilitar_Calculo_Giro_Produtos.sql:5 ROWCOUNT=0
[OK 5/1055] PLSQL_OR_DDL_BLOCK Revisao Master Deploy/05_Habilitar_Calculo_Giro_Produtos.sql:13 ROWCOUNT=0
DBMS_OUTPUT=ID_EXECUCAO=RMD_GIRO_20260919213342110
DBMS_OUTPUT=REGISTROS_ALTERADOS=161
[OK 6/1055] PLSQL_OR_DDL_BLOCK Revisao Master Deploy/06_Zerar_Parcelas_Tipos_Negociacao.sql:5 ROWCOUNT=0
[OK 7/1055] PLSQL_OR_DDL_BLOCK Revisao Master Deploy/06_Zerar_Parcelas_Tipos_Negociacao.sql:13 ROWCOUNT=0
DBMS_OUTPUT=ID_EXECUCAO=RMD_PARC_20260919213342749
DBMS_OUTPUT=REGISTROS_ALTERADOS=17
[OK 8/1055] PLSQL_OR_DDL_BLOCK Revisao Master Deploy/07_Preencher_Data_Movimento.sql:5 ROWCOUNT=0
[OK 9/1055] PLSQL_OR_DDL_BLOCK Revisao Master Deploy/07_Preencher_Data_Movimento.sql:13 ROWCOUNT=0
DBMS_OUTPUT=ID_EXECUCAO=RMD_DTMV_20260919213343278
DBMS_OUTPUT=REGISTROS_ALTERADOS=0
[OK 10/1055] PLSQL_OR_DDL_BLOCK Revisao Master Deploy/08_Preencher_Protocolos_Documentos_Legados.sql:5 ROWCOUNT=0
[OK 11/1055] PLSQL_OR_DDL_BLOCK Revisao Master Deploy/08_Preencher_Protocolos_Documentos_Legados.sql:12 ROWCOUNT=0
DBMS_OUTPUT=ID_EXECUCAO=RMD_PROT_20260919213344014
DBMS_OUTPUT=REGISTROS_ALTERADOS=0
[OK 12/1055] PLSQL_OR_DDL_BLOCK Revisao Master Deploy/09_Liberar_Itens_Documentos_Legados.sql:5 ROWCOUNT=0
[OK 13/1055] PLSQL_OR_DDL_BLOCK Revisao Master Deploy/09_Liberar_Itens_Documentos_Legados.sql:13 ROWCOUNT=0
DBMS_OUTPUT=ID_EXECUCAO=RMD_ITEM_20260919213344943
DBMS_OUTPUT=ITENS_ALTERADOS=0
[OK 14/1055] PLSQL_OR_DDL_BLOCK Revisao Master Deploy/10_Habilitar_ICMS_Gerencial.sql:5 ROWCOUNT=0
[OK 15/1055] PLSQL_OR_DDL_BLOCK Revisao Master Deploy/10_Habilitar_ICMS_Gerencial.sql:13 ROWCOUNT=0
DBMS_OUTPUT=ID_EXECUCAO=RMD_ICMG_20260919213346128
DBMS_OUTPUT=REGISTROS_ALTERADOS=3
[OK 16/1055] PLSQL_OR_DDL_BLOCK Revisao Master Deploy/11_Habilitar_Ruptura_Produtos.sql:5 ROWCOUNT=0
[OK 17/1055] PLSQL_OR_DDL_BLOCK Revisao Master Deploy/11_Habilitar_Ruptura_Produtos.sql:13 ROWCOUNT=0
DBMS_OUTPUT=ID_EXECUCAO=RMD_RUPP_20260919213346629
DBMS_OUTPUT=REGISTROS_ALTERADOS=4
[ERRO 18/1055] PLSQL_OR_DDL_BLOCK Revisao Master Deploy/12_Habilitar_Ruptura_Empresas.sql:5 DatabaseError: ORA-01031: insufficient privileges
ORA-06512: at line 24
ORA-06512: at line 14
Help: https://docs.oracle.com/error-help/db/ora-01031/
STATUS=LOTE_COM_ERRO
