ID_EXECUCAO_LOTE=RMD_JCLM_20260919211757
ENTRADA=Revisao Master Deploy/Revisao_Master_Deploy.sql
SHA256_SUITE=8ff5f3d598027015c8dfbad2072d23e2fbe5491cb37c397cb3b391dc3df0ed3b
POS_VALIDACAO=Clientes/JCLM INDUSTRIA E COMERCIO LTDA/Artefatos_Revisao/Preflight/00_Precheck_Etapas_18_31_PostValidation.sql
SESSION_USER=FRANCISCO_JUNIOR
CURRENT_SCHEMA=SANKHYA
SERVICE_NAME=jclmprd.sankhyacloud.com.br
PRIVILEGIOS=["ALTER ANY TABLE", "CREATE ANY TABLE", "DROP ANY TABLE"]
QUOTAS=[]
[OK 1/1062] SELECT Revisao Master Deploy/Revisao_Master_Deploy.sql:12 ROWCOUNT=0
[OK 2/1062] PLSQL_OR_DDL_BLOCK Revisao Master Deploy/01_Preparar_Controle_Objetos.sql:6 ROWCOUNT=0
DBMS_OUTPUT=ID_MASTER=RMD_RUN_20260919211829041
[OK 3/1062] PLSQL_OR_DDL_BLOCK Revisao Master Deploy/01_Preparar_Controle_Objetos.sql:11 ROWCOUNT=0
DBMS_OUTPUT=CONTROLE_CRIADO=RMD_CONTROLE_OBJETOS
[OK 4/1062] PLSQL_OR_DDL_BLOCK Revisao Master Deploy/02_Liberar_Filtros_Portais.sql:5 ROWCOUNT=0
[OK 5/1062] PLSQL_OR_DDL_BLOCK Revisao Master Deploy/02_Liberar_Filtros_Portais.sql:13 ROWCOUNT=0
DBMS_OUTPUT=ID_EXECUCAO=RMD_PORT_20260919211830012
DBMS_OUTPUT=REGISTROS_ALTERADOS=4
[OK 6/1062] PLSQL_OR_DDL_BLOCK Revisao Master Deploy/03_Padronizar_DANFE_Empresas.sql:5 ROWCOUNT=0
[ERRO 7/1062] PLSQL_OR_DDL_BLOCK Revisao Master Deploy/03_Padronizar_DANFE_Empresas.sql:12 DatabaseError: ORA-06550: line 3, column 14:
PL/SQL: ORA-01031: insufficient privileges
ORA-06550: line 3, column 2:
PL/SQL: SQL Statement ignored
Help: https://docs.oracle.com/error-help/db/ora-06550/
STATUS=LOTE_COM_ERRO
