ID_EXECUCAO_LOTE=RMD_JCLM_20260919224631
ENTRADA=Clientes/JCLM INDUSTRIA E COMERCIO LTDA/29_30_Merge_Antifragil_JCLM.sql
SHA256_SUITE=bd08d741fc349ac4a8f2a7a4360f815d0dea962eea14ef4a8b0e01e76587e807
POS_VALIDACAO=NAO_INFORMADA
SESSION_USER=FRANCISCO_JUNIOR
CURRENT_SCHEMA=SANKHYA
SERVICE_NAME=jclmprd.sankhyacloud.com.br
PRIVILEGIOS=["ALTER ANY TABLE", "CREATE ANY TABLE", "DROP ANY TABLE"]
QUOTAS=[]
[OK 1/3] PLSQL_OR_DDL_BLOCK Clientes/JCLM INDUSTRIA E COMERCIO LTDA/29_30_Merge_Antifragil_JCLM.sql:7 ROWCOUNT=0
[OK 2/3] PLSQL_OR_DDL_BLOCK Revisao Master Deploy/29_30_Merge_Antifragil.sql:9 ROWCOUNT=0
DBMS_OUTPUT=RAMO_OK|BKP_RMD_PAD_TGFPAR|CODBAI|1
DBMS_OUTPUT=RAMO_OK|BKP_RMD_PAD_TGFPAR|CODEND|3
DBMS_OUTPUT=RAMO_OK|BKP_RMD_PAD_TSIBAI|CODBAI|0
DBMS_OUTPUT=RAMO_OK|BKP_RMD_PAD_TSIEND|CODEND|2
DBMS_OUTPUT=RAMO_OK|BKP_RMD_UNID_TGFITE|CODEND|0
DBMS_OUTPUT=RAMO_OK|BKP_TGFITE_NOVO|CODEND|0
DBMS_OUTPUT=RAMO_OK|BKP_TGFPAR_NOVO|CODBAI|9
DBMS_OUTPUT=RAMO_OK|BKP_TGFPAR_NOVO|CODEND|30
DBMS_OUTPUT=RAMO_OK|TCCEMP|CODBAI|0
DBMS_OUTPUT=RAMO_OK|TCCEMP|CODEND|0
DBMS_OUTPUT=RAMO_OK|TFPAEN|CODBAI|0
DBMS_OUTPUT=RAMO_OK|TFPAEN|CODEND|0
DBMS_OUTPUT=RAMO_OK|TFPALTERFUN|CODBAI|0
DBMS_OUTPUT=RAMO_OK|TFPALTERFUN|CODEND|0
DBMS_OUTPUT=RAMO_OK|TFPCATR|CODBAI|0
DBMS_OUTPUT=RAMO_OK|TFPCTI|CODBAI|0
DBMS_OUTPUT=RAMO_OK|TFPCTI|CODEND|0
DBMS_OUTPUT=RAMO_OK|TFPDEP|CODEND|0
DBMS_OUTPUT=RAMO_OK|TFPFUN|CODBAI|0
DBMS_OUTPUT=RAMO_OK|TFPFUN|CODEND|0
DBMS_OUTPUT=RAMO_OK|TFPPCA|CODBAI|0
DBMS_OUTPUT=RAMO_OK|TFPPONRAIO|CODBAI|0
DBMS_OUTPUT=RAMO_OK|TFPPONRAIO|CODEND|0
DBMS_OUTPUT=RAMO_OK|TFPREQADM|CODBAI|0
DBMS_OUTPUT=RAMO_OK|TFPREQADM|CODEND|0
DBMS_OUTPUT=RAMO_OK|TFPTAT|CODBAI|0
DBMS_OUTPUT=RAMO_OK|TFPTAT|CODEND|0
DBMS_OUTPUT=RAMO_OK|TGAENT|CODBAI|0
DBMS_OUTPUT=RAMO_OK|TGAENT|CODEND|0
DBMS_OUTPUT=RAMO_OK|TGFCTT|CODBAI|0
DBMS_OUTPUT=RAMO_OK|TGFCTT|CODEND|0
DBMS_OUTPUT=RAMO_OK|TGFITE|CODEND|0
DBMS_OUTPUT=RAMO_OK|TGFLCDPRR0030|CODBAI|0
DBMS_OUTPUT=RAMO_OK|TGFLCDPRR0030|CODEND|0
DBMS_OUTPUT=RAMO_OK|TGFLCDPRR0040|CODBAI|0
DBMS_OUTPUT=RAMO_OK|TGFLCDPRR0040|CODEND|0
DBMS_OUTPUT=RAMO_OK|TGFLOCOPER|CODBAI|0
DBMS_OUTPUT=RAMO_OK|TGFLOCOPER|CODEND|0
DBMS_OUTPUT=RAMO_OK|TGFPAR|CODBAI|9
DBMS_OUTPUT=RAMO_OK|TGFPAR|CODEND|30
DBMS_OUTPUT=RAMO_OK|TGFSIT|CODBAI|0
DBMS_OUTPUT=RAMO_OK|TGFSIT|CODEND|0
DBMS_OUTPUT=RAMO_OK|TGFVOR|CODEND|0
DBMS_OUTPUT=RAMO_OK|TGWCTE|CODEND|0
DBMS_OUTPUT=RAMO_OK|TGWDCA|CODEND|0
DBMS_OUTPUT=RAMO_OK|TGWEND|CODEND|0
DBMS_OUTPUT=RAMO_OK|TGWENDVAZ|CODEND|0
DBMS_OUTPUT=RAMO_OK|TGWENP|CODEND|0
DBMS_OUTPUT=RAMO_OK|TGWEPL|CODEND|0
DBMS_OUTPUT=RAMO_OK|TGWEST|CODEND|0
DBMS_OUTPUT=RAMO_OK|TGWESTVAL|CODEND|0
DBMS_OUTPUT=RAMO_OK|TGWEST_UPD|CODEND|0
DBMS_OUTPUT=RAMO_OK|TGWEXC|CODEND|0
DBMS_OUTPUT=RAMO_OK|TGWEXG|CODEND|0
DBMS_OUTPUT=RAMO_OK|TGWEXL|CODEND|0
DBMS_OUTPUT=RAMO_OK|TGWEXP|CODEND|0
DBMS_OUTPUT=RAMO_OK|TGWEXU|CODEND|0
DBMS_OUTPUT=RAMO_OK|TGWHAJ|CODEND|0
DBMS_OUTPUT=RAMO_OK|TGWINV|CODEND|0
DBMS_OUTPUT=RAMO_OK|TGWIVR|CODEND|0
DBMS_OUTPUT=RAMO_OK|TGWMOC|CODEND|0
DBMS_OUTPUT=RAMO_OK|TGWRAG|CODEND|0
DBMS_OUTPUT=RAMO_OK|TGWTROCADEPO|CODEND|0
DBMS_OUTPUT=RAMO_OK|TSIAGE|CODBAI|0
DBMS_OUTPUT=RAMO_OK|TSIAGE|CODEND|0
DBMS_OUTPUT=RAMO_OK|TSICEP|CODBAI|11416
DBMS_OUTPUT=RAMO_OK|TSICEP|CODEND|47840
DBMS_OUTPUT=RAMO_OK|TSIEMP|CODBAI|0
DBMS_OUTPUT=RAMO_OK|TSIEMP|CODEND|0
DBMS_OUTPUT=FK_RAMO_OK|TFPCATR|CODENDLOCALCAT|0
DBMS_OUTPUT=FK_RAMO_OK|TFPEST|CODBAIINSTENS|0
DBMS_OUTPUT=FK_RAMO_OK|TFPEST|CODBAIAGTINTEG|0
DBMS_OUTPUT=FK_RAMO_OK|TFPEST|CODENDINSTENS|0
DBMS_OUTPUT=FK_RAMO_OK|TFPEST|CODENDAGTINTEG|0
DBMS_OUTPUT=FK_RAMO_OK|TGFCPL|CODBAIRECEB|0
DBMS_OUTPUT=FK_RAMO_OK|TGFCPL|CODBAIENTREGA|0
DBMS_OUTPUT=FK_RAMO_OK|TGFCPL|CODBAITRAB|0
DBMS_OUTPUT=FK_RAMO_OK|TGFCPL|CODENDENTREGA|0
DBMS_OUTPUT=FK_RAMO_OK|TGFCPL|CODENDTRAB|0
DBMS_OUTPUT=FK_RAMO_OK|TGFCPL|CODENDRECEB|0
DBMS_OUTPUT=FK_RAMO_OK|TIMCAR|CARBAIRRO|0
DBMS_OUTPUT=FK_RAMO_OK|TIMEDG|EDGBAIRRO|0
DBMS_OUTPUT=FK_RAMO_OK|TIMEDG|EDGCODEND|0
DBMS_OUTPUT=FK_RAMO_OK|TIMEPR|EPRBAIRRO|0
DBMS_OUTPUT=FK_RAMO_OK|TIMEPR|EPRCODEND|0
DBMS_OUTPUT=FK_RAMO_OK|TIMFAC|FACBAIRROIMOVEL|0
DBMS_OUTPUT=FK_RAMO_OK|TIMIMV|IMVBAIRRO|0
DBMS_OUTPUT=FK_RAMO_OK|TIMIMV|IMVCODEND|0
DBMS_OUTPUT=FK_RAMO_OK|TIMLOT|LOTBAIRRO|0
DBMS_OUTPUT=FK_RAMO_OK|TIMPPR|PPRBAIRRO|0
DBMS_OUTPUT=FK_RAMO_OK|TIMPPR|PPRCODEND|0
DBMS_OUTPUT=PAIS_OBSOLETOS_EXCLUIDOS=PENDENTE_SQL_NIVEL_SUPERIOR; REFERENCIAS_REMANESCENTES=0
DBMS_OUTPUT=STATUS=MERGE_EXECUTADO_COM_EXCECOES_CONTROLADAS; ID_EXECUCAO=JCLM_MRG_20260919_01; REFERENCIAS_REMANESCENTES=0
[OK 3/3] PLSQL_OR_DDL_BLOCK Revisao Master Deploy/29_30_Merge_Antifragil.sql:183 ROWCOUNT=0
DBMS_OUTPUT=MAPA_LINHAS=7518
DBMS_OUTPUT=EXCECOES=0
COMMIT_LOTE=OK
STATUS=LOTE_CONCLUIDO
