ID_EXECUCAO_LOTE=RMD_JCLM_20260919221851
ENTRADA=Clientes/JCLM INDUSTRIA E COMERCIO LTDA/Continuacao_Master_Deploy_JCLM_17.sql
SHA256_SUITE=b165682a73dc35bade2f957a7fccb9674b9342093d8221d446568fbc48de3e01
POS_VALIDACAO=Clientes/JCLM INDUSTRIA E COMERCIO LTDA/Artefatos_Revisao/Preflight/37_PosValidacao_Atividade17_READONLY.sql
SESSION_USER=FRANCISCO_JUNIOR
CURRENT_SCHEMA=SANKHYA
SERVICE_NAME=jclmprd.sankhyacloud.com.br
PRIVILEGIOS=["ALTER ANY TABLE", "CREATE ANY TABLE", "DROP ANY TABLE"]
QUOTAS=[]
[OK 1/33] PLSQL_OR_DDL_BLOCK Clientes/JCLM INDUSTRIA E COMERCIO LTDA/Continuacao_Master_Deploy_JCLM_17.sql:7 ROWCOUNT=0
[OK 2/33] PLSQL_OR_DDL_BLOCK Revisao Master Deploy/17_Normalizar_Unidades.sql:10 ROWCOUNT=0
DBMS_OUTPUT=ID_MASTER=RMD_RUN_20260919211829041
[OK 3/33] PLSQL_OR_DDL_BLOCK Revisao Master Deploy/17_Normalizar_Unidades.sql:16 ROWCOUNT=0
[OK 4/33] PLSQL_OR_DDL_BLOCK Revisao Master Deploy/17_Normalizar_Unidades.sql:22 ROWCOUNT=0
DBMS_OUTPUT=OK: Tabela RMD_MAP_UNIDADES ja existe.
[OK 5/33] PLSQL_OR_DDL_BLOCK Revisao Master Deploy/17_Normalizar_Unidades.sql:46 ROWCOUNT=0
[OK 6/33] INSERT Revisao Master Deploy/17_Normalizar_Unidades.sql:53 ROWCOUNT=0
[OK 7/33] MERGE Revisao Master Deploy/17_Normalizar_Unidades.sql:56 ROWCOUNT=0
[OK 8/33] MERGE Revisao Master Deploy/17_Normalizar_Unidades.sql:193 ROWCOUNT=0
[OK 9/33] DELETE Revisao Master Deploy/17_Normalizar_Unidades.sql:235 ROWCOUNT=0
[OK 10/33] PLSQL_OR_DDL_BLOCK Revisao Master Deploy/17_Normalizar_Unidades.sql:242 ROWCOUNT=0
[OK 11/33] INSERT Revisao Master Deploy/17_Normalizar_Unidades.sql:251 ROWCOUNT=0
[OK 12/33] INSERT Revisao Master Deploy/17_Normalizar_Unidades.sql:255 ROWCOUNT=0
[OK 13/33] INSERT Revisao Master Deploy/17_Normalizar_Unidades.sql:259 ROWCOUNT=0
[OK 14/33] INSERT Revisao Master Deploy/17_Normalizar_Unidades.sql:263 ROWCOUNT=0
[OK 15/33] INSERT Revisao Master Deploy/17_Normalizar_Unidades.sql:267 ROWCOUNT=0
[OK 16/33] INSERT Revisao Master Deploy/17_Normalizar_Unidades.sql:271 ROWCOUNT=0
[OK 17/33] INSERT Revisao Master Deploy/17_Normalizar_Unidades.sql:275 ROWCOUNT=0
[OK 18/33] INSERT Revisao Master Deploy/17_Normalizar_Unidades.sql:279 ROWCOUNT=0
[OK 19/33] INSERT Revisao Master Deploy/17_Normalizar_Unidades.sql:285 ROWCOUNT=0
[OK 20/33] ALTER Revisao Master Deploy/17_Normalizar_Unidades.sql:291 ROWCOUNT=0
[OK 21/33] ALTER Revisao Master Deploy/17_Normalizar_Unidades.sql:292 ROWCOUNT=0
[OK 22/33] UPDATE Revisao Master Deploy/17_Normalizar_Unidades.sql:293 ROWCOUNT=0
[OK 23/33] UPDATE Revisao Master Deploy/17_Normalizar_Unidades.sql:294 ROWCOUNT=0
[OK 24/33] UPDATE Revisao Master Deploy/17_Normalizar_Unidades.sql:295 ROWCOUNT=0
[OK 25/33] UPDATE Revisao Master Deploy/17_Normalizar_Unidades.sql:296 ROWCOUNT=0
[OK 26/33] UPDATE Revisao Master Deploy/17_Normalizar_Unidades.sql:297 ROWCOUNT=0
[OK 27/33] DELETE Revisao Master Deploy/17_Normalizar_Unidades.sql:298 ROWCOUNT=0
[OK 28/33] DELETE Revisao Master Deploy/17_Normalizar_Unidades.sql:299 ROWCOUNT=0
[OK 29/33] UPDATE Revisao Master Deploy/17_Normalizar_Unidades.sql:300 ROWCOUNT=0
[OK 30/33] ALTER Revisao Master Deploy/17_Normalizar_Unidades.sql:301 ROWCOUNT=0
[OK 31/33] ALTER Revisao Master Deploy/17_Normalizar_Unidades.sql:302 ROWCOUNT=0
[OK 32/33] UPDATE Revisao Master Deploy/17_Normalizar_Unidades.sql:303 ROWCOUNT=0
[OK 33/33] COMMIT Revisao Master Deploy/17_Normalizar_Unidades.sql:306 ROWCOUNT=0
COMMIT_LOTE=OK
[POST_OK 1/1] SELECT Clientes/JCLM INDUSTRIA E COMERCIO LTDA/Artefatos_Revisao/Preflight/37_PosValidacao_Atividade17_READONLY.sql:2 ROWS=3
POST_RESULT={"columns": ["OBJETO", "QTD_REGISTROS"], "rows": [["RMD_MAP_UNIDADES", 110], ["BKP_RMD_UNID_MAP", 110], ["BKP_RMD_UNID_TGFVOL", 0]]}
STATUS=LOTE_CONCLUIDO_POS_VALIDADO
