ID_EXECUCAO_LOTE=RMD_JCLM_20260919213730
ENTRADA=Clientes/JCLM INDUSTRIA E COMERCIO LTDA/Continuacao_Master_Deploy_JCLM_12.sql
SHA256_SUITE=01a7619e150581d9a6155f7b5fd74aedfde2da9a1ee255ebc48915d81b91dfc9
POS_VALIDACAO=Clientes/JCLM INDUSTRIA E COMERCIO LTDA/Artefatos_Revisao/Preflight/31_PosValidacao_Atividade12_READONLY.sql
SESSION_USER=FRANCISCO_JUNIOR
CURRENT_SCHEMA=SANKHYA
SERVICE_NAME=jclmprd.sankhyacloud.com.br
PRIVILEGIOS=["ALTER ANY TABLE", "CREATE ANY TABLE", "DROP ANY TABLE"]
QUOTAS=[]
[OK 1/1] PLSQL_OR_DDL_BLOCK Clientes/JCLM INDUSTRIA E COMERCIO LTDA/Continuacao_Master_Deploy_JCLM_12.sql:7 ROWCOUNT=0
DBMS_OUTPUT=ATIVIDADE=12_HABILITAR_RUPTURA_EMPRESAS
DBMS_OUTPUT=ID_EXECUCAO=RMD_RUPE_20260919213718826
DBMS_OUTPUT=REGISTROS_BACKUP=0
DBMS_OUTPUT=REGISTROS_ALTERADOS=0
COMMIT_LOTE=OK
[POST_OK 1/2] SELECT Clientes/JCLM INDUSTRIA E COMERCIO LTDA/Artefatos_Revisao/Preflight/31_PosValidacao_Atividade12_READONLY.sql:2 ROWS=1
POST_RESULT={"columns": ["OBJETO", "QTD_REGISTROS_BACKUP", "QTD_EXECUCOES"], "rows": [["BKP_RMD_11_TGFEMP", 0, 0]]}
[POST_OK 2/2] SELECT Clientes/JCLM INDUSTRIA E COMERCIO LTDA/Artefatos_Revisao/Preflight/31_PosValidacao_Atividade12_READONLY.sql:8 ROWS=1
POST_RESULT={"columns": ["OBJETO", "QTD_REGISTROS"], "rows": [["TGFEMP_RUPTURA_S", 4]]}
STATUS=LOTE_CONCLUIDO_POS_VALIDADO
