SQL> PROMPT CARD09_ATIVACAO_TEMPORARIA_TOP
CARD09_ATIVACAO_TEMPORARIA_TOP
SQL> DECLARE
  2    v_qtd NUMBER;
  3  BEGIN
  4    SELECT COUNT(*) INTO v_qtd FROM ALL_TABLES WHERE OWNER='SANKHYA' AND TABLE_NAME='BKP_RMD_TOP_IMPORTUDO_06';
  5    IF v_qtd=0 THEN
  6      EXECUTE IMMEDIATE 'CREATE TABLE SANKHYA.BKP_RMD_TOP_IMPORTUDO_06 (CODTIPOPER NUMBER,DHALTER DATE,ATIVO VARCHAR2(1),ATUALFIN NUMBER, DH_BACKUP TIMESTAMP)';
  7    END IF;
  8    INSERT INTO SANKHYA.BKP_RMD_TOP_IMPORTUDO_06(CODTIPOPER,DHALTER,ATIVO,ATUALFIN,DH_BACKUP)
  9    SELECT T.CODTIPOPER,T.DHALTER,T.ATIVO,T.ATUALFIN,SYSTIMESTAMP
 10      FROM TGFTOP T
 11     WHERE T.CODTIPOPER IN (1164,1166)
 12       AND T.DHALTER=(SELECT MAX(T2.DHALTER) FROM TGFTOP T2 WHERE T2.CODTIPOPER=T.CODTIPOPER)
 13       AND T.ATIVO<>'S'
 14       AND NOT EXISTS (SELECT 1 FROM SANKHYA.BKP_RMD_TOP_IMPORTUDO_06 B WHERE B.CODTIPOPER=T.CODTIPOPER AND B.DHALTER=T.DHALTER);
 15    UPDATE TGFTOP T SET ATIVO='S'
 16     WHERE T.CODTIPOPER IN (1164,1166)
 17       AND T.DHALTER=(SELECT MAX(T2.DHALTER) FROM TGFTOP T2 WHERE T2.CODTIPOPER=T.CODTIPOPER);
 18    DBMS_OUTPUT.PUT_LINE('TOPS_ATIVADAS_TEMPORARIAMENTE='||SQL%ROWCOUNT);
 19    COMMIT;
 20  END;
 21  /
Rollback
     AND NOT EXISTS (SELECT 1 FROM SANKHYA.BKP_RMD_TOP_IMPORTUDO_06 B WHERE B.CODTIPOPER=T.CODTIPOPER AND B.DHALTER=T.DHALTER);
                                           *
ERROR at line 14:
ORA-06550: line 14, column 44:
PL/SQL: ORA-00942: table or view does not exist
ORA-06550: line 8, column 3:
PL/SQL: SQL Statement ignored
Help: https://docs.oracle.com/error-help/db/ora-06550/

SQL> ALTER SESSION SET CURRENT_SCHEMA=SANKHYA;

Session altered.

SQL> CREATE TABLE BKP_RMD_TOP_IMPORTUDO_06 (CODTIPOPER NUMBER,DHALTER DATE,ATIVO VARCHAR2(1),ATUALFIN NUMBER,DH_BACKUP TIMESTAMP);

Table BKP_RMD_TOP_IMPORTUDO_06 created.

SQL> CREATE TABLE BKP_RMD_TOP_IMPORTUDO_06 (CODTIPOPER NUMBER,DHALTER DATE,ATIVO VARCHAR2(1),ATUALFIN NUMBER,DH_BACKUP TIMESTAMP)

Error starting at line : 1 in command -
CREATE TABLE BKP_RMD_TOP_IMPORTUDO_06 (CODTIPOPER NUMBER,DHALTER DATE,ATIVO VARCHAR2(1),ATUALFIN NUMBER,DH_BACKUP TIMESTAMP)
Error report -
ORA-00955: name is already used by an existing object
Help: https://docs.oracle.com/error-help/db/ora-00955/
Rollback
SQL> INSERT INTO BKP_RMD_TOP_IMPORTUDO_06(CODTIPOPER,DHALTER,ATIVO,ATUALFIN,DH_BACKUP) SELECT T.CODTIPOPER,T.DHALTER,T.ATIVO,T.ATUALFIN,SYSTIMESTAMP FROM TGFTOP T WHERE T.CODTIPOPER IN (1164,1166) AND T.DHALTER=(SELECT MAX(T2.DHALTER) FROM.  TGFTOT2 WHERE T2.CODTIPOPER=T.CODTIPOPER) AND T.ATIVO<>'S' AND NOT EXISTS (SELECT 1 FROM BKP_RMD_TOP_IMPORTUDO_06 B WHERE B.CODTIPOPER=T.CODTIPOPER AND B.DHALTER=T.DHALTER)

Error starting at line : 1 in command -
INSERT INTO BKP_RMD_TOP_IMPORTUDO_06(CODTIPOPER,DHALTER,ATIVO,ATUALFIN,DH_BACKUP) SELECT T.CODTIPOPER,T.DHALTER,T.ATIVO,T.ATUALFIN,SYSTIMESTAMP FROM TGFTOP T WHERE T.CODTIPOPER IN (1164,1166) AND T.DHALTER=(SELECT MAX(T2.DHALTER) FROM.  TGFTOT2 WHERE T2.CODTIPOPER=T.CODTIPOPER) AND T.ATIVO<>'S' AND NOT EXISTS (SELECT 1 FROM BKP_RMD_TOP_IMPORTUDO_06 B WHERE B.CODTIPOPER=T.CODTIPOPER AND B.DHALTER=T.DHALTER)
Error at Command Line : 1 Column : 235
Error report -
SQL Error: ORA-00903: invalid table name
Help: https://docs.oracle.com/error-help/db/ora-00903/
Rollback
SQL> INSERT INTO BKP_RMD_TOP_IMPORTUDO_06(CODTIPOPER,DHALTER,ATIVO,ATUALFIN,DH_BACKUP) SELECT CODTIPOPER,DHALTER,ATIVO,ATUALFIN,SYSTIMESTAMP FROM TGFTOP WHERE CODTIPOPER IN (1164,1166) AND ATIVO='N'

9 rows inserted.

SQL> UPDATE TGFTOP SET ATIVO='S' WHERE CODTIPOPER IN (1164,1166) AND ATIVO='N'

9 rows updated.

SQL> @"/Users/spadarojr/Documents/Trabalho/Sankhya/Deploy Agent/Scripts-Deploy/7 - QA2/Clientes/IMPORTUDO COMERCIO/Executar_Card09_32B_06.sql"
SQL> SET DEFINE OFF
SQL> SET SERVEROUTPUT ON SIZE UNLIMITED
SQL> SET ECHO ON
SQL> WHENEVER OSERROR EXIT FAILURE ROLLBACK
SQL> WHENEVER SQLERROR EXIT SQL.SQLCODE ROLLBACK
SQL> SPOOL "/Users/spadarojr/Documents/Trabalho/Sankhya/Deploy Agent/Scripts-Deploy/7 - QA2/Clientes/IMPORTUDO COMERCIO/Logs/Card09_32B_Insert_06.log"
