SQL> PROMPT CARD09_32B_INSERT_06
CARD09_32B_INSERT_06
SQL> @"/Users/spadarojr/Documents/Trabalho/Sankhya/Deploy Agent/Scripts-Deploy/7 - QA2/Clientes/IMPORTUDO COMERCIO/Artefatos_Revisao/Scripts/32B_Card09_Inserir_IMPORTUDO_06.sql"
SQL> -- Etapa 32B - Inclusao controlada de financeiros a partir do XML
SQL> --
SQL> -- Executa somente com CONFIRMA_INSERCAO = SIM.
SQL> -- Regras consolidadas: TIPRECDESP textual (I/R/D/P) e convertido para RECDESP numerico;
SQL> -- CODBCO nulo recebe 0 e TIPJURO usa 1 quando a TGFTPV retorna o marcador textual I.
SQL> -- O mapa 32A deve estar presente e conter apenas linhas APTO_PARA_VALIDACAO_FINAL.
SQL> -- O INSERT reproduz os campos e padroes observados na rotina nativa REFAZER FINANCEIRO.
SQL> 
SQL> SET DEFINE ON
SQL> 
SQL> -- Parametros obrigatorios: devem ser os mesmos usados no script 32A.
SQL> -- Mantenha CONFIRMA_INSERCAO=NAO para o mapa/preflight; altere para SIM
SQL> -- somente depois da revisao final do mapa.
SQL> DEFINE ID_EXECUCAO = 'IMPORTUDO_20260910_FDUP_06'
SQL> DEFINE TBL_BASE = 'BKP_RMD_FDUP_IMPORTUDO_06'
SQL> DEFINE TBL_PPG = 'BKP_RMD_FDUP_IMPORTUDO_06_PPG'
SQL> DEFINE TBL_INS = 'BKP_RMD_FDUP_IMPORTUDO_06_INS'
SQL> SET SERVEROUTPUT ON SIZE UNLIMITED
SQL> SET SQLBLANKLINES ON
SQL> WHENEVER SQLERROR EXIT SQL.SQLCODE ROLLBACK
SQL> 
SQL> DEFINE CONFIRMA_INSERCAO = 'SIM'
SQL> 
SQL> PROMPT === CARD 09 - INSERT CONTROLADO TGFFIN ===
=== CARD 09 - INSERT CONTROLADO TGFFIN ===
SQL> 
SQL> DECLARE
  2    v_qtd NUMBER;
  3  BEGIN
  4    SELECT COUNT(*) INTO v_qtd FROM ALL_TABLES WHERE OWNER=SYS_CONTEXT('USERENV','CURRENT_SCHEMA') AND TABLE_NAME='&TBL_INS';
  5    IF v_qtd=0 THEN
  6      EXECUTE IMMEDIATE q'[CREATE TABLE &TBL_INS (ID_EXECUCAO VARCHAR2(40) NOT NULL, DH_EXECUCAO TIMESTAMP NOT NULL, NUNOTA NUMBER NOT NULL, NUFIN NUMBER NOT NULL, VLRDESDOB NUMBER, DTVENC DATE)]';
  7    END IF;
  8  END;
  9  /

PL/SQL procedure successfully completed.

SQL> 
SQL> DECLARE
  2    v_confirm VARCHAR2(3) := UPPER('&&CONFIRMA_INSERCAO');
  3    v_qtd NUMBER;
  4    v_distinct NUMBER;
  5    v_existentes NUMBER;
  6    v_pendentes NUMBER;
  7    v_tgfnum_rows NUMBER;
  8    v_ultcod TGFNUM.ULTCOD%TYPE;
  9    v_nufin TGFFIN.NUFIN%TYPE;
 10    v_vldup TGFFIN.VLRDESDOB%TYPE;
 11    v_dvenc TGFFIN.DTVENC%TYPE;
 12    v_codctabcoint TSICTA.CODCTABCOINT%TYPE;
 13    v_inseridos NUMBER := 0;
 14  BEGIN
 15    SELECT COUNT(*) INTO v_qtd FROM &TBL_PPG WHERE ID_EXECUCAO='&ID_EXECUCAO' AND STATUS_MAPA <> 'APTO_PARA_VALIDACAO_FINAL';
 16    IF v_qtd > 0 THEN
 17      RAISE_APPLICATION_ERROR(-20323,'Existem linhas do mapa sem status APTO_PARA_VALIDACAO_FINAL.');
 18    END IF;
 19    SELECT COUNT(*), COUNT(DISTINCT NUNOTA) INTO v_qtd, v_distinct FROM &TBL_PPG WHERE ID_EXECUCAO='&ID_EXECUCAO';
 20    IF v_qtd = 0 OR v_qtd <> v_distinct THEN
 21      RAISE_APPLICATION_ERROR(-20324,'Mapa vazio ou com mais de uma linha por NUNOTA; revisar parcelas antes do INSERT.');
 22    END IF;
 23    SELECT COUNT(DISTINCT M.NUNOTA) INTO v_existentes
 24      FROM TGFFIN F
 25      JOIN &TBL_PPG M ON M.NUNOTA=F.NUNOTA AND M.ID_EXECUCAO='&ID_EXECUCAO';
 26    SELECT COUNT(*) INTO v_pendentes
 27      FROM &TBL_PPG M
 28     WHERE M.ID_EXECUCAO='&ID_EXECUCAO'
 29       AND NOT EXISTS (SELECT 1 FROM TGFFIN F WHERE F.NUNOTA=M.NUNOTA);
 30    DBMS_OUTPUT.PUT_LINE('JA_EXISTIAM_TGFFIN='||v_existentes);
 31    DBMS_OUTPUT.PUT_LINE('PENDENTES_PARA_INSERCAO='||v_pendentes);
 32    IF v_pendentes = 0 THEN
 33      DBMS_OUTPUT.PUT_LINE('STATUS=SEM_PENDENTES_PARA_INSERCAO');
 34      RETURN;
 35    END IF;
 36    SELECT COUNT(*) INTO v_qtd
 37      FROM &TBL_PPG M
 38      JOIN TGFCAB C ON C.NUNOTA=M.NUNOTA
 39      LEFT JOIN TGFTPV V
 40        ON V.CODTIPVENDA=M.CODTIPVENDA
 41       AND V.DHALTER=C.DHTIPVENDA
 42     WHERE M.ID_EXECUCAO='&ID_EXECUCAO'
 43       AND V.CODTIPVENDA IS NULL;
 44    IF v_qtd > 0 THEN
 45      RAISE_APPLICATION_ERROR(-20329,'Uma ou mais notas nao possuem a versao exata da TGFTPV usada no cabecalho.');
 46    END IF;
 47    SELECT COUNT(*) INTO v_qtd
 48      FROM &TBL_PPG
 49     WHERE ID_EXECUCAO='&ID_EXECUCAO'
 50       AND NOT REGEXP_LIKE(TRIM(VDUP_XML),'^[0-9]+([.][0-9]+)?$');
 51    IF v_qtd > 0 THEN
 52      RAISE_APPLICATION_ERROR(-20330,'Existe vDup XML nao numerico no mapa.');
 53    END IF;
 54    SELECT COUNT(*) INTO v_qtd
 55      FROM &TBL_PPG M
 56     WHERE M.ID_EXECUCAO='&ID_EXECUCAO'
 57       AND NOT EXISTS (SELECT 1 FROM TGFTIT T WHERE T.CODTIPTIT=M.CODTIPTITPAD);
 58    IF v_qtd > 0 THEN
 59      RAISE_APPLICATION_ERROR(-20331,'Existe CODTIPTITPAD sem correspondente na TGFTIT.');
 60    END IF;
 61    SELECT COUNT(*) INTO v_tgfnum_rows FROM TGFNUM WHERE ARQUIVO='TGFFIN';
 62    DBMS_OUTPUT.PUT_LINE('TGFNUM_TGFFIN_ROWS='||v_tgfnum_rows);
 63    IF v_tgfnum_rows <> 1 THEN
 64      FOR t IN (SELECT ARQUIVO, ULTCOD FROM TGFNUM WHERE ARQUIVO='TGFFIN' ORDER BY ULTCOD) LOOP
 65        DBMS_OUTPUT.PUT_LINE('TGFNUM_ROW ARQUIVO='||t.ARQUIVO||' ULTCOD='||t.ULTCOD);
 66      END LOOP;
 67      DBMS_OUTPUT.PUT_LINE('DIAGNOSTICO_TGFNUM; nenhuma alteração realizada.');
 68      ROLLBACK;
 69      RETURN;
 70    END IF;
 71    IF v_confirm <> 'SIM' THEN
 72      DBMS_OUTPUT.PUT_LINE('STATUS=NAO_EXECUTADO; altere CONFIRMA_INSERCAO para SIM após revisar o mapa.');
 73      RETURN;
 74    END IF;
 75    DBMS_OUTPUT.PUT_LINE('ANTES_LOCK_TGFNUM');
 76    SELECT ULTCOD INTO v_ultcod FROM TGFNUM WHERE ARQUIVO='TGFFIN' FOR UPDATE WAIT 5;
 77    DBMS_OUTPUT.PUT_LINE('APOS_LOCK_TGFNUM ULTCOD='||v_ultcod);
 78    SELECT COUNT(*) INTO v_qtd FROM &TBL_INS WHERE ID_EXECUCAO='&ID_EXECUCAO';
 79    IF v_qtd > 0 THEN
 80      RAISE_APPLICATION_ERROR(-20327,'Ja existem inclusoes auditadas para este ID_EXECUCAO.');
 81    END IF;
 82    FOR r IN (
 83      SELECT M.*, C.TIPMOV, C.DHTIPVENDA, V.TIPJURO
 84        FROM &TBL_PPG M
 85        JOIN TGFCAB C ON C.NUNOTA=M.NUNOTA
 86        LEFT JOIN TGFTPV V ON V.CODTIPVENDA=M.CODTIPVENDA AND V.DHALTER=C.DHTIPVENDA
 87       WHERE M.ID_EXECUCAO='&ID_EXECUCAO'
 88         AND M.STATUS_MAPA='APTO_PARA_VALIDACAO_FINAL'
 89         AND NOT EXISTS (SELECT 1 FROM TGFFIN F WHERE F.NUNOTA=M.NUNOTA)
 90       ORDER BY M.NUNOTA, M.SEQ_PPG
 91    ) LOOP
 92      v_nufin := v_ultcod + 1;
 93      DBMS_OUTPUT.PUT_LINE('PROCESSANDO NUNOTA='||r.NUNOTA||' NUFIN='||v_nufin||' VDUP='||r.VDUP_XML||' DVENC='||r.DVENC_XML||' NDUP='||NVL(r.NDUP_XML,'<NULL>'));
 94      BEGIN
 95        v_vldup := TO_NUMBER(TRIM(r.VDUP_XML),
 96                             '999999999999999999D99999999',
 97                             'NLS_NUMERIC_CHARACTERS=''.,''');
 98        v_dvenc := TO_DATE(TRIM(r.DVENC_XML),'YYYY-MM-DD');
 99        IF r.CODCTABCOINT IS NOT NULL THEN
100          v_codctabcoint := r.CODCTABCOINT;
101        ELSE
102          SELECT MIN(A.CODCTABCOINT) INTO v_codctabcoint FROM TSICTA A
103           WHERE A.ATIVA='S' AND A.CODEMP=r.CODEMP;
104        END IF;
105        IF v_codctabcoint IS NULL THEN
106          RAISE_APPLICATION_ERROR(-20332,'Nenhuma conta bancaria ativa para CODEMP='||r.CODEMP||'.');
107        END IF;
108        DBMS_OUTPUT.PUT_LINE('CONTA_ATIVA_CODEMP='||r.CODEMP||' CODCTABCOINT='||v_codctabcoint);
109        INSERT INTO TGFFIN ( ABATIMENTO,ABATIMENTOCAN,AGENCIA_CMC7,ALIQICMS,AUTORIZADO,BAIXAAPI,BASEICMS,BASEINSS,BASEIRF,BLOQVAR,CARTA,CARTAODESC,CGC_CPF_CMC7,CHAVECTE,CHAVECTEREF,CHAVENFEGNRE,CHEQUERASTREADO_CMC7,CLASSIFCESSAOOBRA,CODBARRA,CODBCO,CODBCO_CMC7,CODCBE,CODCC,CODCENCUS,CODCFO,CODCIDFIMCTE,CODCIDINICTE,CODCONTATO,CODCTABCOINT,CODEMP,CODEMPBAIXA,CODFUNC,CODIGOBARRA,CODIMOVELRURAL,CODIPTU,CODLST,CODMOEDA,CODNAT,CODOBRA,CODOBSPADRAO,CODPARC,CODPROJ,CODRECEITA,CODREGUA,CODTIPOPER,CODTIPOPERBAIXA,CODTIPTIT,CODTRIB,CODUSU,CODUSUBAIXA,CODUSUCOBR,CODVEICULO,CODVEND,CONTA_CMC7,CUSTASPROCESSUAIS,DEPOSITOJUDICIAL,DESCRTPAGNFCE,DESDOBDUPL,DESDOBRAMENTO,DESPADVOGADO,DESPCART,DHBAIXA,DHMOV,DHTIPOPER,DHTIPOPERBAIXA,DH_IMPRESSAO,DIGSAFRA,DTALTER,DTBAIXAPREV,DTCONTAB,DTCONTABBAIXA,DTENTSAI,DTENTSAIINFO,DTINITREFAPURACAO,DTINTEGRACAOIPI,DTNEG,DTPRAZO,DTREFERENCIA,DTVENC,DTVENCINIC,EMVPIX,EXIGEISSQN,HISTORICO,IDLOTEFDIC,IDUNICO,INDRECEFDCONT,INFCOMPLEFDCONT,INSSRETIDO,IRFRETIDO,ISSRETIDO,JUROSAVP,LINHADIGITAVEL,M2,METODOCALCIRRF,MODELONFDES,MONIOCOREM,MOTNAORETERISSQN,NATUREZAOPERDES,NFCOMPLFIX,NFENTSEQFIX,NOMEEMITENTE_CMC7,NOSSONUM,NROIMPORT,NROLOTEGNRE,NUANTBANC,NUAPONTA,NUBCO,NUCAIXA,NUCCR,NUCHQ,NUCKC,NUCOMPENS,NUDEV,NUFIN,NUFTC,NUMBOR,NUMCONTRATO,NUMDOCARRECAD,NUMDUPL,NUMNFSE,NUMNOTA,NUMOCORRENCIAS,NUMOS,NUMPROCADMJUDIC,NUMREMESSA,NUNOTA,NUPED,NURENEG,NUVERBA,OBRACONSTCIVIL,ORDEMCARGA,ORIGEM,PARCRENEG,PDD,PIXTEF,PROVISAO,RATEADO,RECADIANTAMENTORURAL,RECDESP,RECEBCARTAO,RECEBIDO,REFATCON,REGESPTRIBUT,REJEICAOGNRE,SANGDESPDV,SEQCAIXA,SEQUENCIA,SERIENFDES,SERIENOTA,SITESPECIALRESP,STATUSGNRE,TIMBLOQUEADA,TIMCONTALANC,TIMCONTAREP,TIMCONTRATOADM,TIMCONTRATOLOC,TIMCONTRATOLTV,TIMDATADEJUR,TIMDHBAIXA,TIMDHGERREPASSE,TIMDHGERREPPARCIAL,TIMDTIMPBOL,TIMDTIMPBOLLOCAL,TIMDTREPASSE,TIMDTREPPARCIAL,TIMFECHAMENTO,TIMFECHAMENTOALU,TIMFINGARANTORIG,TIMIMOVEL,TIMNEGOCIACAO,TIMNOMEADVOGADO,TIMNUFINORIG,TIMNUMREG,TIMORIGEM,TIMORIGRENEG,TIMPARCELA,TIMRENEGCANCLOTE,TIMRENEGIMV,TIMRENEGLOTE,TIMREPINTELIGENTE,TIMREPPARCIAL,TIMRESCISAOLOC,TIMRESCISAOLTV,TIMSAC,TIMTIPOINTERMED,TIMTXADMGERALU,TIMVENDAIMV,TIMVENDALOTE,TIMVLRAMORTCONTRATO,TIMVLRCORRMONET,TIMVLRJUROCONTRATO,TIPAPURACAO,TIPJURO,TIPMARCCHEQ,TIPMULTA,TPAGNFCE,TROCOPDV,VALORPRESENTE,VENDAMAIS,VLRALIBERAR,VLRBAIXA,VLRCESSAO,VLRCHEQUE,VLRDESC,VLRDESCCALC,VLRDESCEMBUT,VLRDESDOB,VLRDESDOBCALC,VLRFATCARTAO,VLRGNREDOIS,VLRICMSXMLCTE,VLRINSS,VLRIRF,VLRISS,VLRJURO,VLRJUROEMBUT,VLRJUROLIB,VLRJURONEGOC,VLRMOEDA,VLRMOEDABAIXA,VLRMULTA,VLRMULTAEMBUT,VLRMULTALIB,VLRMULTANEGOC,VLRPROV,VLRVARCAMBIAL,VLRVENDOR ) VALUES (
110        NULL,
111        NULL,
112        NULL,
113        0,
114        'N',
115        NULL,
116        0,
117        NULL,
118        NULL,
119        'N',
120        NULL,
121        0,
122        NULL,
123        NULL,
124        NULL,
125        NULL,
126        NULL,
127        NULL,
128        NULL,
129        NVL(r.CODBCOPAD,0),
130        NULL,
131        NULL,
132        NULL,
133        NVL(r.CODCENCUSPAD,r.CODCENCUS_CAB),
134        NULL,
135        NULL,
136        NULL,
137        NULL,
138        v_codctabcoint,
139        r.CODEMP,
140        NULL,
141        NULL,
142        NULL,
143        NULL,
144        NULL,
145        NULL,
146        0,
147        NVL(r.CODNATPAD,r.CODNAT_CAB),
148        NULL,
149        NULL,
150        r.CODPARC,
151        NVL(r.CODPROJPAD,r.CODPROJ_CAB),
152        NULL,
153        NULL,
154        r.CODTIPOPER,
155        0,
156        r.CODTIPTITPAD,
157        NULL,
158        0,
159        NULL,
160        NULL,
161        0,
162        r.CODVEND,
163        NULL,
164        NULL,
165        NULL,
166        NULL,
167        NULL,
168        0,
169        NULL,
170        0,
171        NULL,
172        NVL(r.DTMOV,r.DTNEG),
173        r.DHTIPOPER,
174        TO_DATE('1998-01-01','YYYY-MM-DD'),
175        NULL,
176        NULL,
177        SYSDATE,
178        NULL,
179        NULL,
180        NULL,
181        r.DTENTSAI,
182        NULL,
183        NULL,
184        NULL,
185        TRUNC(r.DTNEG),
186        NULL,
187        NULL,
188        v_dvenc,
189        v_dvenc,
190        NULL,
191        NULL,
192        NULL,
193        NULL,
194        NULL,
195        NULL,
196        NULL,
197        'N',
198        'N',
199        'N',
200        NULL,
201        NULL,
202        NULL,
203        NULL,
204        NULL,
205        NULL,
206        NULL,
207        NULL,
208        NULL,
209        NULL,
210        NULL,
211        NULL,
212        NULL,
213        NULL,
214        NULL,
215        NULL,
216        NULL,
217        NULL,
218        NULL,
219        NULL,
220        NULL,
221        NULL,
222        NULL,
223        v_nufin,
224        NULL,
225        NULL,
226        0,
227        NULL,
228        r.NDUP_XML,
229        NULL,
230        r.NUMNOTA,
231        NULL,
232        NULL,
233        NULL,
234        NULL,
235        r.NUNOTA,
236        NULL,
237        NULL,
238        NULL,
239        NULL,
240        0,
241        'E',
242        NULL,
243        NULL,
244        NULL,
245        'N',
246        'N',
247        NULL,
248        CASE WHEN UPPER(TRIM(r.TIPRECDESP)) IN ('I','R','1') THEN 1 WHEN UPPER(TRIM(r.TIPRECDESP)) IN ('D','P','-1') THEN -1 WHEN r.TIPMOV='V' THEN 1 WHEN r.TIPMOV='C' THEN -1 ELSE 0 END,
249        NULL,
250        NULL,
251        NULL,
252        NULL,
253        NULL,
254        NULL,
255        NULL,
256        NVL(r.SEQ_PPG,1),
257        NULL,
258        r.SERIENOTA,
259        NULL,
260        NULL,
261        'N',
262        NULL,
263        NULL,
264        NULL,
265        NULL,
266        NULL,
267        NULL,
268        NULL,
269        NULL,
270        NULL,
271        NULL,
272        NULL,
273        NULL,
274        NULL,
275        NULL,
276        NULL,
277        NULL,
278        NULL,
279        NULL,
280        NULL,
281        NULL,
282        NULL,
283        NULL,
284        NULL,
285        NULL,
286        NULL,
287        NULL,
288        NULL,
289        NULL,
290        NULL,
291        NULL,
292        NULL,
293        NULL,
294        NULL,
295        'S',
296        NULL,
297        NULL,
298        NULL,
299        NULL,
300        NULL,
301        NULL,
302        1,
303        'I',
304        1,
305        NULL,
306        NULL,
307        NULL,
308        NULL,
309        NULL,
310        0,
311        NULL,
312        NULL,
313        0,
314        NULL,
315        0,
316        v_vldup,
317        NULL,
318        NULL,
319        NULL,
320        NULL,
321        0,
322        0,
323        0,
324        0,
325        0,
326        0,
327        0,
328        0,
329        0,
330        0,
331        0,
332        0,
333        0,
334        0,
335        NULL,
336        0.00
337      );
338      EXCEPTION
339        WHEN OTHERS THEN
340          DBMS_OUTPUT.PUT_LINE('ERRO_NUNOTA='||r.NUNOTA||' NUFIN='||v_nufin);
341          DBMS_OUTPUT.PUT_LINE(SQLERRM);
342          DBMS_OUTPUT.PUT_LINE(DBMS_UTILITY.FORMAT_ERROR_BACKTRACE);
343          ROLLBACK;
344          RETURN;
345      END;
346      UPDATE TGFNUM SET ULTCOD=v_nufin WHERE ARQUIVO='TGFFIN';
347      INSERT INTO &TBL_INS (ID_EXECUCAO,DH_EXECUCAO,NUNOTA,NUFIN,VLRDESDOB,DTVENC) VALUES ('&ID_EXECUCAO',SYSTIMESTAMP,r.NUNOTA,v_nufin,v_vldup,v_dvenc);
348      v_ultcod := v_nufin;
349      v_inseridos := v_inseridos + 1;
350    END LOOP;
351    COMMIT;
352    DBMS_OUTPUT.PUT_LINE('FINANCEIROS_INSERIDOS='||v_inseridos);
353    DBMS_OUTPUT.PUT_LINE('STATUS=INSERT_EXECUTADO');
354  EXCEPTION
355    WHEN OTHERS THEN
356      ROLLBACK;
357      RAISE;
358  END;
359  /
JA_EXISTIAM_TGFFIN=0
PENDENTES_PARA_INSERCAO=207
TGFNUM_TGFFIN_ROWS=1
ANTES_LOCK_TGFNUM
APOS_LOCK_TGFNUM ULTCOD=11996
PROCESSANDO NUNOTA=2792 NUFIN=11997 VDUP=4873.97 DVENC=2026-01-05 NDUP=001
CONTA_ATIVA_CODEMP=2 CODCTABCOINT=8
PROCESSANDO NUNOTA=2793 NUFIN=11998 VDUP=8037.02 DVENC=2026-01-05 NDUP=001
CONTA_ATIVA_CODEMP=2 CODCTABCOINT=8
PROCESSANDO NUNOTA=2794 NUFIN=11999 VDUP=1078.32 DVENC=2026-01-05 NDUP=001
CONTA_ATIVA_CODEMP=2 CODCTABCOINT=8
PROCESSANDO NUNOTA=2795 NUFIN=12000 VDUP=1466.50 DVENC=2026-01-05 NDUP=001
CONTA_ATIVA_CODEMP=2 CODCTABCOINT=8
PROCESSANDO NUNOTA=2796 NUFIN=12001 VDUP=3378.72 DVENC=2026-01-05 NDUP=001
CONTA_ATIVA_CODEMP=2 CODCTABCOINT=8
PROCESSANDO NUNOTA=2797 NUFIN=12002 VDUP=1854.70 DVENC=2026-01-05 NDUP=001
CONTA_ATIVA_CODEMP=2 CODCTABCOINT=8
PROCESSANDO NUNOTA=2798 NUFIN=12003 VDUP=6469.87 DVENC=2026-01-05 NDUP=001
CONTA_ATIVA_CODEMP=2 CODCTABCOINT=8
PROCESSANDO NUNOTA=2799 NUFIN=12004 VDUP=4457.03 DVENC=2026-01-05 NDUP=001
CONTA_ATIVA_CODEMP=2 CODCTABCOINT=8
PROCESSANDO NUNOTA=2800 NUFIN=12005 VDUP=3738.15 DVENC=2026-01-05 NDUP=001
CONTA_ATIVA_CODEMP=2 CODCTABCOINT=8
PROCESSANDO NUNOTA=2801 NUFIN=12006 VDUP=4902.73 DVENC=2026-01-05 NDUP=001
CONTA_ATIVA_CODEMP=2 CODCTABCOINT=8
PROCESSANDO NUNOTA=2802 NUFIN=12007 VDUP=3982.57 DVENC=2026-01-05 NDUP=001
CONTA_ATIVA_CODEMP=2 CODCTABCOINT=8
PROCESSANDO NUNOTA=2803 NUFIN=12008 VDUP=1854.70 DVENC=2026-01-05 NDUP=001
CONTA_ATIVA_CODEMP=2 CODCTABCOINT=8
PROCESSANDO NUNOTA=2805 NUFIN=12009 VDUP=1984.10 DVENC=2026-01-05 NDUP=001
CONTA_ATIVA_CODEMP=2 CODCTABCOINT=8
PROCESSANDO NUNOTA=2806 NUFIN=12010 VDUP=2904.25 DVENC=2026-01-05 NDUP=001
CONTA_ATIVA_CODEMP=2 CODCTABCOINT=8
PROCESSANDO NUNOTA=2807 NUFIN=12011 VDUP=2645.47 DVENC=2026-01-05 NDUP=001
CONTA_ATIVA_CODEMP=2 CODCTABCOINT=8
PROCESSANDO NUNOTA=2808 NUFIN=12012 VDUP=4528.91 DVENC=2026-01-05 NDUP=001
CONTA_ATIVA_CODEMP=2 CODCTABCOINT=8
PROCESSANDO NUNOTA=2809 NUFIN=12013 VDUP=5276.54 DVENC=2026-01-05 NDUP=001
CONTA_ATIVA_CODEMP=2 CODCTABCOINT=8
PROCESSANDO NUNOTA=2810 NUFIN=12014 VDUP=862.66 DVENC=2026-01-05 NDUP=001
CONTA_ATIVA_CODEMP=2 CODCTABCOINT=8
PROCESSANDO NUNOTA=2811 NUFIN=12015 VDUP=1897.83 DVENC=2026-01-05 NDUP=001
CONTA_ATIVA_CODEMP=2 CODCTABCOINT=8
PROCESSANDO NUNOTA=2812 NUFIN=12016 VDUP=3982.57 DVENC=2026-01-05 NDUP=001
CONTA_ATIVA_CODEMP=2 CODCTABCOINT=8
PROCESSANDO NUNOTA=2813 NUFIN=12017 VDUP=3752.53 DVENC=2026-01-05 NDUP=001
CONTA_ATIVA_CODEMP=2 CODCTABCOINT=8
PROCESSANDO NUNOTA=2814 NUFIN=12018 VDUP=1581.52 DVENC=2026-01-05 NDUP=001
CONTA_ATIVA_CODEMP=2 CODCTABCOINT=8
PROCESSANDO NUNOTA=2815 NUFIN=12019 VDUP=1078.32 DVENC=2026-01-05 NDUP=001
CONTA_ATIVA_CODEMP=2 CODCTABCOINT=8
PROCESSANDO NUNOTA=2816 NUFIN=12020 VDUP=5866.02 DVENC=2026-01-05 NDUP=001
CONTA_ATIVA_CODEMP=2 CODCTABCOINT=8
PROCESSANDO NUNOTA=2817 NUFIN=12021 VDUP=1610.28 DVENC=2026-01-05 NDUP=001
CONTA_ATIVA_CODEMP=2 CODCTABCOINT=8
PROCESSANDO NUNOTA=2818 NUFIN=12022 VDUP=3378.71 DVENC=2026-01-05 NDUP=001
CONTA_ATIVA_CODEMP=2 CODCTABCOINT=8
PROCESSANDO NUNOTA=2819 NUFIN=12023 VDUP=4457.03 DVENC=2026-01-05 NDUP=001
CONTA_ATIVA_CODEMP=2 CODCTABCOINT=8
PROCESSANDO NUNOTA=2820 NUFIN=12024 VDUP=1078.32 DVENC=2026-01-05 NDUP=001
CONTA_ATIVA_CODEMP=2 CODCTABCOINT=8
PROCESSANDO NUNOTA=2821 NUFIN=12025 VDUP=2372.29 DVENC=2026-01-05 NDUP=001
CONTA_ATIVA_CODEMP=2 CODCTABCOINT=8
PROCESSANDO NUNOTA=2822 NUFIN=12026 VDUP=1725.30 DVENC=2026-01-05 NDUP=001
CONTA_ATIVA_CODEMP=2 CODCTABCOINT=8
PROCESSANDO NUNOTA=2823 NUFIN=12027 VDUP=5492.20 DVENC=2026-01-05 NDUP=001
CONTA_ATIVA_CODEMP=2 CODCTABCOINT=8
PROCESSANDO NUNOTA=2824 NUFIN=12028 VDUP=3019.28 DVENC=2026-01-05 NDUP=001
CONTA_ATIVA_CODEMP=2 CODCTABCOINT=8
PROCESSANDO NUNOTA=2825 NUFIN=12029 VDUP=1380.25 DVENC=2026-01-05 NDUP=001
CONTA_ATIVA_CODEMP=2 CODCTABCOINT=8
PROCESSANDO NUNOTA=2826 NUFIN=12030 VDUP=2645.46 DVENC=2026-01-05 NDUP=001
CONTA_ATIVA_CODEMP=2 CODCTABCOINT=8
PROCESSANDO NUNOTA=2827 NUFIN=12031 VDUP=2070.37 DVENC=2026-01-05 NDUP=001
CONTA_ATIVA_CODEMP=2 CODCTABCOINT=8
PROCESSANDO NUNOTA=2828 NUFIN=12032 VDUP=3853.17 DVENC=2026-01-05 NDUP=001
CONTA_ATIVA_CODEMP=2 CODCTABCOINT=8
PROCESSANDO NUNOTA=2829 NUFIN=12033 VDUP=3278.08 DVENC=2026-01-05 NDUP=001
CONTA_ATIVA_CODEMP=2 CODCTABCOINT=8
PROCESSANDO NUNOTA=2830 NUFIN=12034 VDUP=3191.81 DVENC=2026-01-05 NDUP=001
CONTA_ATIVA_CODEMP=2 CODCTABCOINT=8
PROCESSANDO NUNOTA=2831 NUFIN=12035 VDUP=3551.24 DVENC=2026-01-05 NDUP=001
CONTA_ATIVA_CODEMP=2 CODCTABCOINT=8
PROCESSANDO NUNOTA=2832 NUFIN=12036 VDUP=1035.19 DVENC=2026-01-05 NDUP=001
CONTA_ATIVA_CODEMP=2 CODCTABCOINT=8
PROCESSANDO NUNOTA=2833 NUFIN=12037 VDUP=11142.56 DVENC=2026-01-05 NDUP=001
CONTA_ATIVA_CODEMP=2 CODCTABCOINT=8
PROCESSANDO NUNOTA=2834 NUFIN=12038 VDUP=3838.80 DVENC=2026-01-05 NDUP=001
CONTA_ATIVA_CODEMP=2 CODCTABCOINT=8
PROCESSANDO NUNOTA=2835 NUFIN=12039 VDUP=3522.49 DVENC=2026-01-05 NDUP=001
CONTA_ATIVA_CODEMP=2 CODCTABCOINT=8
PROCESSANDO NUNOTA=2836 NUFIN=12040 VDUP=3321.20 DVENC=2026-01-05 NDUP=001
CONTA_ATIVA_CODEMP=2 CODCTABCOINT=8
PROCESSANDO NUNOTA=2837 NUFIN=12041 VDUP=6786.18 DVENC=2026-01-05 NDUP=001
CONTA_ATIVA_CODEMP=2 CODCTABCOINT=8
PROCESSANDO NUNOTA=2838 NUFIN=12042 VDUP=1293.98 DVENC=2026-01-05 NDUP=001
CONTA_ATIVA_CODEMP=2 CODCTABCOINT=8
PROCESSANDO NUNOTA=2839 NUFIN=12043 VDUP=1552.77 DVENC=2026-01-05 NDUP=001
CONTA_ATIVA_CODEMP=2 CODCTABCOINT=8
PROCESSANDO NUNOTA=2840 NUFIN=12044 VDUP=2372.29 DVENC=2026-01-05 NDUP=001
CONTA_ATIVA_CODEMP=2 CODCTABCOINT=8
PROCESSANDO NUNOTA=2841 NUFIN=12045 VDUP=6067.31 DVENC=2026-01-05 NDUP=001
CONTA_ATIVA_CODEMP=2 CODCTABCOINT=8
PROCESSANDO NUNOTA=3004 NUFIN=12046 VDUP=421.74 DVENC=2025-09-21 NDUP=001
CONTA_ATIVA_CODEMP=2 CODCTABCOINT=8
PROCESSANDO NUNOTA=3005 NUFIN=12047 VDUP=843.48 DVENC=2025-09-21 NDUP=001
CONTA_ATIVA_CODEMP=2 CODCTABCOINT=8
PROCESSANDO NUNOTA=3006 NUFIN=12048 VDUP=702.90 DVENC=2025-09-21 NDUP=001
CONTA_ATIVA_CODEMP=2 CODCTABCOINT=8
PROCESSANDO NUNOTA=3007 NUFIN=12049 VDUP=421.74 DVENC=2025-09-21 NDUP=001
CONTA_ATIVA_CODEMP=2 CODCTABCOINT=8
PROCESSANDO NUNOTA=3008 NUFIN=12050 VDUP=421.74 DVENC=2025-09-21 NDUP=001
CONTA_ATIVA_CODEMP=2 CODCTABCOINT=8
PROCESSANDO NUNOTA=3009 NUFIN=12051 VDUP=562.32 DVENC=2025-09-21 NDUP=001
CONTA_ATIVA_CODEMP=2 CODCTABCOINT=8
PROCESSANDO NUNOTA=3010 NUFIN=12052 VDUP=562.32 DVENC=2025-09-21 NDUP=001
CONTA_ATIVA_CODEMP=2 CODCTABCOINT=8
PROCESSANDO NUNOTA=3011 NUFIN=12053 VDUP=562.32 DVENC=2025-09-21 NDUP=001
CONTA_ATIVA_CODEMP=2 CODCTABCOINT=8
PROCESSANDO NUNOTA=3012 NUFIN=12054 VDUP=421.74 DVENC=2025-09-21 NDUP=001
CONTA_ATIVA_CODEMP=2 CODCTABCOINT=8
PROCESSANDO NUNOTA=3013 NUFIN=12055 VDUP=843.48 DVENC=2025-09-21 NDUP=001
CONTA_ATIVA_CODEMP=2 CODCTABCOINT=8
PROCESSANDO NUNOTA=3014 NUFIN=12056 VDUP=843.48 DVENC=2025-09-21 NDUP=001
CONTA_ATIVA_CODEMP=2 CODCTABCOINT=8
PROCESSANDO NUNOTA=3015 NUFIN=12057 VDUP=562.32 DVENC=2025-09-21 NDUP=001
CONTA_ATIVA_CODEMP=2 CODCTABCOINT=8
PROCESSANDO NUNOTA=3016 NUFIN=12058 VDUP=421.74 DVENC=2025-09-21 NDUP=001
CONTA_ATIVA_CODEMP=2 CODCTABCOINT=8
PROCESSANDO NUNOTA=3125 NUFIN=12059 VDUP=9695.18 DVENC=2025-09-13 NDUP=001
CONTA_ATIVA_CODEMP=2 CODCTABCOINT=8
PROCESSANDO NUNOTA=3126 NUFIN=12060 VDUP=1438.56 DVENC=2025-09-13 NDUP=001
CONTA_ATIVA_CODEMP=2 CODCTABCOINT=8
PROCESSANDO NUNOTA=3127 NUFIN=12061 VDUP=172.53 DVENC=2025-09-13 NDUP=001
CONTA_ATIVA_CODEMP=2 CODCTABCOINT=8
PROCESSANDO NUNOTA=3128 NUFIN=12062 VDUP=2878.56 DVENC=2025-09-13 NDUP=001
CONTA_ATIVA_CODEMP=2 CODCTABCOINT=8
PROCESSANDO NUNOTA=3129 NUFIN=12063 VDUP=2950.92 DVENC=2025-09-13 NDUP=001
CONTA_ATIVA_CODEMP=2 CODCTABCOINT=8
PROCESSANDO NUNOTA=3130 NUFIN=12064 VDUP=1438.56 DVENC=2025-09-13 NDUP=001
CONTA_ATIVA_CODEMP=2 CODCTABCOINT=8
PROCESSANDO NUNOTA=3131 NUFIN=12065 VDUP=14750.13 DVENC=2025-09-13 NDUP=001
CONTA_ATIVA_CODEMP=2 CODCTABCOINT=8
PROCESSANDO NUNOTA=3132 NUFIN=12066 VDUP=5204.90 DVENC=2025-09-13 NDUP=001
CONTA_ATIVA_CODEMP=2 CODCTABCOINT=8
PROCESSANDO NUNOTA=3133 NUFIN=12067 VDUP=958.56 DVENC=2025-09-13 NDUP=001
CONTA_ATIVA_CODEMP=2 CODCTABCOINT=8
PROCESSANDO NUNOTA=3134 NUFIN=12068 VDUP=6283.86 DVENC=2025-09-13 NDUP=001
CONTA_ATIVA_CODEMP=2 CODCTABCOINT=8
PROCESSANDO NUNOTA=3135 NUFIN=12069 VDUP=5267.48 DVENC=2025-09-13 NDUP=001
CONTA_ATIVA_CODEMP=2 CODCTABCOINT=8
PROCESSANDO NUNOTA=3136 NUFIN=12070 VDUP=7421.93 DVENC=2025-09-13 NDUP=001
CONTA_ATIVA_CODEMP=2 CODCTABCOINT=8
PROCESSANDO NUNOTA=3137 NUFIN=12071 VDUP=2330.34 DVENC=2025-09-13 NDUP=001
CONTA_ATIVA_CODEMP=2 CODCTABCOINT=8
PROCESSANDO NUNOTA=3138 NUFIN=12072 VDUP=3050.34 DVENC=2025-09-13 NDUP=001
CONTA_ATIVA_CODEMP=2 CODCTABCOINT=8
PROCESSANDO NUNOTA=3139 NUFIN=12073 VDUP=5925.55 DVENC=2025-09-13 NDUP=001
CONTA_ATIVA_CODEMP=2 CODCTABCOINT=8
PROCESSANDO NUNOTA=3140 NUFIN=12074 VDUP=8006.99 DVENC=2025-09-13 NDUP=001
CONTA_ATIVA_CODEMP=2 CODCTABCOINT=8
PROCESSANDO NUNOTA=3141 NUFIN=12075 VDUP=16821.22 DVENC=2025-09-13 NDUP=001
CONTA_ATIVA_CODEMP=2 CODCTABCOINT=8
PROCESSANDO NUNOTA=3142 NUFIN=12076 VDUP=11563.41 DVENC=2025-09-13 NDUP=001
CONTA_ATIVA_CODEMP=2 CODCTABCOINT=8
PROCESSANDO NUNOTA=3143 NUFIN=12077 VDUP=4558.56 DVENC=2025-09-13 NDUP=001
CONTA_ATIVA_CODEMP=2 CODCTABCOINT=8
PROCESSANDO NUNOTA=3144 NUFIN=12078 VDUP=10333.99 DVENC=2025-09-13 NDUP=001
CONTA_ATIVA_CODEMP=2 CODCTABCOINT=8
PROCESSANDO NUNOTA=3145 NUFIN=12079 VDUP=1370.34 DVENC=2025-09-13 NDUP=001
CONTA_ATIVA_CODEMP=2 CODCTABCOINT=8
PROCESSANDO NUNOTA=3146 NUFIN=12080 VDUP=3222.12 DVENC=2025-09-13 NDUP=001
CONTA_ATIVA_CODEMP=2 CODCTABCOINT=8
PROCESSANDO NUNOTA=3147 NUFIN=12081 VDUP=2090.34 DVENC=2025-09-13 NDUP=001
CONTA_ATIVA_CODEMP=2 CODCTABCOINT=8
PROCESSANDO NUNOTA=3148 NUFIN=12082 VDUP=5278.56 DVENC=2025-09-13 NDUP=001
CONTA_ATIVA_CODEMP=2 CODCTABCOINT=8
PROCESSANDO NUNOTA=3149 NUFIN=12083 VDUP=7469.11 DVENC=2025-09-13 NDUP=001
CONTA_ATIVA_CODEMP=2 CODCTABCOINT=8
PROCESSANDO NUNOTA=3150 NUFIN=12084 VDUP=1198.56 DVENC=2025-09-13 NDUP=001
CONTA_ATIVA_CODEMP=2 CODCTABCOINT=8
PROCESSANDO NUNOTA=3151 NUFIN=12085 VDUP=1207.71 DVENC=2025-09-13 NDUP=001
CONTA_ATIVA_CODEMP=2 CODCTABCOINT=8
PROCESSANDO NUNOTA=3152 NUFIN=12086 VDUP=2710.92 DVENC=2025-09-13 NDUP=001
CONTA_ATIVA_CODEMP=2 CODCTABCOINT=8
PROCESSANDO NUNOTA=3153 NUFIN=12087 VDUP=3050.34 DVENC=2025-09-13 NDUP=001
CONTA_ATIVA_CODEMP=2 CODCTABCOINT=8
PROCESSANDO NUNOTA=3154 NUFIN=12088 VDUP=958.56 DVENC=2025-09-13 NDUP=001
CONTA_ATIVA_CODEMP=2 CODCTABCOINT=8
PROCESSANDO NUNOTA=3155 NUFIN=12089 VDUP=1438.56 DVENC=2025-09-13 NDUP=001
CONTA_ATIVA_CODEMP=2 CODCTABCOINT=8
PROCESSANDO NUNOTA=3156 NUFIN=12090 VDUP=172.53 DVENC=2025-09-13 NDUP=001
CONTA_ATIVA_CODEMP=2 CODCTABCOINT=8
PROCESSANDO NUNOTA=3157 NUFIN=12091 VDUP=6238.56 DVENC=2025-09-13 NDUP=001
CONTA_ATIVA_CODEMP=2 CODCTABCOINT=8
PROCESSANDO NUNOTA=3158 NUFIN=12092 VDUP=8573.26 DVENC=2025-09-13 NDUP=001
CONTA_ATIVA_CODEMP=2 CODCTABCOINT=8
PROCESSANDO NUNOTA=3159 NUFIN=12093 VDUP=5779.52 DVENC=2025-09-13 NDUP=001
CONTA_ATIVA_CODEMP=2 CODCTABCOINT=8
PROCESSANDO NUNOTA=3160 NUFIN=12094 VDUP=8398.56 DVENC=2025-09-13 NDUP=001
CONTA_ATIVA_CODEMP=2 CODCTABCOINT=8
PROCESSANDO NUNOTA=3161 NUFIN=12095 VDUP=12972.77 DVENC=2025-09-13 NDUP=001
CONTA_ATIVA_CODEMP=2 CODCTABCOINT=8
PROCESSANDO NUNOTA=3162 NUFIN=12096 VDUP=15367.23 DVENC=2025-09-13 NDUP=001
CONTA_ATIVA_CODEMP=2 CODCTABCOINT=8
PROCESSANDO NUNOTA=3163 NUFIN=12097 VDUP=15367.23 DVENC=2025-09-13 NDUP=001
CONTA_ATIVA_CODEMP=2 CODCTABCOINT=8
PROCESSANDO NUNOTA=3319 NUFIN=12098 VDUP=646.99 DVENC=2025-08-20 NDUP=001
CONTA_ATIVA_CODEMP=2 CODCTABCOINT=8
PROCESSANDO NUNOTA=3320 NUFIN=12099 VDUP=1940.96 DVENC=2025-08-20 NDUP=001
CONTA_ATIVA_CODEMP=2 CODCTABCOINT=8
PROCESSANDO NUNOTA=3322 NUFIN=12100 VDUP=480.00 DVENC=2025-08-17 NDUP=001
CONTA_ATIVA_CODEMP=2 CODCTABCOINT=8
PROCESSANDO NUNOTA=3360 NUFIN=12101 VDUP=3546.20 DVENC=2025-08-17 NDUP=001
CONTA_ATIVA_CODEMP=2 CODCTABCOINT=8
PROCESSANDO NUNOTA=3361 NUFIN=12102 VDUP=4778.96 DVENC=2025-08-17 NDUP=001
CONTA_ATIVA_CODEMP=2 CODCTABCOINT=8
PROCESSANDO NUNOTA=3362 NUFIN=12103 VDUP=7862.41 DVENC=2025-08-17 NDUP=001
CONTA_ATIVA_CODEMP=2 CODCTABCOINT=8
PROCESSANDO NUNOTA=3363 NUFIN=12104 VDUP=11418.07 DVENC=2025-08-17 NDUP=001
CONTA_ATIVA_CODEMP=2 CODCTABCOINT=8
PROCESSANDO NUNOTA=3364 NUFIN=12105 VDUP=14231.72 DVENC=2025-08-17 NDUP=001
CONTA_ATIVA_CODEMP=2 CODCTABCOINT=8
PROCESSANDO NUNOTA=3365 NUFIN=12106 VDUP=1320.66 DVENC=2025-08-17 NDUP=001
CONTA_ATIVA_CODEMP=2 CODCTABCOINT=8
PROCESSANDO NUNOTA=3366 NUFIN=12107 VDUP=3380.43 DVENC=2025-08-17 NDUP=001
CONTA_ATIVA_CODEMP=2 CODCTABCOINT=8
PROCESSANDO NUNOTA=3367 NUFIN=12108 VDUP=3262.65 DVENC=2025-08-17 NDUP=001
CONTA_ATIVA_CODEMP=2 CODCTABCOINT=8
PROCESSANDO NUNOTA=3368 NUFIN=12109 VDUP=1200.00 DVENC=2025-08-17 NDUP=001
CONTA_ATIVA_CODEMP=2 CODCTABCOINT=8
PROCESSANDO NUNOTA=3369 NUFIN=12110 VDUP=2437.59 DVENC=2025-08-17 NDUP=001
CONTA_ATIVA_CODEMP=2 CODCTABCOINT=8
PROCESSANDO NUNOTA=3370 NUFIN=12111 VDUP=3022.65 DVENC=2025-08-17 NDUP=001
CONTA_ATIVA_CODEMP=2 CODCTABCOINT=8
PROCESSANDO NUNOTA=3371 NUFIN=12112 VDUP=4715.37 DVENC=2025-08-17 NDUP=001
CONTA_ATIVA_CODEMP=2 CODCTABCOINT=8
PROCESSANDO NUNOTA=3372 NUFIN=12113 VDUP=4054.32 DVENC=2025-08-17 NDUP=001
CONTA_ATIVA_CODEMP=2 CODCTABCOINT=8
PROCESSANDO NUNOTA=3373 NUFIN=12114 VDUP=6065.22 DVENC=2025-08-17 NDUP=001
CONTA_ATIVA_CODEMP=2 CODCTABCOINT=8
PROCESSANDO NUNOTA=3374 NUFIN=12115 VDUP=1839.69 DVENC=2025-08-17 NDUP=001
CONTA_ATIVA_CODEMP=2 CODCTABCOINT=8
PROCESSANDO NUNOTA=3375 NUFIN=12116 VDUP=2255.10 DVENC=2025-08-17 NDUP=001
CONTA_ATIVA_CODEMP=2 CODCTABCOINT=8
PROCESSANDO NUNOTA=3376 NUFIN=12117 VDUP=3157.69 DVENC=2025-08-17 NDUP=001
CONTA_ATIVA_CODEMP=2 CODCTABCOINT=8
PROCESSANDO NUNOTA=3377 NUFIN=12118 VDUP=5772.23 DVENC=2025-08-17 NDUP=001
CONTA_ATIVA_CODEMP=2 CODCTABCOINT=8
PROCESSANDO NUNOTA=3378 NUFIN=12119 VDUP=8944.10 DVENC=2025-08-17 NDUP=001
CONTA_ATIVA_CODEMP=2 CODCTABCOINT=8
PROCESSANDO NUNOTA=3379 NUFIN=12120 VDUP=2942.03 DVENC=2025-08-17 NDUP=001
CONTA_ATIVA_CODEMP=2 CODCTABCOINT=8
PROCESSANDO NUNOTA=3380 NUFIN=12121 VDUP=6829.40 DVENC=2025-08-17 NDUP=001
CONTA_ATIVA_CODEMP=2 CODCTABCOINT=8
PROCESSANDO NUNOTA=3381 NUFIN=12122 VDUP=6034.73 DVENC=2025-08-17 NDUP=001
CONTA_ATIVA_CODEMP=2 CODCTABCOINT=8
PROCESSANDO NUNOTA=3382 NUFIN=12123 VDUP=4254.70 DVENC=2025-08-17 NDUP=001
CONTA_ATIVA_CODEMP=2 CODCTABCOINT=8
PROCESSANDO NUNOTA=3383 NUFIN=12124 VDUP=5280.52 DVENC=2025-08-17 NDUP=001
CONTA_ATIVA_CODEMP=2 CODCTABCOINT=8
PROCESSANDO NUNOTA=3384 NUFIN=12125 VDUP=2849.00 DVENC=2025-08-17 NDUP=001
CONTA_ATIVA_CODEMP=2 CODCTABCOINT=8
PROCESSANDO NUNOTA=3385 NUFIN=12126 VDUP=2772.69 DVENC=2025-08-17 NDUP=001
CONTA_ATIVA_CODEMP=2 CODCTABCOINT=8
PROCESSANDO NUNOTA=3386 NUFIN=12127 VDUP=2590.20 DVENC=2025-08-17 NDUP=001
CONTA_ATIVA_CODEMP=2 CODCTABCOINT=8
PROCESSANDO NUNOTA=3387 NUFIN=12128 VDUP=3330.12 DVENC=2025-08-17 NDUP=001
CONTA_ATIVA_CODEMP=2 CODCTABCOINT=8
PROCESSANDO NUNOTA=3388 NUFIN=12129 VDUP=3885.30 DVENC=2025-08-17 NDUP=001
CONTA_ATIVA_CODEMP=2 CODCTABCOINT=8
PROCESSANDO NUNOTA=3389 NUFIN=12130 VDUP=7305.57 DVENC=2025-08-17 NDUP=001
CONTA_ATIVA_CODEMP=2 CODCTABCOINT=8
PROCESSANDO NUNOTA=3390 NUFIN=12131 VDUP=6613.74 DVENC=2025-08-17 NDUP=001
CONTA_ATIVA_CODEMP=2 CODCTABCOINT=8
PROCESSANDO NUNOTA=3391 NUFIN=12132 VDUP=4197.19 DVENC=2025-08-17 NDUP=001
CONTA_ATIVA_CODEMP=2 CODCTABCOINT=8
PROCESSANDO NUNOTA=3392 NUFIN=12133 VDUP=3463.94 DVENC=2025-08-17 NDUP=001
CONTA_ATIVA_CODEMP=2 CODCTABCOINT=8
PROCESSANDO NUNOTA=3393 NUFIN=12134 VDUP=3799.04 DVENC=2025-08-17 NDUP=001
CONTA_ATIVA_CODEMP=2 CODCTABCOINT=8
PROCESSANDO NUNOTA=3394 NUFIN=12135 VDUP=7305.57 DVENC=2025-08-17 NDUP=001
CONTA_ATIVA_CODEMP=2 CODCTABCOINT=8
PROCESSANDO NUNOTA=3395 NUFIN=12136 VDUP=2387.16 DVENC=2025-08-17 NDUP=001
CONTA_ATIVA_CODEMP=2 CODCTABCOINT=8
PROCESSANDO NUNOTA=3415 NUFIN=12137 VDUP=1078.32 DVENC=2025-08-16 NDUP=001
CONTA_ATIVA_CODEMP=2 CODCTABCOINT=8
PROCESSANDO NUNOTA=3416 NUFIN=12138 VDUP=2544.82 DVENC=2025-08-16 NDUP=001
CONTA_ATIVA_CODEMP=2 CODCTABCOINT=8
PROCESSANDO NUNOTA=3417 NUFIN=12139 VDUP=1725.30 DVENC=2025-08-16 NDUP=001
CONTA_ATIVA_CODEMP=2 CODCTABCOINT=8
PROCESSANDO NUNOTA=3418 NUFIN=12140 VDUP=2717.35 DVENC=2025-08-16 NDUP=001
CONTA_ATIVA_CODEMP=2 CODCTABCOINT=8
PROCESSANDO NUNOTA=3419 NUFIN=12141 VDUP=2544.82 DVENC=2025-08-16 NDUP=001
CONTA_ATIVA_CODEMP=2 CODCTABCOINT=8
PROCESSANDO NUNOTA=3420 NUFIN=12142 VDUP=2976.14 DVENC=2025-08-16 NDUP=001
CONTA_ATIVA_CODEMP=2 CODCTABCOINT=8
PROCESSANDO NUNOTA=3421 NUFIN=12143 VDUP=1337.11 DVENC=2025-08-16 NDUP=001
CONTA_ATIVA_CODEMP=2 CODCTABCOINT=8
PROCESSANDO NUNOTA=3422 NUFIN=12144 VDUP=4615.18 DVENC=2025-08-16 NDUP=001
CONTA_ATIVA_CODEMP=2 CODCTABCOINT=8
PROCESSANDO NUNOTA=3423 NUFIN=12145 VDUP=1078.32 DVENC=2025-08-16 NDUP=001
CONTA_ATIVA_CODEMP=2 CODCTABCOINT=8
PROCESSANDO NUNOTA=3424 NUFIN=12146 VDUP=1940.96 DVENC=2025-08-16 NDUP=001
CONTA_ATIVA_CODEMP=2 CODCTABCOINT=8
PROCESSANDO NUNOTA=3425 NUFIN=12147 VDUP=480.00 DVENC=2025-08-16 NDUP=001
CONTA_ATIVA_CODEMP=2 CODCTABCOINT=8
PROCESSANDO NUNOTA=3426 NUFIN=12148 VDUP=862.66 DVENC=2025-08-16 NDUP=001
CONTA_ATIVA_CODEMP=2 CODCTABCOINT=8
PROCESSANDO NUNOTA=3427 NUFIN=12149 VDUP=862.66 DVENC=2025-08-16 NDUP=001
CONTA_ATIVA_CODEMP=2 CODCTABCOINT=8
PROCESSANDO NUNOTA=3428 NUFIN=12150 VDUP=862.66 DVENC=2025-08-16 NDUP=001
CONTA_ATIVA_CODEMP=2 CODCTABCOINT=8
PROCESSANDO NUNOTA=3429 NUFIN=12151 VDUP=862.66 DVENC=2025-08-16 NDUP=001
CONTA_ATIVA_CODEMP=2 CODCTABCOINT=8
PROCESSANDO NUNOTA=3430 NUFIN=12152 VDUP=862.66 DVENC=2025-08-16 NDUP=001
CONTA_ATIVA_CODEMP=2 CODCTABCOINT=8
PROCESSANDO NUNOTA=3431 NUFIN=12153 VDUP=862.66 DVENC=2025-08-16 NDUP=001
CONTA_ATIVA_CODEMP=2 CODCTABCOINT=8
PROCESSANDO NUNOTA=4476 NUFIN=12154 VDUP=93216.00 DVENC=2025-04-28 NDUP=001
CONTA_ATIVA_CODEMP=2 CODCTABCOINT=8
PROCESSANDO NUNOTA=4583 NUFIN=12155 VDUP=13601.16 DVENC=2025-04-01 NDUP=001
CONTA_ATIVA_CODEMP=2 CODCTABCOINT=8
PROCESSANDO NUNOTA=4584 NUFIN=12156 VDUP=3996.95 DVENC=2025-04-01 NDUP=001
CONTA_ATIVA_CODEMP=2 CODCTABCOINT=8
PROCESSANDO NUNOTA=4585 NUFIN=12157 VDUP=6677.55 DVENC=2025-04-01 NDUP=001
CONTA_ATIVA_CODEMP=2 CODCTABCOINT=8
PROCESSANDO NUNOTA=4586 NUFIN=12158 VDUP=10257.73 DVENC=2025-04-01 NDUP=001
CONTA_ATIVA_CODEMP=2 CODCTABCOINT=8
PROCESSANDO NUNOTA=4587 NUFIN=12159 VDUP=6726.08 DVENC=2025-04-01 NDUP=001
CONTA_ATIVA_CODEMP=2 CODCTABCOINT=8
PROCESSANDO NUNOTA=4588 NUFIN=12160 VDUP=2766.23 DVENC=2025-04-01 NDUP=001
CONTA_ATIVA_CODEMP=2 CODCTABCOINT=8
PROCESSANDO NUNOTA=4589 NUFIN=12161 VDUP=5386.79 DVENC=2025-04-01 NDUP=001
CONTA_ATIVA_CODEMP=2 CODCTABCOINT=8
PROCESSANDO NUNOTA=4590 NUFIN=12162 VDUP=1939.54 DVENC=2025-04-01 NDUP=001
CONTA_ATIVA_CODEMP=2 CODCTABCOINT=8
PROCESSANDO NUNOTA=4591 NUFIN=12163 VDUP=3651.24 DVENC=2025-04-01 NDUP=001
CONTA_ATIVA_CODEMP=2 CODCTABCOINT=8
PROCESSANDO NUNOTA=4592 NUFIN=12164 VDUP=8268.04 DVENC=2025-04-01 NDUP=001
CONTA_ATIVA_CODEMP=2 CODCTABCOINT=8
PROCESSANDO NUNOTA=4593 NUFIN=12165 VDUP=8268.04 DVENC=2025-04-01 NDUP=001
CONTA_ATIVA_CODEMP=2 CODCTABCOINT=8
PROCESSANDO NUNOTA=4594 NUFIN=12166 VDUP=3233.57 DVENC=2025-04-01 NDUP=001
CONTA_ATIVA_CODEMP=2 CODCTABCOINT=8
PROCESSANDO NUNOTA=4595 NUFIN=12167 VDUP=4268.20 DVENC=2025-04-01 NDUP=001
CONTA_ATIVA_CODEMP=2 CODCTABCOINT=8
PROCESSANDO NUNOTA=4596 NUFIN=12168 VDUP=6039.83 DVENC=2025-04-01 NDUP=001
CONTA_ATIVA_CODEMP=2 CODCTABCOINT=8
PROCESSANDO NUNOTA=4597 NUFIN=12169 VDUP=7127.71 DVENC=2025-04-01 NDUP=001
CONTA_ATIVA_CODEMP=2 CODCTABCOINT=8
PROCESSANDO NUNOTA=4598 NUFIN=12170 VDUP=10547.26 DVENC=2025-04-01 NDUP=001
CONTA_ATIVA_CODEMP=2 CODCTABCOINT=8
PROCESSANDO NUNOTA=4599 NUFIN=12171 VDUP=1793.99 DVENC=2025-04-01 NDUP=001
CONTA_ATIVA_CODEMP=2 CODCTABCOINT=8
PROCESSANDO NUNOTA=4600 NUFIN=12172 VDUP=7189.68 DVENC=2025-04-01 NDUP=001
CONTA_ATIVA_CODEMP=2 CODCTABCOINT=8
PROCESSANDO NUNOTA=4601 NUFIN=12173 VDUP=19696.00 DVENC=2025-04-01 NDUP=001
CONTA_ATIVA_CODEMP=2 CODCTABCOINT=8
PROCESSANDO NUNOTA=4602 NUFIN=12174 VDUP=1200.00 DVENC=2025-04-01 NDUP=001
CONTA_ATIVA_CODEMP=2 CODCTABCOINT=8
PROCESSANDO NUNOTA=4603 NUFIN=12175 VDUP=6205.77 DVENC=2025-04-01 NDUP=001
CONTA_ATIVA_CODEMP=2 CODCTABCOINT=8
PROCESSANDO NUNOTA=4604 NUFIN=12176 VDUP=9057.58 DVENC=2025-04-01 NDUP=001
CONTA_ATIVA_CODEMP=2 CODCTABCOINT=8
PROCESSANDO NUNOTA=4605 NUFIN=12177 VDUP=1076.40 DVENC=2025-04-01 NDUP=001
CONTA_ATIVA_CODEMP=2 CODCTABCOINT=8
PROCESSANDO NUNOTA=4606 NUFIN=12178 VDUP=6990.42 DVENC=2025-04-01 NDUP=001
CONTA_ATIVA_CODEMP=2 CODCTABCOINT=8
PROCESSANDO NUNOTA=4607 NUFIN=12179 VDUP=7742.62 DVENC=2025-04-01 NDUP=001
CONTA_ATIVA_CODEMP=2 CODCTABCOINT=8
PROCESSANDO NUNOTA=4608 NUFIN=12180 VDUP=7691.91 DVENC=2025-04-01 NDUP=001
CONTA_ATIVA_CODEMP=2 CODCTABCOINT=8
PROCESSANDO NUNOTA=4609 NUFIN=12181 VDUP=8610.71 DVENC=2025-04-01 NDUP=001
CONTA_ATIVA_CODEMP=2 CODCTABCOINT=8
PROCESSANDO NUNOTA=4610 NUFIN=12182 VDUP=3905.57 DVENC=2025-04-01 NDUP=001
CONTA_ATIVA_CODEMP=2 CODCTABCOINT=8
PROCESSANDO NUNOTA=4611 NUFIN=12183 VDUP=4106.54 DVENC=2025-04-01 NDUP=001
CONTA_ATIVA_CODEMP=2 CODCTABCOINT=8
PROCESSANDO NUNOTA=4612 NUFIN=12184 VDUP=7556.82 DVENC=2025-04-01 NDUP=001
CONTA_ATIVA_CODEMP=2 CODCTABCOINT=8
PROCESSANDO NUNOTA=4613 NUFIN=12185 VDUP=7527.09 DVENC=2025-04-01 NDUP=001
CONTA_ATIVA_CODEMP=2 CODCTABCOINT=8
PROCESSANDO NUNOTA=4614 NUFIN=12186 VDUP=5458.01 DVENC=2025-04-01 NDUP=001
CONTA_ATIVA_CODEMP=2 CODCTABCOINT=8
PROCESSANDO NUNOTA=4615 NUFIN=12187 VDUP=9335.15 DVENC=2025-04-01 NDUP=001
CONTA_ATIVA_CODEMP=2 CODCTABCOINT=8
PROCESSANDO NUNOTA=4616 NUFIN=12188 VDUP=1855.34 DVENC=2025-04-01 NDUP=001
CONTA_ATIVA_CODEMP=2 CODCTABCOINT=8
PROCESSANDO NUNOTA=4617 NUFIN=12189 VDUP=7898.49 DVENC=2025-04-01 NDUP=001
CONTA_ATIVA_CODEMP=2 CODCTABCOINT=8
PROCESSANDO NUNOTA=4618 NUFIN=12190 VDUP=16389.83 DVENC=2025-06-30 NDUP=001
CONTA_ATIVA_CODEMP=2 CODCTABCOINT=8
PROCESSANDO NUNOTA=4619 NUFIN=12191 VDUP=16389.83 DVENC=2025-04-01 NDUP=001
CONTA_ATIVA_CODEMP=2 CODCTABCOINT=8
PROCESSANDO NUNOTA=4620 NUFIN=12192 VDUP=10157.41 DVENC=2025-04-01 NDUP=001
CONTA_ATIVA_CODEMP=2 CODCTABCOINT=8
PROCESSANDO NUNOTA=4621 NUFIN=12193 VDUP=7074.70 DVENC=2025-04-01 NDUP=001
CONTA_ATIVA_CODEMP=2 CODCTABCOINT=8
PROCESSANDO NUNOTA=4622 NUFIN=12194 VDUP=7106.82 DVENC=2025-04-01 NDUP=001
CONTA_ATIVA_CODEMP=2 CODCTABCOINT=8
PROCESSANDO NUNOTA=4623 NUFIN=12195 VDUP=2509.68 DVENC=2025-04-01 NDUP=001
CONTA_ATIVA_CODEMP=2 CODCTABCOINT=8
PROCESSANDO NUNOTA=4624 NUFIN=12196 VDUP=4976.54 DVENC=2025-04-01 NDUP=001
CONTA_ATIVA_CODEMP=2 CODCTABCOINT=8
PROCESSANDO NUNOTA=4625 NUFIN=12197 VDUP=3431.75 DVENC=2025-04-01 NDUP=001
CONTA_ATIVA_CODEMP=2 CODCTABCOINT=8
PROCESSANDO NUNOTA=4626 NUFIN=12198 VDUP=3411.31 DVENC=2025-04-01 NDUP=001
CONTA_ATIVA_CODEMP=2 CODCTABCOINT=8
PROCESSANDO NUNOTA=4627 NUFIN=12199 VDUP=8659.09 DVENC=2025-04-01 NDUP=001
CONTA_ATIVA_CODEMP=2 CODCTABCOINT=8
PROCESSANDO NUNOTA=4628 NUFIN=12200 VDUP=12705.44 DVENC=2025-04-01 NDUP=001
CONTA_ATIVA_CODEMP=2 CODCTABCOINT=8
PROCESSANDO NUNOTA=4629 NUFIN=12201 VDUP=9354.56 DVENC=2025-04-01 NDUP=001
CONTA_ATIVA_CODEMP=2 CODCTABCOINT=8
PROCESSANDO NUNOTA=4850 NUFIN=12202 VDUP=167.58 DVENC=2025-03-01 NDUP=001
CONTA_ATIVA_CODEMP=2 CODCTABCOINT=8
PROCESSANDO NUNOTA=4851 NUFIN=12203 VDUP=167.58 DVENC=2025-03-01 NDUP=001
CONTA_ATIVA_CODEMP=2 CODCTABCOINT=8
FINANCEIROS_INSERIDOS=207
STATUS=INSERT_EXECUTADO


PL/SQL procedure successfully completed.

SQL> 
SQL> PROMPT === POS-VALIDACAO ===
=== POS-VALIDACAO ===
SQL> SELECT COUNT(*) AS TGFFIN_CRIADOS FROM &TBL_INS WHERE ID_EXECUCAO='&ID_EXECUCAO';

TGFFIN_CRIADOS
--------------
           207

SQL> PROMPT CARD09_32B_INSERT_06_FIM
CARD09_32B_INSERT_06_FIM
SQL> SPOOL OFF
