SQL> PROMPT CONTINUIDADE IMPORTUDO COMERCIO - ETAPAS 17 A 31
CONTINUIDADE IMPORTUDO COMERCIO - ETAPAS 17 A 31
SQL> SELECT SYS_CONTEXT('USERENV','SESSION_USER') USUARIO, SYS_CONTEXT('USERENV','CURRENT_SCHEMA') SCHEMA_ATUAL, SYS_CONTEXT('USERENV','SERVICE_NAME') SERVICO FROM DUAL;

USUARIO                                                                                                                                                                                                                                                          SCHEMA_ATUAL                                                                                                                                                                                                                                                     SERVICO                                                                                                                                                                                                                                                         
---------------------------------------------------------------------------------------------------------------------------------------------------------------------------------------------------------------------------------------------------------------- ---------------------------------------------------------------------------------------------------------------------------------------------------------------------------------------------------------------------------------------------------------------- ----------------------------------------------------------------------------------------------------------------------------------------------------------------------------------------------------------------------------------------------------------------
FRANCISCO_JUNIOR                                                                                                                                                                                                                                                 SANKHYA                                                                                                                                                                                                                                                          importudoprd.sankhyacloud.com.br                                                                                                                                                                                                                                

SQL> ALTER SESSION SET CURRENT_SCHEMA=SANKHYA;

Session altered.

SQL> BEGIN
  2   IF UPPER(SYS_CONTEXT('USERENV','SERVICE_NAME')) <> 'IMPORTUDOPRD.SANKHYACLOUD.COM.BR' OR SYS_CONTEXT('USERENV','SESSION_USER') <> 'FRANCISCO_JUNIOR' THEN
  3   RAISE_APPLICATION_ERROR(-20501,'Conexao divergente'); END IF;
  4  END;
  5  /

PL/SQL procedure successfully completed.

SQL> VARIABLE RMD_ID_MASTER VARCHAR2(30)
SQL> BEGIN :RMD_ID_MASTER:='RMD_RUN_CONT_'||TO_CHAR(SYSTIMESTAMP,'YYYYMMDDHH24MISSFF3'); END;
  2  /

PL/SQL procedure successfully completed.

SQL> PROMPT [17/31] INICIO
[17/31] INICIO
SQL> PROMPT [17/31] INICIO
[17/31] INICIO
SQL> @@"/Users/spadarojr/Documents/Trabalho/Sankhya/Deploy Agent/Scripts-Deploy/7 - QA2/Revisao Master Deploy/17_Normalizar_Unidades.sql"
SQL> -------------------------------------------------------------------------------
SQL> -- NORMALIZAÇÃO DE UNIDADES (TGFPRO/TGFITE/TGFPAP/TGFCOI2/TGFGIR1 -> TGFVOA -> TGFVOL)
SQL> -- + USA RMD_MAP_UNIDADES, OBJETO EXCLUSIVO DESTA ROTINA DE REVISAO
SQL> -------------------------------------------------------------------------------
SQL> 
SQL> SET DEFINE OFF;
SQL> SET SERVEROUTPUT ON SIZE UNLIMITED
SQL> SET SERVEROUTPUT ON SIZE UNLIMITED
SQL> VARIABLE RMD_ID_MASTER VARCHAR2(30))

Error starting at line : 9 File @ /Users/spadarojr/Documents/Trabalho/Sankhya/Deploy Agent/Scripts-Deploy/7 - QA2/Revisao Master Deploy/17_Normalizar_Unidades.sql
In command -
VARIABLE RMD_ID_MASTER VARCHAR2(30)
Error report -
WHENEVER
--------

 WHENEVER OSERROR  - Performs the specified action (exits by default) if an
                     operating system error occurs
 WHENEVER SQLERROR - Performs the specified action (exits by default) if a
                     SQL command or PL/SQL block generates an error.


 WHENEVER [ OSERROR | SQLERROR ]  {EXIT [SUCCESS|FAILURE|WARNING|n|variable|:BindVariable]
 			[COMMIT|ROLLBACK] | CONTINUE [COMMIT|ROLLBACK|NONE]} 


SQL> BEGIN
  2   IF :RMD_ID_MASTER IS NULL THEN
  3    :RMD_ID_MASTER:='RMD_RUN_'||TO_CHAR(SYSTIMESTAMP,'YYYYMMDDHH24MISSFF3');
  4   END IF;
  5   DBMS_OUTPUT.PUT_LINE('ID_MASTER='||:RMD_ID_MASTER);
  6  END;
  7  /
ID_MASTER=RMD_RUN_CONT_20260910211200551


PL/SQL procedure successfully completed.

SQL> VARIABLE RMD_ID_UNID VARCHAR2(30))
SQL> BEGIN :RMD_ID_UNID:='RMD_UNID_'||TO_CHAR(SYSTIMESTAMP,'YYYYMMDDHH24MISSFF3');END;
  2  /

PL/SQL procedure successfully completed.

SQL> DECLARE
  2    v_exists NUMBER;
  3  BEGIN
  4    SELECT COUNT(*)
  5      INTO v_exists
  6      FROM ALL_TABLES
  7     WHERE OWNER = SYS_CONTEXT('USERENV','CURRENT_SCHEMA') AND TABLE_NAME = 'RMD_MAP_UNIDADES';
  8  
  9    IF v_exists = 0 THEN
 10      EXECUTE IMMEDIATE '
 11        CREATE TABLE RMD_MAP_UNIDADES (
 12          FROM_CODE VARCHAR2(20) NOT NULL,
 13          TO_CODE   VARCHAR2(20) NOT NULL,
 14          CONSTRAINT PK_RMD_MAP_UNIDADES PRIMARY KEY (FROM_CODE)
 15        )';
 16      DBMS_OUTPUT.PUT_LINE('OK: Tabela RMD_MAP_UNIDADES criada.');
 17    ELSE
 18      DBMS_OUTPUT.PUT_LINE('OK: Tabela RMD_MAP_UNIDADES ja existe.');
 19    END IF;
 20  END;
 21  /
OK: Tabela RMD_MAP_UNIDADES ja existe.


PL/SQL procedure successfully completed.

SQL> DECLARE v NUMBER;BEGIN
  2   SELECT COUNT(*) INTO v FROM ALL_TABLES WHERE OWNER=SYS_CONTEXT('USERENV','CURRENT_SCHEMA') AND TABLE_NAME='BKP_RMD_UNID_MAP';
  3   IF v=0 THEN EXECUTE IMMEDIATE q'[CREATE TABLE BKP_RMD_UNID_MAP AS SELECT
  4   CAST(NULL AS VARCHAR2(30)) ID_EXECUCAO,CAST(NULL AS TIMESTAMP) DH_EXECUCAO,
  5   CAST(NULL AS VARCHAR2(128)) USUARIO_EXECUCAO,M.* FROM RMD_MAP_UNIDADES M WHERE 1=0]';END IF;
  6   EXECUTE IMMEDIATE 'INSERT INTO BKP_RMD_UNID_MAP SELECT :1,SYSTIMESTAMP,SYS_CONTEXT(''USERENV'',''SESSION_USER''),M.* FROM RMD_MAP_UNIDADES M' USING :RMD_ID_UNID;
  7  END;
  8  /

PL/SQL procedure successfully completed.

SQL> MERGE INTO RMD_MAP_UNIDADES t
  2  USING (
  3    SELECT 'CDA'    AS FROM_CODE, 'CD'  AS TO_CODE FROM dual UNION ALL
  4    SELECT 'CX5000','CX'  FROM dual UNION ALL
  5    SELECT 'CXA',   'CX'  FROM dual UNION ALL
  6    SELECT 'CX1',   'CX'  FROM dual UNION ALL
  7    SELECT 'CAIXA', 'CX'  FROM dual UNION ALL
  8    SELECT 'CX.',   'CX'  FROM dual UNION ALL
  9    SELECT 'CX,',   'CX'  FROM dual UNION ALL
 10    SELECT 'KLG',   'KG'  FROM dual UNION ALL
 11    SELECT 'KG/1',  'KG'  FROM dual UNION ALL
 12    SELECT 'KG1',   'KG'  FROM dual UNION ALL
 13    SELECT '1 KG',  'KG'  FROM dual UNION ALL
 14    SELECT 'KG.',   'KG'  FROM dual UNION ALL
 15    SELECT '.KG',   'KG'  FROM dual UNION ALL
 16    SELECT 'L',     'LT'  FROM dual UNION ALL
 17    SELECT 'LIT',   'LT'  FROM dual UNION ALL
 18    SELECT 'LTS',   'LT'  FROM dual UNION ALL
 19    SELECT 'LTRS',  'LT'  FROM dual UNION ALL
 20    SELECT 'LITRO', 'LT'  FROM dual UNION ALL
 21    SELECT 'LT1',   'LT'  FROM dual UNION ALL
 22    SELECT 'PEC',   'PC'  FROM dual UNION ALL
 23    SELECT 'PÇ',    'PC'  FROM dual UNION ALL
 24    SELECT 'PÇ.',   'PC'  FROM dual UNION ALL
 25    SELECT 'PÇ,',   'PC'  FROM dual UNION ALL
 26    SELECT 'PC,',   'PC'  FROM dual UNION ALL
 27    SELECT 'PECA',  'PC'  FROM dual UNION ALL
 28    SELECT 'PECAS', 'PC'  FROM dual UNION ALL
 29    SELECT 'PEÇAS', 'PC'  FROM dual UNION ALL
 30    SELECT 'PEÇA',  'PC'  FROM dual UNION ALL
 31    SELECT 'PC/1',  'PC'  FROM dual UNION ALL
 32    SELECT 'PC01PC','PC'  FROM dual UNION ALL
 33    SELECT 'PC1',   'PC'  FROM dual UNION ALL
 34    SELECT 'PCA',   'PC'  FROM dual UNION ALL
 35    SELECT 'PCS',   'PC'  FROM dual UNION ALL
 36    SELECT 'PÇS',   'PC'  FROM dual UNION ALL
 37    SELECT 'PEÇ',   'PC'  FROM dual UNION ALL
 38    SELECT 'PE',    'PC'  FROM dual UNION ALL
 39    SELECT 'PC.',   'PC'  FROM dual UNION ALL
 40    SELECT 'PC0',   'PC'  FROM dual UNION ALL
 41    SELECT 'PC0001','PC'  FROM dual UNION ALL
 42    SELECT 'PC01',  'PC'  FROM dual UNION ALL
 43    SELECT 'PÇS.',  'PC'  FROM dual UNION ALL  
 44    SELECT 'PC-',   'PC'  FROM dual UNION ALL  
 45    SELECT '..UN',  'UN'  FROM dual UNION ALL
 46    SELECT '1 UNID','UN'  FROM dual UNION ALL
 47    SELECT '1UN',   'UN'  FROM dual UNION ALL
 48    SELECT 'UND',   'UN'  FROM dual UNION ALL
 49    SELECT 'UNI',   'UN'  FROM dual UNION ALL
 50    SELECT 'UNIT.', 'UN'  FROM dual UNION ALL
 51    SELECT 'UNIT',  'UN'  FROM dual UNION ALL
 52    SELECT 'UNID',  'UN'  FROM dual UNION ALL
 53    SELECT 'UNIDA', 'UN'  FROM dual UNION ALL
 54    SELECT 'UNIDAD','UN'  FROM dual UNION ALL
 55    SELECT 'UN1',   'UN'  FROM dual UNION ALL
 56    SELECT 'UN.',   'UN'  FROM dual UNION ALL
 57    SELECT 'UN,',   'UN'  FROM dual UNION ALL
 58    SELECT 'U',     'UN'  FROM dual UNION ALL
 59    SELECT 'UD',    'UN'  FROM dual UNION ALL
 60    SELECT 'UN/1',  'UN'  FROM dual UNION ALL
 61    SELECT 'UND.',  'UN'  FROM dual UNION ALL
 62    SELECT 'UNID.', 'UN'  FROM dual UNION ALL
 63    SELECT 'UNN',   'UN'  FROM dual UNION ALL
 64    SELECT 'U.N',   'UN'  FROM dual UNION ALL
 65    SELECT 'UM',    'UN'  FROM dual UNION ALL
 66    SELECT 'UN0001','UN'  FROM dual UNION ALL
 67    SELECT 'UN0012','UN'  FROM dual UNION ALL
 68    SELECT 'UN9',   'UN'  FROM dual UNION ALL
 69    SELECT 'UND8',  'UN'  FROM dual UNION ALL
 70    SELECT 'UND9',  'UN'  FROM dual UNION ALL
 71    SELECT 'UNDI',  'UN'  FROM dual UNION ALL
 72    SELECT 'UN''',  'UN'  FROM dual UNION ALL
 73    SELECT 'U N',   'UN'  FROM dual UNION ALL
 74    SELECT 'UN000', 'UN'  FROM dual UNION ALL
 75    SELECT 'M',     'MT'  FROM dual UNION ALL
 76    SELECT '.MT',   'MT'  FROM dual UNION ALL
 77    SELECT 'MTR',   'MT'  FROM dual UNION ALL
 78    SELECT 'METRO', 'MT'  FROM dual UNION ALL
 79    SELECT 'MTS',   'MT'  FROM dual UNION ALL
 80    SELECT 'PCT',   'PT'  FROM dual UNION ALL
 81    SELECT 'PACOTE','PT'  FROM dual UNION ALL
 82    SELECT 'PAC',   'PT'  FROM dual UNION ALL
 83    SELECT 'PCT.',  'PT'  FROM dual UNION ALL
 84    SELECT 'PCOT',  'PT'  FROM dual UNION ALL
 85    SELECT 'PCTE',  'PT'  FROM dual UNION ALL
 86    SELECT 'TO',    'TN'  FROM dual UNION ALL
 87    SELECT 'T',     'TN'  FROM dual UNION ALL
 88    SELECT 'TON',   'TN'  FROM dual UNION ALL
 89    SELECT 'RLRL',  'RL'  FROM dual UNION ALL
 90    SELECT 'RLO',   'RL'  FROM dual UNION ALL
 91    SELECT 'ROL',   'RL'  FROM dual UNION ALL
 92    SELECT 'ROLO',  'RL'  FROM dual UNION ALL
 93    SELECT 'RL1',   'RL'  FROM dual UNION ALL
 94    SELECT 'RL01RL','RL'  FROM dual UNION ALL
 95    SELECT 'BLOCO', 'BL'  FROM dual UNION ALL
 96    SELECT 'FRASCO','FR'  FROM dual UNION ALL
 97    SELECT 'FR1',   'FR'  FROM dual UNION ALL
 98    SELECT 'FR/1',  'FR'  FROM dual UNION ALL
 99    SELECT 'JOGO',  'JG'  FROM dual UNION ALL
100    SELECT 'JGO',   'JG'  FROM dual UNION ALL
101    SELECT 'JG1',   'JG'  FROM dual UNION ALL
102    SELECT 'JGO8',  'JG'  FROM dual UNION ALL
103    SELECT 'JGO9',  'JG'  FROM dual UNION ALL
104    SELECT 'JOG',   'JG'  FROM dual UNION ALL
105    SELECT 'SC/1',  'SC'  FROM dual UNION ALL
106    SELECT 'SA',    'SC'  FROM dual UNION ALL
107    SELECT 'SAC',   'SC'  FROM dual UNION ALL
108    SELECT 'SACO',  'SC'  FROM dual UNION ALL
109    SELECT 'CJT',   'CJ'  FROM dual UNION ALL
110    SELECT 'CONJ',  'CJ'  FROM dual UNION ALL
111    SELECT 'CONJ.', 'CJ'  FROM dual UNION ALL
112    SELECT 'FLH',   'FL'  FROM dual UNION ALL
113    SELECT 'DUZIA', 'DZ'  FROM dual UNION ALL
114    SELECT 'DZ12',  'DZ'  FROM dual UNION ALL
115    SELECT 'KIT',   'KT'  FROM dual UNION ALL
116    SELECT 'BALDE', 'BD'  FROM dual UNION ALL
117    SELECT 'BAG',   'BG'  FROM dual UNION ALL
118    SELECT 'M²',    'M2'  FROM dual UNION ALL
119    SELECT 'M³',    'M3'  FROM dual UNION ALL
120    SELECT 'GRAMAS','GR'  FROM dual UNION ALL
121    SELECT 'FARDO', 'FD'  FROM dual UNION ALL
122    SELECT 'FARDOS','FD'  FROM dual UNION ALL
123    SELECT 'PA',    'PAR' FROM dual UNION ALL
124    SELECT 'PARES', 'PAR' FROM dual
125  ) s
126  ON (t.FROM_CODE = s.FROM_CODE)
127  WHEN MATCHED THEN UPDATE SET t.TO_CODE = s.TO_CODE
128  WHEN NOT MATCHED THEN INSERT (FROM_CODE, TO_CODE) VALUES (s.FROM_CODE, s.TO_CODE);

122 rows merged.

SQL> PROMPT OK: RMD_MAP_UNIDADES atualizado.
OK: RMD_MAP_UNIDADES atualizado.
SQL> MERGE INTO RMD_MAP_UNIDADES T
  2  USING (
  3    WITH DESTINOS AS (
  4      SELECT DISTINCT M.TO_CODE,C.DESCRVOL
  5      FROM RMD_MAP_UNIDADES M
  6      JOIN TGFVOL C ON C.CODVOL=M.TO_CODE
  7    ), CANDIDATOS AS (
  8      SELECT S.CODVOL FROM_CODE,D.TO_CODE
  9      FROM TGFVOL S
 10      JOIN DESTINOS D
 11        ON REGEXP_REPLACE(
 12             TRANSLATE(UPPER(S.CODVOL),'ÁÀÂÃÄÉÈÊËÍÌÎÏÓÒÔÕÖÚÙÛÜÇ','AAAAAEEEEIIIIOOOOOUUUUC'),
 13             '[^A-Z]','')=D.TO_CODE
 14      WHERE S.CODVOL<>D.TO_CODE
 15        AND NOT REGEXP_LIKE(S.CODVOL,'[0-9]')
 16      UNION ALL
 17      SELECT S.CODVOL,D.TO_CODE
 18      FROM TGFVOL S
 19      JOIN DESTINOS D
 20        ON REGEXP_REPLACE(REGEXP_REPLACE(
 21             TRANSLATE(UPPER(TRIM(S.DESCRVOL)),'ÁÀÂÃÄÉÈÊËÍÌÎÏÓÒÔÕÖÚÙÛÜÇ','AAAAAEEEEIIIIOOOOOUUUUC'),
 22             '[^A-Z]',''),'S$','')
 23         = REGEXP_REPLACE(REGEXP_REPLACE(
 24             TRANSLATE(UPPER(TRIM(D.DESCRVOL)),'ÁÀÂÃÄÉÈÊËÍÌÎÏÓÒÔÕÖÚÙÛÜÇ','AAAAAEEEEIIIIOOOOOUUUUC'),
 25             '[^A-Z]',''),'S$','')
 26      WHERE S.CODVOL<>D.TO_CODE
 27        AND NOT REGEXP_LIKE(S.CODVOL,'[0-9]')
 28    )
 29    SELECT FROM_CODE,MAX(TO_CODE) TO_CODE
 30    FROM CANDIDATOS
 31    GROUP BY FROM_CODE
 32    HAVING COUNT(DISTINCT TO_CODE)=1
 33  ) S
 34  ON (T.FROM_CODE=S.FROM_CODE)
 35  WHEN MATCHED THEN UPDATE SET T.TO_CODE=S.TO_CODE
 36  WHEN NOT MATCHED THEN INSERT(FROM_CODE,TO_CODE) VALUES(S.FROM_CODE,S.TO_CODE);

0 rows merged.

SQL> PROMPT OK: candidatos inequivocos da base incorporados ao mapa.
OK: candidatos inequivocos da base incorporados ao mapa.
SQL> DECLARE v_del NUMBER;
  2  BEGIN
  3   DELETE FROM RMD_MAP_UNIDADES M
  4    WHERE M.TO_CODE IS NOT NULL
  5      AND NOT EXISTS(SELECT 1 FROM TGFVOL V WHERE V.CODVOL=TRIM(UPPER(M.TO_CODE)));
  6   v_del:=SQL%ROWCOUNT;
  7   DBMS_OUTPUT.PUT_LINE('MAPEAMENTOS_INVALIDOS_REMOVIDOS='||v_del);
  8  END;
  9  /
MAPEAMENTOS_INVALIDOS_REMOVIDOS=23


PL/SQL procedure successfully completed.

SQL> DECLARE
  2   PROCEDURE cria(p_tab VARCHAR2) IS v NUMBER;BEGIN
  3    SELECT COUNT(*) INTO v FROM ALL_TABLES WHERE OWNER=SYS_CONTEXT('USERENV','CURRENT_SCHEMA') AND TABLE_NAME='BKP_RMD_UNID_'||p_tab;
  4    IF v=0 THEN EXECUTE IMMEDIATE 'CREATE TABLE BKP_RMD_UNID_'||p_tab||' AS SELECT CAST(NULL AS VARCHAR2(30)) ID_EXECUCAO,CAST(NULL AS TIMESTAMP) DH_EXECUCAO,CAST(NULL AS VARCHAR2(128)) USUARIO_EXECUCAO,CAST(NULL AS VARCHAR2(30)) ROWID_ORIGINAL,T.* FROM '||p_tab||' T WHERE 1=0';END IF;
  5   END;
  6  BEGIN
  7   FOR T IN(SELECT 'TGFPRO' N FROM DUAL UNION ALL SELECT 'TGFITE' FROM DUAL UNION ALL SELECT 'TGFPAP' FROM DUAL UNION ALL SELECT 'TGFCOI2' FROM DUAL UNION ALL SELECT 'TGFGIR1' FROM DUAL UNION ALL SELECT 'TGFVOA' FROM DUAL UNION ALL SELECT 'TGFVOL' FROM DUAL)LOOP cria(T.N);END LOOP;
  8  END;
  9  /

PL/SQL procedure successfully completed.

SQL> DECLARE
  2   v_s1 VARCHAR2(8);v_s2 VARCHAR2(8);v_total NUMBER:=0;v_descr NUMBER:=0;
  3   PROCEDURE restaura IS
  4   BEGIN
  5    IF v_s1='ENABLED' THEN EXECUTE IMMEDIATE 'ALTER TRIGGER TRG_INC_UPD_TGFITE ENABLE';END IF;
  6    IF v_s2='ENABLED' THEN EXECUTE IMMEDIATE 'ALTER TRIGGER TRG_UPT_TGFITE ENABLE';END IF;
  7   END;
  8   PROCEDURE salva(p_tab VARCHAR2,p_col VARCHAR2) IS v_sql CLOB;BEGIN
  9    v_sql:='INSERT INTO BKP_RMD_UNID_'||p_tab||' SELECT :1,SYSTIMESTAMP,SYS_CONTEXT(''USERENV'',''SESSION_USER''),ROWIDTOCHAR(T.ROWID),T.* FROM '||p_tab||' T WHERE EXISTS(SELECT 1 FROM RMD_MAP_UNIDADES M WHERE M.FROM_CODE=T.'||p_col||')';
 10    EXECUTE IMMEDIATE v_sql USING :RMD_ID_UNID;v_total:=v_total+SQL%ROWCOUNT;
 11   END;
 12  BEGIN
 13   SELECT STATUS INTO v_s1 FROM ALL_TRIGGERS WHERE OWNER=SYS_CONTEXT('USERENV','CURRENT_SCHEMA') AND TRIGGER_NAME='TRG_INC_UPD_TGFITE';
 14   SELECT STATUS INTO v_s2 FROM ALL_TRIGGERS WHERE OWNER=SYS_CONTEXT('USERENV','CURRENT_SCHEMA') AND TRIGGER_NAME='TRG_UPT_TGFITE';
 15   salva('TGFPRO','CODVOL');salva('TGFITE','CODVOL');salva('TGFPAP','UNIDADEPARC');
 16   salva('TGFCOI2','CODVOL');salva('TGFGIR1','CODVOL');salva('TGFVOA','CODVOL');salva('TGFVOL','CODVOL');
 17   INSERT INTO BKP_RMD_UNID_TGFVOL
 18   SELECT :RMD_ID_UNID,SYSTIMESTAMP,SYS_CONTEXT('USERENV','SESSION_USER'),ROWIDTOCHAR(T.ROWID),T.*
 19   FROM TGFVOL T
 20   WHERE T.DESCRVOL<>UPPER(T.DESCRVOL)
 21     AND NOT EXISTS(SELECT 1 FROM RMD_MAP_UNIDADES M WHERE M.FROM_CODE=T.CODVOL);
 22   v_total:=v_total+SQL%ROWCOUNT;
 23   IF v_s1='ENABLED' THEN
 24    INSERT INTO RMD_CONTROLE_OBJETOS(ID_MASTER,ID_EXECUCAO,DH_REGISTRO,USUARIO_EXECUCAO,OBJECT_TYPE,OBJECT_NAME,STATUS_ANTES)
 25    VALUES(:RMD_ID_MASTER,:RMD_ID_UNID,SYSTIMESTAMP,SYS_CONTEXT('USERENV','SESSION_USER'),'TRIGGER','TRG_INC_UPD_TGFITE',v_s1);
 26    EXECUTE IMMEDIATE 'ALTER TRIGGER TRG_INC_UPD_TGFITE DISABLE';
 27   END IF;
 28   IF v_s2='ENABLED' THEN
 29    INSERT INTO RMD_CONTROLE_OBJETOS(ID_MASTER,ID_EXECUCAO,DH_REGISTRO,USUARIO_EXECUCAO,OBJECT_TYPE,OBJECT_NAME,STATUS_ANTES)
 30    VALUES(:RMD_ID_MASTER,:RMD_ID_UNID,SYSTIMESTAMP,SYS_CONTEXT('USERENV','SESSION_USER'),'TRIGGER','TRG_UPT_TGFITE',v_s2);
 31    EXECUTE IMMEDIATE 'ALTER TRIGGER TRG_UPT_TGFITE DISABLE';
 32   END IF;
 33   UPDATE TGFPRO P SET CODVOL=(SELECT TO_CODE FROM RMD_MAP_UNIDADES WHERE FROM_CODE=P.CODVOL) WHERE EXISTS(SELECT 1 FROM RMD_MAP_UNIDADES WHERE FROM_CODE=P.CODVOL);
 34   UPDATE TGFITE I SET CODVOL=(SELECT TO_CODE FROM RMD_MAP_UNIDADES WHERE FROM_CODE=I.CODVOL) WHERE EXISTS(SELECT 1 FROM RMD_MAP_UNIDADES WHERE FROM_CODE=I.CODVOL);
 35   UPDATE TGFPAP P SET UNIDADEPARC=(SELECT TO_CODE FROM RMD_MAP_UNIDADES WHERE FROM_CODE=P.UNIDADEPARC) WHERE EXISTS(SELECT 1 FROM RMD_MAP_UNIDADES WHERE FROM_CODE=P.UNIDADEPARC);
 36   UPDATE TGFCOI2 C SET CODVOL=(SELECT TO_CODE FROM RMD_MAP_UNIDADES WHERE FROM_CODE=C.CODVOL) WHERE EXISTS(SELECT 1 FROM RMD_MAP_UNIDADES WHERE FROM_CODE=C.CODVOL);
 37   UPDATE TGFGIR1 G SET CODVOL=(SELECT TO_CODE FROM RMD_MAP_UNIDADES WHERE FROM_CODE=G.CODVOL) WHERE EXISTS(SELECT 1 FROM RMD_MAP_UNIDADES WHERE FROM_CODE=G.CODVOL);
 38   DELETE FROM TGFVOA WHERE CODVOL IN(SELECT FROM_CODE FROM RMD_MAP_UNIDADES);
 39   DELETE FROM TGFVOL WHERE CODVOL IN(SELECT FROM_CODE FROM RMD_MAP_UNIDADES);
 40   UPDATE TGFVOL SET DESCRVOL=UPPER(DESCRVOL) WHERE DESCRVOL<>UPPER(DESCRVOL);
 41   v_descr:=SQL%ROWCOUNT;
 42   restaura;
 43   UPDATE RMD_CONTROLE_OBJETOS SET STATUS_DEPOIS='ENABLED',DH_REABILITACAO=SYSTIMESTAMP
 44    WHERE ID_MASTER=:RMD_ID_MASTER AND ID_EXECUCAO=:RMD_ID_UNID
 45      AND OBJECT_TYPE='TRIGGER' AND STATUS_ANTES='ENABLED';
 46   COMMIT;
 47   DBMS_OUTPUT.PUT_LINE('ID_EXECUCAO='||:RMD_ID_UNID);DBMS_OUTPUT.PUT_LINE('REGISTROS_BACKUP='||v_total);
 48   DBMS_OUTPUT.PUT_LINE('DESCRICOES_TGFVOL_MAIUSCULAS='||v_descr);
 49  EXCEPTION WHEN OTHERS THEN
 50   BEGIN restaura;EXCEPTION WHEN OTHERS THEN NULL;END;
 51   ROLLBACK;RAISE;
 52  END;
 53  /
ID_EXECUCAO=RMD_UNID_20260910211201599
REGISTROS_BACKUP=0
DESCRICOES_TGFVOL_MAIUSCULAS=0


PL/SQL procedure successfully completed.

SQL> PROMPT === FIM NORMALIZACAO DE UNIDADES ===
=== FIM NORMALIZACAO DE UNIDADES ===
SQL> PROMPT [17/31] FIM
[17/31] FIM
SQL> PROMPT [18-30] PREPARAR BACKUPS
[18-30] PREPARAR BACKUPS
SQL> @@"/Users/spadarojr/Documents/Trabalho/Sankhya/Deploy Agent/Scripts-Deploy/7 - QA2/Revisao Master Deploy/18_Preparar_Backups_18_30.sql"
SQL> -- Garante, antes da compilacao das etapas 18-30, todas as tabelas de backup.
SQL> -- Nao altera tabelas funcionais.
SQL> SET DEFINE OFF
SQL> SET SERVEROUTPUT ON SIZE UNLIMITED
SQL> SET SQLBLANKLINES ON
SQL> WHENEVER SQLERROR EXIT SQL.SQLCODE ROLLBACK
SQL> DECLARE
  2    PROCEDURE cria(p_nome VARCHAR2,p_sql CLOB) IS v NUMBER;
  3    BEGIN
  4      SELECT COUNT(*) INTO v FROM ALL_TABLES
  5      WHERE OWNER=SYS_CONTEXT('USERENV','CURRENT_SCHEMA') AND TABLE_NAME=p_nome;
  6      IF v=0 THEN EXECUTE IMMEDIATE p_sql;DBMS_OUTPUT.PUT_LINE(p_nome||'=CRIADA');
  7      ELSE DBMS_OUTPUT.PUT_LINE(p_nome||'=EXISTENTE');END IF;
  8    END;
  9  BEGIN
 10    cria('BKP_RMD_GOL_TSIPAR',q'[CREATE TABLE BKP_RMD_GOL_TSIPAR AS SELECT CAST(NULL AS VARCHAR2(30)) ID_EXECUCAO,CAST(NULL AS TIMESTAMP) DH_EXECUCAO,CAST(NULL AS VARCHAR2(128)) USUARIO_EXECUCAO,P.CHAVE,P.CODUSU,P.INTEIRO INTEIRO_ANTES FROM TSIPAR P WHERE 1=0]');
 11    cria('BKP_RMD_GOL_TGFCGM',q'[CREATE TABLE BKP_RMD_GOL_TGFCGM AS SELECT CAST(NULL AS VARCHAR2(30)) ID_EXECUCAO,CAST(NULL AS TIMESTAMP) DH_EXECUCAO,CAST(NULL AS VARCHAR2(128)) USUARIO_EXECUCAO,CAST(NULL AS VARCHAR2(30)) ROWID_ORIGINAL,C.PERCCFFAB,C.PERCCFOUTROS,C.PERCCFSERVICO,C.PERCCOFINS,C.PERCCSL,C.PERCCUSVAR,C.PERCCVARSEMST,C.PERCMARGEM,C.PERCPIS,C.PERCIRPJ,C.PERCCPP FROM TGFCGM C WHERE 1=0]');
 12    cria('BKP_RMD_GOL_TGFCMV',q'[CREATE TABLE BKP_RMD_GOL_TGFCMV AS SELECT CAST(NULL AS VARCHAR2(30)) ID_EXECUCAO,CAST(NULL AS TIMESTAMP) DH_EXECUCAO,CAST(NULL AS VARCHAR2(128)) USUARIO_EXECUCAO,CAST(NULL AS VARCHAR2(30)) ROWID_ORIGINAL,C.DHALTER,C.FORMGASTOFIX,C.INTERVALOATUALIZACAO,C.PERCUSTOFIX,C.QTDMESESCONSOLIDAR,C.TEMCOMISSAO,C.TIPDTGASTOFIX,C.TIPFATPER,C.TIPOCUSTO FROM TGFCMV C WHERE 1=0]');
 13    cria('BKP_RMD_PAR_MATRIZ',q'[CREATE TABLE BKP_RMD_PAR_MATRIZ(ID_EXECUCAO VARCHAR2(30) NOT NULL,DH_EXECUCAO TIMESTAMP NOT NULL,USUARIO_EXECUCAO VARCHAR2(128) NOT NULL,CODPARC NUMBER NOT NULL,CODPARCMATRIZ_ANTES NUMBER,CODPARCMATRIZ_DEPOIS NUMBER)]');
 14    cria('BKP_RMD_CARD_TTKINDAGT',q'[CREATE TABLE BKP_RMD_CARD_TTKINDAGT AS SELECT CAST(NULL AS VARCHAR2(30)) ID_EXECUCAO,CAST(NULL AS TIMESTAMP) DH_EXECUCAO,CAST(NULL AS VARCHAR2(128)) USUARIO_EXECUCAO,T.* FROM TTKINDAGT T WHERE 1=0]');
 15    cria('BKP_CLASSICMS_TGFPAR',q'[CREATE TABLE BKP_CLASSICMS_TGFPAR(ID_EXECUCAO VARCHAR2(30) NOT NULL,DH_EXECUCAO TIMESTAMP(6) NOT NULL,CODPARC NUMBER NOT NULL,CLASSIFICMS_ANTES VARCHAR2(1),CLASSIFICMS_DEPOIS VARCHAR2(1))]');
 16    cria('BKP_AJNP_TGFPAR',q'[CREATE TABLE BKP_AJNP_TGFPAR AS SELECT CAST(NULL AS VARCHAR2(30)) ID_EXECUCAO,CAST(NULL AS DATE) DH_EXECUCAO,CAST(NULL AS VARCHAR2(128)) USUARIO_EXECUCAO,P.CODPARC,P.NOMEPARC NOMEPARC_ANTES,P.RAZAOSOCIAL RAZAOSOCIAL_ANTES,P.NOMEPARC NOMEPARC_DEPOIS,P.RAZAOSOCIAL RAZAOSOCIAL_DEPOIS FROM TGFPAR P WHERE 1=0]');
 17    cria('BKP_RMD_PAD_TGFPAR',q'[CREATE TABLE BKP_RMD_PAD_TGFPAR AS SELECT CAST(NULL AS VARCHAR2(30)) ID_EXECUCAO,CAST(NULL AS TIMESTAMP) DH_EXECUCAO,CAST(NULL AS VARCHAR2(128)) USUARIO_EXECUCAO,CAST(NULL AS VARCHAR2(30)) ROWID_ORIGINAL,T.* FROM TGFPAR T WHERE 1=0]');
 18    cria('BKP_RMD_PAD_TGFPRO',q'[CREATE TABLE BKP_RMD_PAD_TGFPRO AS SELECT CAST(NULL AS VARCHAR2(30)) ID_EXECUCAO,CAST(NULL AS TIMESTAMP) DH_EXECUCAO,CAST(NULL AS VARCHAR2(128)) USUARIO_EXECUCAO,CAST(NULL AS VARCHAR2(30)) ROWID_ORIGINAL,T.* FROM TGFPRO T WHERE 1=0]');
 19    cria('BKP_RMD_PAD_TGFTIT',q'[CREATE TABLE BKP_RMD_PAD_TGFTIT AS SELECT CAST(NULL AS VARCHAR2(30)) ID_EXECUCAO,CAST(NULL AS TIMESTAMP) DH_EXECUCAO,CAST(NULL AS VARCHAR2(128)) USUARIO_EXECUCAO,CAST(NULL AS VARCHAR2(30)) ROWID_ORIGINAL,T.* FROM TGFTIT T WHERE 1=0]');
 20    cria('BKP_RMD_PAD_TSICID',q'[CREATE TABLE BKP_RMD_PAD_TSICID AS SELECT CAST(NULL AS VARCHAR2(30)) ID_EXECUCAO,CAST(NULL AS TIMESTAMP) DH_EXECUCAO,CAST(NULL AS VARCHAR2(128)) USUARIO_EXECUCAO,CAST(NULL AS VARCHAR2(30)) ROWID_ORIGINAL,T.* FROM TSICID T WHERE 1=0]');
 21    cria('BKP_RMD_PAD_TGFTPV',q'[CREATE TABLE BKP_RMD_PAD_TGFTPV AS SELECT CAST(NULL AS VARCHAR2(30)) ID_EXECUCAO,CAST(NULL AS TIMESTAMP) DH_EXECUCAO,CAST(NULL AS VARCHAR2(128)) USUARIO_EXECUCAO,CAST(NULL AS VARCHAR2(30)) ROWID_ORIGINAL,T.* FROM TGFTPV T WHERE 1=0]');
 22    cria('BKP_RMD_PAD_TSIBAI',q'[CREATE TABLE BKP_RMD_PAD_TSIBAI AS SELECT CAST(NULL AS VARCHAR2(30)) ID_EXECUCAO,CAST(NULL AS TIMESTAMP) DH_EXECUCAO,CAST(NULL AS VARCHAR2(128)) USUARIO_EXECUCAO,CAST(NULL AS VARCHAR2(30)) ROWID_ORIGINAL,T.* FROM TSIBAI T WHERE 1=0]');
 23    cria('BKP_RMD_PAD_TSIEND',q'[CREATE TABLE BKP_RMD_PAD_TSIEND AS SELECT CAST(NULL AS VARCHAR2(30)) ID_EXECUCAO,CAST(NULL AS TIMESTAMP) DH_EXECUCAO,CAST(NULL AS VARCHAR2(128)) USUARIO_EXECUCAO,CAST(NULL AS VARCHAR2(30)) ROWID_ORIGINAL,T.* FROM TSIEND T WHERE 1=0]');
 24  END;
 25  /
BKP_RMD_GOL_TSIPAR=EXISTENTE
BKP_RMD_GOL_TGFCGM=EXISTENTE
BKP_RMD_GOL_TGFCMV=EXISTENTE
BKP_RMD_PAR_MATRIZ=EXISTENTE
BKP_RMD_CARD_TTKINDAGT=EXISTENTE
BKP_CLASSICMS_TGFPAR=EXISTENTE
BKP_AJNP_TGFPAR=EXISTENTE
BKP_RMD_PAD_TGFPAR=EXISTENTE
BKP_RMD_PAD_TGFPRO=EXISTENTE
BKP_RMD_PAD_TGFTIT=EXISTENTE
BKP_RMD_PAD_TSICID=EXISTENTE
BKP_RMD_PAD_TGFTPV=EXISTENTE
BKP_RMD_PAD_TSIBAI=EXISTENTE
BKP_RMD_PAD_TSIEND=EXISTENTE


PL/SQL procedure successfully completed.

SQL> PROMPT === FIM PREPARACAO BACKUPS 18-30 ===
=== FIM PREPARACAO BACKUPS 18-30 ===
SQL> PROMPT [18-30] FIM
[18-30] FIM
SQL> PROMPT [31/31] INICIO
[31/31] INICIO
SQL> @@"/Users/spadarojr/Documents/Trabalho/Sankhya/Deploy Agent/Scripts-Deploy/7 - QA2/Revisao Master Deploy/31_Recompilar_Objetos_Invalidos.sql"
SQL> -- Recompila objetos invalidos apenas quando a sessao possui o privilegio necessario.
SQL> SET DEFINE OFF
SQL> SET SERVEROUTPUT ON SIZE UNLIMITED
SQL> SET SQLBLANKLINES ON
SQL> DECLARE
  2    v_schema VARCHAR2(128):=SYS_CONTEXT('USERENV','CURRENT_SCHEMA');
  3    v_usuario VARCHAR2(128):=SYS_CONTEXT('USERENV','SESSION_USER');
  4    v_antes NUMBER;
  5    v_depois NUMBER;
  6    v_priv NUMBER;
  7  BEGIN
  8    SELECT COUNT(*) INTO v_antes FROM ALL_OBJECTS
  9    WHERE OWNER=v_schema AND STATUS='INVALID';
 10  
 11    SELECT COUNT(*) INTO v_priv FROM SESSION_PRIVS
 12    WHERE PRIVILEGE='ALTER ANY PROCEDURE';
 13  
 14    IF v_antes=0 THEN
 15      DBMS_OUTPUT.PUT_LINE('STATUS=CONCLUIDO; OBJETOS_INVALIDOS=0');
 16    ELSIF v_schema<>v_usuario AND v_priv=0 THEN
 17      DBMS_OUTPUT.PUT_LINE('STATUS=IGNORADO_SEM_PRIVILEGIO; OBJETOS_INVALIDOS='||v_antes
 18        ||'; USUARIO='||v_usuario||'; SCHEMA='||v_schema||'; PRIVILEGIO_NECESSARIO=ALTER ANY PROCEDURE');
 19    ELSE
 20      DBMS_UTILITY.COMPILE_SCHEMA(SCHEMA=>v_schema,COMPILE_ALL=>FALSE);
 21      SELECT COUNT(*) INTO v_depois FROM ALL_OBJECTS
 22      WHERE OWNER=v_schema AND STATUS='INVALID';
 23      DBMS_OUTPUT.PUT_LINE('STATUS=CONCLUIDO; INVALIDOS_ANTES='||v_antes||'; INVALIDOS_DEPOIS='||v_depois);
 24    END IF;
 25  END;
 26  /
STATUS=CONCLUIDO; OBJETOS_INVALIDOS=0


PL/SQL procedure successfully completed.

SQL> 
SQL> COLUMN OBJECT_TYPE FORMAT A24
SQL> COLUMN OBJECT_NAME FORMAT A50
SQL> SELECT OBJECT_TYPE,OBJECT_NAME
  2  FROM ALL_OBJECTS
  3  WHERE OWNER=SYS_CONTEXT('USERENV','CURRENT_SCHEMA') AND STATUS='INVALID'
  4  ORDER BY OBJECT_TYPE,OBJECT_NAME;
no rows selected
SQL> 
SQL> PROMPT === FIM RECOMPILACAO OBJETOS INVALIDOS ===
=== FIM RECOMPILACAO OBJETOS INVALIDOS ===
SQL> PROMPT [31/31] FIM
[31/31] FIM
SQL> PROMPT CONTINUIDADE_16_31_PREPARADA
CONTINUIDADE_16_31_PREPARADA
SQL> SPOOL OFF
