SQL> @"/Users/spadarojr/Documents/Trabalho/Sankhya/Deploy Agent/Scripts-Deploy/7 - QA2/Clientes/IMPORTUDO COMERCIO/Merge_Colisoes_29_30_ANTIFRAGIL_07.sql"
SQL> SET DEFINE OFF
SQL> SET SERVEROUTPUT ON SIZE UNLIMITED
SQL> SET SQLBLANKLINES ON
SQL> SET ECHO ON
SQL> WHENEVER SQLERROR EXIT SQL.SQLCODE ROLLBACK
SQL> ALTER SESSION SET CURRENT_SCHEMA=FRANCISCO_JUNIOR;

Session altered.

SQL> PROMPT MODELO_ANTIFRAGIL_MERGE_29_30_IMPORTUDO
MODELO_ANTIFRAGIL_MERGE_29_30_IMPORTUDO
SQL> DECLARE
  2    v_n NUMBER;
  3    PROCEDURE ensure_table(p_name VARCHAR2,p_sql VARCHAR2) IS BEGIN SELECT COUNT(*) INTO v_n FROM ALL_TABLES WHERE OWNER='FRANCISCO_JUNIOR' AND TABLE_NAME=p_name; IF v_n=0 THEN EXECUTE IMMEDIATE p_sql; END IF; END;
  4  BEGIN
  5   ensure_table('BKP_RMD_MERGE_BAI_07','CREATE TABLE FRANCISCO_JUNIOR.BKP_RMD_MERGE_BAI_07 (ID_EXECUCAO VARCHAR2(40),COD_OBSOLETO NUMBER,COD_MANTIDO NUMBER)');
  6   ensure_table('BKP_RMD_MERGE_END_07','CREATE TABLE FRANCISCO_JUNIOR.BKP_RMD_MERGE_END_07 (ID_EXECUCAO VARCHAR2(40),COD_OBSOLETO NUMBER,COD_MANTIDO NUMBER)');
  7   ensure_table('BKP_RMD_MERGE_REF_07','CREATE TABLE FRANCISCO_JUNIOR.BKP_RMD_MERGE_REF_07 (ID_EXECUCAO VARCHAR2(40),TABLE_NAME VARCHAR2(128),COLUMN_NAME VARCHAR2(128),ROWID_ORIGINAL VARCHAR2(30),VALOR_ANTES NUMBER,VALOR_DEPOIS NUMBER)');
  8   ensure_table('BKP_RMD_MERGE_BAI_ROWS_07','CREATE TABLE FRANCISCO_JUNIOR.BKP_RMD_MERGE_BAI_ROWS_07 AS SELECT * FROM SANKHYA.TSIBAI WHERE 1=0');
  9   ensure_table('BKP_RMD_MERGE_END_ROWS_07','CREATE TABLE FRANCISCO_JUNIOR.BKP_RMD_MERGE_END_ROWS_07 AS SELECT * FROM SANKHYA.TSIEND WHERE 1=0');
 10  END;
 11  /

PL/SQL procedure successfully completed.

SQL> ALTER SESSION SET CURRENT_SCHEMA=SANKHYA;

Session altered.

SQL> DECLARE v_id CONSTANT VARCHAR2(40):='IMPORTUDO_20260911_MERGE_07'; v_b NUMBER;v_e NUMBER;v_ref NUMBER;v_sql VARCHAR2(32767);v_rest NUMBER;v_dup NUMBER;v_used NUMBER;
  2  BEGIN
  3   SELECT COUNT(*) INTO v_used FROM FRANCISCO_JUNIOR.BKP_RMD_MERGE_REF_07 WHERE ID_EXECUCAO=v_id;
  4   IF v_used<>0 THEN RAISE_APPLICATION_ERROR(-20550,'ID_EXECUCAO ja utilizado.'); END IF;
  5   INSERT INTO FRANCISCO_JUNIOR.BKP_RMD_MERGE_BAI
  6   SELECT v_id,CODBAI,KEEP_ID FROM (SELECT CODBAI,MIN(CODBAI) OVER(PARTITION BY NORM) KEEP_ID,COUNT(*) OVER(PARTITION BY NORM) QTD FROM (SELECT CODBAI,REGEXP_REPLACE(TRIM(TRANSLATE(UPPER(NOMEBAI),'ÁÀÂÃÄÉÈÊËÍÌÎÏÓÒÔÕÖÚÙÛÜÇáàâãäéèëíìîïóòôõöúùû','AAAAAEEEEIIIIOOOOOUUUUCAAAAAEEEEIIIIOOOOOUUUUCAAAOOAAEIIOOUU')),' {2,}',' ') NORM FROM TSIBAI)) WHERE QTD>1 AND CODBAI<>KEEP_ID;
  7   INSERT INTO FRANCISCO_JUNIOR.BKP_RMD_MERGE_END
  8   SELECT v_id,CODEND,KEEP_ID FROM (SELECT CODEND,MIN(CODEND) OVER(PARTITION BY TIPO,NORM) KEEP_ID,COUNT(*) OVER(PARTITION BY TIPO,NORM) QTD FROM (SELECT CODEND,TIPO,REGEXP_REPLACE(TRIM(TRANSLATE(UPPER(NOMEEND),'ÁÀÂÃÄÉÈÊËÍÌÎÏÓÒÔÕÖÚÙÛÜÇáàâãäéèëíìîïóòôõöúùû','AAAAAEEEEIIIIOOOOOUUUUCAAAAAEEEEIIIIOOOOOUUUUCAAAOOAAEIIOOUU')),' {2,}',' ') NORM FROM TSIEND)) WHERE QTD>1 AND CODEND<>KEEP_ID;
  9   INSERT INTO FRANCISCO_JUNIOR.BKP_RMD_MERGE_BAI_ROWS_07 SELECT b.* FROM TSIBAI b WHERE b.CODBAI IN (SELECT COD_OBSOLETO FROM FRANCISCO_JUNIOR.BKP_RMD_MERGE_BAI WHERE ID_EXECUCAO=v_id) OR b.CODBAI IN (SELECT COD_MANTIDO FROM FRANCISCO_JUNIOR.BKP_RMD_MERGE_BAI WHERE ID_EXECUCAO=v_id);
 10   INSERT INTO FRANCISCO_JUNIOR.BKP_RMD_MERGE_END_ROWS_07 SELECT e.* FROM TSIEND e WHERE e.CODEND IN (SELECT COD_OBSOLETO FROM FRANCISCO_JUNIOR.BKP_RMD_MERGE_END WHERE ID_EXECUCAO=v_id) OR e.CODEND IN (SELECT COD_MANTIDO FROM FRANCISCO_JUNIOR.BKP_RMD_MERGE_END WHERE ID_EXECUCAO=v_id);
 11   SELECT COUNT(*) INTO v_b FROM FRANCISCO_JUNIOR.BKP_RMD_MERGE_BAI WHERE ID_EXECUCAO=v_id; SELECT COUNT(*) INTO v_e FROM FRANCISCO_JUNIOR.BKP_RMD_MERGE_END WHERE ID_EXECUCAO=v_id; DBMS_OUTPUT.PUT_LINE('MAPA_BAI='||v_b||' MAPA_END='||v_e);
 12   IF v_b=0 AND v_e=0 THEN DBMS_OUTPUT.PUT_LINE('SEM_COLISOES'); RETURN; END IF;
 13   INSERT INTO FRANCISCO_JUNIOR.BKP_RMD_MERGE_REF_07(ID_EXECUCAO,TABLE_NAME,COLUMN_NAME,ROWID_ORIGINAL,VALOR_ANTES,VALOR_DEPOIS)
 14   SELECT v_id,'TSIBAI','CODBAI',ROWIDTOCHAR(b.ROWID),b.CODBAI,m.COD_MANTIDO FROM TSIBAI b JOIN FRANCISCO_JUNIOR.BKP_RMD_MERGE_BAI m ON m.ID_EXECUCAO=v_id AND m.COD_OBSOLETO=b.CODBAI;
 15   INSERT INTO FRANCISCO_JUNIOR.BKP_RMD_MERGE_REF_07 SELECT v_id,'TSIEND','CODEND',ROWIDTOCHAR(e.ROWID),e.CODEND,m.COD_MANTIDO FROM TSIEND e JOIN FRANCISCO_JUNIOR.BKP_RMD_MERGE_END m ON m.ID_EXECUCAO=v_id AND m.COD_OBSOLETO=e.CODEND;
 16   FOR c IN (SELECT c.TABLE_NAME,c.COLUMN_NAME FROM ALL_TAB_COLUMNS c JOIN ALL_TABLES t ON t.OWNER=c.OWNER AND t.TABLE_NAME=c.TABLE_NAME WHERE c.OWNER='SANKHYA' AND c.COLUMN_NAME IN ('CODBAI','CODEND','CODBAIENTREGA','CODENDENTREGA') AND c.TABLE_NAME NOT IN ('TSIBAI','TSIEND')) LOOP
 17     IF c.COLUMN_NAME IN ('CODBAI','CODBAIENTREGA') THEN
 18       v_sql:='INSERT INTO FRANCISCO_JUNIOR.BKP_RMD_MERGE_REF_07 SELECT '''||v_id||''','''||c.TABLE_NAME||''','''||c.COLUMN_NAME||''',ROWIDTOCHAR(t.ROWID),t.'||c.COLUMN_NAME||',m.COD_MANTIDO FROM SANKHYA.'||c.TABLE_NAME||' t JOIN FRANCISCO_JUNIOR.BKP_RMD_MERGE_BAI m ON m.ID_EXECUCAO='''||v_id||''' AND m.COD_OBSOLETO=t.'||c.COLUMN_NAME; EXECUTE IMMEDIATE v_sql;
 19       v_sql:='UPDATE SANKHYA.'||c.TABLE_NAME||' t SET '||c.COLUMN_NAME||'=(SELECT m.COD_MANTIDO FROM FRANCISCO_JUNIOR.BKP_RMD_MERGE_BAI m WHERE m.ID_EXECUCAO='''||v_id||''' AND m.COD_OBSOLETO=t.'||c.COLUMN_NAME||') WHERE EXISTS (SELECT 1 FROM FRANCISCO_JUNIOR.BKP_RMD_MERGE_BAI m WHERE m.ID_EXECUCAO='''||v_id||''' AND m.COD_OBSOLETO=t.'||c.COLUMN_NAME||')'; EXECUTE IMMEDIATE v_sql;
 20     ELSE
 21       v_sql:='INSERT INTO FRANCISCO_JUNIOR.BKP_RMD_MERGE_REF_07 SELECT '''||v_id||''','''||c.TABLE_NAME||''','''||c.COLUMN_NAME||''',ROWIDTOCHAR(t.ROWID),t.'||c.COLUMN_NAME||',m.COD_MANTIDO FROM SANKHYA.'||c.TABLE_NAME||' t JOIN FRANCISCO_JUNIOR.BKP_RMD_MERGE_END m ON m.ID_EXECUCAO='''||v_id||''' AND m.COD_OBSOLETO=t.'||c.COLUMN_NAME; EXECUTE IMMEDIATE v_sql;
 22       v_sql:='UPDATE SANKHYA.'||c.TABLE_NAME||' t SET '||c.COLUMN_NAME||'=(SELECT m.COD_MANTIDO FROM FRANCISCO_JUNIOR.BKP_RMD_MERGE_END m WHERE m.ID_EXECUCAO='''||v_id||''' AND m.COD_OBSOLETO=t.'||c.COLUMN_NAME||') WHERE EXISTS (SELECT 1 FROM FRANCISCO_JUNIOR.BKP_RMD_MERGE_END m WHERE m.ID_EXECUCAO='''||v_id||''' AND m.COD_OBSOLETO=t.'||c.COLUMN_NAME||')'; EXECUTE IMMEDIATE v_sql;
 23     END IF;
 24   END LOOP;
 25   SELECT COUNT(*) INTO v_rest FROM FRANCISCO_JUNIOR.BKP_RMD_MERGE_REF_07 WHERE ID_EXECUCAO=v_id; DBMS_OUTPUT.PUT_LINE('REFERENCIAS_RESPALDADAS_E_REDIRECIONADAS='||v_rest);
 26   DELETE FROM TSIBAI WHERE CODBAI IN (SELECT COD_OBSOLETO FROM FRANCISCO_JUNIOR.BKP_RMD_MERGE_BAI WHERE ID_EXECUCAO=v_id);
 27   DELETE FROM TSIEND WHERE CODEND IN (SELECT COD_OBSOLETO FROM FRANCISCO_JUNIOR.BKP_RMD_MERGE_END WHERE ID_EXECUCAO=v_id);
 28   SELECT COUNT(*) INTO v_dup FROM (SELECT 1 FROM TSIBAI GROUP BY REGEXP_REPLACE(TRIM(TRANSLATE(UPPER(NOMEBAI),'ÁÀÂÃÄÉÈÊËÍÌÎÏÓÒÔÕÖÚÙÛÜÇ','AAAAAEEEEIIIIOOOOOUUUUCA')),' {2,}',' ') HAVING COUNT(*)>1);
 29   IF v_dup>0 THEN RAISE_APPLICATION_ERROR(-20551,'Duplicidades de bairros restantes='||v_dup); END IF;
 30   SELECT COUNT(*) INTO v_dup FROM (SELECT 1 FROM TSIEND GROUP BY TIPO,REGEXP_REPLACE(TRIM(TRANSLATE(UPPER(NOMEEND),'ÁÀÂÃÄÉÈÊËÍÌÎÏÓÒÔÕÖÚÙÛÜÇ','AAAAAEEEEIIIIOOOOOUUUUCA')),' {2,}',' ') HAVING COUNT(*)>1);
 31   IF v_dup>0 THEN RAISE_APPLICATION_ERROR(-20552,'Duplicidades de enderecos restantes='||v_dup); END IF;
 32   COMMIT; DBMS_OUTPUT.PUT_LINE('STATUS=MERGE_COLISOES_CONCLUIDO; ID_EXECUCAO='||v_id||'; BAI='||v_b||'; END='||v_e);
 33  EXCEPTION WHEN OTHERS THEN ROLLBACK; DBMS_OUTPUT.PUT_LINE('ERRO_MERGE_REVERTIDO='||SQLERRM); RAISE;
 34  END;
 35  /
Rollback
 INSERT INTO FRANCISCO_JUNIOR.BKP_RMD_MERGE_BAI
                              *
ERROR at line 5:
ORA-06550: line 5, column 31:
PL/SQL: ORA-00942: table or view does not exist
ORA-06550: line 5, column 2:
PL/SQL: SQL Statement ignored
ORA-06550: line 7, column 31:
PL/SQL: ORA-00942: table or view does not exist
ORA-06550: line 7, column 2:
PL/SQL: SQL Statement ignored
ORA-06550: line 9, column 143:
PL/SQL: ORA-00942: table or view does not exist
ORA-06550: line 9, column 2:
PL/SQL: SQL Statement ignored
ORA-06550: line 10, column 143:
PL/SQL: ORA-00942: table or view does not exist
ORA-06550: line 10, column 2:
PL/SQL: SQL Statement ignored
ORA-06550: line 11, column 49:
PL/SQL: ORA-00942: table or view does not exist
ORA-06550: line 11, column 2:
PL/SQL: SQL Statement ignored
ORA-06550: line 11, column 138:
PL/SQL: ORA-00942: table or view does not exist
ORA-06550: line 11, column 91:
PL/SQL: SQL Statement ignored
ORA-06550: line 14, column 112:
PL/SQL: ORA-00942: table or view does not exist
ORA-06550: line 13, column 2:
PL/SQL: SQL Statement ignored
ORA-06550: line 15, column 162:
PL/SQL: ORA-00942: table or view does not exist
ORA-06550: line 15, column 2:
PL/SQL: SQL Statement ignored
ORA-06550: line 26, column 80:
PL/SQL: ORA-00942: table or view does not exist
ORA-06550: line 26, column 2:
PL/SQL: SQL Statement ignored
ORA-06550: line 27, column 80:
PL/SQL: ORA-00942: table or view does not exist
ORA-06550: line 27, column 2:
PL/SQL: SQL Statement ignored
Help: https://docs.oracle.com/error-help/db/ora-06550/

SQL> SPOOL OFF
SQL> SELECT OWNER, TABLE_NAME
  2  FROM ALL_TABLES
  3  WHERE TABLE_NAME LIKE 'BKP_RMD_MERGE%07'
  4  ORDER BY OWNER, TABLE_NAME;

OWNER                                                                                                                            TABLE_NAME                                                                                                                      
-------------------------------------------------------------------------------------------------------------------------------- --------------------------------------------------------------------------------------------------------------------------------
FRANCISCO_JUNIOR                                                                                                                 BKP_RMD_MERGE_BAI_07                                                                                                            
FRANCISCO_JUNIOR                                                                                                                 BKP_RMD_MERGE_BAI_ROWS_07                                                                                                       
FRANCISCO_JUNIOR                                                                                                                 BKP_RMD_MERGE_END_07                                                                                                            
FRANCISCO_JUNIOR                                                                                                                 BKP_RMD_MERGE_END_ROWS_07                                                                                                       
FRANCISCO_JUNIOR                                                                                                                 BKP_RMD_MERGE_REF_07                                                                                                            

SQL> SET DEFINE OFF
SQL> SET SERVEROUTPUT ON SIZE UNLIMITED
SQL> SET SQLBLANKLINES ON
SQL> SET ECHO ON
SQL> WHENEVER SQLERROR EXIT SQL.SQLCODE ROLLBACK
SQL> ALTER SESSION SET CURRENT_SCHEMA=FRANCISCO_JUNIOR;

Session altered.

SQL> PROMPT MODELO_ANTIFRAGIL_MERGE_29_30_IMPORTUDO
MODELO_ANTIFRAGIL_MERGE_29_30_IMPORTUDO
SQL> DECLARE
  2    v_n NUMBER;
  3    PROCEDURE ensure_table(p_name VARCHAR2,p_sql VARCHAR2) IS BEGIN SELECT COUNT(*) INTO v_n FROM ALL_TABLES WHERE OWNER='FRANCISCO_JUNIOR' AND TABLE_NAME=p_name; IF v_n=0 THEN EXECUTE IMMEDIATE p_sql; END IF; END;
  4  BEGIN
  5   ensure_table('BKP_RMD_MERGE_BAI_07','CREATE TABLE FRANCISCO_JUNIOR.BKP_RMD_MERGE_BAI_07 (ID_EXECUCAO VARCHAR2(40),COD_OBSOLETO NUMBER,COD_MANTIDO NUMBER)');
  6   ensure_table('BKP_RMD_MERGE_END_07','CREATE TABLE FRANCISCO_JUNIOR.BKP_RMD_MERGE_END_07 (ID_EXECUCAO VARCHAR2(40),COD_OBSOLETO NUMBER,COD_MANTIDO NUMBER)');
  7   ensure_table('BKP_RMD_MERGE_REF_07','CREATE TABLE FRANCISCO_JUNIOR.BKP_RMD_MERGE_REF_07 (ID_EXECUCAO VARCHAR2(40),TABLE_NAME VARCHAR2(128),COLUMN_NAME VARCHAR2(128),ROWID_ORIGINAL VARCHAR2(30),VALOR_ANTES NUMBER,VALOR_DEPOIS NUMBER)');
  8   ensure_table('BKP_RMD_MERGE_BAI_07_ROWS_07','CREATE TABLE FRANCISCO_JUNIOR.BKP_RMD_MERGE_BAI_07_ROWS_07 AS SELECT * FROM SANKHYA.TSIBAI WHERE 1=0');
  9   ensure_table('BKP_RMD_MERGE_END_07_ROWS_07','CREATE TABLE FRANCISCO_JUNIOR.BKP_RMD_MERGE_END_07_ROWS_07 AS SELECT * FROM SANKHYA.TSIEND WHERE 1=0');
 10  END;
 11  /

PL/SQL procedure successfully completed.

SQL> ALTER SESSION SET CURRENT_SCHEMA=SANKHYA;

Session altered.

SQL> DECLARE v_id CONSTANT VARCHAR2(40):='IMPORTUDO_20260911_MERGE_07'; v_b NUMBER;v_e NUMBER;v_ref NUMBER;v_sql VARCHAR2(32767);v_rest NUMBER;v_dup NUMBER;v_used NUMBER;
  2  BEGIN
  3   SELECT COUNT(*) INTO v_used FROM FRANCISCO_JUNIOR.BKP_RMD_MERGE_REF_07 WHERE ID_EXECUCAO=v_id;
  4   IF v_used<>0 THEN RAISE_APPLICATION_ERROR(-20550,'ID_EXECUCAO ja utilizado.'); END IF;
  5   INSERT INTO FRANCISCO_JUNIOR.BKP_RMD_MERGE_BAI_07
  6   SELECT v_id,CODBAI,KEEP_ID FROM (SELECT CODBAI,MIN(CODBAI) OVER(PARTITION BY NORM) KEEP_ID,COUNT(*) OVER(PARTITION BY NORM) QTD FROM (SELECT CODBAI,REGEXP_REPLACE(TRIM(TRANSLATE(UPPER(NOMEBAI),'ÁÀÂÃÄÉÈÊËÍÌÎÏÓÒÔÕÖÚÙÛÜÇáàâãäéèëíìîïóòôõöúùû','AAAAAEEEEIIIIOOOOOUUUUCAAAAAEEEEIIIIOOOOOUUUUCAAAOOAAEIIOOUU')),' {2,}',' ') NORM FROM TSIBAI)) WHERE QTD>1 AND CODBAI<>KEEP_ID;
  7   INSERT INTO FRANCISCO_JUNIOR.BKP_RMD_MERGE_END_07
  8   SELECT v_id,CODEND,KEEP_ID FROM (SELECT CODEND,MIN(CODEND) OVER(PARTITION BY TIPO,NORM) KEEP_ID,COUNT(*) OVER(PARTITION BY TIPO,NORM) QTD FROM (SELECT CODEND,TIPO,REGEXP_REPLACE(TRIM(TRANSLATE(UPPER(NOMEEND),'ÁÀÂÃÄÉÈÊËÍÌÎÏÓÒÔÕÖÚÙÛÜÇáàâãäéèëíìîïóòôõöúùû','AAAAAEEEEIIIIOOOOOUUUUCAAAAAEEEEIIIIOOOOOUUUUCAAAOOAAEIIOOUU')),' {2,}',' ') NORM FROM TSIEND)) WHERE QTD>1 AND CODEND<>KEEP_ID;
  9   INSERT INTO FRANCISCO_JUNIOR.BKP_RMD_MERGE_BAI_07_ROWS_07 SELECT b.* FROM TSIBAI b WHERE b.CODBAI IN (SELECT COD_OBSOLETO FROM FRANCISCO_JUNIOR.BKP_RMD_MERGE_BAI_07 WHERE ID_EXECUCAO=v_id) OR b.CODBAI IN (SELECT COD_MANTIDO FROM FRANCISCO_JUNIOR.BKP_RMD_MERGE_BAI_07 WHERE ID_EXECUCAO=v_id);
 10   INSERT INTO FRANCISCO_JUNIOR.BKP_RMD_MERGE_END_07_ROWS_07 SELECT e.* FROM TSIEND e WHERE e.CODEND IN (SELECT COD_OBSOLETO FROM FRANCISCO_JUNIOR.BKP_RMD_MERGE_END_07 WHERE ID_EXECUCAO=v_id) OR e.CODEND IN (SELECT COD_MANTIDO FROM FRANCISCO_JUNIOR.BKP_RMD_MERGE_END_07 WHERE ID_EXECUCAO=v_id);
 11   SELECT COUNT(*) INTO v_b FROM FRANCISCO_JUNIOR.BKP_RMD_MERGE_BAI_07 WHERE ID_EXECUCAO=v_id; SELECT COUNT(*) INTO v_e FROM FRANCISCO_JUNIOR.BKP_RMD_MERGE_END_07 WHERE ID_EXECUCAO=v_id; DBMS_OUTPUT.PUT_LINE('MAPA_BAI='||v_b||' MAPA_END='||v_e);
 12   IF v_b=0 AND v_e=0 THEN DBMS_OUTPUT.PUT_LINE('SEM_COLISOES'); RETURN; END IF;
 13   INSERT INTO FRANCISCO_JUNIOR.BKP_RMD_MERGE_REF_07(ID_EXECUCAO,TABLE_NAME,COLUMN_NAME,ROWID_ORIGINAL,VALOR_ANTES,VALOR_DEPOIS)
 14   SELECT v_id,'TSIBAI','CODBAI',ROWIDTOCHAR(b.ROWID),b.CODBAI,m.COD_MANTIDO FROM TSIBAI b JOIN FRANCISCO_JUNIOR.BKP_RMD_MERGE_BAI_07 m ON m.ID_EXECUCAO=v_id AND m.COD_OBSOLETO=b.CODBAI;
 15   INSERT INTO FRANCISCO_JUNIOR.BKP_RMD_MERGE_REF_07 SELECT v_id,'TSIEND','CODEND',ROWIDTOCHAR(e.ROWID),e.CODEND,m.COD_MANTIDO FROM TSIEND e JOIN FRANCISCO_JUNIOR.BKP_RMD_MERGE_END_07 m ON m.ID_EXECUCAO=v_id AND m.COD_OBSOLETO=e.CODEND;
 16   FOR c IN (SELECT c.TABLE_NAME,c.COLUMN_NAME FROM ALL_TAB_COLUMNS c JOIN ALL_TABLES t ON t.OWNER=c.OWNER AND t.TABLE_NAME=c.TABLE_NAME WHERE c.OWNER='SANKHYA' AND c.COLUMN_NAME IN ('CODBAI','CODEND','CODBAIENTREGA','CODENDENTREGA') AND c.TABLE_NAME NOT IN ('TSIBAI','TSIEND')) LOOP
 17     IF c.COLUMN_NAME IN ('CODBAI','CODBAIENTREGA') THEN
 18       v_sql:='INSERT INTO FRANCISCO_JUNIOR.BKP_RMD_MERGE_REF_07 SELECT '''||v_id||''','''||c.TABLE_NAME||''','''||c.COLUMN_NAME||''',ROWIDTOCHAR(t.ROWID),t.'||c.COLUMN_NAME||',m.COD_MANTIDO FROM SANKHYA.'||c.TABLE_NAME||' t JOIN FRANCISCO_JUNIOR.BKP_RMD_MERGE_BAI_07 m ON m.ID_EXECUCAO='''||v_id||''' AND m.COD_OBSOLETO=t.'||c.COLUMN_NAME; EXECUTE IMMEDIATE v_sql;
 19       v_sql:='UPDATE SANKHYA.'||c.TABLE_NAME||' t SET '||c.COLUMN_NAME||'=(SELECT m.COD_MANTIDO FROM FRANCISCO_JUNIOR.BKP_RMD_MERGE_BAI_07 m WHERE m.ID_EXECUCAO='''||v_id||''' AND m.COD_OBSOLETO=t.'||c.COLUMN_NAME||') WHERE EXISTS (SELECT 1 FROM FRANCISCO_JUNIOR.BKP_RMD_MERGE_BAI_07 m WHERE m.ID_EXECUCAO='''||v_id||''' AND m.COD_OBSOLETO=t.'||c.COLUMN_NAME||')'; EXECUTE IMMEDIATE v_sql;
 20     ELSE
 21       v_sql:='INSERT INTO FRANCISCO_JUNIOR.BKP_RMD_MERGE_REF_07 SELECT '''||v_id||''','''||c.TABLE_NAME||''','''||c.COLUMN_NAME||''',ROWIDTOCHAR(t.ROWID),t.'||c.COLUMN_NAME||',m.COD_MANTIDO FROM SANKHYA.'||c.TABLE_NAME||' t JOIN FRANCISCO_JUNIOR.BKP_RMD_MERGE_END_07 m ON m.ID_EXECUCAO='''||v_id||''' AND m.COD_OBSOLETO=t.'||c.COLUMN_NAME; EXECUTE IMMEDIATE v_sql;
 22       v_sql:='UPDATE SANKHYA.'||c.TABLE_NAME||' t SET '||c.COLUMN_NAME||'=(SELECT m.COD_MANTIDO FROM FRANCISCO_JUNIOR.BKP_RMD_MERGE_END_07 m WHERE m.ID_EXECUCAO='''||v_id||''' AND m.COD_OBSOLETO=t.'||c.COLUMN_NAME||') WHERE EXISTS (SELECT 1 FROM FRANCISCO_JUNIOR.BKP_RMD_MERGE_END_07 m WHERE m.ID_EXECUCAO='''||v_id||''' AND m.COD_OBSOLETO=t.'||c.COLUMN_NAME||')'; EXECUTE IMMEDIATE v_sql;
 23     END IF;
 24   END LOOP;
 25   SELECT COUNT(*) INTO v_rest FROM FRANCISCO_JUNIOR.BKP_RMD_MERGE_REF_07 WHERE ID_EXECUCAO=v_id; DBMS_OUTPUT.PUT_LINE('REFERENCIAS_RESPALDADAS_E_REDIRECIONADAS='||v_rest);
 26   DELETE FROM TSIBAI WHERE CODBAI IN (SELECT COD_OBSOLETO FROM FRANCISCO_JUNIOR.BKP_RMD_MERGE_BAI_07 WHERE ID_EXECUCAO=v_id);
 27   DELETE FROM TSIEND WHERE CODEND IN (SELECT COD_OBSOLETO FROM FRANCISCO_JUNIOR.BKP_RMD_MERGE_END_07 WHERE ID_EXECUCAO=v_id);
 28   SELECT COUNT(*) INTO v_dup FROM (SELECT 1 FROM TSIBAI GROUP BY REGEXP_REPLACE(TRIM(TRANSLATE(UPPER(NOMEBAI),'ÁÀÂÃÄÉÈÊËÍÌÎÏÓÒÔÕÖÚÙÛÜÇ','AAAAAEEEEIIIIOOOOOUUUUCA')),' {2,}',' ') HAVING COUNT(*)>1);
 29   IF v_dup>0 THEN RAISE_APPLICATION_ERROR(-20551,'Duplicidades de bairros restantes='||v_dup); END IF;
 30   SELECT COUNT(*) INTO v_dup FROM (SELECT 1 FROM TSIEND GROUP BY TIPO,REGEXP_REPLACE(TRIM(TRANSLATE(UPPER(NOMEEND),'ÁÀÂÃÄÉÈÊËÍÌÎÏÓÒÔÕÖÚÙÛÜÇ','AAAAAEEEEIIIIOOOOOUUUUCA')),' {2,}',' ') HAVING COUNT(*)>1);
 31   IF v_dup>0 THEN RAISE_APPLICATION_ERROR(-20552,'Duplicidades de enderecos restantes='||v_dup); END IF;
 32   COMMIT; DBMS_OUTPUT.PUT_LINE('STATUS=MERGE_COLISOES_CONCLUIDO; ID_EXECUCAO='||v_id||'; BAI='||v_b||'; END='||v_e);
 33  EXCEPTION WHEN OTHERS THEN ROLLBACK; DBMS_OUTPUT.PUT_LINE('ERRO_MERGE_REVERTIDO='||SQLERRM); RAISE;
 34  END;
 35  /
ERRO_MERGE_REVERTIDO=ORA-01950: no privileges on tablespace 'USERS'

Rollback
DECLARE v_id CONSTANT VARCHAR2(40):='IMPORTUDO_20260911_MERGE_07'; v_b NUMBER;v_e NUMBER;v_ref NUMBER;v_sql VARCHAR2(32767);v_rest NUMBER;v_dup NUMBER;v_used NUMBER;
*
ERROR at line 1:
ORA-01950: no privileges on tablespace 'USERS'
ORA-06512: at line 33
ORA-06512: at line 5
Help: https://docs.oracle.com/error-help/db/ora-01950/

SQL> SET DEFINE OFF
SQL> SET SERVEROUTPUT ON SIZE UNLIMITED
SQL> SET SQLBLANKLINES ON
SQL> SET ECHO ON
SQL> WHENEVER SQLERROR EXIT SQL.SQLCODE ROLLBACK
SQL> SPOOL "/Users/spadarojr/Documents/Trabalho/Sankhya/Deploy Agent/Scripts-Deploy/7 - QA2/Clientes/IMPORTUDO COMERCIO/Logs/Merge_Colisoes_ANTIFRAGIL_08.log"
