SQL> WHENEVER SQLERROR EXIT SQL.SQLCODE ROLLBACK
SQL> ALTER SESSION SET CURRENT_SCHEMA=SANKHYA;

Session altered.

SQL> PROMPT MODELO_ANTIFRAGIL_MERGE_29_30_IMPORTUDO
MODELO_ANTIFRAGIL_MERGE_29_30_IMPORTUDO
SQL> DECLARE
  2    v_n NUMBER;
  3    PROCEDURE ensure_table(p_name VARCHAR2,p_sql VARCHAR2) IS BEGIN SELECT COUNT(*) INTO v_n FROM ALL_TABLES WHERE OWNER='SANKHYA' AND TABLE_NAME=p_name; IF v_n=0 THEN EXECUTE IMMEDIATE p_sql; END IF; END;
  4  BEGIN
  5   ensure_table('BKP_RMD_MERGE_BAI_09','CREATE TABLE SANKHYA.BKP_RMD_MERGE_BAI_09 (ID_EXECUCAO VARCHAR2(40),COD_OBSOLETO NUMBER,COD_MANTIDO NUMBER)');
  6   ensure_table('BKP_RMD_MERGE_END_09','CREATE TABLE SANKHYA.BKP_RMD_MERGE_END_09 (ID_EXECUCAO VARCHAR2(40),COD_OBSOLETO NUMBER,COD_MANTIDO NUMBER)');
  7   ensure_table('BKP_RMD_MERGE_REF_09','CREATE TABLE SANKHYA.BKP_RMD_MERGE_REF_09 (ID_EXECUCAO VARCHAR2(40),TABLE_NAME VARCHAR2(128),COLUMN_NAME VARCHAR2(128),ROWID_ORIGINAL VARCHAR2(30),VALOR_ANTES NUMBER,VALOR_DEPOIS NUMBER)');
  8  END;
  9  /

PL/SQL procedure successfully completed.

SQL> ALTER SESSION SET CURRENT_SCHEMA=SANKHYA;

Session altered.

SQL> DECLARE v_id CONSTANT VARCHAR2(40):='IMPORTUDO_20260911_MERGE_09'; v_b NUMBER;v_e NUMBER;v_ref NUMBER;v_sql VARCHAR2(32767);v_rest NUMBER;v_dup NUMBER;v_used NUMBER;
  2  BEGIN
  3   SELECT COUNT(*) INTO v_used FROM SANKHYA.BKP_RMD_MERGE_REF_09 WHERE ID_EXECUCAO=v_id;
  4   IF v_used<>0 THEN RAISE_APPLICATION_ERROR(-20550,'ID_EXECUCAO ja utilizado.'); END IF;
  5   INSERT INTO SANKHYA.BKP_RMD_MERGE_BAI_09
  6   SELECT v_id,CODBAI,KEEP_ID FROM (SELECT CODBAI,MIN(CODBAI) OVER(PARTITION BY NORM) KEEP_ID,COUNT(*) OVER(PARTITION BY NORM) QTD FROM (SELECT CODBAI,REGEXP_REPLACE(TRIM(TRANSLATE(UPPER(NOMEBAI),'ÁÀÂÃÄÉÈÊËÍÌÎÏÓÒÔÕÖÚÙÛÜÇáàâãäéèëíìîïóòôõöúùû','AAAAAEEEEIIIIOOOOOUUUUCAAAAAEEEEIIIIOOOOOUUUUCAAAOOAAEIIOOUU')),' {2,}',' ') NORM FROM TSIBAI)) WHERE QTD>1 AND CODBAI<>KEEP_ID;
  7   INSERT INTO SANKHYA.BKP_RMD_MERGE_END_09
  8   SELECT v_id,CODEND,KEEP_ID FROM (SELECT CODEND,MIN(CODEND) OVER(PARTITION BY TIPO,NORM) KEEP_ID,COUNT(*) OVER(PARTITION BY TIPO,NORM) QTD FROM (SELECT CODEND,TIPO,REGEXP_REPLACE(TRIM(TRANSLATE(UPPER(NOMEEND),'ÁÀÂÃÄÉÈÊËÍÌÎÏÓÒÔÕÖÚÙÛÜÇáàâãäéèëíìîïóòôõöúùû','AAAAAEEEEIIIIOOOOOUUUUCAAAAAEEEEIIIIOOOOOUUUUCAAAOOAAEIIOOUU')),' {2,}',' ') NORM FROM TSIEND)) WHERE QTD>1 AND CODEND<>KEEP_ID;
  9   SELECT COUNT(*) INTO v_b FROM SANKHYA.BKP_RMD_MERGE_BAI_09 WHERE ID_EXECUCAO=v_id; SELECT COUNT(*) INTO v_e FROM SANKHYA.BKP_RMD_MERGE_END_09 WHERE ID_EXECUCAO=v_id; DBMS_OUTPUT.PUT_LINE('MAPA_BAI='||v_b||' MAPA_END='||v_e);
 10   IF v_b=0 AND v_e=0 THEN DBMS_OUTPUT.PUT_LINE('SEM_COLISOES'); RETURN; END IF;
 11   INSERT INTO SANKHYA.BKP_RMD_MERGE_REF_09(ID_EXECUCAO,TABLE_NAME,COLUMN_NAME,ROWID_ORIGINAL,VALOR_ANTES,VALOR_DEPOIS)
 12   SELECT v_id,'TSIBAI','CODBAI',ROWIDTOCHAR(b.ROWID),b.CODBAI,m.COD_MANTIDO FROM TSIBAI b JOIN SANKHYA.BKP_RMD_MERGE_BAI_09 m ON m.ID_EXECUCAO=v_id AND m.COD_OBSOLETO=b.CODBAI;
 13   INSERT INTO SANKHYA.BKP_RMD_MERGE_REF_09 SELECT v_id,'TSIEND','CODEND',ROWIDTOCHAR(e.ROWID),e.CODEND,m.COD_MANTIDO FROM TSIEND e JOIN SANKHYA.BKP_RMD_MERGE_END_09 m ON m.ID_EXECUCAO=v_id AND m.COD_OBSOLETO=e.CODEND;
 14   FOR c IN (SELECT c.TABLE_NAME,c.COLUMN_NAME FROM ALL_TAB_COLUMNS c JOIN ALL_TABLES t ON t.OWNER=c.OWNER AND t.TABLE_NAME=c.TABLE_NAME WHERE c.OWNER='SANKHYA' AND c.COLUMN_NAME IN ('CODBAI','CODEND','CODBAIENTREGA','CODENDENTREGA') AND c.TABLE_NAME NOT IN ('TSIBAI','TSIEND')) LOOP
 15     IF c.COLUMN_NAME IN ('CODBAI','CODBAIENTREGA') THEN
 16       v_sql:='INSERT INTO SANKHYA.BKP_RMD_MERGE_REF_09 SELECT '''||v_id||''','''||c.TABLE_NAME||''','''||c.COLUMN_NAME||''',ROWIDTOCHAR(t.ROWID),t.'||c.COLUMN_NAME||',m.COD_MANTIDO FROM SANKHYA.'||c.TABLE_NAME||' t JOIN SANKHYA.BKP_RMD_MERGE_BAI_09 m ON m.ID_EXECUCAO='''||v_id||''' AND m.COD_OBSOLETO=t.'||c.COLUMN_NAME; EXECUTE IMMEDIATE v_sql;
 17       v_sql:='UPDATE SANKHYA.'||c.TABLE_NAME||' t SET '||c.COLUMN_NAME||'=(SELECT m.COD_MANTIDO FROM SANKHYA.BKP_RMD_MERGE_BAI_09 m WHERE m.ID_EXECUCAO='''||v_id||''' AND m.COD_OBSOLETO=t.'||c.COLUMN_NAME||') WHERE EXISTS (SELECT 1 FROM SANKHYA.BKP_RMD_MERGE_BAI_09 m WHERE m.ID_EXECUCAO='''||v_id||''' AND m.COD_OBSOLETO=t.'||c.COLUMN_NAME||')'; EXECUTE IMMEDIATE v_sql;
 18     ELSE
 19       v_sql:='INSERT INTO SANKHYA.BKP_RMD_MERGE_REF_09 SELECT '''||v_id||''','''||c.TABLE_NAME||''','''||c.COLUMN_NAME||''',ROWIDTOCHAR(t.ROWID),t.'||c.COLUMN_NAME||',m.COD_MANTIDO FROM SANKHYA.'||c.TABLE_NAME||' t JOIN SANKHYA.BKP_RMD_MERGE_END_09 m ON m.ID_EXECUCAO='''||v_id||''' AND m.COD_OBSOLETO=t.'||c.COLUMN_NAME; EXECUTE IMMEDIATE v_sql;
 20       v_sql:='UPDATE SANKHYA.'||c.TABLE_NAME||' t SET '||c.COLUMN_NAME||'=(SELECT m.COD_MANTIDO FROM SANKHYA.BKP_RMD_MERGE_END_09 m WHERE m.ID_EXECUCAO='''||v_id||''' AND m.COD_OBSOLETO=t.'||c.COLUMN_NAME||') WHERE EXISTS (SELECT 1 FROM SANKHYA.BKP_RMD_MERGE_END_09 m WHERE m.ID_EXECUCAO='''||v_id||''' AND m.COD_OBSOLETO=t.'||c.COLUMN_NAME||')'; EXECUTE IMMEDIATE v_sql;
 21     END IF;
 22   END LOOP;
 23   SELECT COUNT(*) INTO v_rest FROM SANKHYA.BKP_RMD_MERGE_REF_09 WHERE ID_EXECUCAO=v_id; DBMS_OUTPUT.PUT_LINE('REFERENCIAS_RESPALDADAS_E_REDIRECIONADAS='||v_rest);
 24   DELETE FROM TSIBAI WHERE CODBAI IN (SELECT COD_OBSOLETO FROM SANKHYA.BKP_RMD_MERGE_BAI_09 WHERE ID_EXECUCAO=v_id);
 25   DELETE FROM TSIEND WHERE CODEND IN (SELECT COD_OBSOLETO FROM SANKHYA.BKP_RMD_MERGE_END_09 WHERE ID_EXECUCAO=v_id);
 26   SELECT COUNT(*) INTO v_dup FROM (SELECT 1 FROM TSIBAI GROUP BY REGEXP_REPLACE(TRIM(TRANSLATE(UPPER(NOMEBAI),'ÁÀÂÃÄÉÈÊËÍÌÎÏÓÒÔÕÖÚÙÛÜÇ','AAAAAEEEEIIIIOOOOOUUUUCA')),' {2,}',' ') HAVING COUNT(*)>1);
 27   IF v_dup>0 THEN RAISE_APPLICATION_ERROR(-20551,'Duplicidades de bairros restantes='||v_dup); END IF;
 28   SELECT COUNT(*) INTO v_dup FROM (SELECT 1 FROM TSIEND GROUP BY TIPO,REGEXP_REPLACE(TRIM(TRANSLATE(UPPER(NOMEEND),'ÁÀÂÃÄÉÈÊËÍÌÎÏÓÒÔÕÖÚÙÛÜÇ','AAAAAEEEEIIIIOOOOOUUUUCA')),' {2,}',' ') HAVING COUNT(*)>1);
 29   IF v_dup>0 THEN RAISE_APPLICATION_ERROR(-20552,'Duplicidades de enderecos restantes='||v_dup); END IF;
 30   COMMIT; DBMS_OUTPUT.PUT_LINE('STATUS=MERGE_COLISOES_CONCLUIDO; ID_EXECUCAO='||v_id||'; BAI='||v_b||'; END='||v_e);
 31  EXCEPTION WHEN OTHERS THEN ROLLBACK; DBMS_OUTPUT.PUT_LINE('ERRO_MERGE_REVERTIDO='||SQLERRM); RAISE;
 32  END;
 33  /
MAPA_BAI=345 MAPA_END=7283
REFERENCIAS_RESPALDADAS_E_REDIRECIONADAS=68197
STATUS=MERGE_COLISOES_CONCLUIDO; ID_EXECUCAO=IMPORTUDO_20260911_MERGE_09; BAI=345; END=7283


PL/SQL procedure successfully completed.

SQL> SPOOL OFF
