SQL> PROMPT CONTINUIDADE IMPORTUDO COMERCIO - ETAPAS 13 A 31
CONTINUIDADE IMPORTUDO COMERCIO - ETAPAS 13 A 31
SQL> SELECT SYS_CONTEXT('USERENV','SESSION_USER') USUARIO, SYS_CONTEXT('USERENV','CURRENT_SCHEMA') SCHEMA_ATUAL, SYS_CONTEXT('USERENV','SERVICE_NAME') SERVICO FROM DUAL;

USUARIO                                                                                                                                                                                                                                                          SCHEMA_ATUAL                                                                                                                                                                                                                                                     SERVICO                                                                                                                                                                                                                                                         
---------------------------------------------------------------------------------------------------------------------------------------------------------------------------------------------------------------------------------------------------------------- ---------------------------------------------------------------------------------------------------------------------------------------------------------------------------------------------------------------------------------------------------------------- ----------------------------------------------------------------------------------------------------------------------------------------------------------------------------------------------------------------------------------------------------------------
FRANCISCO_JUNIOR                                                                                                                                                                                                                                                 SANKHYA                                                                                                                                                                                                                                                          importudoprd.sankhyacloud.com.br                                                                                                                                                                                                                                

SQL> ALTER SESSION SET CURRENT_SCHEMA=SANKHYA;

Session altered.

SQL> BEGIN
  2   IF UPPER(SYS_CONTEXT('USERENV','SERVICE_NAME')) <> 'IMPORTUDOPRD.SANKHYACLOUD.COM.BR' OR SYS_CONTEXT('USERENV','SESSION_USER') <> 'FRANCISCO_JUNIOR' THEN
  3   RAISE_APPLICATION_ERROR(-20501,'Conexao divergente'); END IF;
  4  END;
  5  /

PL/SQL procedure successfully completed.

SQL> PROMPT PREFLIGHT BACKUP 13 SEM ALTERAR REGISTROS
PREFLIGHT BACKUP 13 SEM ALTERAR REGISTROS
SQL> SELECT TABLE_SCHEMA,TABLE_NAME,GRANTEE,PRIVILEGE FROM ALL_TAB_PRIVS WHERE TABLE_NAME='BKP_RMD_12_TGFTOP';

TABLE_SCHEMA                                                                                                                     TABLE_NAME                                                                                                                       GRANTEE                                                                                                                          PRIVILEGE                               
-------------------------------------------------------------------------------------------------------------------------------- -------------------------------------------------------------------------------------------------------------------------------- -------------------------------------------------------------------------------------------------------------------------------- ----------------------------------------
SANKHYA                                                                                                                          BKP_RMD_12_TGFTOP                                                                                                                RLCONSULTOR                                                                                                                      ALTER                                   
SANKHYA                                                                                                                          BKP_RMD_12_TGFTOP                                                                                                                RLCONSULTOR                                                                                                                      DELETE                                  
SANKHYA                                                                                                                          BKP_RMD_12_TGFTOP                                                                                                                RLCONSULTOR                                                                                                                      INSERT                                  
SANKHYA                                                                                                                          BKP_RMD_12_TGFTOP                                                                                                                RLCONSULTOR                                                                                                                      SELECT                                  
SANKHYA                                                                                                                          BKP_RMD_12_TGFTOP                                                                                                                RLCONSULTOR                                                                                                                      UPDATE                                  

SQL> DECLARE
  2   n NUMBER;
  3  BEGIN
  4   SELECT COUNT(*) INTO n FROM SANKHYA.BKP_RMD_12_TGFTOP;
  5   DBMS_OUTPUT.PUT_LINE('BACKUP13_LINHAS='||n);
  6   EXECUTE IMMEDIATE 'INSERT INTO SANKHYA.BKP_RMD_12_TGFTOP SELECT * FROM SANKHYA.BKP_RMD_12_TGFTOP WHERE 1=0';
  7   DBMS_OUTPUT.PUT_LINE('BACKUP13_INSERT_ZERO_OK='||SQL%ROWCOUNT);
  8   ROLLBACK;
  9  END;
 10  /
BACKUP13_LINHAS=0
BACKUP13_INSERT_ZERO_OK=0


PL/SQL procedure successfully completed.

SQL> PROMPT PREFLIGHT13_FIM
PREFLIGHT13_FIM
SQL> SPOOL OFF
