SQL> BEGIN
  2   IF UPPER(SYS_CONTEXT('USERENV','SERVICE_NAME')) <> 'IMPORTUDOPRD.SANKHYACLOUD.COM.BR' OR SYS_CONTEXT('USERENV','SESSION_USER') <> 'FRANCISCO_JUNIOR' THEN RAISE_APPLICATION_ERROR(-20501,'Conexao divergente'); END IF;
  3  END;
  4  /

PL/SQL procedure successfully completed.

SQL> ALTER SESSION SET CURRENT_SCHEMA=SANKHYA;

Session altered.

SQL> 
SQL> PROMPT PREPARAR BACKUP 14_Configurar_Analise_Giro_848.sql
PREPARAR BACKUP 14_Configurar_Analise_Giro_848.sql
SQL> DECLARE v NUMBER;BEGIN
  2   SELECT COUNT(*) INTO v FROM ALL_TABLES WHERE OWNER=SYS_CONTEXT('USERENV','CURRENT_SCHEMA') AND TABLE_NAME='BKP_RMD_13_TSIIMP';
  3   IF v=0 THEN EXECUTE IMMEDIATE q'[CREATE TABLE BKP_RMD_13_TSIIMP AS SELECT CAST(NULL AS VARCHAR2(30)) ID_EXECUCAO,
  4   CAST(NULL AS TIMESTAMP) DH_EXECUCAO,CAST(NULL AS VARCHAR2(128)) USUARIO_EXECUCAO,
  5   I.CODREL,I.LISTA1 LISTA1_ANTES FROM TSIIMP I WHERE 1=0]';END IF;
  6   SELECT COUNT(*) INTO v FROM TSIIMP WHERE CODREL=848;
  7   IF v<>1 THEN RAISE_APPLICATION_ERROR(-20340,'Esperada exatamente uma configuracao TSIIMP CODREL=848.');END IF;
  8  END;
  9  /

PL/SQL procedure successfully completed.

SQL> 
SQL> PROMPT PREPARAR BACKUP 15_Desativar_Rastro_Sem_Controle.sql
PREPARAR BACKUP 15_Desativar_Rastro_Sem_Controle.sql
SQL> DECLARE v NUMBER; BEGIN
  2   SELECT COUNT(*) INTO v FROM ALL_TABLES WHERE OWNER=SYS_CONTEXT('USERENV','CURRENT_SCHEMA') AND TABLE_NAME='BKP_RMD_14_TGFPRO';
  3   IF v=0 THEN EXECUTE IMMEDIATE q'[CREATE TABLE BKP_RMD_14_TGFPRO AS
  4   SELECT CAST(NULL AS VARCHAR2(30)) ID_EXECUCAO, CAST(NULL AS TIMESTAMP) DH_EXECUCAO,
  5   CAST(NULL AS VARCHAR2(128)) USUARIO_EXECUCAO, CAST(NULL AS VARCHAR2(30)) ROWID_ORIGINAL,
  6   T.TEMRASTROLOTE VALOR_ANTES, CAST('N' AS VARCHAR2(1)) VALOR_DEPOIS FROM TGFPRO T WHERE 1=0]'; END IF;
  7  END;
  8  /

PL/SQL procedure successfully completed.

SQL> 
SQL> PROMPT PREPARAR BACKUP 16_Aplicar_Higienizacao_TSICFG.sql
PREPARAR BACKUP 16_Aplicar_Higienizacao_TSICFG.sql
SQL> DECLARE
  2    v_existe NUMBER;
  3  BEGIN
  4    SELECT COUNT(*) INTO v_existe
  5      FROM ALL_TABLES
  6     WHERE OWNER = SYS_CONTEXT('USERENV','CURRENT_SCHEMA')
  7       AND TABLE_NAME = 'BKP_RMD_TSICFG';
  8    IF v_existe = 0 THEN
  9      EXECUTE IMMEDIATE q'[
 10        CREATE TABLE BKP_RMD_TSICFG AS
 11        SELECT CAST(NULL AS VARCHAR2(30)) ID_EXECUCAO,
 12               CAST(NULL AS TIMESTAMP) DH_EXECUCAO,
 13               CAST(NULL AS VARCHAR2(128)) USUARIO_EXECUCAO,
 14               T.*
 15          FROM TSICFG T
 16         WHERE 1=0
 17      ]';
 18    END IF;
 19  END;
 20  /

PL/SQL procedure successfully completed.

SQL> 
SQL> @@"/Users/spadarojr/Documents/Trabalho/Sankhya/Deploy Agent/Scripts-Deploy/7 - QA2/Revisao Master Deploy/18_Preparar_Backups_18_30.sql"
SQL> -- Garante, antes da compilacao das etapas 18-30, todas as tabelas de backup.
SQL> -- Nao altera tabelas funcionais.
SQL> SET DEFINE OFF
SQL> SET SERVEROUTPUT ON SIZE UNLIMITED
SQL> SET SQLBLANKLINES ON
SQL> WHENEVER SQLERROR EXIT SQL.SQLCODE ROLLBACK
SQL> DECLARE
  2    PROCEDURE cria(p_nome VARCHAR2,p_sql CLOB) IS v NUMBER;
  3    BEGIN
  4      SELECT COUNT(*) INTO v FROM ALL_TABLES
  5      WHERE OWNER=SYS_CONTEXT('USERENV','CURRENT_SCHEMA') AND TABLE_NAME=p_nome;
  6      IF v=0 THEN EXECUTE IMMEDIATE p_sql;DBMS_OUTPUT.PUT_LINE(p_nome||'=CRIADA');
  7      ELSE DBMS_OUTPUT.PUT_LINE(p_nome||'=EXISTENTE');END IF;
  8    END;
  9  BEGIN
 10    cria('BKP_RMD_GOL_TSIPAR',q'[CREATE TABLE BKP_RMD_GOL_TSIPAR AS SELECT CAST(NULL AS VARCHAR2(30)) ID_EXECUCAO,CAST(NULL AS TIMESTAMP) DH_EXECUCAO,CAST(NULL AS VARCHAR2(128)) USUARIO_EXECUCAO,P.CHAVE,P.CODUSU,P.INTEIRO INTEIRO_ANTES FROM TSIPAR P WHERE 1=0]');
 11    cria('BKP_RMD_GOL_TGFCGM',q'[CREATE TABLE BKP_RMD_GOL_TGFCGM AS SELECT CAST(NULL AS VARCHAR2(30)) ID_EXECUCAO,CAST(NULL AS TIMESTAMP) DH_EXECUCAO,CAST(NULL AS VARCHAR2(128)) USUARIO_EXECUCAO,CAST(NULL AS VARCHAR2(30)) ROWID_ORIGINAL,C.PERCCFFAB,C.PERCCFOUTROS,C.PERCCFSERVICO,C.PERCCOFINS,C.PERCCSL,C.PERCCUSVAR,C.PERCCVARSEMST,C.PERCMARGEM,C.PERCPIS,C.PERCIRPJ,C.PERCCPP FROM TGFCGM C WHERE 1=0]');
 12    cria('BKP_RMD_GOL_TGFCMV',q'[CREATE TABLE BKP_RMD_GOL_TGFCMV AS SELECT CAST(NULL AS VARCHAR2(30)) ID_EXECUCAO,CAST(NULL AS TIMESTAMP) DH_EXECUCAO,CAST(NULL AS VARCHAR2(128)) USUARIO_EXECUCAO,CAST(NULL AS VARCHAR2(30)) ROWID_ORIGINAL,C.DHALTER,C.FORMGASTOFIX,C.INTERVALOATUALIZACAO,C.PERCUSTOFIX,C.QTDMESESCONSOLIDAR,C.TEMCOMISSAO,C.TIPDTGASTOFIX,C.TIPFATPER,C.TIPOCUSTO FROM TGFCMV C WHERE 1=0]');
 13    cria('BKP_RMD_PAR_MATRIZ',q'[CREATE TABLE BKP_RMD_PAR_MATRIZ(ID_EXECUCAO VARCHAR2(30) NOT NULL,DH_EXECUCAO TIMESTAMP NOT NULL,USUARIO_EXECUCAO VARCHAR2(128) NOT NULL,CODPARC NUMBER NOT NULL,CODPARCMATRIZ_ANTES NUMBER,CODPARCMATRIZ_DEPOIS NUMBER)]');
 14    cria('BKP_RMD_CARD_TTKINDAGT',q'[CREATE TABLE BKP_RMD_CARD_TTKINDAGT AS SELECT CAST(NULL AS VARCHAR2(30)) ID_EXECUCAO,CAST(NULL AS TIMESTAMP) DH_EXECUCAO,CAST(NULL AS VARCHAR2(128)) USUARIO_EXECUCAO,T.* FROM TTKINDAGT T WHERE 1=0]');
 15    cria('BKP_CLASSICMS_TGFPAR',q'[CREATE TABLE BKP_CLASSICMS_TGFPAR(ID_EXECUCAO VARCHAR2(30) NOT NULL,DH_EXECUCAO TIMESTAMP(6) NOT NULL,CODPARC NUMBER NOT NULL,CLASSIFICMS_ANTES VARCHAR2(1),CLASSIFICMS_DEPOIS VARCHAR2(1))]');
 16    cria('BKP_AJNP_TGFPAR',q'[CREATE TABLE BKP_AJNP_TGFPAR AS SELECT CAST(NULL AS VARCHAR2(30)) ID_EXECUCAO,CAST(NULL AS DATE) DH_EXECUCAO,CAST(NULL AS VARCHAR2(128)) USUARIO_EXECUCAO,P.CODPARC,P.NOMEPARC NOMEPARC_ANTES,P.RAZAOSOCIAL RAZAOSOCIAL_ANTES,P.NOMEPARC NOMEPARC_DEPOIS,P.RAZAOSOCIAL RAZAOSOCIAL_DEPOIS FROM TGFPAR P WHERE 1=0]');
 17    cria('BKP_RMD_PAD_TGFPAR',q'[CREATE TABLE BKP_RMD_PAD_TGFPAR AS SELECT CAST(NULL AS VARCHAR2(30)) ID_EXECUCAO,CAST(NULL AS TIMESTAMP) DH_EXECUCAO,CAST(NULL AS VARCHAR2(128)) USUARIO_EXECUCAO,CAST(NULL AS VARCHAR2(30)) ROWID_ORIGINAL,T.* FROM TGFPAR T WHERE 1=0]');
 18    cria('BKP_RMD_PAD_TGFPRO',q'[CREATE TABLE BKP_RMD_PAD_TGFPRO AS SELECT CAST(NULL AS VARCHAR2(30)) ID_EXECUCAO,CAST(NULL AS TIMESTAMP) DH_EXECUCAO,CAST(NULL AS VARCHAR2(128)) USUARIO_EXECUCAO,CAST(NULL AS VARCHAR2(30)) ROWID_ORIGINAL,T.* FROM TGFPRO T WHERE 1=0]');
 19    cria('BKP_RMD_PAD_TGFTIT',q'[CREATE TABLE BKP_RMD_PAD_TGFTIT AS SELECT CAST(NULL AS VARCHAR2(30)) ID_EXECUCAO,CAST(NULL AS TIMESTAMP) DH_EXECUCAO,CAST(NULL AS VARCHAR2(128)) USUARIO_EXECUCAO,CAST(NULL AS VARCHAR2(30)) ROWID_ORIGINAL,T.* FROM TGFTIT T WHERE 1=0]');
 20    cria('BKP_RMD_PAD_TSICID',q'[CREATE TABLE BKP_RMD_PAD_TSICID AS SELECT CAST(NULL AS VARCHAR2(30)) ID_EXECUCAO,CAST(NULL AS TIMESTAMP) DH_EXECUCAO,CAST(NULL AS VARCHAR2(128)) USUARIO_EXECUCAO,CAST(NULL AS VARCHAR2(30)) ROWID_ORIGINAL,T.* FROM TSICID T WHERE 1=0]');
 21    cria('BKP_RMD_PAD_TGFTPV',q'[CREATE TABLE BKP_RMD_PAD_TGFTPV AS SELECT CAST(NULL AS VARCHAR2(30)) ID_EXECUCAO,CAST(NULL AS TIMESTAMP) DH_EXECUCAO,CAST(NULL AS VARCHAR2(128)) USUARIO_EXECUCAO,CAST(NULL AS VARCHAR2(30)) ROWID_ORIGINAL,T.* FROM TGFTPV T WHERE 1=0]');
 22    cria('BKP_RMD_PAD_TSIBAI',q'[CREATE TABLE BKP_RMD_PAD_TSIBAI AS SELECT CAST(NULL AS VARCHAR2(30)) ID_EXECUCAO,CAST(NULL AS TIMESTAMP) DH_EXECUCAO,CAST(NULL AS VARCHAR2(128)) USUARIO_EXECUCAO,CAST(NULL AS VARCHAR2(30)) ROWID_ORIGINAL,T.* FROM TSIBAI T WHERE 1=0]');
 23    cria('BKP_RMD_PAD_TSIEND',q'[CREATE TABLE BKP_RMD_PAD_TSIEND AS SELECT CAST(NULL AS VARCHAR2(30)) ID_EXECUCAO,CAST(NULL AS TIMESTAMP) DH_EXECUCAO,CAST(NULL AS VARCHAR2(128)) USUARIO_EXECUCAO,CAST(NULL AS VARCHAR2(30)) ROWID_ORIGINAL,T.* FROM TSIEND T WHERE 1=0]');
 24  END;
 25  /
BKP_RMD_GOL_TSIPAR=CRIADA
BKP_RMD_GOL_TGFCGM=CRIADA
BKP_RMD_GOL_TGFCMV=CRIADA
BKP_RMD_PAR_MATRIZ=CRIADA
BKP_RMD_CARD_TTKINDAGT=CRIADA
BKP_CLASSICMS_TGFPAR=CRIADA
BKP_AJNP_TGFPAR=CRIADA
BKP_RMD_PAD_TGFPAR=CRIADA
BKP_RMD_PAD_TGFPRO=CRIADA
BKP_RMD_PAD_TGFTIT=CRIADA
BKP_RMD_PAD_TSICID=CRIADA
BKP_RMD_PAD_TGFTPV=CRIADA
BKP_RMD_PAD_TSIBAI=CRIADA
BKP_RMD_PAD_TSIEND=CRIADA


PL/SQL procedure successfully completed.

SQL> PROMPT === FIM PREPARACAO BACKUPS 18-30 ===
=== FIM PREPARACAO BACKUPS 18-30 ===
SQL> PROMPT PREPARACAO_T04_FIM
PREPARACAO_T04_FIM
SQL> SPOOL OFF
