=== IDENTIDADE DA CONEXAO ===

USUARIO                                                                                                                                                                                                                                                          SCHEMA_ATUAL                                                                                                                                                                                                                                                     SERVICO                                                                                                                                                                                                                                                         
---------------------------------------------------------------------------------------------------------------------------------------------------------------------------------------------------------------------------------------------------------------- ---------------------------------------------------------------------------------------------------------------------------------------------------------------------------------------------------------------------------------------------------------------- ----------------------------------------------------------------------------------------------------------------------------------------------------------------------------------------------------------------------------------------------------------------
FRANCISCO_JUNIOR                                                                                                                                                                                                                                                 SANKHYA                                                                                                                                                                                                                                                          importudoprd.sankhyacloud.com.br                                                                                                                                                                                                                                


Session altered.


    CODEMP RAZAOSOCIAL                             
---------- ----------------------------------------
         1 IMPORTUDO COMERCIO, IMPORTACAO E EXPORTA


PL/SQL procedure successfully completed.

SQL> WHENEVER OSERROR EXIT FAILURE ROLLBACK
SQL> WHENEVER SQLERROR EXIT SQL.SQLCODE ROLLBACK
SQL> 
SQL> PROMPT ============================================================
============================================================
SQL> PROMPT REVISAO MASTER DEPLOY - INICIO
REVISAO MASTER DEPLOY - INICIO
SQL> SELECT TO_CHAR(SYSDATE,'DD/MM/YYYY HH24:MI:SS') DATA_HORA_INICIO FROM DUAL;

DATA_HORA_INICIO
-------------------
10/09/2026 15:28:20

SQL> PROMPT ============================================================
============================================================
SQL> 
SQL> PROMPT [01/31] INICIO - 01_Preparar_Controle_Objetos.sql
[01/31] INICIO - 01_Preparar_Controle_Objetos.sql
SQL> @@01_Preparar_Controle_Objetos.sql
SQL> -- Cria o registro dos objetos temporariamente desabilitados pela revisao.
SQL> SET DEFINE OFF
SQL> SET SERVEROUTPUT ON SIZE UNLIMITED
SQL> WHENEVER SQLERROR EXIT SQL.SQLCODE ROLLBACK
SQL> VARIABLE RMD_ID_MASTER VARCHAR2(30)
SQL> BEGIN
  2   :RMD_ID_MASTER:='RMD_RUN_'||TO_CHAR(SYSTIMESTAMP,'YYYYMMDDHH24MISSFF3');
  3   DBMS_OUTPUT.PUT_LINE('ID_MASTER='||:RMD_ID_MASTER);
  4  END;
  5  /
ID_MASTER=RMD_RUN_20260910152821307


PL/SQL procedure successfully completed.

SQL> DECLARE v NUMBER;BEGIN
  2   SELECT COUNT(*) INTO v FROM ALL_TABLES
  3    WHERE OWNER=SYS_CONTEXT('USERENV','CURRENT_SCHEMA')
  4      AND TABLE_NAME='RMD_CONTROLE_OBJETOS';
  5   IF v=0 THEN
  6    EXECUTE IMMEDIATE q'[CREATE TABLE RMD_CONTROLE_OBJETOS (
  7      ID_MASTER VARCHAR2(30) NOT NULL,
  8      ID_EXECUCAO VARCHAR2(30) NOT NULL,
  9      DH_REGISTRO TIMESTAMP NOT NULL,
 10      USUARIO_EXECUCAO VARCHAR2(128) NOT NULL,
 11      OBJECT_TYPE VARCHAR2(30) NOT NULL,
 12      OBJECT_NAME VARCHAR2(128) NOT NULL,
 13      STATUS_ANTES VARCHAR2(30),
 14      STATUS_DEPOIS VARCHAR2(30),
 15      DH_REABILITACAO TIMESTAMP
 16    )]';
 17    DBMS_OUTPUT.PUT_LINE('CONTROLE_CRIADO=RMD_CONTROLE_OBJETOS');
 18   ELSE
 19    DBMS_OUTPUT.PUT_LINE('CONTROLE_EXISTENTE=RMD_CONTROLE_OBJETOS');
 20   END IF;
 21  END;
 22  /
CONTROLE_CRIADO=RMD_CONTROLE_OBJETOS


PL/SQL procedure successfully completed.

SQL> PROMPT [01/31] FIM - 01_Preparar_Controle_Objetos.sql
[01/31] FIM - 01_Preparar_Controle_Objetos.sql
SQL> 
SQL> PROMPT [02/31] INICIO - 02_Liberar_Filtros_Portais.sql
[02/31] INICIO - 02_Liberar_Filtros_Portais.sql
SQL> @@02_Liberar_Filtros_Portais.sql
SQL> -- Bloco 01_Liberar_Filtros_Portais; backup por execucao e atualizacao apenas de divergencias.
SQL> SET DEFINE OFF
SQL> SET SERVEROUTPUT ON SIZE UNLIMITED
SQL> WHENEVER SQLERROR EXIT SQL.SQLCODE ROLLBACK
SQL> DECLARE v NUMBER; BEGIN
  2   SELECT COUNT(*) INTO v FROM ALL_TABLES WHERE OWNER=SYS_CONTEXT('USERENV','CURRENT_SCHEMA') AND TABLE_NAME='BKP_RMD_01_TSIPAR';
  3   IF v=0 THEN EXECUTE IMMEDIATE q'[CREATE TABLE BKP_RMD_01_TSIPAR AS
  4   SELECT CAST(NULL AS VARCHAR2(30)) ID_EXECUCAO, CAST(NULL AS TIMESTAMP) DH_EXECUCAO,
  5   CAST(NULL AS VARCHAR2(128)) USUARIO_EXECUCAO, CAST(NULL AS VARCHAR2(30)) ROWID_ORIGINAL,
  6   T.INTEIRO VALOR_ANTES, CAST(NULL AS NUMBER) VALOR_DEPOIS FROM TSIPAR T WHERE 1=0]'; END IF;
  7  END;
  8  /

PL/SQL procedure successfully completed.

SQL> DECLARE
  2   v_id VARCHAR2(30):='RMD_PORT_'||TO_CHAR(SYSTIMESTAMP,'YYYYMMDDHH24MISSFF3');
  3   v_b PLS_INTEGER; v_u PLS_INTEGER;
  4  BEGIN
  5   INSERT INTO BKP_RMD_01_TSIPAR
  6   SELECT v_id,SYSTIMESTAMP,SYS_CONTEXT('USERENV','SESSION_USER'),ROWIDTOCHAR(ROWID),INTEIRO,CAST(NULL AS NUMBER)
  7   FROM TSIPAR WHERE CHAVE IN ('MAXDIASPORTAIS','MAXDIASPORTVEND','MAXDIASPORTCOMP','MAXDIASMOVFIN') AND INTEIRO IS NOT NULL;
  8   v_b:=SQL%ROWCOUNT;
  9   UPDATE TSIPAR SET INTEIRO=NULL WHERE CHAVE IN ('MAXDIASPORTAIS','MAXDIASPORTVEND','MAXDIASPORTCOMP','MAXDIASMOVFIN') AND INTEIRO IS NOT NULL;
 10   v_u:=SQL%ROWCOUNT;
 11   IF v_b<>v_u THEN RAISE_APPLICATION_ERROR(-20201,'Backup e atualizacao divergiram em 01_Liberar_Filtros_Portais.'); END IF;
 12   COMMIT;
 13   DBMS_OUTPUT.PUT_LINE('ID_EXECUCAO='||v_id);
 14   DBMS_OUTPUT.PUT_LINE('REGISTROS_ALTERADOS='||v_u);
 15  EXCEPTION WHEN OTHERS THEN ROLLBACK; RAISE;
 16  END;
 17  /
ID_EXECUCAO=RMD_PORT_20260910152823030
REGISTROS_ALTERADOS=4


PL/SQL procedure successfully completed.

SQL> PROMPT [02/31] FIM - 02_Liberar_Filtros_Portais.sql
[02/31] FIM - 02_Liberar_Filtros_Portais.sql
SQL> 
SQL> PROMPT [03/31] INICIO - 03_Padronizar_DANFE_Empresas.sql
[03/31] INICIO - 03_Padronizar_DANFE_Empresas.sql
SQL> @@03_Padronizar_DANFE_Empresas.sql
SQL> -- Bloco 02. Mantem a regra funcional aprovada com snapshot das linhas.
SQL> SET DEFINE OFF
SQL> SET SERVEROUTPUT ON SIZE UNLIMITED
SQL> WHENEVER SQLERROR EXIT SQL.SQLCODE ROLLBACK
SQL> DECLARE v NUMBER; BEGIN
  2   SELECT COUNT(*) INTO v FROM ALL_TABLES WHERE OWNER=SYS_CONTEXT('USERENV','CURRENT_SCHEMA') AND TABLE_NAME='BKP_RMD_02_TGFEMP';
  3   IF v=0 THEN EXECUTE IMMEDIATE q'[CREATE TABLE BKP_RMD_02_TGFEMP AS SELECT CAST(NULL AS VARCHAR2(30)) ID_EXECUCAO,
  4   CAST(NULL AS TIMESTAMP) DH_EXECUCAO, CAST(NULL AS VARCHAR2(128)) USUARIO_EXECUCAO,
  5   CAST(NULL AS VARCHAR2(30)) ROWID_ORIGINAL, T.CODMODDANFESIMPLIFNFE CODMODDANFESIMPLIFNFE_ANTES, T.CONTINGENCIANFE CONTINGENCIANFE_ANTES, T.ENVIOSINCRONONFE ENVIOSINCRONONFE_ANTES, T.NURFE NURFE_ANTES, T.NURFECARTACORR NURFECARTACORR_ANTES, T.TIPODANFE TIPODANFE_ANTES, T.NFE NFE_ANTES, T.VERSAONFE VERSAONFE_ANTES, T.VERSAONT VERSAONT_ANTES, T.UTILIZAMDE UTILIZAMDE_ANTES, T.LOGODANFE LOGODANFE_ANTES FROM TGFEMP T WHERE 1=0]'; END IF;
  6  END;
  7  /

PL/SQL procedure successfully completed.

SQL> DECLARE v_id VARCHAR2(30):='RMD_DANF_'||TO_CHAR(SYSTIMESTAMP,'YYYYMMDDHH24MISSFF3'); v_b PLS_INTEGER; v_u PLS_INTEGER;
  2  BEGIN
  3   INSERT INTO BKP_RMD_02_TGFEMP SELECT v_id,SYSTIMESTAMP,SYS_CONTEXT('USERENV','SESSION_USER'),ROWIDTOCHAR(ROWID),CODMODDANFESIMPLIFNFE,CONTINGENCIANFE,ENVIOSINCRONONFE,NURFE,NURFECARTACORR,TIPODANFE,NFE,VERSAONFE,VERSAONT,UTILIZAMDE,LOGODANFE FROM TGFEMP WHERE CODEMP<>1;
  4   v_b:=SQL%ROWCOUNT;
  5   UPDATE TGFEMP SET CODMODDANFESIMPLIFNFE=(SELECT CODMODDANFESIMPLIFNFE FROM TGFEMP WHERE CODEMP=1),
  6   CONTINGENCIANFE=(SELECT CONTINGENCIANFE FROM TGFEMP WHERE CODEMP=1),
  7   ENVIOSINCRONONFE=(SELECT ENVIOSINCRONONFE FROM TGFEMP WHERE CODEMP=1),
  8   NURFE=(SELECT NURFE FROM TGFEMP WHERE CODEMP=1), NURFECARTACORR=(SELECT NURFECARTACORR FROM TGFEMP WHERE CODEMP=1),
  9   TIPODANFE=(SELECT TIPODANFE FROM TGFEMP WHERE CODEMP=1), NFE=(SELECT NFE FROM TGFEMP WHERE CODEMP=1),
 10   VERSAONFE=(SELECT VERSAONFE FROM TGFEMP WHERE CODEMP=1), VERSAONT=(SELECT VERSAONT FROM TGFEMP WHERE CODEMP=1),
 11   UTILIZAMDE=(SELECT UTILIZAMDE FROM TGFEMP WHERE CODEMP=1),
 12   LOGODANFE=COALESCE(LOGODANFE,(SELECT LOGODANFE FROM TGFEMP WHERE CODEMP=1)) WHERE CODEMP<>1;
 13   v_u:=SQL%ROWCOUNT;
 14   IF v_b<>v_u THEN RAISE_APPLICATION_ERROR(-20210,'Backup e atualizacao divergiram em Padronizar_DANFE_Empresas.'); END IF;
 15   COMMIT; DBMS_OUTPUT.PUT_LINE('ID_EXECUCAO='||v_id); DBMS_OUTPUT.PUT_LINE('REGISTROS_ALTERADOS='||v_u);
 16  
 17  EXCEPTION WHEN OTHERS THEN ROLLBACK; RAISE; END;
 18  /
ID_EXECUCAO=RMD_DANF_20260910152823988
REGISTROS_ALTERADOS=3


PL/SQL procedure successfully completed.

SQL> PROMPT [03/31] FIM - 03_Padronizar_DANFE_Empresas.sql
[03/31] FIM - 03_Padronizar_DANFE_Empresas.sql
SQL> 
SQL> PROMPT [04/31] INICIO - 04_Desativar_Custo_TOP_Devolucao.sql
[04/31] INICIO - 04_Desativar_Custo_TOP_Devolucao.sql
SQL> @@04_Desativar_Custo_TOP_Devolucao.sql
SQL> -- Bloco 03_Desativar_Custo_TOP_Devolucao; backup por execucao e atualizacao apenas de divergencias.
SQL> SET DEFINE OFF
SQL> SET SERVEROUTPUT ON SIZE UNLIMITED
SQL> WHENEVER SQLERROR EXIT SQL.SQLCODE ROLLBACK
SQL> DECLARE v NUMBER; BEGIN
  2   SELECT COUNT(*) INTO v FROM ALL_TABLES WHERE OWNER=SYS_CONTEXT('USERENV','CURRENT_SCHEMA') AND TABLE_NAME='BKP_RMD_03_TGFTOP';
  3   IF v=0 THEN EXECUTE IMMEDIATE q'[CREATE TABLE BKP_RMD_03_TGFTOP AS
  4   SELECT CAST(NULL AS VARCHAR2(30)) ID_EXECUCAO, CAST(NULL AS TIMESTAMP) DH_EXECUCAO,
  5   CAST(NULL AS VARCHAR2(128)) USUARIO_EXECUCAO, CAST(NULL AS VARCHAR2(30)) ROWID_ORIGINAL,
  6   T.PRECIFICA VALOR_ANTES, CAST('N' AS VARCHAR2(1)) VALOR_DEPOIS FROM TGFTOP T WHERE 1=0]'; END IF;
  7  END;
  8  /

PL/SQL procedure successfully completed.

SQL> DECLARE
  2   v_id VARCHAR2(30):='RMD_TOPC_'||TO_CHAR(SYSTIMESTAMP,'YYYYMMDDHH24MISSFF3');
  3   v_b PLS_INTEGER; v_u PLS_INTEGER;
  4  BEGIN
  5   INSERT INTO BKP_RMD_03_TGFTOP
  6   SELECT v_id,SYSTIMESTAMP,SYS_CONTEXT('USERENV','SESSION_USER'),ROWIDTOCHAR(ROWID),PRECIFICA,CAST('N' AS VARCHAR2(1))
  7   FROM TGFTOP WHERE TIPMOV='D' AND NVL(PRECIFICA,'?')<>'N';
  8   v_b:=SQL%ROWCOUNT;
  9   UPDATE TGFTOP SET PRECIFICA='N' WHERE TIPMOV='D' AND NVL(PRECIFICA,'?')<>'N';
 10   v_u:=SQL%ROWCOUNT;
 11   IF v_b<>v_u THEN RAISE_APPLICATION_ERROR(-20201,'Backup e atualizacao divergiram em 03_Desativar_Custo_TOP_Devolucao.'); END IF;
 12   COMMIT;
 13   DBMS_OUTPUT.PUT_LINE('ID_EXECUCAO='||v_id);
 14   DBMS_OUTPUT.PUT_LINE('REGISTROS_ALTERADOS='||v_u);
 15  EXCEPTION WHEN OTHERS THEN ROLLBACK; RAISE;
 16  END;
 17  /
ID_EXECUCAO=RMD_TOPC_20260910152824966
REGISTROS_ALTERADOS=140


PL/SQL procedure successfully completed.

SQL> PROMPT [04/31] FIM - 04_Desativar_Custo_TOP_Devolucao.sql
[04/31] FIM - 04_Desativar_Custo_TOP_Devolucao.sql
SQL> 
SQL> PROMPT [05/31] INICIO - 05_Habilitar_Calculo_Giro_Produtos.sql
[05/31] INICIO - 05_Habilitar_Calculo_Giro_Produtos.sql
SQL> @@05_Habilitar_Calculo_Giro_Produtos.sql
SQL> -- Bloco 04_Habilitar_Calculo_Giro_Produtos; backup por execucao e atualizacao apenas de divergencias.
SQL> SET DEFINE OFF
SQL> SET SERVEROUTPUT ON SIZE UNLIMITED
SQL> WHENEVER SQLERROR EXIT SQL.SQLCODE ROLLBACK
SQL> DECLARE v NUMBER; BEGIN
  2   SELECT COUNT(*) INTO v FROM ALL_TABLES WHERE OWNER=SYS_CONTEXT('USERENV','CURRENT_SCHEMA') AND TABLE_NAME='BKP_RMD_04_TGFPRO';
  3   IF v=0 THEN EXECUTE IMMEDIATE q'[CREATE TABLE BKP_RMD_04_TGFPRO AS
  4   SELECT CAST(NULL AS VARCHAR2(30)) ID_EXECUCAO, CAST(NULL AS TIMESTAMP) DH_EXECUCAO,
  5   CAST(NULL AS VARCHAR2(128)) USUARIO_EXECUCAO, CAST(NULL AS VARCHAR2(30)) ROWID_ORIGINAL,
  6   T.CALCULOGIRO VALOR_ANTES, CAST('G' AS VARCHAR2(1)) VALOR_DEPOIS FROM TGFPRO T WHERE 1=0]'; END IF;
  7  END;
  8  /

PL/SQL procedure successfully completed.

SQL> DECLARE
  2   v_id VARCHAR2(30):='RMD_GIRO_'||TO_CHAR(SYSTIMESTAMP,'YYYYMMDDHH24MISSFF3');
  3   v_b PLS_INTEGER; v_u PLS_INTEGER;
  4  BEGIN
  5   INSERT INTO BKP_RMD_04_TGFPRO
  6   SELECT v_id,SYSTIMESTAMP,SYS_CONTEXT('USERENV','SESSION_USER'),ROWIDTOCHAR(ROWID),CALCULOGIRO,CAST('G' AS VARCHAR2(1))
  7   FROM TGFPRO WHERE USOPROD IN ('V','R') AND NVL(CALCULOGIRO,'?')<>'G';
  8   v_b:=SQL%ROWCOUNT;
  9   UPDATE TGFPRO SET CALCULOGIRO='G' WHERE USOPROD IN ('V','R') AND NVL(CALCULOGIRO,'?')<>'G';
 10   v_u:=SQL%ROWCOUNT;
 11   IF v_b<>v_u THEN RAISE_APPLICATION_ERROR(-20201,'Backup e atualizacao divergiram em 04_Habilitar_Calculo_Giro_Produtos.'); END IF;
 12   COMMIT;
 13   DBMS_OUTPUT.PUT_LINE('ID_EXECUCAO='||v_id);
 14   DBMS_OUTPUT.PUT_LINE('REGISTROS_ALTERADOS='||v_u);
 15  EXCEPTION WHEN OTHERS THEN ROLLBACK; RAISE;
 16  END;
 17  /
ID_EXECUCAO=RMD_GIRO_20260910152825889
REGISTROS_ALTERADOS=0


PL/SQL procedure successfully completed.

SQL> PROMPT [05/31] FIM - 05_Habilitar_Calculo_Giro_Produtos.sql
[05/31] FIM - 05_Habilitar_Calculo_Giro_Produtos.sql
SQL> 
SQL> PROMPT [06/31] INICIO - 06_Zerar_Parcelas_Tipos_Negociacao.sql
[06/31] INICIO - 06_Zerar_Parcelas_Tipos_Negociacao.sql
SQL> @@06_Zerar_Parcelas_Tipos_Negociacao.sql
SQL> -- Bloco 05_Zerar_Parcelas_Tipos_Negociacao; backup por execucao e atualizacao apenas de divergencias.
SQL> SET DEFINE OFF
SQL> SET SERVEROUTPUT ON SIZE UNLIMITED
SQL> WHENEVER SQLERROR EXIT SQL.SQLCODE ROLLBACK
SQL> DECLARE v NUMBER; BEGIN
  2   SELECT COUNT(*) INTO v FROM ALL_TABLES WHERE OWNER=SYS_CONTEXT('USERENV','CURRENT_SCHEMA') AND TABLE_NAME='BKP_RMD_05_TGFTPV';
  3   IF v=0 THEN EXECUTE IMMEDIATE q'[CREATE TABLE BKP_RMD_05_TGFTPV AS
  4   SELECT CAST(NULL AS VARCHAR2(30)) ID_EXECUCAO, CAST(NULL AS TIMESTAMP) DH_EXECUCAO,
  5   CAST(NULL AS VARCHAR2(128)) USUARIO_EXECUCAO, CAST(NULL AS VARCHAR2(30)) ROWID_ORIGINAL,
  6   T.NROPARCELAS VALOR_ANTES, CAST(0 AS NUMBER) VALOR_DEPOIS FROM TGFTPV T WHERE 1=0]'; END IF;
  7  END;
  8  /

PL/SQL procedure successfully completed.

SQL> DECLARE
  2   v_id VARCHAR2(30):='RMD_PARC_'||TO_CHAR(SYSTIMESTAMP,'YYYYMMDDHH24MISSFF3');
  3   v_b PLS_INTEGER; v_u PLS_INTEGER;
  4  BEGIN
  5   INSERT INTO BKP_RMD_05_TGFTPV
  6   SELECT v_id,SYSTIMESTAMP,SYS_CONTEXT('USERENV','SESSION_USER'),ROWIDTOCHAR(ROWID),NROPARCELAS,CAST(0 AS NUMBER)
  7   FROM TGFTPV WHERE NVL(NROPARCELAS,-1)<>0;
  8   v_b:=SQL%ROWCOUNT;
  9   UPDATE TGFTPV SET NROPARCELAS=0 WHERE NVL(NROPARCELAS,-1)<>0;
 10   v_u:=SQL%ROWCOUNT;
 11   IF v_b<>v_u THEN RAISE_APPLICATION_ERROR(-20201,'Backup e atualizacao divergiram em 05_Zerar_Parcelas_Tipos_Negociacao.'); END IF;
 12   COMMIT;
 13   DBMS_OUTPUT.PUT_LINE('ID_EXECUCAO='||v_id);
 14   DBMS_OUTPUT.PUT_LINE('REGISTROS_ALTERADOS='||v_u);
 15  EXCEPTION WHEN OTHERS THEN ROLLBACK; RAISE;
 16  END;
 17  /
ID_EXECUCAO=RMD_PARC_20260910152826838
REGISTROS_ALTERADOS=17


PL/SQL procedure successfully completed.

SQL> PROMPT [06/31] FIM - 06_Zerar_Parcelas_Tipos_Negociacao.sql
[06/31] FIM - 06_Zerar_Parcelas_Tipos_Negociacao.sql
SQL> 
SQL> PROMPT [07/31] INICIO - 07_Preencher_Data_Movimento.sql
[07/31] INICIO - 07_Preencher_Data_Movimento.sql
SQL> @@07_Preencher_Data_Movimento.sql
SQL> -- Bloco 06_Preencher_Data_Movimento; backup por execucao e atualizacao apenas de divergencias.
SQL> SET DEFINE OFF
SQL> SET SERVEROUTPUT ON SIZE UNLIMITED
SQL> WHENEVER SQLERROR EXIT SQL.SQLCODE ROLLBACK
SQL> DECLARE v NUMBER; BEGIN
  2   SELECT COUNT(*) INTO v FROM ALL_TABLES WHERE OWNER=SYS_CONTEXT('USERENV','CURRENT_SCHEMA') AND TABLE_NAME='BKP_RMD_06_TGFCAB';
  3   IF v=0 THEN EXECUTE IMMEDIATE q'[CREATE TABLE BKP_RMD_06_TGFCAB AS
  4   SELECT CAST(NULL AS VARCHAR2(30)) ID_EXECUCAO, CAST(NULL AS TIMESTAMP) DH_EXECUCAO,
  5   CAST(NULL AS VARCHAR2(128)) USUARIO_EXECUCAO, CAST(NULL AS VARCHAR2(30)) ROWID_ORIGINAL,
  6   T.DTMOV VALOR_ANTES, DTNEG VALOR_DEPOIS FROM TGFCAB T WHERE 1=0]'; END IF;
  7  END;
  8  /

PL/SQL procedure successfully completed.

SQL> DECLARE
  2   v_id VARCHAR2(30):='RMD_DTMV_'||TO_CHAR(SYSTIMESTAMP,'YYYYMMDDHH24MISSFF3');
  3   v_b PLS_INTEGER; v_u PLS_INTEGER;
  4  BEGIN
  5   INSERT INTO BKP_RMD_06_TGFCAB
  6   SELECT v_id,SYSTIMESTAMP,SYS_CONTEXT('USERENV','SESSION_USER'),ROWIDTOCHAR(ROWID),DTMOV,DTNEG
  7   FROM TGFCAB WHERE DTMOV IS NULL AND TIPMOV<>'Z';
  8   v_b:=SQL%ROWCOUNT;
  9   UPDATE TGFCAB SET DTMOV=DTNEG WHERE DTMOV IS NULL AND TIPMOV<>'Z';
 10   v_u:=SQL%ROWCOUNT;
 11   IF v_b<>v_u THEN RAISE_APPLICATION_ERROR(-20201,'Backup e atualizacao divergiram em 06_Preencher_Data_Movimento.'); END IF;
 12   COMMIT;
 13   DBMS_OUTPUT.PUT_LINE('ID_EXECUCAO='||v_id);
 14   DBMS_OUTPUT.PUT_LINE('REGISTROS_ALTERADOS='||v_u);
 15  EXCEPTION WHEN OTHERS THEN ROLLBACK; RAISE;
 16  END;
 17  /
ID_EXECUCAO=RMD_DTMV_20260910152827778
REGISTROS_ALTERADOS=0


PL/SQL procedure successfully completed.

SQL> PROMPT [07/31] FIM - 07_Preencher_Data_Movimento.sql
[07/31] FIM - 07_Preencher_Data_Movimento.sql
SQL> 
SQL> PROMPT [08/31] INICIO - 08_Preencher_Protocolos_Documentos_Legados.sql
[08/31] INICIO - 08_Preencher_Protocolos_Documentos_Legados.sql
SQL> @@08_Preencher_Protocolos_Documentos_Legados.sql
SQL> -- Bloco 07. Mantem a regra funcional aprovada com snapshot das linhas.
SQL> SET DEFINE OFF
SQL> SET SERVEROUTPUT ON SIZE UNLIMITED
SQL> WHENEVER SQLERROR EXIT SQL.SQLCODE ROLLBACK
SQL> DECLARE v NUMBER; BEGIN
  2   SELECT COUNT(*) INTO v FROM ALL_TABLES WHERE OWNER=SYS_CONTEXT('USERENV','CURRENT_SCHEMA') AND TABLE_NAME='BKP_RMD_07_TGFCAB';
  3   IF v=0 THEN EXECUTE IMMEDIATE q'[CREATE TABLE BKP_RMD_07_TGFCAB AS SELECT CAST(NULL AS VARCHAR2(30)) ID_EXECUCAO,
  4   CAST(NULL AS TIMESTAMP) DH_EXECUCAO, CAST(NULL AS VARCHAR2(128)) USUARIO_EXECUCAO,
  5   CAST(NULL AS VARCHAR2(30)) ROWID_ORIGINAL, T.NUMPROTOC NUMPROTOC_ANTES, T.NUMPROTOCCTE NUMPROTOCCTE_ANTES FROM TGFCAB T WHERE 1=0]'; END IF;
  6  END;
  7  /

PL/SQL procedure successfully completed.

SQL> DECLARE v_id VARCHAR2(30):='RMD_PROT_'||TO_CHAR(SYSTIMESTAMP,'YYYYMMDDHH24MISSFF3'); v_b PLS_INTEGER; v_u PLS_INTEGER;
  2  BEGIN
  3   INSERT INTO BKP_RMD_07_TGFCAB SELECT v_id,SYSTIMESTAMP,SYS_CONTEXT('USERENV','SESSION_USER'),ROWIDTOCHAR(ROWID),NUMPROTOC,NUMPROTOCCTE FROM TGFCAB WHERE EXISTS (SELECT 1 FROM TTKNOT N WHERE N.NUNOTA=TGFCAB.NUNOTA)
  4   AND ((NUMPROTOC IS NULL AND EXISTS (SELECT 1 FROM TGFTOP T WHERE T.CODTIPOPER=TGFCAB.CODTIPOPER AND T.DHALTER=TGFCAB.DHTIPOPER AND T.CODMODDOC=55))
  5     OR (NUMPROTOCCTE IS NULL AND EXISTS (SELECT 1 FROM TGFTOP T WHERE T.CODTIPOPER=TGFCAB.CODTIPOPER AND T.DHALTER=TGFCAB.DHTIPOPER AND T.CODMODDOC=57)));
  6   v_b:=SQL%ROWCOUNT;
  7   UPDATE TGFCAB SET NUMPROTOC=CASE WHEN NUMPROTOC IS NULL AND EXISTS (SELECT 1 FROM TGFTOP T WHERE T.CODTIPOPER=TGFCAB.CODTIPOPER AND T.DHALTER=TGFCAB.DHTIPOPER AND T.CODMODDOC=55) THEN '0' ELSE NUMPROTOC END,
  8   NUMPROTOCCTE=CASE WHEN NUMPROTOCCTE IS NULL AND EXISTS (SELECT 1 FROM TGFTOP T WHERE T.CODTIPOPER=TGFCAB.CODTIPOPER AND T.DHALTER=TGFCAB.DHTIPOPER AND T.CODMODDOC=57) THEN '0' ELSE NUMPROTOCCTE END WHERE EXISTS (SELECT 1 FROM TTKNOT N WHERE N.NUNOTA=TGFCAB.NUNOTA)
  9   AND ((NUMPROTOC IS NULL AND EXISTS (SELECT 1 FROM TGFTOP T WHERE T.CODTIPOPER=TGFCAB.CODTIPOPER AND T.DHALTER=TGFCAB.DHTIPOPER AND T.CODMODDOC=55))
 10     OR (NUMPROTOCCTE IS NULL AND EXISTS (SELECT 1 FROM TGFTOP T WHERE T.CODTIPOPER=TGFCAB.CODTIPOPER AND T.DHALTER=TGFCAB.DHTIPOPER AND T.CODMODDOC=57)));
 11   v_u:=SQL%ROWCOUNT;
 12   IF v_b<>v_u THEN RAISE_APPLICATION_ERROR(-20210,'Backup e atualizacao divergiram em Preencher_Protocolos_Documentos_Legados.'); END IF;
 13   COMMIT; DBMS_OUTPUT.PUT_LINE('ID_EXECUCAO='||v_id); DBMS_OUTPUT.PUT_LINE('REGISTROS_ALTERADOS='||v_u);
 14  
 15  EXCEPTION WHEN OTHERS THEN ROLLBACK; RAISE; END;
 16  /
ID_EXECUCAO=RMD_PROT_20260910152828837
REGISTROS_ALTERADOS=0


PL/SQL procedure successfully completed.

SQL> PROMPT [08/31] FIM - 08_Preencher_Protocolos_Documentos_Legados.sql
[08/31] FIM - 08_Preencher_Protocolos_Documentos_Legados.sql
SQL> 
SQL> PROMPT [09/31] INICIO - 09_Liberar_Itens_Documentos_Legados.sql
[09/31] INICIO - 09_Liberar_Itens_Documentos_Legados.sql
SQL> @@09_Liberar_Itens_Documentos_Legados.sql
SQL> -- Corrige STATUSNOTA preservando o estado inicial da trigger.
SQL> SET DEFINE OFF
SQL> SET SERVEROUTPUT ON SIZE UNLIMITED
SQL> WHENEVER SQLERROR EXIT SQL.SQLCODE ROLLBACK
SQL> DECLARE v NUMBER; BEGIN
  2   SELECT COUNT(*) INTO v FROM ALL_TABLES WHERE OWNER=SYS_CONTEXT('USERENV','CURRENT_SCHEMA') AND TABLE_NAME='BKP_RMD_08_TGFITE';
  3   IF v=0 THEN EXECUTE IMMEDIATE q'[CREATE TABLE BKP_RMD_08_TGFITE AS SELECT
  4   CAST(NULL AS VARCHAR2(30)) ID_EXECUCAO,CAST(NULL AS TIMESTAMP) DH_EXECUCAO,
  5   CAST(NULL AS VARCHAR2(128)) USUARIO_EXECUCAO,CAST(NULL AS VARCHAR2(30)) ROWID_ORIGINAL,
  6   I.STATUSNOTA STATUSNOTA_ANTES FROM TGFITE I WHERE 1=0]'; END IF;
  7  END;
  8  /

PL/SQL procedure successfully completed.

SQL> DECLARE
  2   v_id VARCHAR2(30):='RMD_ITEM_'||TO_CHAR(SYSTIMESTAMP,'YYYYMMDDHH24MISSFF3');
  3   v_status VARCHAR2(8); v_b PLS_INTEGER; v_u PLS_INTEGER;
  4   PROCEDURE restaura_trigger IS BEGIN
  5     IF v_status='ENABLED' THEN EXECUTE IMMEDIATE 'ALTER TRIGGER TRG_UPT_TGFITE ENABLE'; END IF;
  6   EXCEPTION WHEN OTHERS THEN DBMS_OUTPUT.PUT_LINE('ERRO_AO_RESTAURAR_TRIGGER='||SQLERRM); RAISE; END;
  7  BEGIN
  8   SELECT STATUS INTO v_status FROM ALL_TRIGGERS
  9    WHERE OWNER=SYS_CONTEXT('USERENV','CURRENT_SCHEMA') AND TRIGGER_NAME='TRG_UPT_TGFITE';
 10   INSERT INTO BKP_RMD_08_TGFITE SELECT v_id,SYSTIMESTAMP,SYS_CONTEXT('USERENV','SESSION_USER'),
 11          ROWIDTOCHAR(ROWID),STATUSNOTA FROM TGFITE I
 12    WHERE NVL(STATUSNOTA,'?')<>'L' AND EXISTS(SELECT 1 FROM TTKNOT N WHERE N.NUNOTA=I.NUNOTA);
 13   v_b:=SQL%ROWCOUNT;
 14   IF v_status='ENABLED' THEN
 15    INSERT INTO RMD_CONTROLE_OBJETOS
 16     (ID_MASTER,ID_EXECUCAO,DH_REGISTRO,USUARIO_EXECUCAO,OBJECT_TYPE,OBJECT_NAME,STATUS_ANTES)
 17    VALUES(:RMD_ID_MASTER,v_id,SYSTIMESTAMP,SYS_CONTEXT('USERENV','SESSION_USER'),
 18           'TRIGGER','TRG_UPT_TGFITE',v_status);
 19    EXECUTE IMMEDIATE 'ALTER TRIGGER TRG_UPT_TGFITE DISABLE';
 20   END IF;
 21   UPDATE TGFITE I SET STATUSNOTA='L'
 22    WHERE NVL(STATUSNOTA,'?')<>'L' AND EXISTS(SELECT 1 FROM TTKNOT N WHERE N.NUNOTA=I.NUNOTA);
 23   v_u:=SQL%ROWCOUNT;
 24   restaura_trigger;
 25   UPDATE RMD_CONTROLE_OBJETOS SET STATUS_DEPOIS='ENABLED',DH_REABILITACAO=SYSTIMESTAMP
 26    WHERE ID_MASTER=:RMD_ID_MASTER AND ID_EXECUCAO=v_id
 27      AND OBJECT_TYPE='TRIGGER' AND OBJECT_NAME='TRG_UPT_TGFITE';
 28   IF v_b<>v_u THEN RAISE_APPLICATION_ERROR(-20220,'Backup e atualizacao de itens divergiram.'); END IF;
 29   COMMIT; DBMS_OUTPUT.PUT_LINE('ID_EXECUCAO='||v_id); DBMS_OUTPUT.PUT_LINE('ITENS_ALTERADOS='||v_u);
 30  EXCEPTION WHEN OTHERS THEN
 31   BEGIN restaura_trigger; EXCEPTION WHEN OTHERS THEN NULL; END;
 32   ROLLBACK; RAISE;
 33  END;
 34  /
ID_EXECUCAO=RMD_ITEM_20260910152829785
ITENS_ALTERADOS=0


PL/SQL procedure successfully completed.

SQL> PROMPT [09/31] FIM - 09_Liberar_Itens_Documentos_Legados.sql
[09/31] FIM - 09_Liberar_Itens_Documentos_Legados.sql
SQL> 
SQL> PROMPT [10/31] INICIO - 10_Habilitar_ICMS_Gerencial.sql
[10/31] INICIO - 10_Habilitar_ICMS_Gerencial.sql
SQL> @@10_Habilitar_ICMS_Gerencial.sql
SQL> -- Bloco 09_Habilitar_ICMS_Gerencial; backup por execucao e atualizacao apenas de divergencias.
SQL> SET DEFINE OFF
SQL> SET SERVEROUTPUT ON SIZE UNLIMITED
SQL> WHENEVER SQLERROR EXIT SQL.SQLCODE ROLLBACK
SQL> DECLARE v NUMBER; BEGIN
  2   SELECT COUNT(*) INTO v FROM ALL_TABLES WHERE OWNER=SYS_CONTEXT('USERENV','CURRENT_SCHEMA') AND TABLE_NAME='BKP_RMD_09_TGFPRO';
  3   IF v=0 THEN EXECUTE IMMEDIATE q'[CREATE TABLE BKP_RMD_09_TGFPRO AS
  4   SELECT CAST(NULL AS VARCHAR2(30)) ID_EXECUCAO, CAST(NULL AS TIMESTAMP) DH_EXECUCAO,
  5   CAST(NULL AS VARCHAR2(128)) USUARIO_EXECUCAO, CAST(NULL AS VARCHAR2(30)) ROWID_ORIGINAL,
  6   T.ICMSGERENCIA VALOR_ANTES, CAST('S' AS VARCHAR2(1)) VALOR_DEPOIS FROM TGFPRO T WHERE 1=0]'; END IF;
  7  END;
  8  /

PL/SQL procedure successfully completed.

SQL> DECLARE
  2   v_id VARCHAR2(30):='RMD_ICMG_'||TO_CHAR(SYSTIMESTAMP,'YYYYMMDDHH24MISSFF3');
  3   v_b PLS_INTEGER; v_u PLS_INTEGER;
  4  BEGIN
  5   INSERT INTO BKP_RMD_09_TGFPRO
  6   SELECT v_id,SYSTIMESTAMP,SYS_CONTEXT('USERENV','SESSION_USER'),ROWIDTOCHAR(ROWID),ICMSGERENCIA,CAST('S' AS VARCHAR2(1))
  7   FROM TGFPRO WHERE USOPROD IN ('V','R') AND NVL(ICMSGERENCIA,'?')<>'S';
  8   v_b:=SQL%ROWCOUNT;
  9   UPDATE TGFPRO SET ICMSGERENCIA='S' WHERE USOPROD IN ('V','R') AND NVL(ICMSGERENCIA,'?')<>'S';
 10   v_u:=SQL%ROWCOUNT;
 11   IF v_b<>v_u THEN RAISE_APPLICATION_ERROR(-20201,'Backup e atualizacao divergiram em 09_Habilitar_ICMS_Gerencial.'); END IF;
 12   COMMIT;
 13   DBMS_OUTPUT.PUT_LINE('ID_EXECUCAO='||v_id);
 14   DBMS_OUTPUT.PUT_LINE('REGISTROS_ALTERADOS='||v_u);
 15  EXCEPTION WHEN OTHERS THEN ROLLBACK; RAISE;
 16  END;
 17  /
Rollback
 INSERT INTO BKP_RMD_09_TGFPRO
             *
ERROR at line 5:
ORA-06550: line 5, column 14:
PL/SQL: ORA-01031: insufficient privileges
ORA-06550: line 5, column 2:
PL/SQL: SQL Statement ignored
Help: https://docs.oracle.com/error-help/db/ora-06550/

SQL> 
SQL> SPOOL OFF
SQL> SPOOL OFF
