=== CARD 29/30 - MERGE DEFINITIVO INSTITUTO MOREIRA SALLES ===
MAPA_BAI=418
MAPA_END=7094
RAMO_OK|BKP_RMD_PAD_TGFPAR|CODBAI
RAMO_OK|BKP_RMD_PAD_TGFPAR|CODEND
RAMO_OK|BKP_RMD_PAD_TSIBAI|CODBAI
RAMO_OK|BKP_RMD_PAD_TSIEND|CODEND
RAMO_OK|BKP_RMD_UNID_TGFITE|CODEND
RAMO_OK|BKP_TGFITE_NOVO|CODEND
RAMO_OK|BKP_TGFPAR_NOVO|CODBAI
RAMO_OK|BKP_TGFPAR_NOVO|CODEND
RAMO_OK|TCCEMP|CODBAI
RAMO_OK|TCCEMP|CODEND
RAMO_OK|TCOMEVTNFSE|CODBAI
RAMO_OK|TCOMEVTNFSE|CODEND
RAMO_OK|TFPAEN|CODBAI
RAMO_OK|TFPAEN|CODEND
RAMO_OK|TFPALTERFUN|CODBAI
RAMO_OK|TFPALTERFUN|CODEND
RAMO_OK|TFPCATR|CODBAI
RAMO_OK|TFPCTI|CODBAI
RAMO_OK|TFPCTI|CODEND
RAMO_OK|TFPDEP|CODEND
RAMO_OK|TFPFUN|CODBAI
RAMO_OK|TFPFUN|CODEND
RAMO_OK|TFPPCA|CODBAI
RAMO_OK|TFPPONRAIO|CODBAI
RAMO_OK|TFPPONRAIO|CODEND
RAMO_OK|TFPREQADM|CODBAI
RAMO_OK|TFPREQADM|CODEND
RAMO_OK|TFPTAT|CODBAI
RAMO_OK|TFPTAT|CODEND
RAMO_OK|TGAENT|CODBAI
RAMO_OK|TGAENT|CODEND
RAMO_OK|TGFCTT|CODBAI
RAMO_OK|TGFCTT|CODEND
RAMO_OK|TGFITE|CODEND
RAMO_OK|TGFLCDPRR0030|CODBAI
RAMO_OK|TGFLCDPRR0030|CODEND
RAMO_OK|TGFLCDPRR0040|CODBAI
RAMO_OK|TGFLCDPRR0040|CODEND
RAMO_OK|TGFLOCOPER|CODBAI
RAMO_OK|TGFLOCOPER|CODEND
RAMO_OK|TGFPAR|CODBAI
RAMO_OK|TGFPAR|CODEND
RAMO_OK|TGFSIT|CODBAI
RAMO_OK|TGFSIT|CODEND
RAMO_OK|TGFVOR|CODEND
RAMO_OK|TGWCTE|CODEND
RAMO_OK|TGWDCA|CODEND
RAMO_OK|TGWEND|CODEND
RAMO_OK|TGWENDVAZ|CODEND
RAMO_OK|TGWENP|CODEND
RAMO_OK|TGWEPL|CODEND
RAMO_OK|TGWEST|CODEND
RAMO_OK|TGWESTVAL|CODEND
RAMO_OK|TGWEST_UPD|CODEND
RAMO_OK|TGWEXC|CODEND
RAMO_OK|TGWEXG|CODEND
RAMO_OK|TGWEXL|CODEND
RAMO_OK|TGWEXP|CODEND
RAMO_OK|TGWEXU|CODEND
RAMO_OK|TGWHAJ|CODEND
RAMO_OK|TGWINV|CODEND
RAMO_OK|TGWIVR|CODEND
RAMO_OK|TGWMOC|CODEND
RAMO_OK|TGWRAG|CODEND
RAMO_OK|TGWTROCADEPO|CODEND
RAMO_OK|TSIAGE|CODBAI
RAMO_OK|TSIAGE|CODEND
RAMO_OK|TSICEP|CODBAI
RAMO_OK|TSICEP|CODEND
RAMO_OK|TSIEMP|CODBAI
RAMO_OK|TSIEMP|CODEND
FK_RAMO_OK|TFPCATR|CODENDLOCALCAT
FK_RAMO_OK|TFPEST|CODBAIINSTENS
FK_RAMO_OK|TFPEST|CODBAIAGTINTEG
FK_RAMO_OK|TFPEST|CODENDINSTENS
FK_RAMO_OK|TFPEST|CODENDAGTINTEG
FK_RAMO_OK|TGFCPL|CODBAIRECEB
FK_RAMO_OK|TGFCPL|CODBAIENTREGA
FK_RAMO_OK|TGFCPL|CODBAITRAB
FK_RAMO_OK|TGFCPL|CODENDENTREGA
FK_RAMO_OK|TGFCPL|CODENDTRAB
FK_RAMO_OK|TGFCPL|CODENDRECEB
FK_RAMO_OK|TIMCAR|CARBAIRRO
FK_RAMO_OK|TIMEDG|EDGBAIRRO
FK_RAMO_OK|TIMEDG|EDGCODEND
FK_RAMO_OK|TIMEPR|EPRBAIRRO
FK_RAMO_OK|TIMEPR|EPRCODEND
FK_RAMO_OK|TIMFAC|FACBAIRROIMOVEL
FK_RAMO_OK|TIMIMV|IMVBAIRRO
FK_RAMO_OK|TIMIMV|IMVCODEND
FK_RAMO_OK|TIMLOT|LOTBAIRRO
FK_RAMO_OK|TIMPPR|PPRBAIRRO
FK_RAMO_OK|TIMPPR|PPRCODEND
REFERENCIAS_REMANESCENTES=0
STATUS=CONCLUIDO; ID_EXECUCAO=RMD_2930_IMS_20260914154001; ALTERACOES_REFERENCIAS=59275; EXCLUIDOS_BAI=418; EXCLUIDOS_END=7094; BACKUP=BKP_RMD_MRG_IMS_20260914_BAI,BKP_RMD_MRG_IMS_20260914_END; AUDITORIA=BKP_RMD_MRG_IMS_20260914_DEP


PL/SQL procedure successfully completed.


TIPO                 QTD
------------- ----------
MAPA_BAI             418
MAPA_END            7094
BACKUP_BAI           828
BACKUP_END         13890
AUDITORIA_DEP      59275
EXCECOES               0

6 rows selected. 

=== CARD 29/30 - MERGE DEFINITIVO CONCLUIDO ===
