=== VERIFICACAO READ-ONLY DE ONBOARDING - INSTITUTO MOREIRA SALLES ===

USUARIO
--------------------------------------------------------------------------------------------------------------------------------
SCHEMA_ATUAL
------------------------------------------------------------------------------------------------------------------------------------------------------------------------------------------------------------------------------------------------
DB_NAME
------------------------------------------------------------------------------------------------------------------------------------------------------------------------------------------------------------------------------------------------
SERVICO                                                                                                                                                                                                                                         
------------------------------------------------------------------------------------------------------------------------------------------------------------------------------------------------------------------------------------------------
FRANCISCO_JUNIOR                                                                                                                 
SANKHYA                                                                                                                                                                                                                                         
IMSPRD                                                                                                                                                                                                                                          
imsprd.sankhyacloud.com.br                                                                                                                                                                                                                      


=== EMPRESAS E CIDADES ===

    CODEMP RAZAOSOCIAL                                  CODCID NOMECID                                                              UF
---------- ---------------------------------------- ---------- ------------------------------------------------------------ ----------
         1 INSTITUTO MOREIRA SALLES                       9668 SAO PAULO                                                             1
         2 INSTITUTO MOREIRA SALLES                       3632 POCOS DE CALDAS                                                       2
         3 INSTITUTO MOREIRA SALLES                       7043 RIO DE JANEIRO                                                        7
         4 INSTITUTO MOREIRA SALLES                       7043 RIO DE JANEIRO                                                        7
         5 INSTITUTO MOREIRA SALLES                       9668 SAO PAULO                                                             1

=== SMTP GLOBAL SEM CREDENCIAIS ===

CHAVE
---------------
SERVIDOR_PORTA
------------------------------------------------------------------------------------------------------------------------------------------------------------------------------------------------------------------------------------------------
CRIPTOGRAFIA
------------------------------------------------------------------------------------------------------------------------------------------------------------------------------------------------------------------------------------------------
REMETENTE
------------------------------------------------------------------------------------------------------------------------------------------------------------------------------------------------------------------------------------------------
STATUS                         
-------------------------------
MSDSMTPPROP     
email-smtp.us-east-1.amazonaws.com:587                                                                                                                                                                                                          
T                                                                                                                                                                                                                                               
noreply@sankhya.com.br                                                                                                                                                                                                                          
CREDENCIAL_PRESENTE_NAO_EXIBIDA


=== SMTP POR EMPRESA SEM CREDENCIAIS ===

    CODEMP SERVIDORSMTP                                                                     T  PORTASMTP S USUARIO_ SENHA_SMTP          
---------- -------------------------------------------------------------------------------- - ---------- - -------- --------------------
         1                                                                                  N         25 N AUSENTE  AUSENTE             
         2                                                                                  N         25 N AUSENTE  AUSENTE             
         3                                                                                  N         25 N AUSENTE  AUSENTE             
         4                                                                                  N         25 N AUSENTE  AUSENTE             
         5                                                                                  N         25 N AUSENTE  AUSENTE             

=== CONTAS BANCARIAS - METADADOS ===

    CODEMP CODCTABCOINT     CODBCO CODAG CODCTABCO         A
---------- ------------ ---------- ----- ----------------- -
         1          101         99 9999  CAIXA-PDV         S
         1          102         98 9998  CAIXA-TESOURARIA  S
         1          104        341 4005  23371             S
         1          105        237 0895  1616501           S
                    103         98 9998  CAIXA-DEPLOY      N

=== VOLUMETRIA DAS FONTES DE ONBOARDING ===

TABELA        QTD
------ ----------
TSIEMP          5
TSICID       5578
TSIPAR       2351
TSICTA          5
TSIUSU         31
TGFVEN          3
TGFGRU          1
TSICUS          1
TGFNAT        210
TGFLOC          1

10 rows selected. 

=== FIM DA VERIFICACAO READ-ONLY DE ONBOARDING ===
