=== INICIO DA EXECUCAO CONTROLADA ===

CURRENT_SCHEMA
----------------------------------------------------------------------------------------------------------------------------------------------------------------------------------------------------------------------------------------------------------
SESSION_USER
----------------------------------------------------------------------------------------------------------------------------------------------------------------------------------------------------------------------------------------------------------
SERVICE_NAME
----------------------------------------------------------------------------------------------------------------------------------------------------------------------------------------------------------------------------------------------------------
DH_EXECUCAO                        ID_EXECUCAO                
---------------------------------- ---------------------------
SANKHYA                                                                                                                                                                                                                                                   
FRANCISCO_JUNIOR                                                                                                                                                                                                                                          
imsprd.sankhyacloud.com.br                                                                                                                                                                                                                                
15/09/26 14:12:14,340893000 -03:00 RMD_CMV_IMS_20260915_140624


=== PREFLIGHT DE SEGURANCA, ANTES DO BACKUP ===
PREFLIGHT_OK=SIM; VERSOES_ALVO=31


PL/SQL procedure successfully completed.

=== CRIACAO DO BACKUP PERSISTENTE ===

Table BKP_CMV_TOP_20260915_140624 created.

=== VALIDACAO DO BACKUP ANTES DO UPDATE ===

ID_EXECUCAO                              USUARIO_EXECUCAO                                                                                                                 REGISTROS_BACKUP DH_BACKUP                          TOPS_BACKUP
---------------------------------------- -------------------------------------------------------------------------------------------------------------------------------- ---------------- ---------------------------------- -----------
RMD_CMV_IMS_20260915_140624              FRANCISCO_JUNIOR                                                                                                                               31 15/09/26 14:12:15,070097000 -03:00           3

BACKUP_OK=SIM; REGISTROS=31


PL/SQL procedure successfully completed.

=== ALTERACAO EXCLUSIVA DE PRECIFICA ===

29 rows updated.

=== VALIDACAO IMEDIATA E COMMIT ===
ID_EXECUCAO=RMD_CMV_IMS_20260915_140624
REGISTROS_ALTERADOS=
TOPS_ALVO=1451,1452,1458
TOP_1401=FORA_DO_ESCOPO
STATUS=EXECUTADO_COMMIT


PL/SQL procedure successfully completed.

=== CONTAGEM FINAL DAS TOPS ALVO ===

CODTIPOPER    VERSOES PRECIFICA_N  PENDENTES
---------- ---------- ----------- ----------
      1451          8           8          0
      1452         14          14          0
      1458          9           9          0

=== REFERENCIA FINAL DA TOP 1401 ===

CODTIPOPER    VERSOES PRECIFICA_N PRECIFICA_C
---------- ---------- ----------- -----------
      1401         16           0          16

