=== REATIVACAO DA TRIGGER TGFCUS ===

CURRENT_SCHEMA
----------------------------------------------------------------------------------------------------------------------------------------------------------------------------------------------------------------------------------------------------------
SESSION_USER
----------------------------------------------------------------------------------------------------------------------------------------------------------------------------------------------------------------------------------------------------------
SERVICE_NAME
----------------------------------------------------------------------------------------------------------------------------------------------------------------------------------------------------------------------------------------------------------
DH_EXECUCAO                       
----------------------------------
SANKHYA                                                                                                                                                                                                                                                   
FRANCISCO_JUNIOR                                                                                                                                                                                                                                          
imsprd.sankhyacloud.com.br                                                                                                                                                                                                                                
15/09/26 14:45:11,287602000 -03:00


=== STATUS ANTES DA REATIVACAO ===

OWNER
--------------------------------------------------------------------------------------------------------------------------------
TRIGGER_NAME
--------------------------------------------------------------------------------------------------------------------------------
TABLE_NAME                                                                                                                       STATUS
-------------------------------------------------------------------------------------------------------------------------------- --------
TRIGGERING_EVENT
------------------------------------------------------------------------------------------------------------------------------------------------------------------------------------------------------------------------------------------------------
TRIGGER_TYPE    
----------------
SANKHYA                                                                                                                          
TRG_DLT_UPD_TGFCUS                                                                                                               
TGFCUS                                                                                                                           DISABLED 
UPDATE OR DELETE                                                                                                                                                                                                                                       
BEFORE EACH ROW 


TRIGGER=SANKHYA.TRG_DLT_UPD_TGFCUS
STATUS_ANTES=DISABLED
STATUS_DEPOIS=ENABLED
STATUS=REATIVADA


PL/SQL procedure successfully completed.

=== STATUS FINAL DA REATIVACAO ===

OWNER
--------------------------------------------------------------------------------------------------------------------------------
TRIGGER_NAME
--------------------------------------------------------------------------------------------------------------------------------
TABLE_NAME                                                                                                                       STATUS
-------------------------------------------------------------------------------------------------------------------------------- --------
TRIGGERING_EVENT
------------------------------------------------------------------------------------------------------------------------------------------------------------------------------------------------------------------------------------------------------
TRIGGER_TYPE    
----------------
SANKHYA                                                                                                                          
TRG_DLT_UPD_TGFCUS                                                                                                               
TGFCUS                                                                                                                           ENABLED  
UPDATE OR DELETE                                                                                                                                                                                                                                       
BEFORE EACH ROW 


