=== BACKUP TGFCUS ANTES DO RECALCULO NATIVO ===

CURRENT_SCHEMA
----------------------------------------------------------------------------------------------------------------------------------------------------------------------------------------------------------------------------------------------------------
SESSION_USER
----------------------------------------------------------------------------------------------------------------------------------------------------------------------------------------------------------------------------------------------------------
SERVICE_NAME
----------------------------------------------------------------------------------------------------------------------------------------------------------------------------------------------------------------------------------------------------------
DH_EXECUCAO                        ID_EXECUCAO                    
---------------------------------- -------------------------------
SANKHYA                                                                                                                                                                                                                                                   
FRANCISCO_JUNIOR                                                                                                                                                                                                                                          
imsprd.sankhyacloud.com.br                                                                                                                                                                                                                                
15/09/26 14:31:46,666399000 -03:00 RMD_CMV_CUS_IMS_20260915_142359


=== STATUS DA TRIGGER DESATIVADA ===

OWNER
--------------------------------------------------------------------------------------------------------------------------------
TRIGGER_NAME
--------------------------------------------------------------------------------------------------------------------------------
TABLE_NAME                                                                                                                       STATUS
-------------------------------------------------------------------------------------------------------------------------------- --------
TRIGGERING_EVENT
------------------------------------------------------------------------------------------------------------------------------------------------------------------------------------------------------------------------------------------------------
TRIGGER_TYPE    
----------------
SANKHYA                                                                                                                          
TRG_DLT_UPD_TGFCUS                                                                                                               
TGFCUS                                                                                                                           DISABLED 
UPDATE OR DELETE                                                                                                                                                                                                                                       
BEFORE EACH ROW 


=== PREFLIGHT DE SEGURANCA ===
PREFLIGHT_OK=SIM; TRIGGER=DISABLED; LINHAS_TGFCUS=317


PL/SQL procedure successfully completed.

=== QUANTIDADE ATUAL POR PRODUTO ===

   CODPROD LINHAS_TGFCUS PRIMEIRA ULTIMA_D
---------- ------------- -------- --------
2237205918            21 01/01/00 30/06/26
2237205919            21 01/01/00 30/06/26
2237205920            23 01/01/00 20/07/26
2237205921            24 01/01/00 30/06/26
2237205922            23 01/01/00 30/06/26
2237205923            26 01/01/00 30/07/26
2237205924            28 01/01/00 30/06/26
2237205925            23 01/01/00 30/06/26
2237205926            25 01/01/00 30/06/26
2237205927            35 01/01/00 30/06/26
2237205928            23 01/01/00 30/06/26
2237205929            29 01/01/00 30/06/26
2237205930            16 01/01/00 06/08/26

13 rows selected. 

=== CRIACAO DO SNAPSHOT PERSISTENTE ===

Table BKP_CMV_CUS_20260915_142359 created.

=== VALIDACAO DO SNAPSHOT ===

ID_EXECUCAO                              USUARIO_BACKUP                                                                                                                   REGISTROS_BACKUP PRODUTOS_BACKUP DH_BACKUP                          PRIMEIRA
---------------------------------------- -------------------------------------------------------------------------------------------------------------------------------- ---------------- --------------- ---------------------------------- --------
ULTIMA_D
--------
RMD_CMV_CUS_IMS_20260915_142359          FRANCISCO_JUNIOR                                                                                                                              317              13 15/09/26 14:31:47,731694000 -03:00 01/01/00 
06/08/26



   CODPROD REGISTROS_BACKUP
---------- ----------------
2237205918               21
2237205919               21
2237205920               23
2237205921               24
2237205922               23
2237205923               26
2237205924               28
2237205925               23
2237205926               25
2237205927               35
2237205928               23
2237205929               29
2237205930               16

13 rows selected. 

BACKUP_OK=SIM; REGISTROS=317; PRODUTOS=13
STATUS=SNAPSHOT_PERSISTENTE_CRIADO


PL/SQL procedure successfully completed.

=== CONFIRMACAO FINAL DO ESCOPO ===

LINHAS_BACKUP_13_PRODUTOS
-------------------------
                      317


LINHAS_DO_ATIVO_1451604_NO_BACKUP
---------------------------------
                                0

