=== CARD 09 - EXECUTOR IMS ===
=== CARD 09 - INSERT CONTROLADO TGFFIN - INSTITUTO MOREIRA SALLES ===
AUDITORIA_CRIADA=BKP_RMD_IMS_DUP_INS_20260914


PL/SQL procedure successfully completed.

LINHAS_APTAS=24; NOTAS_APTAS=24
JA_EXISTIAM_TGFFIN=0
PENDENTES_PARA_INSERCAO=24
TGFNUM_TGFFIN_ROWS=1
ANTES_LOCK_TGFNUM
APOS_LOCK_TGFNUM ULTCOD=894
PROCESSANDO NUNOTA=897 NUFIN=895 VDUP=64.34 DVENC=2026-09-20 NDUP=001
PROCESSANDO NUNOTA=949 NUFIN=896 VDUP=30.90 DVENC=2026-08-20 NDUP=001
PROCESSANDO NUNOTA=951 NUFIN=897 VDUP=14.04 DVENC=2026-08-20 NDUP=001
PROCESSANDO NUNOTA=1023 NUFIN=898 VDUP=30.90 DVENC=2026-07-20 NDUP=001
PROCESSANDO NUNOTA=1074 NUFIN=899 VDUP=14.04 DVENC=2026-06-20 NDUP=001
PROCESSANDO NUNOTA=1076 NUFIN=900 VDUP=14.04 DVENC=2026-06-20 NDUP=001
PROCESSANDO NUNOTA=1148 NUFIN=901 VDUP=8.75 DVENC=2026-05-20 NDUP=001
PROCESSANDO NUNOTA=1192 NUFIN=902 VDUP=68.90 DVENC=2026-04-20 NDUP=001
PROCESSANDO NUNOTA=1237 NUFIN=903 VDUP=43.50 DVENC=2026-04-20 NDUP=001
PROCESSANDO NUNOTA=1249 NUFIN=904 VDUP=20.90 DVENC=2026-03-20 NDUP=001
PROCESSANDO NUNOTA=1261 NUFIN=905 VDUP=38.80 DVENC=2026-03-20 NDUP=001
PROCESSANDO NUNOTA=1263 NUFIN=906 VDUP=101.80 DVENC=2026-03-20 NDUP=001
PROCESSANDO NUNOTA=1266 NUFIN=907 VDUP=22.80 DVENC=2026-03-20 NDUP=001
PROCESSANDO NUNOTA=1320 NUFIN=908 VDUP=38.80 DVENC=2026-02-20 NDUP=001
PROCESSANDO NUNOTA=1324 NUFIN=909 VDUP=43.50 DVENC=2026-02-20 NDUP=001
PROCESSANDO NUNOTA=1362 NUFIN=910 VDUP=87.00 DVENC=2026-02-20 NDUP=001
PROCESSANDO NUNOTA=1371 NUFIN=911 VDUP=14.04 DVENC=2026-01-20 NDUP=001
PROCESSANDO NUNOTA=1389 NUFIN=912 VDUP=47.25 DVENC=2026-01-20 NDUP=001
PROCESSANDO NUNOTA=1390 NUFIN=913 VDUP=43.50 DVENC=2026-01-20 NDUP=001
PROCESSANDO NUNOTA=1455 NUFIN=914 VDUP=16.86 DVENC=2025-12-20 NDUP=001
PROCESSANDO NUNOTA=1456 NUFIN=915 VDUP=96.68 DVENC=2025-12-20 NDUP=001
PROCESSANDO NUNOTA=1562 NUFIN=916 VDUP=35.79 DVENC=2025-11-20 NDUP=001
PROCESSANDO NUNOTA=1577 NUFIN=917 VDUP=7.86 DVENC=2025-10-20 NDUP=001
PROCESSANDO NUNOTA=1588 NUFIN=918 VDUP=14.04 DVENC=2025-10-20 NDUP=001
FINANCEIROS_INSERIDOS=24
STATUS=INSERT_EXECUTADO


PL/SQL procedure successfully completed.

=== POS-VALIDACAO IMEDIATA ===

TGFFIN_CRIADOS
--------------
            24

