ID_EXECUCAO_LOTE=RMD_HIG_C09_2609220917
ENTRADA=Clientes/HIGIEPAM/32A_Card09_Mapear_Direto_XML_HIGIEPAM.sql
SHA256_SUITE=4c8e79608282dd4645a52293ae3c4b774b442a61a0d895376de32b3e42ad508a
POS_VALIDACAO=Clientes/HIGIEPAM/Card09_PosValidacao_Mapa_HIGIEPAM_2609220917.sql
AUTORIZACAO=PRE_AUTORIZADA
CONFIRMACAO_NATIVA=DISPENSADA_POR_EXECUTAR_BASE
SESSION_USER=FRANCISCO_JUNIOR
CURRENT_SCHEMA=SANKHYA
SERVICE_NAME=higiepamprd.sankhyacloud.com.br
PRIVILEGIOS=["ALTER ANY TABLE", "CREATE ANY TABLE", "DROP ANY TABLE"]
QUOTAS=[]
[OK 1/5] PLSQL_OR_DDL_BLOCK Clientes/HIGIEPAM/32A_Card09_Mapear_Direto_XML.sql:18 ROWCOUNT=0
[OK 2/5] CREATE Clientes/HIGIEPAM/32A_Card09_Mapear_Direto_XML.sql:33 ROWCOUNT=0
[OK 3/5] CREATE Clientes/HIGIEPAM/32A_Card09_Mapear_Direto_XML.sql:69 ROWCOUNT=0
[OK 4/5] SELECT Clientes/HIGIEPAM/32A_Card09_Mapear_Direto_XML.sql:114 ROWCOUNT=0
[OK 5/5] SELECT Clientes/HIGIEPAM/32A_Card09_Mapear_Direto_XML.sql:115 ROWCOUNT=0
COMMIT_LOTE=OK
[POST_OK 1/5] SELECT Clientes/HIGIEPAM/Card09_PosValidacao_Mapa_HIGIEPAM_2609220917.sql:7 ROWS=1
POST_RESULT={"columns": ["BASE_TOTAL", "BASE_NOTAS"], "rows": [[0, 0]]}
[POST_OK 2/5] SELECT Clientes/HIGIEPAM/Card09_PosValidacao_Mapa_HIGIEPAM_2609220917.sql:12 ROWS=0
POST_RESULT={"columns": ["STATUS_MAPA", "QTD"], "rows": []}
[POST_OK 3/5] SELECT Clientes/HIGIEPAM/Card09_PosValidacao_Mapa_HIGIEPAM_2609220917.sql:18 ROWS=1
POST_RESULT={"columns": ["APTO_PARA_VALIDACAO_FINAL"], "rows": [[0]]}
[POST_OK 4/5] SELECT Clientes/HIGIEPAM/Card09_PosValidacao_Mapa_HIGIEPAM_2609220917.sql:23 ROWS=1
POST_RESULT={"columns": ["SEM_VDUP_XML"], "rows": [[0]]}
[POST_OK 5/5] SELECT Clientes/HIGIEPAM/Card09_PosValidacao_Mapa_HIGIEPAM_2609220917.sql:28 ROWS=1
POST_RESULT={"columns": ["REVISAR_MULTIPLOS_XML"], "rows": [[0]]}
STATUS=LOTE_CONCLUIDO_POS_VALIDADO
