{
  "status": "CONSULTA_READ_ONLY_CONCLUIDA",
  "executado_em_utc": "2026-09-22T12:30:08.201122+00:00",
  "session_user": "FRANCISCO_JUNIOR",
  "current_schema": "SANKHYA",
  "service_name": "higiepamprd.sankhyacloud.com.br",
  "db_name": "HIGIEPAMPRD",
  "quantidade_objetos_invalidos": 35,
  "status_objetos": "INVALID",
  "owner": "SANKHYA",
  "objetos": [
    "ACL_GET_ALIQPART",
    "F_OBTEMPRECO_DATA",
    "F_OBTEM_SALDO_INDENIZ",
    "GET_CODPROD_REF",
    "GET_INDICE_AJUSTE_NOTA",
    "QTDEVOLPADRAO",
    "QTDEVOLPADRAO2",
    "RECEBIMENTO_M3_TOTAL",
    "RECEBIMENTO_PESO_TOTAL",
    "SNK_GETCODPRODALT",
    "SNK_GETDTBAIXABEM",
    "SNK_GETMESESSEMPIS",
    "SNK_GETPRODUTOAGRUPADOGIRO",
    "SNK_GETVLRREA",
    "SNK_GET_BASEFINESTOQUERENEGGOL",
    "SNK_GET_CENTROCUSTO_EFD",
    "SNK_GET_CFO_NOTA",
    "SNK_GET_CODCFO",
    "SNK_GET_CODIGO_PRODUTO",
    "SNK_GET_CONTACONTABIL_EFD",
    "SNK_GET_CONTACONTABIL_IMOB_EFD",
    "SNK_GET_CTACTB_CADASTROS_EFD",
    "SNK_GET_CUS_VAR_TIT",
    "SNK_GET_ICMS_ESPECIAL_CAB",
    "SNK_GET_INDITENS",
    "SNK_GET_NUFIN",
    "SNK_GET_NUNOTA",
    "SNK_GET_SATUSCONFERENCIA",
    "SNK_GET_ST_RECUPERAR",
    "SNK_GET_VLRITENS",
    "SNK_GET_VLRTOT_SERVICO",
    "SNK_MATGIR_GET_MULTCPA",
    "SNK_MATGIR_GET_QTDTOTALMULTCPA",
    "SNK_PRECO",
    "TIM_POSSUI_FIN_JUR"
  ],
  "dml_executado": false,
  "ddl_executado": false
}
