ID_EXECUCAO_LOTE=RMD_HIGIEPAM_20260921164038
ENTRADA=Clientes/HIGIEPAM/Continuacao_Master_Deploy_HIGIEPAM_18_31.sql
SHA256_SUITE=9d6372942eaf8c661ea034f921eda0f25b549d06efd5f708e5f8f7248ef2af93
POS_VALIDACAO=Clientes/HIGIEPAM/PosValidacao_Master_ReadOnly.sql
AUTORIZACAO=PRE_AUTORIZADA
CONFIRMACAO_NATIVA=DISPENSADA_POR_EXECUTAR_BASE
SESSION_USER=FRANCISCO_JUNIOR
CURRENT_SCHEMA=SANKHYA
SERVICE_NAME=higiepamprd.sankhyacloud.com.br
PRIVILEGIOS=["ALTER ANY TABLE", "CREATE ANY TABLE", "DROP ANY TABLE"]
QUOTAS=[]
[OK 1/22] PLSQL_OR_DDL_BLOCK Clientes/HIGIEPAM/Continuacao_Master_Deploy_HIGIEPAM_18_31.sql:16 ROWCOUNT=0
DBMS_OUTPUT=ID_MASTER_REUTILIZADO=RMD_RUN_20260921155603190
[OK 2/22] PLSQL_OR_DDL_BLOCK Revisao Master Deploy/18_Ajustar_Preferencias_GOL.sql:7 ROWCOUNT=0
[OK 3/22] PLSQL_OR_DDL_BLOCK Revisao Master Deploy/18_Ajustar_Preferencias_GOL.sql:35 ROWCOUNT=0
DBMS_OUTPUT=ID_EXECUCAO=RMD_GOL_20260921164157194
DBMS_OUTPUT=TSIPAR=1; TGFCGM=2; TGFCMV=1
[OK 4/22] PLSQL_OR_DDL_BLOCK Revisao Master Deploy/19_Ajustar_Parceiro_Matriz.sql:7 ROWCOUNT=0
[OK 5/22] PLSQL_OR_DDL_BLOCK Revisao Master Deploy/19_Ajustar_Parceiro_Matriz.sql:28 ROWCOUNT=0
DBMS_OUTPUT=ID_EXECUCAO=RMD_MAT_20260921164157640
DBMS_OUTPUT=PARCEIROS_AJUSTADOS=368
[OK 6/22] PLSQL_OR_DDL_BLOCK Revisao Master Deploy/20_Atualizar_Cards_Deploy.sql:5 ROWCOUNT=0
[OK 7/22] PLSQL_OR_DDL_BLOCK Revisao Master Deploy/20_Atualizar_Cards_Deploy.sql:18 ROWCOUNT=0
DBMS_OUTPUT=ID_EXECUCAO=RMD_CARD_20260921164158191
DBMS_OUTPUT=CARDS_ATUALIZADOS=1
[OK 8/22] PLSQL_OR_DDL_BLOCK Revisao Master Deploy/21_Classificar_ICMS_Parceiros.sql:6 ROWCOUNT=0
[OK 9/22] PLSQL_OR_DDL_BLOCK Revisao Master Deploy/21_Classificar_ICMS_Parceiros.sql:25 ROWCOUNT=0
DBMS_OUTPUT=OK: Classificacao ICMS concluida. ID_EXECUCAO=CLASSICMS_20260921164158784, parceiros=151
[OK 10/22] PLSQL_OR_DDL_BLOCK Revisao Master Deploy/22_Ajustar_Nomes_Parceiros.sql:21 ROWCOUNT=0
DBMS_OUTPUT=BACKUP_EXISTENTE=BKP_AJNP_TGFPAR
[OK 11/22] PLSQL_OR_DDL_BLOCK Revisao Master Deploy/22_Ajustar_Nomes_Parceiros.sql:51 ROWCOUNT=0
DBMS_OUTPUT=ID_EXECUCAO=AJNP_20260921164159236
DBMS_OUTPUT=BACKUPS=4
DBMS_OUTPUT=REGISTROS_ALTERADOS=4
[OK 12/22] PLSQL_OR_DDL_BLOCK Revisao Master Deploy/23_Validar_Reabilitar_Objetos.sql:6 ROWCOUNT=0
DBMS_OUTPUT=OBJETOS_DA_REVISAO_PENDENTES=0
[OK 13/22] SELECT Revisao Master Deploy/23_Validar_Reabilitar_Objetos.sql:52 ROWCOUNT=0
[OK 14/22] PLSQL_OR_DDL_BLOCK Revisao Master Deploy/24_Padronizar_Parceiros.sql:5 ROWCOUNT=0
DBMS_OUTPUT=ID_EXECUCAO=RMD_PAR_20260921164200160; REGISTROS=0
[OK 15/22] PLSQL_OR_DDL_BLOCK Revisao Master Deploy/25_Padronizar_Produtos.sql:5 ROWCOUNT=0
DBMS_OUTPUT=ID_EXECUCAO=RMD_PRO_20260921164200415; REGISTROS=0
[OK 16/22] PLSQL_OR_DDL_BLOCK Revisao Master Deploy/26_Padronizar_Tipos_Titulo.sql:5 ROWCOUNT=0
DBMS_OUTPUT=ID_EXECUCAO=RMD_TIT_20260921164200753; REGISTROS=0
[OK 17/22] PLSQL_OR_DDL_BLOCK Revisao Master Deploy/27_Padronizar_Cidades.sql:5 ROWCOUNT=0
DBMS_OUTPUT=ID_EXECUCAO=RMD_CID_20260921164200983; REGISTROS=0
[OK 18/22] PLSQL_OR_DDL_BLOCK Revisao Master Deploy/28_Padronizar_Tipos_Venda.sql:5 ROWCOUNT=0
DBMS_OUTPUT=ID_EXECUCAO=RMD_TPV_20260921164201291; REGISTROS=0
[OK 19/22] PLSQL_OR_DDL_BLOCK Revisao Master Deploy/29_Padronizar_Bairros.sql:6 ROWCOUNT=0
DBMS_OUTPUT=STATUS=CONCLUIDO_PARCIAL; ID_EXECUCAO=RMD_BAI_20260921164201522; REGISTROS=45045; GRUPOS_COLISAO_PRESERVADOS=421
[OK 20/22] PLSQL_OR_DDL_BLOCK Revisao Master Deploy/30_Padronizar_Enderecos.sql:6 ROWCOUNT=0
DBMS_OUTPUT=STATUS=CONCLUIDO_PARCIAL; ID_EXECUCAO=RMD_END_20260921164210801; REGISTROS=646113; GRUPOS_COLISAO_PRESERVADOS=6945
[OK 21/22] PLSQL_OR_DDL_BLOCK Revisao Master Deploy/31_Recompilar_Objetos_Invalidos.sql:5 ROWCOUNT=0
DBMS_OUTPUT=STATUS=IGNORADO_SEM_PRIVILEGIO; OBJETOS_INVALIDOS=35; USUARIO=FRANCISCO_JUNIOR; SCHEMA=SANKHYA; PRIVILEGIO_NECESSARIO=ALTER ANY PROCEDURE
[OK 22/22] SELECT Revisao Master Deploy/31_Recompilar_Objetos_Invalidos.sql:34 ROWCOUNT=0
COMMIT_LOTE=OK
[POST_OK 1/1] SELECT Clientes/HIGIEPAM/PosValidacao_Master_ReadOnly.sql:1 ROWS=8
POST_RESULT={"columns": ["ITEM", "VALOR", "DETALHE", "STATUS"], "rows": [["BACKUPS_RMD", "38", "ALL_TABLES", "PERSISTENCIA"], ["CABECALHOS_SEM_ITENS", "22", "TGFCAB/TGFITE", "INTEGRIDADE"], ["CODIGOS_FISCAIS_CIDADES_DUPLICADOS", "0", "TSICID", "INTEGRIDADE"], ["CONTROLE_OBJETOS_REVISAO", "10", "RMD_CONTROLE_OBJETOS", "PERSISTENCIA"], ["FINANCEIROS_SEM_NOTA", "0", "TGFFIN/TGFCAB", "INTEGRIDADE"], ["IDENTIDADE", "FRANCISCO_JUNIOR", "SANKHYA", "higiepamprd.sankhyacloud.com.br"], ["ITENS_SEM_CABECALHO", "0", "TGFITE/TGFCAB", "INTEGRIDADE"], ["OBJETOS_INVALIDOS", "35", "ALL_OBJECTS", "READ_ONLY"]]}
STATUS=LOTE_CONCLUIDO_POS_VALIDADO
