ID_EXECUCAO_LOTE=RMD_HIGIEPAM_2930_EXCL_20260922084148
ENTRADA=Clientes/HIGIEPAM/29_30_Merge_Antifragil_Excluir_HIGIEPAM_20260922.sql
SHA256_SUITE=449b82b0c9dad0dbf92db65d61ae3f01deb4b66416d95eb6378e2f6657920816
POS_VALIDACAO=Clientes/HIGIEPAM/Logs/PosValidacao_29_30_Exclusao_HIGIEPAM_ReadOnly.sql
AUTORIZACAO=PRE_AUTORIZADA
CONFIRMACAO_NATIVA=DISPENSADA_POR_EXECUTAR_BASE
SESSION_USER=FRANCISCO_JUNIOR
CURRENT_SCHEMA=SANKHYA
SERVICE_NAME=higiepamprd.sankhyacloud.com.br
PRIVILEGIOS=["ALTER ANY TABLE", "CREATE ANY TABLE", "DROP ANY TABLE"]
QUOTAS=[]
[OK 1/1] PLSQL_OR_DDL_BLOCK Clientes/HIGIEPAM/29_30_Merge_Antifragil_Excluir_HIGIEPAM_20260922.sql:8 ROWCOUNT=0
DBMS_OUTPUT=BACKUP_TSIBAI=850
DBMS_OUTPUT=BACKUP_TSIEND=14230
DBMS_OUTPUT=TSIBAI_OBSOLETOS_EXCLUIDOS=429
DBMS_OUTPUT=TSIEND_OBSOLETOS_EXCLUIDOS=7285
DBMS_OUTPUT=TSIBAI_MANTIDOS_NORMALIZADOS=421
DBMS_OUTPUT=TSIEND_MANTIDOS_NORMALIZADOS=6945
DBMS_OUTPUT=REFERENCIAS_REMANESCENTES=0
DBMS_OUTPUT=STATUS=EXCLUSAO_PAIS_OBSOLETOS_CONCLUIDA; ID_EXECUCAO=RMD_HIGIEPAM_2930_EXCL_20260922084148; MERGE_ORIGEM=RMD_HIGIEPAM_2930_MERGE_20260922082832
COMMIT_LOTE=OK
STATUS=LOTE_COM_ERRO
