{
  "status": "CONSULTA_READ_ONLY_CONCLUIDA",
  "executado_em_utc": "2026-09-22T11:26:03.203564+00:00",
  "source": "/Users/spadarojr/Documents/Trabalho/Sankhya/Deploy Agent/Scripts-Deploy/7 - QA2/Clientes/HIGIEPAM/Logs/Inventario_TSIBAI_TSIEND_Chaves_ReadOnly.sql",
  "session_user": "FRANCISCO_JUNIOR",
  "current_schema": "SANKHYA",
  "service_name": "higiepamprd.sankhyacloud.com.br",
  "db_name": "HIGIEPAMPRD",
  "service_esperado": "HIGIEPAMPRD.SANKHYACLOUD.COM.BR",
  "qtd_linhas": 63,
  "colunas": [
    "CONSTRAINT_OWNER",
    "CONSTRAINT_NAME",
    "CONSTRAINT_TYPE",
    "CHILD_TABLE",
    "CHILD_POSITION",
    "CHILD_COLUMN",
    "REFERENCED_OWNER",
    "R_CONSTRAINT_NAME",
    "REFERENCED_CONSTRAINT_TYPE",
    "REFERENCED_TABLE",
    "REFERENCED_POSITION",
    "REFERENCED_COLUMN",
    "STATUS",
    "DEFERRABLE",
    "DEFERRED"
  ],
  "linhas": [
    {
      "CONSTRAINT_OWNER": "SANKHYA",
      "CONSTRAINT_NAME": "FK_TCCEMP_CODBAI",
      "CONSTRAINT_TYPE": "R",
      "CHILD_TABLE": "TCCEMP",
      "CHILD_POSITION": 1,
      "CHILD_COLUMN": "CODBAI",
      "REFERENCED_OWNER": "SANKHYA",
      "R_CONSTRAINT_NAME": "PK_TSIBAI",
      "REFERENCED_CONSTRAINT_TYPE": "P",
      "REFERENCED_TABLE": "TSIBAI",
      "REFERENCED_POSITION": 1,
      "REFERENCED_COLUMN": "CODBAI",
      "STATUS": "ENABLED",
      "DEFERRABLE": "NOT DEFERRABLE",
      "DEFERRED": "IMMEDIATE"
    },
    {
      "CONSTRAINT_OWNER": "SANKHYA",
      "CONSTRAINT_NAME": "FK_TCCEMP_CODEND",
      "CONSTRAINT_TYPE": "R",
      "CHILD_TABLE": "TCCEMP",
      "CHILD_POSITION": 1,
      "CHILD_COLUMN": "CODEND",
      "REFERENCED_OWNER": "SANKHYA",
      "R_CONSTRAINT_NAME": "PK_TSIEND",
      "REFERENCED_CONSTRAINT_TYPE": "P",
      "REFERENCED_TABLE": "TSIEND",
      "REFERENCED_POSITION": 1,
      "REFERENCED_COLUMN": "CODEND",
      "STATUS": "ENABLED",
      "DEFERRABLE": "NOT DEFERRABLE",
      "DEFERRED": "IMMEDIATE"
    },
    {
      "CONSTRAINT_OWNER": "SANKHYA",
      "CONSTRAINT_NAME": "FK_TFPCATR_TSIEND",
      "CONSTRAINT_TYPE": "R",
      "CHILD_TABLE": "TFPCATR",
      "CHILD_POSITION": 1,
      "CHILD_COLUMN": "CODENDLOCALCAT",
      "REFERENCED_OWNER": "SANKHYA",
      "R_CONSTRAINT_NAME": "PK_TSIEND",
      "REFERENCED_CONSTRAINT_TYPE": "P",
      "REFERENCED_TABLE": "TSIEND",
      "REFERENCED_POSITION": 1,
      "REFERENCED_COLUMN": "CODEND",
      "STATUS": "ENABLED",
      "DEFERRABLE": "NOT DEFERRABLE",
      "DEFERRED": "IMMEDIATE"
    },
    {
      "CONSTRAINT_OWNER": "SANKHYA",
      "CONSTRAINT_NAME": "FK_TFPDEP_TSIEND",
      "CONSTRAINT_TYPE": "R",
      "CHILD_TABLE": "TFPDEP",
      "CHILD_POSITION": 1,
      "CHILD_COLUMN": "CODEND",
      "REFERENCED_OWNER": "SANKHYA",
      "R_CONSTRAINT_NAME": "PK_TSIEND",
      "REFERENCED_CONSTRAINT_TYPE": "P",
      "REFERENCED_TABLE": "TSIEND",
      "REFERENCED_POSITION": 1,
      "REFERENCED_COLUMN": "CODEND",
      "STATUS": "ENABLED",
      "DEFERRABLE": "NOT DEFERRABLE",
      "DEFERRED": "IMMEDIATE"
    },
    {
      "CONSTRAINT_OWNER": "SANKHYA",
      "CONSTRAINT_NAME": "FK_TFPEST_TSIBAI",
      "CONSTRAINT_TYPE": "R",
      "CHILD_TABLE": "TFPEST",
      "CHILD_POSITION": 1,
      "CHILD_COLUMN": "CODBAIINSTENS",
      "REFERENCED_OWNER": "SANKHYA",
      "R_CONSTRAINT_NAME": "PK_TSIBAI",
      "REFERENCED_CONSTRAINT_TYPE": "P",
      "REFERENCED_TABLE": "TSIBAI",
      "REFERENCED_POSITION": 1,
      "REFERENCED_COLUMN": "CODBAI",
      "STATUS": "ENABLED",
      "DEFERRABLE": "NOT DEFERRABLE",
      "DEFERRED": "IMMEDIATE"
    },
    {
      "CONSTRAINT_OWNER": "SANKHYA",
      "CONSTRAINT_NAME": "FK_TFPEST_TSIBAI2",
      "CONSTRAINT_TYPE": "R",
      "CHILD_TABLE": "TFPEST",
      "CHILD_POSITION": 1,
      "CHILD_COLUMN": "CODBAIAGTINTEG",
      "REFERENCED_OWNER": "SANKHYA",
      "R_CONSTRAINT_NAME": "PK_TSIBAI",
      "REFERENCED_CONSTRAINT_TYPE": "P",
      "REFERENCED_TABLE": "TSIBAI",
      "REFERENCED_POSITION": 1,
      "REFERENCED_COLUMN": "CODBAI",
      "STATUS": "ENABLED",
      "DEFERRABLE": "NOT DEFERRABLE",
      "DEFERRED": "IMMEDIATE"
    },
    {
      "CONSTRAINT_OWNER": "SANKHYA",
      "CONSTRAINT_NAME": "FK_TFPEST_TSIEND",
      "CONSTRAINT_TYPE": "R",
      "CHILD_TABLE": "TFPEST",
      "CHILD_POSITION": 1,
      "CHILD_COLUMN": "CODENDINSTENS",
      "REFERENCED_OWNER": "SANKHYA",
      "R_CONSTRAINT_NAME": "PK_TSIEND",
      "REFERENCED_CONSTRAINT_TYPE": "P",
      "REFERENCED_TABLE": "TSIEND",
      "REFERENCED_POSITION": 1,
      "REFERENCED_COLUMN": "CODEND",
      "STATUS": "ENABLED",
      "DEFERRABLE": "NOT DEFERRABLE",
      "DEFERRED": "IMMEDIATE"
    },
    {
      "CONSTRAINT_OWNER": "SANKHYA",
      "CONSTRAINT_NAME": "FK_TFPEST_TSIEND2",
      "CONSTRAINT_TYPE": "R",
      "CHILD_TABLE": "TFPEST",
      "CHILD_POSITION": 1,
      "CHILD_COLUMN": "CODENDAGTINTEG",
      "REFERENCED_OWNER": "SANKHYA",
      "R_CONSTRAINT_NAME": "PK_TSIEND",
      "REFERENCED_CONSTRAINT_TYPE": "P",
      "REFERENCED_TABLE": "TSIEND",
      "REFERENCED_POSITION": 1,
      "REFERENCED_COLUMN": "CODEND",
      "STATUS": "ENABLED",
      "DEFERRABLE": "NOT DEFERRABLE",
      "DEFERRED": "IMMEDIATE"
    },
    {
      "CONSTRAINT_OWNER": "SANKHYA",
      "CONSTRAINT_NAME": "FK_TFPFUN_TSIBAI",
      "CONSTRAINT_TYPE": "R",
      "CHILD_TABLE": "TFPFUN",
      "CHILD_POSITION": 1,
      "CHILD_COLUMN": "CODBAI",
      "REFERENCED_OWNER": "SANKHYA",
      "R_CONSTRAINT_NAME": "PK_TSIBAI",
      "REFERENCED_CONSTRAINT_TYPE": "P",
      "REFERENCED_TABLE": "TSIBAI",
      "REFERENCED_POSITION": 1,
      "REFERENCED_COLUMN": "CODBAI",
      "STATUS": "ENABLED",
      "DEFERRABLE": "NOT DEFERRABLE",
      "DEFERRED": "IMMEDIATE"
    },
    {
      "CONSTRAINT_OWNER": "SANKHYA",
      "CONSTRAINT_NAME": "FK_TFPFUN_TSIEND",
      "CONSTRAINT_TYPE": "R",
      "CHILD_TABLE": "TFPFUN",
      "CHILD_POSITION": 1,
      "CHILD_COLUMN": "CODEND",
      "REFERENCED_OWNER": "SANKHYA",
      "R_CONSTRAINT_NAME": "PK_TSIEND",
      "REFERENCED_CONSTRAINT_TYPE": "P",
      "REFERENCED_TABLE": "TSIEND",
      "REFERENCED_POSITION": 1,
      "REFERENCED_COLUMN": "CODEND",
      "STATUS": "ENABLED",
      "DEFERRABLE": "NOT DEFERRABLE",
      "DEFERRED": "IMMEDIATE"
    },
    {
      "CONSTRAINT_OWNER": "SANKHYA",
      "CONSTRAINT_NAME": "FK_TFPPCA_TSIBAI",
      "CONSTRAINT_TYPE": "R",
      "CHILD_TABLE": "TFPPCA",
      "CHILD_POSITION": 1,
      "CHILD_COLUMN": "CODBAI",
      "REFERENCED_OWNER": "SANKHYA",
      "R_CONSTRAINT_NAME": "PK_TSIBAI",
      "REFERENCED_CONSTRAINT_TYPE": "P",
      "REFERENCED_TABLE": "TSIBAI",
      "REFERENCED_POSITION": 1,
      "REFERENCED_COLUMN": "CODBAI",
      "STATUS": "ENABLED",
      "DEFERRABLE": "NOT DEFERRABLE",
      "DEFERRED": "IMMEDIATE"
    },
    {
      "CONSTRAINT_OWNER": "SANKHYA",
      "CONSTRAINT_NAME": "FK_TSIBAI_CODBAI",
      "CONSTRAINT_TYPE": "R",
      "CHILD_TABLE": "TFPREQADM",
      "CHILD_POSITION": 1,
      "CHILD_COLUMN": "CODBAI",
      "REFERENCED_OWNER": "SANKHYA",
      "R_CONSTRAINT_NAME": "PK_TSIBAI",
      "REFERENCED_CONSTRAINT_TYPE": "P",
      "REFERENCED_TABLE": "TSIBAI",
      "REFERENCED_POSITION": 1,
      "REFERENCED_COLUMN": "CODBAI",
      "STATUS": "ENABLED",
      "DEFERRABLE": "NOT DEFERRABLE",
      "DEFERRED": "IMMEDIATE"
    },
    {
      "CONSTRAINT_OWNER": "SANKHYA",
      "CONSTRAINT_NAME": "FK_TSIEND_CODEND",
      "CONSTRAINT_TYPE": "R",
      "CHILD_TABLE": "TFPREQADM",
      "CHILD_POSITION": 1,
      "CHILD_COLUMN": "CODEND",
      "REFERENCED_OWNER": "SANKHYA",
      "R_CONSTRAINT_NAME": "PK_TSIEND",
      "REFERENCED_CONSTRAINT_TYPE": "P",
      "REFERENCED_TABLE": "TSIEND",
      "REFERENCED_POSITION": 1,
      "REFERENCED_COLUMN": "CODEND",
      "STATUS": "ENABLED",
      "DEFERRABLE": "NOT DEFERRABLE",
      "DEFERRED": "IMMEDIATE"
    },
    {
      "CONSTRAINT_OWNER": "SANKHYA",
      "CONSTRAINT_NAME": "FK_TFPTAT_TSIEND",
      "CONSTRAINT_TYPE": "R",
      "CHILD_TABLE": "TFPTAT",
      "CHILD_POSITION": 1,
      "CHILD_COLUMN": "CODEND",
      "REFERENCED_OWNER": "SANKHYA",
      "R_CONSTRAINT_NAME": "PK_TSIEND",
      "REFERENCED_CONSTRAINT_TYPE": "P",
      "REFERENCED_TABLE": "TSIEND",
      "REFERENCED_POSITION": 1,
      "REFERENCED_COLUMN": "CODEND",
      "STATUS": "ENABLED",
      "DEFERRABLE": "NOT DEFERRABLE",
      "DEFERRED": "IMMEDIATE"
    },
    {
      "CONSTRAINT_OWNER": "SANKHYA",
      "CONSTRAINT_NAME": "FK_TGAENT_TSIBAI",
      "CONSTRAINT_TYPE": "R",
      "CHILD_TABLE": "TGAENT",
      "CHILD_POSITION": 1,
      "CHILD_COLUMN": "CODBAI",
      "REFERENCED_OWNER": "SANKHYA",
      "R_CONSTRAINT_NAME": "PK_TSIBAI",
      "REFERENCED_CONSTRAINT_TYPE": "P",
      "REFERENCED_TABLE": "TSIBAI",
      "REFERENCED_POSITION": 1,
      "REFERENCED_COLUMN": "CODBAI",
      "STATUS": "ENABLED",
      "DEFERRABLE": "NOT DEFERRABLE",
      "DEFERRED": "IMMEDIATE"
    },
    {
      "CONSTRAINT_OWNER": "SANKHYA",
      "CONSTRAINT_NAME": "FK_TGAENT_TSIEND",
      "CONSTRAINT_TYPE": "R",
      "CHILD_TABLE": "TGAENT",
      "CHILD_POSITION": 1,
      "CHILD_COLUMN": "CODEND",
      "REFERENCED_OWNER": "SANKHYA",
      "R_CONSTRAINT_NAME": "PK_TSIEND",
      "REFERENCED_CONSTRAINT_TYPE": "P",
      "REFERENCED_TABLE": "TSIEND",
      "REFERENCED_POSITION": 1,
      "REFERENCED_COLUMN": "CODEND",
      "STATUS": "ENABLED",
      "DEFERRABLE": "NOT DEFERRABLE",
      "DEFERRED": "IMMEDIATE"
    },
    {
      "CONSTRAINT_OWNER": "SANKHYA",
      "CONSTRAINT_NAME": "FK_TGFCPL_TSIBAI1",
      "CONSTRAINT_TYPE": "R",
      "CHILD_TABLE": "TGFCPL",
      "CHILD_POSITION": 1,
      "CHILD_COLUMN": "CODBAIRECEB",
      "REFERENCED_OWNER": "SANKHYA",
      "R_CONSTRAINT_NAME": "PK_TSIBAI",
      "REFERENCED_CONSTRAINT_TYPE": "P",
      "REFERENCED_TABLE": "TSIBAI",
      "REFERENCED_POSITION": 1,
      "REFERENCED_COLUMN": "CODBAI",
      "STATUS": "ENABLED",
      "DEFERRABLE": "NOT DEFERRABLE",
      "DEFERRED": "IMMEDIATE"
    },
    {
      "CONSTRAINT_OWNER": "SANKHYA",
      "CONSTRAINT_NAME": "FK_TGFCPL_TSIBAI2",
      "CONSTRAINT_TYPE": "R",
      "CHILD_TABLE": "TGFCPL",
      "CHILD_POSITION": 1,
      "CHILD_COLUMN": "CODBAIENTREGA",
      "REFERENCED_OWNER": "SANKHYA",
      "R_CONSTRAINT_NAME": "PK_TSIBAI",
      "REFERENCED_CONSTRAINT_TYPE": "P",
      "REFERENCED_TABLE": "TSIBAI",
      "REFERENCED_POSITION": 1,
      "REFERENCED_COLUMN": "CODBAI",
      "STATUS": "ENABLED",
      "DEFERRABLE": "NOT DEFERRABLE",
      "DEFERRED": "IMMEDIATE"
    },
    {
      "CONSTRAINT_OWNER": "SANKHYA",
      "CONSTRAINT_NAME": "FK_TGFCPL_TSIBAI3",
      "CONSTRAINT_TYPE": "R",
      "CHILD_TABLE": "TGFCPL",
      "CHILD_POSITION": 1,
      "CHILD_COLUMN": "CODBAITRAB",
      "REFERENCED_OWNER": "SANKHYA",
      "R_CONSTRAINT_NAME": "PK_TSIBAI",
      "REFERENCED_CONSTRAINT_TYPE": "P",
      "REFERENCED_TABLE": "TSIBAI",
      "REFERENCED_POSITION": 1,
      "REFERENCED_COLUMN": "CODBAI",
      "STATUS": "ENABLED",
      "DEFERRABLE": "NOT DEFERRABLE",
      "DEFERRED": "IMMEDIATE"
    },
    {
      "CONSTRAINT_OWNER": "SANKHYA",
      "CONSTRAINT_NAME": "FK_TGFCPL_TSIEND1",
      "CONSTRAINT_TYPE": "R",
      "CHILD_TABLE": "TGFCPL",
      "CHILD_POSITION": 1,
      "CHILD_COLUMN": "CODENDENTREGA",
      "REFERENCED_OWNER": "SANKHYA",
      "R_CONSTRAINT_NAME": "PK_TSIEND",
      "REFERENCED_CONSTRAINT_TYPE": "P",
      "REFERENCED_TABLE": "TSIEND",
      "REFERENCED_POSITION": 1,
      "REFERENCED_COLUMN": "CODEND",
      "STATUS": "ENABLED",
      "DEFERRABLE": "NOT DEFERRABLE",
      "DEFERRED": "IMMEDIATE"
    },
    {
      "CONSTRAINT_OWNER": "SANKHYA",
      "CONSTRAINT_NAME": "FK_TGFCPL_TSIEND2",
      "CONSTRAINT_TYPE": "R",
      "CHILD_TABLE": "TGFCPL",
      "CHILD_POSITION": 1,
      "CHILD_COLUMN": "CODENDTRAB",
      "REFERENCED_OWNER": "SANKHYA",
      "R_CONSTRAINT_NAME": "PK_TSIEND",
      "REFERENCED_CONSTRAINT_TYPE": "P",
      "REFERENCED_TABLE": "TSIEND",
      "REFERENCED_POSITION": 1,
      "REFERENCED_COLUMN": "CODEND",
      "STATUS": "ENABLED",
      "DEFERRABLE": "NOT DEFERRABLE",
      "DEFERRED": "IMMEDIATE"
    },
    {
      "CONSTRAINT_OWNER": "SANKHYA",
      "CONSTRAINT_NAME": "FK_TGFCPL_TSIEND3",
      "CONSTRAINT_TYPE": "R",
      "CHILD_TABLE": "TGFCPL",
      "CHILD_POSITION": 1,
      "CHILD_COLUMN": "CODENDRECEB",
      "REFERENCED_OWNER": "SANKHYA",
      "R_CONSTRAINT_NAME": "PK_TSIEND",
      "REFERENCED_CONSTRAINT_TYPE": "P",
      "REFERENCED_TABLE": "TSIEND",
      "REFERENCED_POSITION": 1,
      "REFERENCED_COLUMN": "CODEND",
      "STATUS": "ENABLED",
      "DEFERRABLE": "NOT DEFERRABLE",
      "DEFERRED": "IMMEDIATE"
    },
    {
      "CONSTRAINT_OWNER": "SANKHYA",
      "CONSTRAINT_NAME": "FK_TGFCTT_TSIBAI",
      "CONSTRAINT_TYPE": "R",
      "CHILD_TABLE": "TGFCTT",
      "CHILD_POSITION": 1,
      "CHILD_COLUMN": "CODBAI",
      "REFERENCED_OWNER": "SANKHYA",
      "R_CONSTRAINT_NAME": "PK_TSIBAI",
      "REFERENCED_CONSTRAINT_TYPE": "P",
      "REFERENCED_TABLE": "TSIBAI",
      "REFERENCED_POSITION": 1,
      "REFERENCED_COLUMN": "CODBAI",
      "STATUS": "ENABLED",
      "DEFERRABLE": "NOT DEFERRABLE",
      "DEFERRED": "IMMEDIATE"
    },
    {
      "CONSTRAINT_OWNER": "SANKHYA",
      "CONSTRAINT_NAME": "FK_TGFCTT_TSIEND",
      "CONSTRAINT_TYPE": "R",
      "CHILD_TABLE": "TGFCTT",
      "CHILD_POSITION": 1,
      "CHILD_COLUMN": "CODEND",
      "REFERENCED_OWNER": "SANKHYA",
      "R_CONSTRAINT_NAME": "PK_TSIEND",
      "REFERENCED_CONSTRAINT_TYPE": "P",
      "REFERENCED_TABLE": "TSIEND",
      "REFERENCED_POSITION": 1,
      "REFERENCED_COLUMN": "CODEND",
      "STATUS": "ENABLED",
      "DEFERRABLE": "NOT DEFERRABLE",
      "DEFERRED": "IMMEDIATE"
    },
    {
      "CONSTRAINT_OWNER": "SANKHYA",
      "CONSTRAINT_NAME": "FK_CODBAI_TGFLCDPRR0030",
      "CONSTRAINT_TYPE": "R",
      "CHILD_TABLE": "TGFLCDPRR0030",
      "CHILD_POSITION": 1,
      "CHILD_COLUMN": "CODBAI",
      "REFERENCED_OWNER": "SANKHYA",
      "R_CONSTRAINT_NAME": "PK_TSIBAI",
      "REFERENCED_CONSTRAINT_TYPE": "P",
      "REFERENCED_TABLE": "TSIBAI",
      "REFERENCED_POSITION": 1,
      "REFERENCED_COLUMN": "CODBAI",
      "STATUS": "ENABLED",
      "DEFERRABLE": "NOT DEFERRABLE",
      "DEFERRED": "IMMEDIATE"
    },
    {
      "CONSTRAINT_OWNER": "SANKHYA",
      "CONSTRAINT_NAME": "FK_CODEND_TGFLCDPRR0030",
      "CONSTRAINT_TYPE": "R",
      "CHILD_TABLE": "TGFLCDPRR0030",
      "CHILD_POSITION": 1,
      "CHILD_COLUMN": "CODEND",
      "REFERENCED_OWNER": "SANKHYA",
      "R_CONSTRAINT_NAME": "PK_TSIEND",
      "REFERENCED_CONSTRAINT_TYPE": "P",
      "REFERENCED_TABLE": "TSIEND",
      "REFERENCED_POSITION": 1,
      "REFERENCED_COLUMN": "CODEND",
      "STATUS": "ENABLED",
      "DEFERRABLE": "NOT DEFERRABLE",
      "DEFERRED": "IMMEDIATE"
    },
    {
      "CONSTRAINT_OWNER": "SANKHYA",
      "CONSTRAINT_NAME": "FK_CODBAI_TGFLCDPRR0040",
      "CONSTRAINT_TYPE": "R",
      "CHILD_TABLE": "TGFLCDPRR0040",
      "CHILD_POSITION": 1,
      "CHILD_COLUMN": "CODBAI",
      "REFERENCED_OWNER": "SANKHYA",
      "R_CONSTRAINT_NAME": "PK_TSIBAI",
      "REFERENCED_CONSTRAINT_TYPE": "P",
      "REFERENCED_TABLE": "TSIBAI",
      "REFERENCED_POSITION": 1,
      "REFERENCED_COLUMN": "CODBAI",
      "STATUS": "ENABLED",
      "DEFERRABLE": "NOT DEFERRABLE",
      "DEFERRED": "IMMEDIATE"
    },
    {
      "CONSTRAINT_OWNER": "SANKHYA",
      "CONSTRAINT_NAME": "FK_CODEND_TGFLCDPRR0040",
      "CONSTRAINT_TYPE": "R",
      "CHILD_TABLE": "TGFLCDPRR0040",
      "CHILD_POSITION": 1,
      "CHILD_COLUMN": "CODEND",
      "REFERENCED_OWNER": "SANKHYA",
      "R_CONSTRAINT_NAME": "PK_TSIEND",
      "REFERENCED_CONSTRAINT_TYPE": "P",
      "REFERENCED_TABLE": "TSIEND",
      "REFERENCED_POSITION": 1,
      "REFERENCED_COLUMN": "CODEND",
      "STATUS": "ENABLED",
      "DEFERRABLE": "NOT DEFERRABLE",
      "DEFERRED": "IMMEDIATE"
    },
    {
      "CONSTRAINT_OWNER": "SANKHYA",
      "CONSTRAINT_NAME": "FK_TGFPAR_TSIBAI",
      "CONSTRAINT_TYPE": "R",
      "CHILD_TABLE": "TGFPAR",
      "CHILD_POSITION": 1,
      "CHILD_COLUMN": "CODBAI",
      "REFERENCED_OWNER": "SANKHYA",
      "R_CONSTRAINT_NAME": "PK_TSIBAI",
      "REFERENCED_CONSTRAINT_TYPE": "P",
      "REFERENCED_TABLE": "TSIBAI",
      "REFERENCED_POSITION": 1,
      "REFERENCED_COLUMN": "CODBAI",
      "STATUS": "ENABLED",
      "DEFERRABLE": "NOT DEFERRABLE",
      "DEFERRED": "IMMEDIATE"
    },
    {
      "CONSTRAINT_OWNER": "SANKHYA",
      "CONSTRAINT_NAME": "FK_TGFPAR_TSIEND",
      "CONSTRAINT_TYPE": "R",
      "CHILD_TABLE": "TGFPAR",
      "CHILD_POSITION": 1,
      "CHILD_COLUMN": "CODEND",
      "REFERENCED_OWNER": "SANKHYA",
      "R_CONSTRAINT_NAME": "PK_TSIEND",
      "REFERENCED_CONSTRAINT_TYPE": "P",
      "REFERENCED_TABLE": "TSIEND",
      "REFERENCED_POSITION": 1,
      "REFERENCED_COLUMN": "CODEND",
      "STATUS": "ENABLED",
      "DEFERRABLE": "NOT DEFERRABLE",
      "DEFERRED": "IMMEDIATE"
    },
    {
      "CONSTRAINT_OWNER": "SANKHYA",
      "CONSTRAINT_NAME": "FK_TGFSIT_CODBAI_TSIBAI",
      "CONSTRAINT_TYPE": "R",
      "CHILD_TABLE": "TGFSIT",
      "CHILD_POSITION": 1,
      "CHILD_COLUMN": "CODBAI",
      "REFERENCED_OWNER": "SANKHYA",
      "R_CONSTRAINT_NAME": "PK_TSIBAI",
      "REFERENCED_CONSTRAINT_TYPE": "P",
      "REFERENCED_TABLE": "TSIBAI",
      "REFERENCED_POSITION": 1,
      "REFERENCED_COLUMN": "CODBAI",
      "STATUS": "ENABLED",
      "DEFERRABLE": "NOT DEFERRABLE",
      "DEFERRED": "IMMEDIATE"
    },
    {
      "CONSTRAINT_OWNER": "SANKHYA",
      "CONSTRAINT_NAME": "FK_TGFSIT_CODEND_TSIEND",
      "CONSTRAINT_TYPE": "R",
      "CHILD_TABLE": "TGFSIT",
      "CHILD_POSITION": 1,
      "CHILD_COLUMN": "CODEND",
      "REFERENCED_OWNER": "SANKHYA",
      "R_CONSTRAINT_NAME": "PK_TSIEND",
      "REFERENCED_CONSTRAINT_TYPE": "P",
      "REFERENCED_TABLE": "TSIEND",
      "REFERENCED_POSITION": 1,
      "REFERENCED_COLUMN": "CODEND",
      "STATUS": "ENABLED",
      "DEFERRABLE": "NOT DEFERRABLE",
      "DEFERRED": "IMMEDIATE"
    },
    {
      "CONSTRAINT_OWNER": "SANKHYA",
      "CONSTRAINT_NAME": "FK_TIMCAR_TSIBAI",
      "CONSTRAINT_TYPE": "R",
      "CHILD_TABLE": "TIMCAR",
      "CHILD_POSITION": 1,
      "CHILD_COLUMN": "CARBAIRRO",
      "REFERENCED_OWNER": "SANKHYA",
      "R_CONSTRAINT_NAME": "PK_TSIBAI",
      "REFERENCED_CONSTRAINT_TYPE": "P",
      "REFERENCED_TABLE": "TSIBAI",
      "REFERENCED_POSITION": 1,
      "REFERENCED_COLUMN": "CODBAI",
      "STATUS": "ENABLED",
      "DEFERRABLE": "NOT DEFERRABLE",
      "DEFERRED": "IMMEDIATE"
    },
    {
      "CONSTRAINT_OWNER": "SANKHYA",
      "CONSTRAINT_NAME": "FK_TIMEDG_TSIBAI",
      "CONSTRAINT_TYPE": "R",
      "CHILD_TABLE": "TIMEDG",
      "CHILD_POSITION": 1,
      "CHILD_COLUMN": "EDGBAIRRO",
      "REFERENCED_OWNER": "SANKHYA",
      "R_CONSTRAINT_NAME": "PK_TSIBAI",
      "REFERENCED_CONSTRAINT_TYPE": "P",
      "REFERENCED_TABLE": "TSIBAI",
      "REFERENCED_POSITION": 1,
      "REFERENCED_COLUMN": "CODBAI",
      "STATUS": "ENABLED",
      "DEFERRABLE": "NOT DEFERRABLE",
      "DEFERRED": "IMMEDIATE"
    },
    {
      "CONSTRAINT_OWNER": "SANKHYA",
      "CONSTRAINT_NAME": "FK_TIMEDG_TSIEND",
      "CONSTRAINT_TYPE": "R",
      "CHILD_TABLE": "TIMEDG",
      "CHILD_POSITION": 1,
      "CHILD_COLUMN": "EDGCODEND",
      "REFERENCED_OWNER": "SANKHYA",
      "R_CONSTRAINT_NAME": "PK_TSIEND",
      "REFERENCED_CONSTRAINT_TYPE": "P",
      "REFERENCED_TABLE": "TSIEND",
      "REFERENCED_POSITION": 1,
      "REFERENCED_COLUMN": "CODEND",
      "STATUS": "ENABLED",
      "DEFERRABLE": "NOT DEFERRABLE",
      "DEFERRED": "IMMEDIATE"
    },
    {
      "CONSTRAINT_OWNER": "SANKHYA",
      "CONSTRAINT_NAME": "FK_TIMEPR_TSIBAI",
      "CONSTRAINT_TYPE": "R",
      "CHILD_TABLE": "TIMEPR",
      "CHILD_POSITION": 1,
      "CHILD_COLUMN": "EPRBAIRRO",
      "REFERENCED_OWNER": "SANKHYA",
      "R_CONSTRAINT_NAME": "PK_TSIBAI",
      "REFERENCED_CONSTRAINT_TYPE": "P",
      "REFERENCED_TABLE": "TSIBAI",
      "REFERENCED_POSITION": 1,
      "REFERENCED_COLUMN": "CODBAI",
      "STATUS": "ENABLED",
      "DEFERRABLE": "NOT DEFERRABLE",
      "DEFERRED": "IMMEDIATE"
    },
    {
      "CONSTRAINT_OWNER": "SANKHYA",
      "CONSTRAINT_NAME": "FK_TIMEPR_TSIEND",
      "CONSTRAINT_TYPE": "R",
      "CHILD_TABLE": "TIMEPR",
      "CHILD_POSITION": 1,
      "CHILD_COLUMN": "EPRCODEND",
      "REFERENCED_OWNER": "SANKHYA",
      "R_CONSTRAINT_NAME": "PK_TSIEND",
      "REFERENCED_CONSTRAINT_TYPE": "P",
      "REFERENCED_TABLE": "TSIEND",
      "REFERENCED_POSITION": 1,
      "REFERENCED_COLUMN": "CODEND",
      "STATUS": "ENABLED",
      "DEFERRABLE": "NOT DEFERRABLE",
      "DEFERRED": "IMMEDIATE"
    },
    {
      "CONSTRAINT_OWNER": "SANKHYA",
      "CONSTRAINT_NAME": "FK_TIMFAC_TSIBAI",
      "CONSTRAINT_TYPE": "R",
      "CHILD_TABLE": "TIMFAC",
      "CHILD_POSITION": 1,
      "CHILD_COLUMN": "FACBAIRROIMOVEL",
      "REFERENCED_OWNER": "SANKHYA",
      "R_CONSTRAINT_NAME": "PK_TSIBAI",
      "REFERENCED_CONSTRAINT_TYPE": "P",
      "REFERENCED_TABLE": "TSIBAI",
      "REFERENCED_POSITION": 1,
      "REFERENCED_COLUMN": "CODBAI",
      "STATUS": "ENABLED",
      "DEFERRABLE": "NOT DEFERRABLE",
      "DEFERRED": "IMMEDIATE"
    },
    {
      "CONSTRAINT_OWNER": "SANKHYA",
      "CONSTRAINT_NAME": "FK_TIMIMV_TSIBAI",
      "CONSTRAINT_TYPE": "R",
      "CHILD_TABLE": "TIMIMV",
      "CHILD_POSITION": 1,
      "CHILD_COLUMN": "IMVBAIRRO",
      "REFERENCED_OWNER": "SANKHYA",
      "R_CONSTRAINT_NAME": "PK_TSIBAI",
      "REFERENCED_CONSTRAINT_TYPE": "P",
      "REFERENCED_TABLE": "TSIBAI",
      "REFERENCED_POSITION": 1,
      "REFERENCED_COLUMN": "CODBAI",
      "STATUS": "ENABLED",
      "DEFERRABLE": "NOT DEFERRABLE",
      "DEFERRED": "IMMEDIATE"
    },
    {
      "CONSTRAINT_OWNER": "SANKHYA",
      "CONSTRAINT_NAME": "FK_TIMIMV_TSIEND",
      "CONSTRAINT_TYPE": "R",
      "CHILD_TABLE": "TIMIMV",
      "CHILD_POSITION": 1,
      "CHILD_COLUMN": "IMVCODEND",
      "REFERENCED_OWNER": "SANKHYA",
      "R_CONSTRAINT_NAME": "PK_TSIEND",
      "REFERENCED_CONSTRAINT_TYPE": "P",
      "REFERENCED_TABLE": "TSIEND",
      "REFERENCED_POSITION": 1,
      "REFERENCED_COLUMN": "CODEND",
      "STATUS": "ENABLED",
      "DEFERRABLE": "NOT DEFERRABLE",
      "DEFERRED": "IMMEDIATE"
    },
    {
      "CONSTRAINT_OWNER": "SANKHYA",
      "CONSTRAINT_NAME": "FK_TIMLOT_TSIBAI",
      "CONSTRAINT_TYPE": "R",
      "CHILD_TABLE": "TIMLOT",
      "CHILD_POSITION": 1,
      "CHILD_COLUMN": "LOTBAIRRO",
      "REFERENCED_OWNER": "SANKHYA",
      "R_CONSTRAINT_NAME": "PK_TSIBAI",
      "REFERENCED_CONSTRAINT_TYPE": "P",
      "REFERENCED_TABLE": "TSIBAI",
      "REFERENCED_POSITION": 1,
      "REFERENCED_COLUMN": "CODBAI",
      "STATUS": "ENABLED",
      "DEFERRABLE": "NOT DEFERRABLE",
      "DEFERRED": "IMMEDIATE"
    },
    {
      "CONSTRAINT_OWNER": "SANKHYA",
      "CONSTRAINT_NAME": "FK_TIMPPR_TSIBAI",
      "CONSTRAINT_TYPE": "R",
      "CHILD_TABLE": "TIMPPR",
      "CHILD_POSITION": 1,
      "CHILD_COLUMN": "PPRBAIRRO",
      "REFERENCED_OWNER": "SANKHYA",
      "R_CONSTRAINT_NAME": "PK_TSIBAI",
      "REFERENCED_CONSTRAINT_TYPE": "P",
      "REFERENCED_TABLE": "TSIBAI",
      "REFERENCED_POSITION": 1,
      "REFERENCED_COLUMN": "CODBAI",
      "STATUS": "ENABLED",
      "DEFERRABLE": "NOT DEFERRABLE",
      "DEFERRED": "IMMEDIATE"
    },
    {
      "CONSTRAINT_OWNER": "SANKHYA",
      "CONSTRAINT_NAME": "FK_TIMPPR_TSIEND",
      "CONSTRAINT_TYPE": "R",
      "CHILD_TABLE": "TIMPPR",
      "CHILD_POSITION": 1,
      "CHILD_COLUMN": "PPRCODEND",
      "REFERENCED_OWNER": "SANKHYA",
      "R_CONSTRAINT_NAME": "PK_TSIEND",
      "REFERENCED_CONSTRAINT_TYPE": "P",
      "REFERENCED_TABLE": "TSIEND",
      "REFERENCED_POSITION": 1,
      "REFERENCED_COLUMN": "CODEND",
      "STATUS": "ENABLED",
      "DEFERRABLE": "NOT DEFERRABLE",
      "DEFERRED": "IMMEDIATE"
    },
    {
      "CONSTRAINT_OWNER": "SANKHYA",
      "CONSTRAINT_NAME": "FK_TSIAGE_TSIBAI",
      "CONSTRAINT_TYPE": "R",
      "CHILD_TABLE": "TSIAGE",
      "CHILD_POSITION": 1,
      "CHILD_COLUMN": "CODBAI",
      "REFERENCED_OWNER": "SANKHYA",
      "R_CONSTRAINT_NAME": "PK_TSIBAI",
      "REFERENCED_CONSTRAINT_TYPE": "P",
      "REFERENCED_TABLE": "TSIBAI",
      "REFERENCED_POSITION": 1,
      "REFERENCED_COLUMN": "CODBAI",
      "STATUS": "ENABLED",
      "DEFERRABLE": "NOT DEFERRABLE",
      "DEFERRED": "IMMEDIATE"
    },
    {
      "CONSTRAINT_OWNER": "SANKHYA",
      "CONSTRAINT_NAME": "FK_TSIAGE_TSIEND",
      "CONSTRAINT_TYPE": "R",
      "CHILD_TABLE": "TSIAGE",
      "CHILD_POSITION": 1,
      "CHILD_COLUMN": "CODEND",
      "REFERENCED_OWNER": "SANKHYA",
      "R_CONSTRAINT_NAME": "PK_TSIEND",
      "REFERENCED_CONSTRAINT_TYPE": "P",
      "REFERENCED_TABLE": "TSIEND",
      "REFERENCED_POSITION": 1,
      "REFERENCED_COLUMN": "CODEND",
      "STATUS": "ENABLED",
      "DEFERRABLE": "NOT DEFERRABLE",
      "DEFERRED": "IMMEDIATE"
    },
    {
      "CONSTRAINT_OWNER": "SANKHYA",
      "CONSTRAINT_NAME": "AK_NOMEBAI_TSIBAI",
      "CONSTRAINT_TYPE": "U",
      "CHILD_TABLE": "TSIBAI",
      "CHILD_POSITION": 1,
      "CHILD_COLUMN": "NOMEBAI",
      "REFERENCED_OWNER": null,
      "R_CONSTRAINT_NAME": null,
      "REFERENCED_CONSTRAINT_TYPE": null,
      "REFERENCED_TABLE": null,
      "REFERENCED_POSITION": null,
      "REFERENCED_COLUMN": null,
      "STATUS": "ENABLED",
      "DEFERRABLE": "NOT DEFERRABLE",
      "DEFERRED": "IMMEDIATE"
    },
    {
      "CONSTRAINT_OWNER": "SANKHYA",
      "CONSTRAINT_NAME": "FK_TSIBAI_TSIREG",
      "CONSTRAINT_TYPE": "R",
      "CHILD_TABLE": "TSIBAI",
      "CHILD_POSITION": 1,
      "CHILD_COLUMN": "CODREG",
      "REFERENCED_OWNER": "SANKHYA",
      "R_CONSTRAINT_NAME": "PK_TSIREG",
      "REFERENCED_CONSTRAINT_TYPE": "P",
      "REFERENCED_TABLE": "TSIREG",
      "REFERENCED_POSITION": 1,
      "REFERENCED_COLUMN": "CODREG",
      "STATUS": "ENABLED",
      "DEFERRABLE": "NOT DEFERRABLE",
      "DEFERRED": "IMMEDIATE"
    },
    {
      "CONSTRAINT_OWNER": "SANKHYA",
      "CONSTRAINT_NAME": "PK_TSIBAI",
      "CONSTRAINT_TYPE": "P",
      "CHILD_TABLE": "TSIBAI",
      "CHILD_POSITION": 1,
      "CHILD_COLUMN": "CODBAI",
      "REFERENCED_OWNER": null,
      "R_CONSTRAINT_NAME": null,
      "REFERENCED_CONSTRAINT_TYPE": null,
      "REFERENCED_TABLE": null,
      "REFERENCED_POSITION": null,
      "REFERENCED_COLUMN": null,
      "STATUS": "ENABLED",
      "DEFERRABLE": "NOT DEFERRABLE",
      "DEFERRED": "IMMEDIATE"
    },
    {
      "CONSTRAINT_OWNER": "SANKHYA",
      "CONSTRAINT_NAME": "SYS_C00312464",
      "CONSTRAINT_TYPE": "C",
      "CHILD_TABLE": "TSIBAI",
      "CHILD_POSITION": null,
      "CHILD_COLUMN": "CODBAI",
      "REFERENCED_OWNER": null,
      "R_CONSTRAINT_NAME": null,
      "REFERENCED_CONSTRAINT_TYPE": null,
      "REFERENCED_TABLE": null,
      "REFERENCED_POSITION": null,
      "REFERENCED_COLUMN": null,
      "STATUS": "ENABLED",
      "DEFERRABLE": "NOT DEFERRABLE",
      "DEFERRED": "IMMEDIATE"
    },
    {
      "CONSTRAINT_OWNER": "SANKHYA",
      "CONSTRAINT_NAME": "SYS_C00312465",
      "CONSTRAINT_TYPE": "C",
      "CHILD_TABLE": "TSIBAI",
      "CHILD_POSITION": null,
      "CHILD_COLUMN": "NOMEBAI",
      "REFERENCED_OWNER": null,
      "R_CONSTRAINT_NAME": null,
      "REFERENCED_CONSTRAINT_TYPE": null,
      "REFERENCED_TABLE": null,
      "REFERENCED_POSITION": null,
      "REFERENCED_COLUMN": null,
      "STATUS": "ENABLED",
      "DEFERRABLE": "NOT DEFERRABLE",
      "DEFERRED": "IMMEDIATE"
    },
    {
      "CONSTRAINT_OWNER": "SANKHYA",
      "CONSTRAINT_NAME": "SYS_C00312466",
      "CONSTRAINT_TYPE": "C",
      "CHILD_TABLE": "TSIBAI",
      "CHILD_POSITION": null,
      "CHILD_COLUMN": "CODREG",
      "REFERENCED_OWNER": null,
      "R_CONSTRAINT_NAME": null,
      "REFERENCED_CONSTRAINT_TYPE": null,
      "REFERENCED_TABLE": null,
      "REFERENCED_POSITION": null,
      "REFERENCED_COLUMN": null,
      "STATUS": "ENABLED",
      "DEFERRABLE": "NOT DEFERRABLE",
      "DEFERRED": "IMMEDIATE"
    },
    {
      "CONSTRAINT_OWNER": "SANKHYA",
      "CONSTRAINT_NAME": "SYS_C00312467",
      "CONSTRAINT_TYPE": "C",
      "CHILD_TABLE": "TSIBAI",
      "CHILD_POSITION": null,
      "CHILD_COLUMN": "DTALTER",
      "REFERENCED_OWNER": null,
      "R_CONSTRAINT_NAME": null,
      "REFERENCED_CONSTRAINT_TYPE": null,
      "REFERENCED_TABLE": null,
      "REFERENCED_POSITION": null,
      "REFERENCED_COLUMN": null,
      "STATUS": "ENABLED",
      "DEFERRABLE": "NOT DEFERRABLE",
      "DEFERRED": "IMMEDIATE"
    },
    {
      "CONSTRAINT_OWNER": "SANKHYA",
      "CONSTRAINT_NAME": "FK_TSICEP_TSIBAI",
      "CONSTRAINT_TYPE": "R",
      "CHILD_TABLE": "TSICEP",
      "CHILD_POSITION": 1,
      "CHILD_COLUMN": "CODBAI",
      "REFERENCED_OWNER": "SANKHYA",
      "R_CONSTRAINT_NAME": "PK_TSIBAI",
      "REFERENCED_CONSTRAINT_TYPE": "P",
      "REFERENCED_TABLE": "TSIBAI",
      "REFERENCED_POSITION": 1,
      "REFERENCED_COLUMN": "CODBAI",
      "STATUS": "ENABLED",
      "DEFERRABLE": "NOT DEFERRABLE",
      "DEFERRED": "IMMEDIATE"
    },
    {
      "CONSTRAINT_OWNER": "SANKHYA",
      "CONSTRAINT_NAME": "FK_TSICEP_TSIEND",
      "CONSTRAINT_TYPE": "R",
      "CHILD_TABLE": "TSICEP",
      "CHILD_POSITION": 1,
      "CHILD_COLUMN": "CODEND",
      "REFERENCED_OWNER": "SANKHYA",
      "R_CONSTRAINT_NAME": "PK_TSIEND",
      "REFERENCED_CONSTRAINT_TYPE": "P",
      "REFERENCED_TABLE": "TSIEND",
      "REFERENCED_POSITION": 1,
      "REFERENCED_COLUMN": "CODEND",
      "STATUS": "ENABLED",
      "DEFERRABLE": "NOT DEFERRABLE",
      "DEFERRED": "IMMEDIATE"
    },
    {
      "CONSTRAINT_OWNER": "SANKHYA",
      "CONSTRAINT_NAME": "FK_TSIEMP_TSIBAI",
      "CONSTRAINT_TYPE": "R",
      "CHILD_TABLE": "TSIEMP",
      "CHILD_POSITION": 1,
      "CHILD_COLUMN": "CODBAI",
      "REFERENCED_OWNER": "SANKHYA",
      "R_CONSTRAINT_NAME": "PK_TSIBAI",
      "REFERENCED_CONSTRAINT_TYPE": "P",
      "REFERENCED_TABLE": "TSIBAI",
      "REFERENCED_POSITION": 1,
      "REFERENCED_COLUMN": "CODBAI",
      "STATUS": "ENABLED",
      "DEFERRABLE": "NOT DEFERRABLE",
      "DEFERRED": "IMMEDIATE"
    },
    {
      "CONSTRAINT_OWNER": "SANKHYA",
      "CONSTRAINT_NAME": "FK_TSIEMP_TSIEND",
      "CONSTRAINT_TYPE": "R",
      "CHILD_TABLE": "TSIEMP",
      "CHILD_POSITION": 1,
      "CHILD_COLUMN": "CODEND",
      "REFERENCED_OWNER": "SANKHYA",
      "R_CONSTRAINT_NAME": "PK_TSIEND",
      "REFERENCED_CONSTRAINT_TYPE": "P",
      "REFERENCED_TABLE": "TSIEND",
      "REFERENCED_POSITION": 1,
      "REFERENCED_COLUMN": "CODEND",
      "STATUS": "ENABLED",
      "DEFERRABLE": "NOT DEFERRABLE",
      "DEFERRED": "IMMEDIATE"
    },
    {
      "CONSTRAINT_OWNER": "SANKHYA",
      "CONSTRAINT_NAME": "AK_NOMEEND_TSIEND",
      "CONSTRAINT_TYPE": "U",
      "CHILD_TABLE": "TSIEND",
      "CHILD_POSITION": 1,
      "CHILD_COLUMN": "NOMEEND",
      "REFERENCED_OWNER": null,
      "R_CONSTRAINT_NAME": null,
      "REFERENCED_CONSTRAINT_TYPE": null,
      "REFERENCED_TABLE": null,
      "REFERENCED_POSITION": null,
      "REFERENCED_COLUMN": null,
      "STATUS": "ENABLED",
      "DEFERRABLE": "NOT DEFERRABLE",
      "DEFERRED": "IMMEDIATE"
    },
    {
      "CONSTRAINT_OWNER": "SANKHYA",
      "CONSTRAINT_NAME": "AK_NOMEEND_TSIEND",
      "CONSTRAINT_TYPE": "U",
      "CHILD_TABLE": "TSIEND",
      "CHILD_POSITION": 2,
      "CHILD_COLUMN": "TIPO",
      "REFERENCED_OWNER": null,
      "R_CONSTRAINT_NAME": null,
      "REFERENCED_CONSTRAINT_TYPE": null,
      "REFERENCED_TABLE": null,
      "REFERENCED_POSITION": null,
      "REFERENCED_COLUMN": null,
      "STATUS": "ENABLED",
      "DEFERRABLE": "NOT DEFERRABLE",
      "DEFERRED": "IMMEDIATE"
    },
    {
      "CONSTRAINT_OWNER": "SANKHYA",
      "CONSTRAINT_NAME": "FK_TSIEND_TFPLGR",
      "CONSTRAINT_TYPE": "R",
      "CHILD_TABLE": "TSIEND",
      "CHILD_POSITION": 1,
      "CHILD_COLUMN": "CODLOGRADOURO",
      "REFERENCED_OWNER": "SANKHYA",
      "R_CONSTRAINT_NAME": "PK_TFPLGR",
      "REFERENCED_CONSTRAINT_TYPE": "P",
      "REFERENCED_TABLE": "TFPLGR",
      "REFERENCED_POSITION": 1,
      "REFERENCED_COLUMN": "CODLOGRADOURO",
      "STATUS": "ENABLED",
      "DEFERRABLE": "NOT DEFERRABLE",
      "DEFERRED": "IMMEDIATE"
    },
    {
      "CONSTRAINT_OWNER": "SANKHYA",
      "CONSTRAINT_NAME": "PK_TSIEND",
      "CONSTRAINT_TYPE": "P",
      "CHILD_TABLE": "TSIEND",
      "CHILD_POSITION": 1,
      "CHILD_COLUMN": "CODEND",
      "REFERENCED_OWNER": null,
      "R_CONSTRAINT_NAME": null,
      "REFERENCED_CONSTRAINT_TYPE": null,
      "REFERENCED_TABLE": null,
      "REFERENCED_POSITION": null,
      "REFERENCED_COLUMN": null,
      "STATUS": "ENABLED",
      "DEFERRABLE": "NOT DEFERRABLE",
      "DEFERRED": "IMMEDIATE"
    },
    {
      "CONSTRAINT_OWNER": "SANKHYA",
      "CONSTRAINT_NAME": "SYS_C00319764",
      "CONSTRAINT_TYPE": "C",
      "CHILD_TABLE": "TSIEND",
      "CHILD_POSITION": null,
      "CHILD_COLUMN": "CODEND",
      "REFERENCED_OWNER": null,
      "R_CONSTRAINT_NAME": null,
      "REFERENCED_CONSTRAINT_TYPE": null,
      "REFERENCED_TABLE": null,
      "REFERENCED_POSITION": null,
      "REFERENCED_COLUMN": null,
      "STATUS": "ENABLED",
      "DEFERRABLE": "NOT DEFERRABLE",
      "DEFERRED": "IMMEDIATE"
    },
    {
      "CONSTRAINT_OWNER": "SANKHYA",
      "CONSTRAINT_NAME": "SYS_C00319765",
      "CONSTRAINT_TYPE": "C",
      "CHILD_TABLE": "TSIEND",
      "CHILD_POSITION": null,
      "CHILD_COLUMN": "NOMEEND",
      "REFERENCED_OWNER": null,
      "R_CONSTRAINT_NAME": null,
      "REFERENCED_CONSTRAINT_TYPE": null,
      "REFERENCED_TABLE": null,
      "REFERENCED_POSITION": null,
      "REFERENCED_COLUMN": null,
      "STATUS": "ENABLED",
      "DEFERRABLE": "NOT DEFERRABLE",
      "DEFERRED": "IMMEDIATE"
    },
    {
      "CONSTRAINT_OWNER": "SANKHYA",
      "CONSTRAINT_NAME": "SYS_C00319766",
      "CONSTRAINT_TYPE": "C",
      "CHILD_TABLE": "TSIEND",
      "CHILD_POSITION": null,
      "CHILD_COLUMN": "DTALTER",
      "REFERENCED_OWNER": null,
      "R_CONSTRAINT_NAME": null,
      "REFERENCED_CONSTRAINT_TYPE": null,
      "REFERENCED_TABLE": null,
      "REFERENCED_POSITION": null,
      "REFERENCED_COLUMN": null,
      "STATUS": "ENABLED",
      "DEFERRABLE": "NOT DEFERRABLE",
      "DEFERRED": "IMMEDIATE"
    }
  ],
  "dml_executado": false,
  "ddl_executado": false
}
