{
  "status": "CONSULTA_READ_ONLY_CONCLUIDA",
  "executado_em_utc": "2026-09-21T18:51:42.983083+00:00",
  "source": "/Users/spadarojr/Documents/Trabalho/Sankhya/Deploy Agent/Scripts-Deploy/7 - QA2/Clientes/HIGIEPAM/Logs/Inventario_PosFalha_ReadOnly.sql",
  "session_user": "FRANCISCO_JUNIOR",
  "current_schema": "SANKHYA",
  "service_name": "higiepamprd.sankhyacloud.com.br",
  "db_name": "HIGIEPAMPRD",
  "service_esperado": "HIGIEPAMPRD.SANKHYACLOUD.COM.BR",
  "qtd_linhas": 2,
  "colunas": [
    "TABLE_NAME",
    "OWNER",
    "TABLESPACE_NAME"
  ],
  "linhas": [
    {
      "TABLE_NAME": "BKP_RMD_01_TSIPAR",
      "OWNER": "SANKHYA",
      "TABLESPACE_NAME": "SANKHYA"
    },
    {
      "TABLE_NAME": "RMD_CONTROLE_OBJETOS",
      "OWNER": "SANKHYA",
      "TABLESPACE_NAME": "SANKHYA"
    }
  ],
  "dml_executado": false,
  "ddl_executado": false
}
