SQL> 
SQL> ACCEPT P_CONFIRMA CHAR PROMPT 'Digite EXECUTAR PRODUTOS MACALE LTDA para tratar a etapa 12: '
SQL> BEGIN
  2    IF UPPER(TRIM('&&P_CONFIRMA')) <> 'EXECUTAR PRODUTOS MACALE LTDA' THEN
  3      RAISE_APPLICATION_ERROR(-20500,'Execucao cancelada: confirmacao da base divergente.');
  4    END IF;
  5    IF UPPER(SYS_CONTEXT('USERENV','SERVICE_NAME')) <> 'MACALEPRD.SANKHYACLOUD.COM.BR' THEN
  6      RAISE_APPLICATION_ERROR(-20501,'SERVICE_NAME diferente do esperado.');
  7    END IF;
  8  END;
  9  /

PL/SQL procedure successfully completed.

SQL> UNDEFINE P_CONFIRMA
SQL> 
SQL> DECLARE
  2    v_tab NUMBER;
  3    v_id VARCHAR2(30) := 'RMD_RUPE_'||TO_CHAR(SYSTIMESTAMP,'YYYYMMDDHH24MISSFF3');
  4    v_backup PLS_INTEGER;
  5    v_update PLS_INTEGER;
  6  BEGIN
  7    SELECT COUNT(*) INTO v_tab FROM ALL_TABLES
  8     WHERE OWNER=SYS_CONTEXT('USERENV','CURRENT_SCHEMA') AND TABLE_NAME='AD_SEGMENTACAOEMPRESAS';
  9    IF v_tab=0 THEN
 10      DBMS_OUTPUT.PUT_LINE('STATUS=IGNORADO_TABELA_AUSENTE');
 11      RETURN;
 12    END IF;
 13    BEGIN
 14      EXECUTE IMMEDIATE q'[CREATE TABLE BKP_RMD_11_TGFEMP AS
 15        SELECT CAST(NULL AS VARCHAR2(30)) ID_EXECUCAO,
 16               CAST(NULL AS TIMESTAMP) DH_EXECUCAO,
 17               CAST(NULL AS VARCHAR2(128)) USUARIO_EXECUCAO,
 18               CAST(NULL AS VARCHAR2(30)) ROWID_ORIGINAL,
 19               E.RUPTURAEST RUPTURAEST_ANTES
 20          FROM TGFEMP E WHERE 1=0]';
 21    EXCEPTION WHEN OTHERS THEN
 22      IF SQLCODE <> -955 THEN RAISE; END IF;
 23    END;
 24    EXECUTE IMMEDIATE q'[INSERT INTO BKP_RMD_11_TGFEMP
 25      SELECT :1,SYSTIMESTAMP,SYS_CONTEXT('USERENV','SESSION_USER'),ROWIDTOCHAR(E.ROWID),E.RUPTURAEST
 26        FROM TGFEMP E
 27       WHERE NVL(E.RUPTURAEST,'N')<>'S'
 28         AND EXISTS (SELECT 1 FROM AD_SEGMENTACAOEMPRESAS S JOIN TSIEMP T ON T.CGC=S.CGC
 29                      WHERE S.SEGMENTACAO<>'S' AND T.CODEMP=E.CODEMP)]' USING v_id;
 30    v_backup:=SQL%ROWCOUNT;
 31    UPDATE TGFEMP E SET E.RUPTURAEST='S'
 32     WHERE NVL(E.RUPTURAEST,'N')<>'S'
 33       AND EXISTS (SELECT 1 FROM AD_SEGMENTACAOEMPRESAS S JOIN TSIEMP T ON T.CGC=S.CGC
 34                    WHERE S.SEGMENTACAO<>'S' AND T.CODEMP=E.CODEMP);
 35    v_update:=SQL%ROWCOUNT;
 36    IF v_backup<>v_update THEN RAISE_APPLICATION_ERROR(-20230,'Backup e atualizacao divergiram.'); END IF;
 37    COMMIT;
 38    DBMS_OUTPUT.PUT_LINE('STATUS=CONCLUIDO; ID_EXECUCAO='||v_id||'; EMPRESAS_ALTERADAS='||v_update);
 39  EXCEPTION WHEN OTHERS THEN ROLLBACK; RAISE;
 40  END;
 41  /
STATUS=CONCLUIDO; ID_EXECUCAO=RMD_RUPE_20260909090955021; EMPRESAS_ALTERADAS=0


PL/SQL procedure successfully completed.

SQL> SPOOL OFF
24, column 3:
PL/SQL: SQL Statement ignored
Help: https://docs.oracle.com/error-help/db/ora-06550/

SQL> SPOOL OFF
SQL> -- Tratamento isolado da pendencia da etapa 12.
SQL> SET DEFINE ON
SQL> SET SERVEROUTPUT ON SIZE UNLIMITED
SQL> SET ECHO ON
SQL> WHENEVER OSERROR EXIT FAILURE ROLLBACK
SQL> WHENEVER SQLERROR EXIT SQL.SQLCODE ROLLBACK
SQL> SPOOL "/Users/spadarojr/Documents/Trabalho/Sankhya/Deploy Agent/Scripts-Deploy/7 - QA2/Clientes/PRODUTOS MACALE LTDA/Logs/Tratamento_Etapa_12_20260909.log"
