SQL> 
SQL> PROMPT === CARD 09 - ATIVIDADE 32B CONTROLADA ===
=== CARD 09 - ATIVIDADE 32B CONTROLADA ===
SQL> PROMPT ID_EXECUCAO=RMD_FDUP_ALH_2026091701
ID_EXECUCAO=RMD_FDUP_ALH_2026091701
SQL> 
SQL> DECLARE
  2    v_exists NUMBER;
  3  BEGIN
  4    SELECT COUNT(*) INTO v_exists
  5      FROM ALL_TABLES
  6     WHERE OWNER=SYS_CONTEXT('USERENV','CURRENT_SCHEMA')
  7       AND TABLE_NAME='BKP_RMD_ALH_DUP_INS_20260917';
  8    IF v_exists=0 THEN
  9      EXECUTE IMMEDIATE q'~
 10        CREATE TABLE BKP_RMD_ALH_DUP_INS_20260917 (
 11          ID_EXECUCAO VARCHAR2(40) NOT NULL,
 12          DH_EXECUCAO TIMESTAMP NOT NULL,
 13          NUNOTA NUMBER NOT NULL,
 14          NUFIN NUMBER NOT NULL,
 15          VLRDESDOB NUMBER,
 16          DTVENC DATE,
 17          CODCTABCOINT NUMBER,
 18          CODTIPTIT NUMBER,
 19          NDUP_XML VARCHAR2(4000)
 20        )~';
 21      DBMS_OUTPUT.PUT_LINE('AUDITORIA_CRIADA=BKP_RMD_ALH_DUP_INS_20260917');
 22    ELSE
 23      DBMS_OUTPUT.PUT_LINE('AUDITORIA_EXISTENTE=BKP_RMD_ALH_DUP_INS_20260917');
 24    END IF;
 25  END;
 26  /
AUDITORIA_CRIADA=BKP_RMD_ALH_DUP_INS_20260917


PL/SQL procedure successfully completed.

SQL> 
SQL> DECLARE
  2    v_qtd NUMBER;
  3    v_notas NUMBER;
  4    v_audit NUMBER;
  5  BEGIN
  6    SELECT COUNT(*), COUNT(DISTINCT NUNOTA)
  7      INTO v_qtd, v_notas
  8      FROM BKP_RMD_ALH_DUP_PPG_20260917
  9     WHERE ID_EXECUCAO_MAPA='RMD_FDUP_ALH_2026091701'
 10       AND STATUS_MAPA='APTO_PARA_INSERCAO_CONTROLADA';
 11    SELECT COUNT(*) INTO v_audit
 12      FROM BKP_RMD_ALH_DUP_INS_20260917
 13     WHERE ID_EXECUCAO='RMD_FDUP_ALH_2026091701';
 14  
 15    DBMS_OUTPUT.PUT_LINE('LINHAS_APTAS='||v_qtd||'; NOTAS_APTAS='||v_notas||
 16                         '; AUDITORIA_EXISTENTE='||v_audit);
 17    IF v_audit<>0 THEN
 18      RAISE_APPLICATION_ERROR(-20327,
 19        'Auditoria ja contem linhas para este ID; atividade nao repetida.');
 20    END IF;
 21    IF v_qtd<>0 OR v_notas<>0 THEN
 22      RAISE_APPLICATION_ERROR(-20325,
 23        'Mapa mudou e possui candidato apto; inclusao generica bloqueada.');
 24    END IF;
 25  
 26    DBMS_OUTPUT.PUT_LINE('STATUS=SEM_CANDIDATOS_APTOS');
 27    DBMS_OUTPUT.PUT_LINE('TGFFIN_ALTERADO=NAO');
 28    DBMS_OUTPUT.PUT_LINE('TGFNUM_ALTERADO=NAO');
 29    COMMIT;
 30  END;
 31  /
LINHAS_APTAS=0; NOTAS_APTAS=0; AUDITORIA_EXISTENTE=0
STATUS=SEM_CANDIDATOS_APTOS
TGFFIN_ALTERADO=NAO
TGFNUM_ALTERADO=NAO


PL/SQL procedure successfully completed.

SQL> 
SQL> SELECT COUNT(*) AS TGFFIN_AUDITADOS
  2    FROM BKP_RMD_ALH_DUP_INS_20260917
  3   WHERE ID_EXECUCAO='RMD_FDUP_ALH_2026091701';

TGFFIN_AUDITADOS
----------------
               0

1 row selected. 

SQL> 
SQL> PROMPT === CARD 09 - ATIVIDADE 32B CONCLUIDA SEM DML DE NEGOCIO ===
=== CARD 09 - ATIVIDADE 32B CONCLUIDA SEM DML DE NEGOCIO ===
SQL> SPOOL OFF
