SQL> 
SQL> PROMPT === CARD 09 - COMPILACAO AUTOMATICA DA FUNCAO XML ===
=== CARD 09 - COMPILACAO AUTOMATICA DA FUNCAO XML ===
SQL> PROMPT ID_EXECUCAO=RMD_ALH_FNC09_2026091701
ID_EXECUCAO=RMD_ALH_FNC09_2026091701
SQL> PROMPT FONTE_SHA256=53f52da7455e3717e6d7a5e991d792921136c671cb1d2ceb2516d8618df0de0b
FONTE_SHA256=53f52da7455e3717e6d7a5e991d792921136c671cb1d2ceb2516d8618df0de0b
SQL> 
SQL> SELECT SYS_CONTEXT('USERENV','SESSION_USER') AS SESSION_USER,
  2         SYS_CONTEXT('USERENV','CURRENT_SCHEMA') AS CURRENT_SCHEMA,
  3         SYS_CONTEXT('USERENV','SERVICE_NAME') AS SERVICE_NAME,
  4         SYS_CONTEXT('USERENV','DB_NAME') AS DB_NAME
  5    FROM DUAL;

SESSION_USER                                                                                                                                                                                                                                                     CURRENT_SCHEMA                                                                                                                                                                                                                                                   SERVICE_NAME                                                                                                                                                                                                                                                     DB_NAME                                                                                                                                                                                                                                                         
---------------------------------------------------------------------------------------------------------------------------------------------------------------------------------------------------------------------------------------------------------------- ---------------------------------------------------------------------------------------------------------------------------------------------------------------------------------------------------------------------------------------------------------------- ---------------------------------------------------------------------------------------------------------------------------------------------------------------------------------------------------------------------------------------------------------------- ----------------------------------------------------------------------------------------------------------------------------------------------------------------------------------------------------------------------------------------------------------------
FRANCISCO_JUNIOR                                                                                                                                                                                                                                                 SANKHYA                                                                                                                                                                                                                                                          alheiroprd.sankhyacloud.com.br                                                                                                                                                                                                                                   ALHEIROPRD                                                                                                                                                                                                                                                      

1 row selected. 

SQL> 
SQL> PROMPT === ESTADO ANTES ===
=== ESTADO ANTES ===
SQL> SELECT OWNER, OBJECT_NAME, OBJECT_TYPE, STATUS, LAST_DDL_TIME
  2    FROM ALL_OBJECTS
  3   WHERE OBJECT_NAME = 'FNC_BUSCA_TAG_XML_GERAL'
  4   ORDER BY OWNER, OBJECT_TYPE;

0 rows selected. 

SQL> 
SQL> PROMPT === FONTE VERSIONADA APROVADA ===
=== FONTE VERSIONADA APROVADA ===
SQL> @"/Users/spadarojr/Documents/Trabalho/Sankhya/Deploy Agent/Scripts-Deploy/7 - QA2/Scripts Originais/FNC_BUSCA_TAG_XML_GERAL.sql"
SQL> CREATE OR REPLACE FUNCTION FNC_BUSCA_TAG_XML_GERAL (
  2    p_nunota      IN NUMBER,   -- NUNOTA na TGFNFE
  3    p_tag         IN VARCHAR2, -- nome da tag (ex.: 'xNome', 'CNPJ', 'UF', 'vNF')
  4    p_parent_tag  IN VARCHAR2 DEFAULT NULL -- nome da tag pai (ex.: 'emit', 'dest', 'ide')
  5  ) RETURN VARCHAR2
  6  IS
  7    v_val VARCHAR2(4000);
  8  BEGIN
  9    /*
 10      Se p_parent_tag for informado, procura:
 11        qualquer nó cujo local-name() = p_tag
 12        E cujo pai imediato tenha local-name() = p_parent_tag.
 13  
 14      Se p_parent_tag for NULL, procura apenas qualquer nó com local-name() = p_tag,
 15      como na função geral anterior.
 16  
 17      Comparação é case-insensitive usando upper-case(local-name()).
 18    */
 19    SELECT valor
 20      INTO v_val
 21      FROM (
 22        SELECT xt.valor
 23          FROM TGFNFE n,
 24               XMLTABLE(
 25                 '//*[ upper-case(local-name()) = upper-case($tag)
 26                      and ( string-length($parent) = 0
 27                            or upper-case(local-name(parent::*)) = upper-case($parent)
 28                          )
 29                   ][1]'
 30                 PASSING XMLTYPE(n.XML),
 31                         p_tag                 AS "tag",
 32                         NVL(p_parent_tag, '') AS "parent"
 33                 COLUMNS valor VARCHAR2(4000) PATH 'string(.)'
 34               ) xt
 35         WHERE n.nunota = p_nunota
 36      )
 37     WHERE ROWNUM = 1;
 38  
 39    RETURN v_val;
 40  
 41  EXCEPTION
 42    WHEN NO_DATA_FOUND THEN
 43      RETURN NULL;
 44  END;
 45  /

Function FNC_BUSCA_TAG_XML_GERAL compiled

SQL> 
SQL> PROMPT === ESTADO APOS CREATE OR REPLACE ===
=== ESTADO APOS CREATE OR REPLACE ===
SQL> SELECT OWNER, OBJECT_NAME, OBJECT_TYPE, STATUS, LAST_DDL_TIME
  2    FROM ALL_OBJECTS
  3   WHERE OBJECT_NAME = 'FNC_BUSCA_TAG_XML_GERAL'
  4   ORDER BY OWNER, OBJECT_TYPE;

OWNER                                                                                                                            OBJECT_NAME                                                                                                                      OBJECT_TYPE             STATUS  LAST_DDL
-------------------------------------------------------------------------------------------------------------------------------- -------------------------------------------------------------------------------------------------------------------------------- ----------------------- ------- --------
SANKHYA                                                                                                                          FNC_BUSCA_TAG_XML_GERAL                                                                                                          FUNCTION                VALID   17/09/26

1 row selected. 

SQL> 
SQL> PROMPT === ERROS DE COMPILACAO ===
=== ERROS DE COMPILACAO ===
SQL> SELECT OWNER, NAME, TYPE, LINE, POSITION, TEXT
  2    FROM ALL_ERRORS
  3   WHERE NAME = 'FNC_BUSCA_TAG_XML_GERAL'
  4   ORDER BY OWNER, SEQUENCE;

0 rows selected. 

SQL> 
SQL> PROMPT === ARGUMENTOS VALIDOS ===
=== ARGUMENTOS VALIDOS ===
SQL> SELECT OWNER, OBJECT_NAME, POSITION, ARGUMENT_NAME, DATA_TYPE, IN_OUT, DEFAULTED
  2    FROM ALL_ARGUMENTS
  3   WHERE OBJECT_NAME = 'FNC_BUSCA_TAG_XML_GERAL'
  4   ORDER BY OWNER, POSITION;

OWNER                                                                                                                            OBJECT_NAME                                                                                                                        POSITION ARGUMENT_NAME                                                                                                                    DATA_TYPE                      IN_OUT    D
-------------------------------------------------------------------------------------------------------------------------------- -------------------------------------------------------------------------------------------------------------------------------- ---------- -------------------------------------------------------------------------------------------------------------------------------- ------------------------------ --------- -
SANKHYA                                                                                                                          FNC_BUSCA_TAG_XML_GERAL                                                                                                                   0                                                                                                                                  VARCHAR2                       OUT       N
SANKHYA                                                                                                                          FNC_BUSCA_TAG_XML_GERAL                                                                                                                   1 P_NUNOTA                                                                                                                         NUMBER                         IN        N
SANKHYA                                                                                                                          FNC_BUSCA_TAG_XML_GERAL                                                                                                                   2 P_TAG                                                                                                                            VARCHAR2                       IN        N
SANKHYA                                                                                                                          FNC_BUSCA_TAG_XML_GERAL                                                                                                                   3 P_PARENT_TAG                                                                                                                     VARCHAR2                       IN        Y

4 rows selected. 

SQL> 
SQL> PROMPT === VALIDACAO FINAL DA FUNCAO ===
=== VALIDACAO FINAL DA FUNCAO ===
SQL> DECLARE
  2    v_status VARCHAR2(30);
  3    v_errors NUMBER;
  4  BEGIN
  5    SELECT MAX(STATUS)
  6      INTO v_status
  7      FROM ALL_OBJECTS
  8     WHERE OWNER = SYS_CONTEXT('USERENV','CURRENT_SCHEMA')
  9       AND OBJECT_NAME = 'FNC_BUSCA_TAG_XML_GERAL'
 10       AND OBJECT_TYPE = 'FUNCTION';
 11  
 12    SELECT COUNT(*)
 13      INTO v_errors
 14      FROM ALL_ERRORS
 15     WHERE OWNER = SYS_CONTEXT('USERENV','CURRENT_SCHEMA')
 16       AND NAME = 'FNC_BUSCA_TAG_XML_GERAL'
 17       AND TYPE = 'FUNCTION';
 18  
 19    DBMS_OUTPUT.PUT_LINE('FUNCAO_STATUS=' || NVL(v_status,'AUSENTE'));
 20    DBMS_OUTPUT.PUT_LINE('FUNCAO_ERROS=' || v_errors);
 21  
 22    IF v_status <> 'VALID' OR v_errors <> 0 THEN
 23      RAISE_APPLICATION_ERROR(-20509, 'Card 09 isolado: funcao XML nao ficou VALID ou possui erros.');
 24    END IF;
 25  END;
 26  /
FUNCAO_STATUS=VALID
FUNCAO_ERROS=0


PL/SQL procedure successfully completed.

SQL> 
SQL> PROMPT === CARD 09 - FUNCAO XML VALIDADA; NENHUM TGFFIN FOI ALTERADO ===
=== CARD 09 - FUNCAO XML VALIDADA; NENHUM TGFFIN FOI ALTERADO ===
SQL> SPOOL OFF
