=== PREFLIGHT SOMENTE LEITURA ===
=== PREFLIGHT GATE - IDENTIDADE DA SESSAO ===

USUARIO_SESSAO
----------------------------------------------------------------------------------------------------------------------------------------------------------------
SCHEMA_ATUAL
----------------------------------------------------------------------------------------------------------------------------------------------------------------
SERVICE_NAME
----------------------------------------------------------------------------------------------------------------------------------------------------------------
DB_NAME
----------------------------------------------------------------------------------------------------------------------------------------------------------------
INSTANCE_NAME                                                                                                                                                   
----------------------------------------------------------------------------------------------------------------------------------------------------------------
FRANCISCO_JUNIOR                                                                                                                                                
SANKHYA                                                                                                                                                         
alheiroprd.sankhyacloud.com.br                                                                                                                                  
ALHEIROPRD                                                                                                                                                      
dbs3pc13                                                                                                                                                        


1 row selected. 


USUARIO_ESPERADO SERVICE_ESPERADO     
---------------- ---------------------
OK               OK                   

1 row selected. 

=== PREFLIGHT GATE - EMPRESA E VERSAO ===

QTD_EMPRESA_EXATA STATUS_EMPRESA             
----------------- ---------------------------
                1 OK                         

1 row selected. 


VERSAO_SISTEMA_CURTA                                                                                                                                            
----------------------------------------------------------------------------------------------------------------------------------------------------------------
4.36b146

1 row selected. 


VERSAO_ORACLE                                                                                                                    
---------------------------------------------------------------------------------------------------------------------------------
Oracle AI Database 26ai EE High Perf Release 23.26.2.0.0 - Production

1 row selected. 

=== PREFLIGHT GATE - QUOTA E INVALIDOS ===

QTD_LINHAS_USER_TS_QUOTAS
-------------------------
                        0

1 row selected. 


QTD_OBJETOS_INVALIDOS
---------------------
                    0

1 row selected. 

PREFLIGHT_GATE_STATUS=APROVADO_ATE_QUOTA
OWNER_OPERACIONAL=SANKHYA


PL/SQL procedure successfully completed.

=== FIM PREFLIGHT GATE - SOMENTE LEITURA ===
Rollback
DECLARE
*
ERROR at line 1:
ORA-20502: Execucao bloqueada: USER_TS_QUOTAS sem quota para backups persistentes.
ORA-06512: at line 8
Help: https://docs.oracle.com/error-help/db/ora-20502/


USUARIO_SESSAO                                                                                                                                                                                                                                                   SCHEMA_ATUAL                                                                                                                                                                                                                                                     SERVICE_NAME                                                                                                                                                                                                                                                    
---------------------------------------------------------------------------------------------------------------------------------------------------------------------------------------------------------------------------------------------------------------- ---------------------------------------------------------------------------------------------------------------------------------------------------------------------------------------------------------------------------------------------------------------- ----------------------------------------------------------------------------------------------------------------------------------------------------------------------------------------------------------------------------------------------------------------
FRANCISCO_JUNIOR                                                                                                                                                                                                                                                 SANKHYA                                                                                                                                                                                                                                                          alheiroprd.sankhyacloud.com.br                                                                                                                                                                                                                                  

1 row selected. 

