ID_EXECUCAO_LOTE=RMD_CASA_20260923105518_29_30_R03_FILL
ENTRADA=Clientes/CASA DAS ESSENCIAS/29_30_Merge_Antifragil_CASA_DAS_ESSENCIAS_R03_MAPA_FILL.sql
SHA256_SUITE=8999b1c2a1787d2568b9f25a36a8c6468fe8fdb4935f7b2f6c555b4144970a90
POS_VALIDACAO=NAO_INFORMADA
AUTORIZACAO=PRE_AUTORIZADA
PREFLIGHT_STATUS=PREFLIGHT_APROVADO
PREFLIGHT_BLOQUEIOS=0
PREFLIGHT_AVISOS=0
CONFIRMACAO_NATIVA=DISPENSADA_POR_EXECUTAR_BASE
SESSION_USER=FRANCISCO_JUNIOR
CURRENT_SCHEMA=SANKHYA
SERVICE_NAME=casadasessenciasprd.sankhyacloud.com.br
PRIVILEGIOS=["ALTER ANY TABLE", "CREATE ANY TABLE", "DROP ANY TABLE"]
QUOTAS=[]
[OK 1/1] PLSQL_OR_DDL_BLOCK Clientes/CASA DAS ESSENCIAS/29_30_Merge_Antifragil_CASA_DAS_ESSENCIAS_R03_MAPA_FILL.sql:7 ROWCOUNT=0
DBMS_OUTPUT=ID_EXECUCAO=RMD_CASA_2930_MRG_20260923_R03
DBMS_OUTPUT=MAPA_LINHAS=7714; BACKUP_BAI=851; BACKUP_END=14228
DBMS_OUTPUT=STATUS=MAPA_E_BACKUPS_PERSISTIDOS_SEM_REDIRECIONAMENTO
COMMIT_LOTE=OK
STATUS=LOTE_CONCLUIDO
