ID_EXECUCAO_LOTE=RMD_CASA_20260923112536_29_30_R03_DEL
ENTRADA=Clientes/CASA DAS ESSENCIAS/29_30_Merge_Antifragil_CASA_DAS_ESSENCIAS_R03_EXCLUIR_PAI.sql
SHA256_SUITE=25c6711d6526cddf46e95e4229d7f827c0d80273fa62e7f0e7d4c75f69daf3e4
POS_VALIDACAO=NAO_INFORMADA
AUTORIZACAO=PRE_AUTORIZADA
PREFLIGHT_STATUS=PREFLIGHT_APROVADO
PREFLIGHT_BLOQUEIOS=0
PREFLIGHT_AVISOS=0
CONFIRMACAO_NATIVA=DISPENSADA_POR_EXECUTAR_BASE
SESSION_USER=FRANCISCO_JUNIOR
CURRENT_SCHEMA=SANKHYA
SERVICE_NAME=casadasessenciasprd.sankhyacloud.com.br
PRIVILEGIOS=["ALTER ANY TABLE", "CREATE ANY TABLE", "DROP ANY TABLE"]
QUOTAS=[]
[OK 1/1] PLSQL_OR_DDL_BLOCK Clientes/CASA DAS ESSENCIAS/29_30_Merge_Antifragil_CASA_DAS_ESSENCIAS_R03_EXCLUIR_PAI.sql:8 ROWCOUNT=0
DBMS_OUTPUT=ID_EXECUCAO=RMD_CASA_2930_MRG_20260923_R03
DBMS_OUTPUT=PAIS_BAI_EXCLUIDOS=430; PAIS_END_EXCLUIDOS=7284
DBMS_OUTPUT=REFERENCIAS_OPERACIONAIS_REVALIDADAS=0; EXCECOES=0
DBMS_OUTPUT=STATUS=PAIS_OBSOLETOS_EXCLUIDOS_COM_BACKUP_MAPA_AUDITORIA
COMMIT_LOTE=OK
STATUS=LOTE_CONCLUIDO
