ID_EXECUCAO_LOTE=RMD_CASA_20260923101348_10_31
ENTRADA=Clientes/CASA DAS ESSENCIAS/Continuacao_Master_Deploy_CASA_DAS_ESSENCIAS_10_31.sql
SHA256_SUITE=04ac868f5c157b4d9daf3d4dcb8bc698d33f987ec02071398be61dbf37c9e6e9
POS_VALIDACAO=NAO_INFORMADA
AUTORIZACAO=PRE_AUTORIZADA
PREFLIGHT_STATUS=PREFLIGHT_APROVADO
PREFLIGHT_BLOQUEIOS=0
PREFLIGHT_AVISOS=1
CONFIRMACAO_NATIVA=DISPENSADA_POR_EXECUTAR_BASE
SESSION_USER=FRANCISCO_JUNIOR
CURRENT_SCHEMA=SANKHYA
SERVICE_NAME=casadasessenciasprd.sankhyacloud.com.br
PRIVILEGIOS=["ALTER ANY TABLE", "CREATE ANY TABLE", "DROP ANY TABLE"]
QUOTAS=[]
[OK 1/1066] PLSQL_OR_DDL_BLOCK Clientes/CASA DAS ESSENCIAS/Continuacao_Master_Deploy_CASA_DAS_ESSENCIAS_10_31.sql:12 ROWCOUNT=0
DBMS_OUTPUT=ID_MASTER_PRESERVADO=RMD_RUN_20260923100203833
[OK 2/1066] PLSQL_OR_DDL_BLOCK Revisao Master Deploy/10_Habilitar_ICMS_Gerencial.sql:5 ROWCOUNT=0
[OK 3/1066] PLSQL_OR_DDL_BLOCK Revisao Master Deploy/10_Habilitar_ICMS_Gerencial.sql:13 ROWCOUNT=0
DBMS_OUTPUT=ID_EXECUCAO=RMD_ICMG_20260923101406648
DBMS_OUTPUT=REGISTROS_ALTERADOS=0
[OK 4/1066] PLSQL_OR_DDL_BLOCK Revisao Master Deploy/11_Habilitar_Ruptura_Produtos.sql:5 ROWCOUNT=0
[OK 5/1066] PLSQL_OR_DDL_BLOCK Revisao Master Deploy/11_Habilitar_Ruptura_Produtos.sql:13 ROWCOUNT=0
DBMS_OUTPUT=ID_EXECUCAO=RMD_RUPP_20260923101407218
DBMS_OUTPUT=REGISTROS_ALTERADOS=1
[ERRO 6/1066] PLSQL_OR_DDL_BLOCK Revisao Master Deploy/12_Habilitar_Ruptura_Empresas.sql:5 DatabaseError: ORA-01031: insufficient privileges
ORA-06512: at line 24
ORA-06512: at line 14
Help: https://docs.oracle.com/error-help/db/ora-01031/
STATUS=LOTE_COM_ERRO
