ID_EXECUCAO_LOTE=RMD_CASA_20260923130903_ATV03
ENTRADA=Clientes/CASA DAS ESSENCIAS/Continuacao_Master_Deploy_CASA_DAS_ESSENCIAS_03.sql
SHA256_SUITE=bf92992f56858698af6ed8282995c842bd05cb6ba898edcf09ad29df295402f4
POS_VALIDACAO=NAO_INFORMADA
AUTORIZACAO=PRE_AUTORIZADA
PREFLIGHT_STATUS=PREFLIGHT_APROVADO
PREFLIGHT_BLOQUEIOS=0
PREFLIGHT_AVISOS=0
CONFIRMACAO_NATIVA=DISPENSADA_POR_EXECUTAR_BASE
SESSION_USER=FRANCISCO_JUNIOR
CURRENT_SCHEMA=SANKHYA
SERVICE_NAME=casadasessenciasprd.sankhyacloud.com.br
PRIVILEGIOS=["ALTER ANY TABLE", "CREATE ANY TABLE", "DROP ANY TABLE"]
QUOTAS=[]
[OK 1/1] PLSQL_OR_DDL_BLOCK Clientes/CASA DAS ESSENCIAS/Continuacao_Master_Deploy_CASA_DAS_ESSENCIAS_03.sql:7 ROWCOUNT=0
DBMS_OUTPUT=ATIVIDADE=03_PADRONIZAR_DANFE_EMPRESAS
DBMS_OUTPUT=ID_EXECUCAO=RMD_DANF_20260923100729526
DBMS_OUTPUT=REGISTROS_BACKUP=2
DBMS_OUTPUT=REGISTROS_ALTERADOS=2
COMMIT_LOTE=OK
STATUS=LOTE_CONCLUIDO
