ID_EXECUCAO_LOTE=RMD_CASA_20260923131004_31
ENTRADA=Clientes/CASA DAS ESSENCIAS/Continuacao_Master_Deploy_CASA_DAS_ESSENCIAS_04_31.sql
SHA256_SUITE=ed798c3e08d7d8cf9334f51abe256ca8fad83b2f5853946e374638f818a5f419
POS_VALIDACAO=NAO_INFORMADA
AUTORIZACAO=PRE_AUTORIZADA
PREFLIGHT_STATUS=PREFLIGHT_APROVADO
PREFLIGHT_BLOQUEIOS=0
PREFLIGHT_AVISOS=1
CONFIRMACAO_NATIVA=DISPENSADA_POR_EXECUTAR_BASE
SESSION_USER=FRANCISCO_JUNIOR
CURRENT_SCHEMA=SANKHYA
SERVICE_NAME=casadasessenciasprd.sankhyacloud.com.br
PRIVILEGIOS=["ALTER ANY TABLE", "CREATE ANY TABLE", "DROP ANY TABLE"]
QUOTAS=[]
[OK 1/1078] PLSQL_OR_DDL_BLOCK Clientes/CASA DAS ESSENCIAS/Continuacao_Master_Deploy_CASA_DAS_ESSENCIAS_04_31.sql:9 ROWCOUNT=0
DBMS_OUTPUT=ID_MASTER_PRESERVADO=RMD_RUN_20260923100203833
[OK 2/1078] PLSQL_OR_DDL_BLOCK Revisao Master Deploy/04_Desativar_Custo_TOP_Devolucao.sql:5 ROWCOUNT=0
[OK 3/1078] PLSQL_OR_DDL_BLOCK Revisao Master Deploy/04_Desativar_Custo_TOP_Devolucao.sql:13 ROWCOUNT=0
DBMS_OUTPUT=ID_EXECUCAO=RMD_TOPC_20260923100812423
DBMS_OUTPUT=REGISTROS_ALTERADOS=136
[OK 4/1078] PLSQL_OR_DDL_BLOCK Revisao Master Deploy/05_Habilitar_Calculo_Giro_Produtos.sql:5 ROWCOUNT=0
[OK 5/1078] PLSQL_OR_DDL_BLOCK Revisao Master Deploy/05_Habilitar_Calculo_Giro_Produtos.sql:13 ROWCOUNT=0
DBMS_OUTPUT=ID_EXECUCAO=RMD_GIRO_20260923100813051
DBMS_OUTPUT=REGISTROS_ALTERADOS=33
[OK 6/1078] PLSQL_OR_DDL_BLOCK Revisao Master Deploy/06_Zerar_Parcelas_Tipos_Negociacao.sql:5 ROWCOUNT=0
[OK 7/1078] PLSQL_OR_DDL_BLOCK Revisao Master Deploy/06_Zerar_Parcelas_Tipos_Negociacao.sql:13 ROWCOUNT=0
DBMS_OUTPUT=ID_EXECUCAO=RMD_PARC_20260923100813741
DBMS_OUTPUT=REGISTROS_ALTERADOS=17
[OK 8/1078] PLSQL_OR_DDL_BLOCK Revisao Master Deploy/07_Preencher_Data_Movimento.sql:5 ROWCOUNT=0
[OK 9/1078] PLSQL_OR_DDL_BLOCK Revisao Master Deploy/07_Preencher_Data_Movimento.sql:13 ROWCOUNT=0
DBMS_OUTPUT=ID_EXECUCAO=RMD_DTMV_20260923100814432
DBMS_OUTPUT=REGISTROS_ALTERADOS=0
[OK 10/1078] PLSQL_OR_DDL_BLOCK Revisao Master Deploy/08_Preencher_Protocolos_Documentos_Legados.sql:5 ROWCOUNT=0
[OK 11/1078] PLSQL_OR_DDL_BLOCK Revisao Master Deploy/08_Preencher_Protocolos_Documentos_Legados.sql:12 ROWCOUNT=0
DBMS_OUTPUT=ID_EXECUCAO=RMD_PROT_20260923100815342
DBMS_OUTPUT=REGISTROS_ALTERADOS=1406
[OK 12/1078] PLSQL_OR_DDL_BLOCK Revisao Master Deploy/09_Liberar_Itens_Documentos_Legados.sql:5 ROWCOUNT=0
[OK 13/1078] PLSQL_OR_DDL_BLOCK Revisao Master Deploy/09_Liberar_Itens_Documentos_Legados.sql:13 ROWCOUNT=0
DBMS_OUTPUT=ID_EXECUCAO=RMD_ITEM_20260923100817563
DBMS_OUTPUT=ITENS_ALTERADOS=153203
[OK 14/1078] PLSQL_OR_DDL_BLOCK Revisao Master Deploy/10_Habilitar_ICMS_Gerencial.sql:5 ROWCOUNT=0
[ERRO 15/1078] PLSQL_OR_DDL_BLOCK Revisao Master Deploy/10_Habilitar_ICMS_Gerencial.sql:13 DatabaseError: ORA-06550: line 5, column 14:
PL/SQL: ORA-01031: insufficient privileges
ORA-06550: line 5, column 2:
PL/SQL: SQL Statement ignored
Help: https://docs.oracle.com/error-help/db/ora-06550/
STATUS=LOTE_COM_ERRO
