ID_EXECUCAO_LOTE=RMD_CASA_20260923100138
ENTRADA=Revisao Master Deploy/Revisao_Master_Deploy.sql
SHA256_SUITE=7290fd66a7bfad273dfec6554f2cd5672e2a12738abf0472d3b7aebe3155abb9
POS_VALIDACAO=NAO_INFORMADA
AUTORIZACAO=PRE_AUTORIZADA
PREFLIGHT_STATUS=PREFLIGHT_APROVADO
PREFLIGHT_BLOQUEIOS=0
PREFLIGHT_AVISOS=1
CONFIRMACAO_NATIVA=DISPENSADA_POR_EXECUTAR_BASE
SESSION_USER=FRANCISCO_JUNIOR
CURRENT_SCHEMA=SANKHYA
SERVICE_NAME=casadasessenciasprd.sankhyacloud.com.br
PRIVILEGIOS=["ALTER ANY TABLE", "CREATE ANY TABLE", "DROP ANY TABLE"]
QUOTAS=[]
[OK 1/1085] SELECT Revisao Master Deploy/Revisao_Master_Deploy.sql:12 ROWCOUNT=0
[OK 2/1085] PLSQL_OR_DDL_BLOCK Revisao Master Deploy/01_Preparar_Controle_Objetos.sql:6 ROWCOUNT=0
DBMS_OUTPUT=ID_MASTER=RMD_RUN_20260923100203833
[OK 3/1085] PLSQL_OR_DDL_BLOCK Revisao Master Deploy/01_Preparar_Controle_Objetos.sql:11 ROWCOUNT=0
DBMS_OUTPUT=CONTROLE_CRIADO=RMD_CONTROLE_OBJETOS
[OK 4/1085] PLSQL_OR_DDL_BLOCK Revisao Master Deploy/02_Liberar_Filtros_Portais.sql:5 ROWCOUNT=0
[OK 5/1085] PLSQL_OR_DDL_BLOCK Revisao Master Deploy/02_Liberar_Filtros_Portais.sql:13 ROWCOUNT=0
DBMS_OUTPUT=ID_EXECUCAO=RMD_PORT_20260923100205325
DBMS_OUTPUT=REGISTROS_ALTERADOS=4
DBMS_OUTPUT=TRIGGERS_LOG_TSIPAR=2_DESABILITADOS_E_REABILITADOS
[OK 6/1085] PLSQL_OR_DDL_BLOCK Revisao Master Deploy/03_Padronizar_DANFE_Empresas.sql:5 ROWCOUNT=0
[ERRO 7/1085] PLSQL_OR_DDL_BLOCK Revisao Master Deploy/03_Padronizar_DANFE_Empresas.sql:12 DatabaseError: ORA-06550: line 3, column 14:
PL/SQL: ORA-01031: insufficient privileges
ORA-06550: line 3, column 2:
PL/SQL: SQL Statement ignored
Help: https://docs.oracle.com/error-help/db/ora-06550/
STATUS=LOTE_COM_ERRO
